Component: Arm Compiler for Embedded 6.19 Tool: armlink [5e73cb00]

==============================================================================

Section Cross References

    main.o(.text.main) refers to sysinit.o(.text.SysInit1) for SysInit1
    main.o(.text.main) refers to delay.o(.text.delay_init) for delay_init
    main.o(.text.main) refers to usart.o(.text.uart_init0) for uart_init0
    main.o(.text.main) refers to usart.o(.text.uart_init) for uart_init
    main.o(.text.main) refers to usart.o(.text.uart_init2) for uart_init2
    main.o(.text.main) refers to key.o(.text.KEY_Init) for KEY_Init
    main.o(.text.main) refers to led.o(.text.LED_Init) for LED_Init
    main.o(.text.main) refers to oled.o(.text.OLED_Init) for OLED_Init
    main.o(.text.main) refers to reflectance.o(.text.Reflectance_Init2) for Reflectance_Init2
    main.o(.text.main) refers to tima.o(.text.TimA0_Int_Init) for TimA0_Int_Init
    main.o(.text.main) refers to bsp_servo.o(.text.Servo_Init) for Servo_Init
    main.o(.text.main) refers to bsp_motor.o(.text.Motor_Init) for Motor_Init
    main.o(.text.main) refers to bsp_encoder.o(.text.Motor_Init_bianmaqi) for Motor_Init_bianmaqi
    main.o(.text.main) refers to bsp_mpu6050.o(.text.MPU_Init) for MPU_Init
    main.o(.text.main) refers to protocol.o(.text.protocol_init) for protocol_init
    main.o(.text.main) refers to bsp_pid.o(.bss.move_pid) for move_pid
    main.o(.text.main) refers to bsp_pid.o(.text.PID_param_init) for PID_param_init
    main.o(.text.main) refers to bsp_pid.o(.bss.move_pid2) for move_pid2
    main.o(.text.main) refers to bsp_pid.o(.bss.move_pid3) for move_pid3
    main.o(.text.main) refers to bsp_pid.o(.bss.move_pid4) for move_pid4
    main.o(.text.main) refers to bsp_pid.o(.bss.speed_pid) for speed_pid
    main.o(.text.main) refers to bsp_pid.o(.bss.speed_pid2) for speed_pid2
    main.o(.text.main) refers to bsp_pid.o(.bss.speed_pid3) for speed_pid3
    main.o(.text.main) refers to bsp_pid.o(.bss.speed_pid4) for speed_pid4
    main.o(.text.main) refers to bsp_pid.o(.bss.Dir_pid) for Dir_pid
    main.o(.text.main) refers to bsp_pid.o(.bss.Dir_pid2) for Dir_pid2
    main.o(.text.main) refers to bsp_servo.o(.text.Servo_Control2) for Servo_Control2
    main.o(.text.main) refers to bsp_pid.o(.text.set_p_i_d) for set_p_i_d
    main.o(.text.main) refers to bsp_pid.o(.text.set_pid_target) for set_pid_target
    main.o(.text.main) refers to protocol.o(.text.set_computer_value) for set_computer_value
    main.o(.text.main) refers to printf8.o(i.__0printf$8) for __2printf
    main.o(.text.main) refers to k210.o(.bss.SensorData1) for SensorData1
    main.o(.text.main) refers to main.o(.bss.main.Last_Num2) for main.Last_Num2
    main.o(.text.main) refers to myconfig.o(.bss.Flag) for Flag
    main.o(.text.main) refers to key.o(.bss.Keys) for Keys
    main.o(.text.main) refers to main.o(.bss.main.Last_Num) for main.Last_Num
    main.o(.text.main) refers to main.o(.text.Menudisplay) for Menudisplay
    main.o(.text.main) refers to control.o(.text.Car_Go) for Car_Go
    main.o(.text.main) refers to led.o(.text.LED_G_On) for LED_G_On
    main.o(.text.main) refers to delay.o(.text.delay_ms) for delay_ms
    main.o(.text.main) refers to control.o(.text.Car_Spin) for Car_Spin
    main.o(.text.main) refers to bsp_encoder.o(.bss.Encoder) for Encoder
    main.o(.text.main) refers to myconfig.o(.bss.Reflectance_Data) for Reflectance_Data
    main.o(.text.main) refers to led.o(.text.LED_G_Off) for LED_G_Off
    main.o(.text.main) refers to led.o(.text.LED_B_On) for LED_B_On
    main.o(.text.main) refers to led.o(.text.LED_B_Off) for LED_B_Off
    main.o(.ARM.exidx.text.main) refers to main.o(.text.main) for [Anonymous Symbol]
    main.o(.text.Menudisplay) refers to main.o(.bss.Menudisplay.State) for Menudisplay.State
    main.o(.text.Menudisplay) refers to main.o(.bss.Menudisplay.New_State) for Menudisplay.New_State
    main.o(.text.Menudisplay) refers to oled.o(.text.OLED_Clear) for OLED_Clear
    main.o(.text.Menudisplay) refers to oled.o(.text.OLED_ShowString) for OLED_ShowString
    main.o(.text.Menudisplay) refers to key.o(.bss.Keys) for Keys
    main.o(.text.Menudisplay) refers to bsp_motor.o(.text.set_motor_disable) for set_motor_disable
    main.o(.text.Menudisplay) refers to bsp_mpu6050.o(.text.MPU_Get_Gyroscope) for MPU_Get_Gyroscope
    main.o(.text.Menudisplay) refers to inv_mpu.o(.text.mpu_dmp_get_data) for mpu_dmp_get_data
    main.o(.text.Menudisplay) refers to oled.o(.text.OLED_ShowBNum) for OLED_ShowBNum
    main.o(.text.Menudisplay) refers to bsp_motor.o(.text.set_motor_enable) for set_motor_enable
    main.o(.text.Menudisplay) refers to myconfig.o(.bss.Reflectance_Data) for Reflectance_Data
    main.o(.text.Menudisplay) refers to oled.o(.text.OLED_ShowBin) for OLED_ShowBin
    main.o(.text.Menudisplay) refers to bsp_encoder.o(.bss.Encoder) for Encoder
    main.o(.text.Menudisplay) refers to myconfig.o(.bss.Flag) for Flag
[...]
    init.s                                   0x00000000   Number         0  init.o ABSOLUTE
    inv_mpu.c                                0x00000000   Number         0  inv_mpu.o ABSOLUTE
    inv_mpu_dmp_motion_driver.c              0x00000000   Number         0  inv_mpu_dmp_motion_driver.o ABSOLUTE
    k210.c                                   0x00000000   Number         0  k210.o ABSOLUTE
    key.c                                    0x00000000   Number         0  key.o ABSOLUTE
    led.c                                    0x00000000   Number         0  led.o ABSOLUTE
    main.c                                   0x00000000   Number         0  main.o ABSOLUTE
    myconfig.c                               0x00000000   Number         0  myconfig.o ABSOLUTE
    oled.c                                   0x00000000   Number         0  oled.o ABSOLUTE
    protocol.c                               0x00000000   Number         0  protocol.o ABSOLUTE
    source/ti/devices/msp432p4xx/driverlib/cpu.c 0x00000000   Number         0  cpu.o ABSOLUTE
    source/ti/devices/msp432p4xx/driverlib/cpu.c 0x00000000   Number         0  cpu.o ABSOLUTE
    source/ti/devices/msp432p4xx/driverlib/cs.c 0x00000000   Number         0  cs.o ABSOLUTE
    source/ti/devices/msp432p4xx/driverlib/cs.c 0x00000000   Number         0  cs.o ABSOLUTE
    source/ti/devices/msp432p4xx/driverlib/gpio.c 0x00000000   Number         0  gpio.o ABSOLUTE
    source/ti/devices/msp432p4xx/driverlib/gpio.c 0x00000000   Number         0  gpio.o ABSOLUTE
    source/ti/devices/msp432p4xx/driverlib/interrupt.c 0x00000000   Number         0  interrupt.o ABSOLUTE
    source/ti/devices/msp432p4xx/driverlib/interrupt.c 0x00000000   Number         0  interrupt.o ABSOLUTE
    source/ti/devices/msp432p4xx/driverlib/sysctl_a.c 0x00000000   Number         0  sysctl_a.o ABSOLUTE
    source/ti/devices/msp432p4xx/driverlib/sysctl_a.c 0x00000000   Number         0  sysctl_a.o ABSOLUTE
    source/ti/devices/msp432p4xx/driverlib/timer_a.c 0x00000000   Number         0  timer_a.o ABSOLUTE
    source/ti/devices/msp432p4xx/driverlib/timer_a.c 0x00000000   Number         0  timer_a.o ABSOLUTE
    source/ti/devices/msp432p4xx/driverlib/uart.c 0x00000000   Number         0  uart.o ABSOLUTE
    source/ti/devices/msp432p4xx/driverlib/uart.c 0x00000000   Number         0  uart.o ABSOLUTE
    sysinit.c                                0x00000000   Number         0  sysinit.o ABSOLUTE
    system_msp432p401r.c                     0x00000000   Number         0  system_msp432p401r.o ABSOLUTE
    tim32.c                                  0x00000000   Number         0  tim32.o ABSOLUTE
    timA.c                                   0x00000000   Number         0  tima.o ABSOLUTE
    usart.c                                  0x00000000   Number         0  usart.o ABSOLUTE
    RESET                                    0x00000000   Section      324  startup_msp432p401r_uvision.o(RESET)
    .ARM.Collect$$$$00000000                 0x00000144   Section        0  entry.o(.ARM.Collect$$$$00000000)
    .ARM.Collect$$$$00000001                 0x00000144   Section        4  entry2.o(.ARM.Collect$$$$00000001)
    .ARM.Collect$$$$00000004                 0x00000148   Section        4  entry5.o(.ARM.Collect$$$$00000004)
    .ARM.Collect$$$$00000008                 0x0000014c   Section        0  entry7b.o(.ARM.Collect$$$$00000008)
    .ARM.Collect$$$$0000000A                 0x0000014c   Section        0  entry8b.o(.ARM.Collect$$$$0000000A)
    .ARM.Collect$$$$0000000B                 0x0000014c   Section        8  entry9a.o(.ARM.Collect$$$$0000000B)
    __lit__00000000                          0x00000154   Data           4  entry2.o(.ARM.Collect$$$$00002712)
    .ARM.Collect$$$$0000000D                 0x00000154   Section        0  entry10a.o(.ARM.Collect$$$$0000000D)
    .ARM.Collect$$$$0000000F                 0x00000154   Section        0  entry11a.o(.ARM.Collect$$$$0000000F)
    .ARM.Collect$$$$00002712                 0x00000154   Section        4  entry2.o(.ARM.Collect$$$$00002712)
    $v0                                      0x00000158   Number         0  cpu.o(.emb_text)
    .emb_text                                0x00000158   Section       38  cpu.o(.emb_text)
    $v0                                      0x00000180   Number         0  startup_msp432p401r_uvision.o(.text)
    .text                                    0x00000180   Section       36  startup_msp432p401r_uvision.o(.text)
    .text                                    0x000001a4   Section        0  memcpya.o(.text)
    .text                                    0x000001c8   Section        0  memseta.o(.text)
    .text                                    0x000001ec   Section        0  dadd.o(.text)
    .text                                    0x0000033a   Section        0  dmul.o(.text)
    .text                                    0x0000041e   Section        0  ddiv.o(.text)
    .text                                    0x000004fc   Section        0  f2d.o(.text)
    .text                                    0x00000522   Section        0  d2f.o(.text)
    .text                                    0x0000055a   Section        0  uldiv.o(.text)
    .text                                    0x000005bc   Section        0  llshl.o(.text)
    .text                                    0x000005da   Section        0  llsshr.o(.text)
    .text                                    0x000005fe   Section        0  iusefp.o(.text)
    .text                                    0x000005fe   Section        0  fepilogue.o(.text)
    .text                                    0x0000066c   Section        0  depilogue.o(.text)
    .text                                    0x00000728   Section       48  cdcmple.o(.text)
    .text                                    0x00000758   Section       36  init.o(.text)
    .text                                    0x0000077c   Section        0  llushr.o(.text)
    .text                                    0x0000079c   Section        0  dsqrt.o(.text)
    [Anonymous Symbol]                       0x00000840   Section        0  control.o(.text.CTRL_compute_Direction)
    [Anonymous Symbol]                       0x000008dc   Section        0  control.o(.text.CTRL_compute_Position)
    [Anonymous Symbol]                       0x00000a64   Section        0  control.o(.text.CTRL_compute_Speed)
    [Anonymous Symbol]                       0x00000b88   Section        0  control.o(.text.Car_Go)
    [Anonymous Symbol]                       0x00000bfc   Section        0  control.o(.text.Car_Spin)
    [Anonymous Symbol]                       0x00000cb8   Section        0  myconfig.o(.text.EUSCIA0_IRQHandler)
    [Anonymous Symbol]                       0x00000cf0   Section        0  myconfig.o(.text.EUSCIA2_IRQHandler)
    [Anonymous Symbol]                       0x00000d24   Section        0  myconfig.o(.text.EUSCIA3_IRQHandler)
    [Anonymous Symbol]                       0x00000d5c   Section        0  bsp_encoder.o(.text.Encoder_Scan)
    [Anonymous Symbol]                       0x00000dd0   Section        0  k210.o(.text.Get_Data_To_Array)
    [Anonymous Symbol]                       0x00000e98   Section        0  iic.o(.text.IIC_Init)
    [Anonymous Symbol]                       0x00000ec0   Section        0  iic.o(.text.IIC_Read_Byte)
    [Anonymous Symbol]                       0x00000f48   Section        0  iic.o(.text.IIC_Send_Byte)
    [Anonymous Symbol]                       0x00000fb8   Section        0  iic.o(.text.IIC_Start)
    [Anonymous Symbol]                       0x00000ff4   Section        0  iic.o(.text.IIC_Stop)
    [Anonymous Symbol]                       0x00001030   Section        0  iic.o(.text.IIC_Wait_Ack)
    [Anonymous Symbol]                       0x00001078   Section        0  key.o(.text.KEY_Init)
    [Anonymous Symbol]                       0x0000108c   Section        0  key.o(.text.Key_Scan2)
    [Anonymous Symbol]                       0x0000115c   Section        0  led.o(.text.LED_B_Off)
    [Anonymous Symbol]                       0x0000116c   Section        0  led.o(.text.LED_B_On)
    [Anonymous Symbol]                       0x0000117c   Section        0  led.o(.text.LED_G_Off)
    [Anonymous Symbol]                       0x0000118c   Section        0  led.o(.text.LED_G_On)
    [Anonymous Symbol]                       0x0000119c   Section        0  led.o(.text.LED_Init)
    [Anonymous Symbol]                       0x000011d4   Section        0  bsp_mpu6050.o(.text.MPU_Get_Gyroscope)
    [Anonymous Symbol]                       0x00001214   Section        0  bsp_mpu6050.o(.text.MPU_Init)
    [Anonymous Symbol]                       0x000012f0   Section        0  bsp_mpu6050.o(.text.MPU_Read_Len)
    [Anonymous Symbol]                       0x00001348   Section        0  bsp_mpu6050.o(.text.MPU_Write_Byte)
    [Anonymous Symbol]                       0x00001390   Section        0  bsp_mpu6050.o(.text.MPU_Write_Len)
    [Anonymous Symbol]                       0x000013e8   Section        0  main.o(.text.Menudisplay)
    [Anonymous Symbol]                       0x0000174c   Section        0  bsp_motor.o(.text.Motor_Init)
    [Anonymous Symbol]                       0x00001824   Section        0  bsp_encoder.o(.text.Motor_Init_bianmaqi)
    [Anonymous Symbol]                       0x00001994   Section        0  oled.o(.text.OLED_Clear)
    [Anonymous Symbol]                       0x00001bc0   Section        0  oled.o(.text.OLED_Init)
    [Anonymous Symbol]                       0x00002b14   Section        0  oled.o(.text.OLED_Set_Pos)
    [Anonymous Symbol]                       0x00002cf4   Section        0  oled.o(.text.OLED_ShowBNum)
    [Anonymous Symbol]                       0x00002e48   Section        0  oled.o(.text.OLED_ShowBin)
    [Anonymous Symbol]                       0x00002e94   Section        0  oled.o(.text.OLED_ShowChar)
    [Anonymous Symbol]                       0x00003064   Section        0  oled.o(.text.OLED_ShowNum)
    [Anonymous Symbol]                       0x00003114   Section        0  oled.o(.text.OLED_ShowString)
    [Anonymous Symbol]                       0x00003150   Section        0  bsp_pid.o(.text.PID_Clear)
    [Anonymous Symbol]                       0x0000315c   Section        0  bsp_pid.o(.text.PID_param_init)
    [Anonymous Symbol]                       0x0000317c   Section        0  bsp_pid.o(.text.PID_realize)
    [Anonymous Symbol]                       0x000031c8   Section        0  bsp_encoder.o(.text.PORT4_IRQHandler)
    [Anonymous Symbol]                       0x00003398   Section        0  reflectance.o(.text.Reflectance_Init2)
    [Anonymous Symbol]                       0x000033a8   Section        0  reflectance.o(.text.Reflectance_Read2)
    [Anonymous Symbol]                       0x000033b8   Section        0  bsp_servo.o(.text.Servo_Control2)
    [Anonymous Symbol]                       0x0000340c   Section        0  bsp_servo.o(.text.Servo_Init)
    [Anonymous Symbol]                       0x00003474   Section        0  bsp_servo.o(.text.Servo_Scan2)
    [Anonymous Symbol]                       0x000034e0   Section        0  bsp_motor.o(.text.Set_PWM)
    [Anonymous Symbol]                       0x00003644   Section        0  bsp_motor.o(.text.Set_PWM2)
    [Anonymous Symbol]                       0x000037a8   Section        0  sysinit.o(.text.SysInit1)
    [Anonymous Symbol]                       0x00003840   Section        0  system_msp432p401r.o(.text.SystemInit)
    [Anonymous Symbol]                       0x000038ac   Section        0  myconfig.o(.text.T32_INT1_IRQHandler)
    [Anonymous Symbol]                       0x000038c4   Section        0  myconfig.o(.text.TA0_0_IRQHandler)
    [Anonymous Symbol]                       0x000041c8   Section        0  tima.o(.text.TA2_N_IRQHandler)
    [Anonymous Symbol]                       0x00004298   Section        0  tima.o(.text.TimA0_Int_Init)
    [Anonymous Symbol]                       0x000042ec   Section        0  usart.o(.text.USART_SendCharArr)
    [Anonymous Symbol]                       0x00004310   Section        0  delay.o(.text.delay_init)
    [Anonymous Symbol]                       0x00004328   Section        0  delay.o(.text.delay_ms)
    [Anonymous Symbol]                       0x0000432c   Section        0  delay.o(.text.delay_us)
    [Anonymous Symbol]                       0x00004330   Section        0  inv_mpu_dmp_motion_driver.o(.text.dmp_read_fifo)
    [Anonymous Symbol]                       0x0000450c   Section        0  baudarte.o(.text.eusci_calcBaudDividers)
    [Anonymous Symbol]                       0x00004618   Section        0  usart.o(.text.fputc)
    [Anonymous Symbol]                       0x00004630   Section        0  main.o(.text.main)
    __arm_cp.0_20                            0x00004974   Number         4  main.o(.text.main)
    __arm_cp.0_22                            0x0000497c   Number         4  main.o(.text.main)
    __arm_cp.0_23                            0x00004980   Number         4  main.o(.text.main)
    __arm_cp.0_24                            0x00004984   Number         4  main.o(.text.main)
    __arm_cp.0_25                            0x00004988   Number         4  main.o(.text.main)
    __arm_cp.0_28                            0x00004994   Number         4  main.o(.text.main)
    __arm_cp.0_29                            0x00004998   Number         4  main.o(.text.main)
    __arm_cp.0_30                            0x0000499c   Number         4  main.o(.text.main)
    __arm_cp.0_31                            0x00005014   Number         4  main.o(.text.main)
    __arm_cp.0_32                            0x00005018   Number         4  main.o(.text.main)
    __arm_cp.0_33                            0x0000501c   Number         4  main.o(.text.main)
    [Anonymous Symbol]                       0x0000524c   Section        0  inv_mpu.o(.text.mget_ms)
    [Anonymous Symbol]                       0x00005258   Section        0  inv_mpu.o(.text.mpu_dmp_get_data)
    [Anonymous Symbol]                       0x000053e4   Section        0  inv_mpu.o(.text.mpu_read_fifo_stream)
    [Anonymous Symbol]                       0x00005490   Section        0  inv_mpu.o(.text.mpu_reset_fifo)
    [Anonymous Symbol]                       0x00005610   Section        0  protocol.o(.text.protocol_data_recv)
    [Anonymous Symbol]                       0x00005670   Section        0  protocol.o(.text.protocol_init)
    [Anonymous Symbol]                       0x0000568c   Section        0  protocol.o(.text.set_computer_value)
    [Anonymous Symbol]                       0x0000570c   Section        0  bsp_motor.o(.text.set_motor_disable)
    [Anonymous Symbol]                       0x0000571c   Section        0  bsp_motor.o(.text.set_motor_enable)
    [Anonymous Symbol]                       0x0000572c   Section        0  bsp_pid.o(.text.set_p_i_d)
    [Anonymous Symbol]                       0x00005734   Section        0  bsp_pid.o(.text.set_pid_target)
    [Anonymous Symbol]                       0x0000573c   Section        0  usart.o(.text.uart_init)
    [Anonymous Symbol]                       0x000057a8   Section        0  usart.o(.text.uart_init0)
    [Anonymous Symbol]                       0x00005814   Section        0  usart.o(.text.uart_init2)
    i.CS_clearInterruptFlag                  0x00005880   Section        0  cs.o(i.CS_clearInterruptFlag)
    i.CS_getACLK                             0x000058a4   Section        0  cs.o(i.CS_getACLK)
    i.CS_getDCOFrequency                     0x000058bc   Section        0  cs.o(i.CS_getDCOFrequency)
    i.CS_getMCLK                             0x000059c8   Section        0  cs.o(i.CS_getMCLK)
    i.CS_getSMCLK                            0x000059e0   Section        0  cs.o(i.CS_getSMCLK)
    i.CS_setExternalClockSourceFrequency     0x000059f8   Section        0  cs.o(i.CS_setExternalClockSourceFrequency)
    i.CS_startHFXT                           0x00005a04   Section        0  cs.o(i.CS_startHFXT)
    i.CS_startHFXTWithTimeout                0x00005a0c   Section        0  cs.o(i.CS_startHFXTWithTimeout)
    i.CS_startLFXT                           0x00005aac   Section        0  cs.o(i.CS_startLFXT)
    i.CS_startLFXTWithTimeout                0x00005ab4   Section        0  cs.o(i.CS_startLFXTWithTimeout)
    i.GPIO_getInputPinValue                  0x00005b54   Section        0  gpio.o(i.GPIO_getInputPinValue)
    i.GPIO_setAsInputPin                     0x00005b68   Section        0  gpio.o(i.GPIO_setAsInputPin)
    i.GPIO_setAsOutputPin                    0x00005b8c   Section        0  gpio.o(i.GPIO_setAsOutputPin)
    i.GPIO_setOutputHighOnPin                0x00005bac   Section        0  gpio.o(i.GPIO_setOutputHighOnPin)
    i.GPIO_setOutputLowOnPin                 0x00005bc0   Section        0  gpio.o(i.GPIO_setOutputLowOnPin)
    i.Interrupt_enableInterrupt              0x00005bd4   Section        0  interrupt.o(i.Interrupt_enableInterrupt)
    i.Interrupt_enableMaster                 0x00005c30   Section        0  interrupt.o(i.Interrupt_enableMaster)
    i.SysCtl_A_disableNMISource              0x00005c40   Section        0  sysctl_a.o(i.SysCtl_A_disableNMISource)
    i.SysCtl_A_enableNMISource               0x00005c50   Section        0  sysctl_a.o(i.SysCtl_A_enableNMISource)
    i.SysCtl_A_getNMISourceStatus            0x00005c60   Section        0  sysctl_a.o(i.SysCtl_A_getNMISourceStatus)
    i.SysCtl_A_getTLVInfo                    0x00005c70   Section        0  sysctl_a.o(i.SysCtl_A_getTLVInfo)
    i.Timer_A_getCaptureCompareCount         0x00005cb8   Section        0  timer_a.o(i.Timer_A_getCaptureCompareCount)
    i.Timer_A_setCompareValue                0x00005cc8   Section        0  timer_a.o(i.Timer_A_setCompareValue)
    i.UART_enableInterrupt                   0x00005cd8   Section        0  uart.o(i.UART_enableInterrupt)
    i.UART_getEnabledInterruptStatus         0x00005cee   Section        0  uart.o(i.UART_getEnabledInterruptStatus)
    i.UART_initModule                        0x00005d14   Section        0  uart.o(i.UART_initModule)
    i.UART_transmitData                      0x00005da6   Section        0  uart.o(i.UART_transmitData)
    _CSComputeCLKFrequency                   0x00005dbd   Thumb Code   176  cs.o(i._CSComputeCLKFrequency)
    i._CSComputeCLKFrequency                 0x00005dbc   Section        0  cs.o(i._CSComputeCLKFrequency)
    _CSGetHFXTFrequency                      0x00005e7d   Thumb Code   106  cs.o(i._CSGetHFXTFrequency)
    i._CSGetHFXTFrequency                    0x00005e7c   Section        0  cs.o(i._CSGetHFXTFrequency)
    i.__0printf$8                            0x00005f14   Section        0  printf8.o(i.__0printf$8)
    i.__ARM_fpclassify                       0x00005f34   Section        0  fpclassify.o(i.__ARM_fpclassify)
    i.__hardfp_asin                          0x00005f68   Section        0  asin.o(i.__hardfp_asin)
    i.__hardfp_atan                          0x000062c8   Section        0  atan.o(i.__hardfp_atan)
    i.__hardfp_atan2                         0x000065a0   Section        0  atan2.o(i.__hardfp_atan2)
    i.__kernel_poly                          0x000067a0   Section        0  poly.o(i.__kernel_poly)
    i.__mathlib_dbl_infnan                   0x00006898   Section        0  dunder.o(i.__mathlib_dbl_infnan)
    i.__mathlib_dbl_infnan2                  0x000068ac   Section        0  dunder.o(i.__mathlib_dbl_infnan2)
    i.__mathlib_dbl_invalid                  0x000068c0   Section        0  dunder.o(i.__mathlib_dbl_invalid)
    i.__mathlib_dbl_underflow                0x000068e0   Section        0  dunder.o(i.__mathlib_dbl_underflow)
    i.__scatterload_copy                     0x00006900   Section       14  handlers.o(i.__scatterload_copy)
    i.__scatterload_null                     0x0000690e   Section        2  handlers.o(i.__scatterload_null)
    i.__scatterload_zeroinit                 0x00006910   Section       14  handlers.o(i.__scatterload_zeroinit)
    i.__set_errno                            0x00006920   Section        0  errno.o(i.__set_errno)
    _printf_core                             0x0000692d   Thumb Code   996  printf8.o(i._printf_core)
    i._printf_core                           0x0000692c   Section        0  printf8.o(i._printf_core)
    _printf_post_padding                     0x00006d3d   Thumb Code    36  printf8.o(i._printf_post_padding)
    i._printf_post_padding                   0x00006d3c   Section        0  printf8.o(i._printf_post_padding)
    _printf_pre_padding                      0x00006d61   Thumb Code    46  printf8.o(i._printf_pre_padding)
    i._printf_pre_padding                    0x00006d60   Section        0  printf8.o(i._printf_pre_padding)
    i.atan                                   0x00006d8e   Section        0  atan.o(i.atan)
    i.fabs                                   0x00006d9e   Section        0  fabs.o(i.fabs)
    i.sqrt                                   0x00006db6   Section        0  sqrt.o(i.sqrt)
    GPIO_PORT_TO_INT                         0x00006e24   Data          28  gpio.o(.constdata)
    .constdata                               0x00006e24   Section       76  gpio.o(.constdata)
    GPIO_PORT_TO_BASE                        0x00006e40   Data          48  gpio.o(.constdata)
    g_pulEnRegs                              0x00006e70   Data           8  interrupt.o(.constdata)
    .constdata                               0x00006e70   Section      144  interrupt.o(.constdata)
    g_pulDisRegs                             0x00006e78   Data           8  interrupt.o(.constdata)
    g_pulPendRegs                            0x00006e80   Data           8  interrupt.o(.constdata)
    g_pulUnpendRegs                          0x00006e88   Data           8  interrupt.o(.constdata)
    g_pulPriority                            0x00006e90   Data          32  interrupt.o(.constdata)
    g_pulRegs                                0x00006eb0   Data          80  interrupt.o(.constdata)
    pS                                       0x00006f00   Data          48  asin.o(.constdata)
    .constdata                               0x00006f00   Section       80  asin.o(.constdata)
    qS                                       0x00006f30   Data          32  asin.o(.constdata)
    atanhi                                   0x00006f50   Data          32  atan.o(.constdata)
    .constdata                               0x00006f50   Section      152  atan.o(.constdata)
    atanlo                                   0x00006f70   Data          32  atan.o(.constdata)
    aTodd                                    0x00006f90   Data          40  atan.o(.constdata)
    aTeven                                   0x00006fb8   Data          48  atan.o(.constdata)
    .constdata                               0x00006fe8   Section        8  qnan.o(.constdata)
    hfxtFreq                                 0x20000000   Data           4  cs.o(.data)
    .data                                    0x20000000   Section        8  cs.o(.data)
    lfxtFreq                                 0x20000004   Data           4  cs.o(.data)
    .data                                    0x20000008   Section        4  stdout.o(.data)
    _errno                                   0x2000000c   Data           4  errno.o(.data)
    .data                                    0x2000000c   Section        4  errno.o(.data)
    st                                       0x20000010   Data          44  inv_mpu.o(.data.st)
    [Anonymous Symbol]                       0x20000010   Section        0  inv_mpu.o(.data.st)
    Get_Data_To_Array.Rec_Buff               0x2000013c   Data          12  k210.o(.bss.Get_Data_To_Array.Rec_Buff)
    [Anonymous Symbol]                       0x2000013c   Section        0  k210.o(.bss.Get_Data_To_Array.Rec_Buff)
    Get_Data_To_Array.Rec_State              0x20000148   Data           1  k210.o(.bss.Get_Data_To_Array.Rec_State)
    [Anonymous Symbol]                       0x20000148   Section        0  k210.o(.bss.Get_Data_To_Array.Rec_State)
    Menudisplay.New_State                    0x20000161   Data           1  main.o(.bss.Menudisplay.New_State)
    [Anonymous Symbol]                       0x20000161   Section        0  main.o(.bss.Menudisplay.New_State)
    Menudisplay.State                        0x20000162   Data           1  main.o(.bss.Menudisplay.State)
    [Anonymous Symbol]                       0x20000162   Section        0  main.o(.bss.Menudisplay.State)
    Servo_Scan2.i                            0x20000188   Data           1  bsp_servo.o(.bss.Servo_Scan2.i)
    [Anonymous Symbol]                       0x20000188   Section        0  bsp_servo.o(.bss.Servo_Scan2.i)
    TA0_0_IRQHandler.Last_Num2               0x20000189   Data           1  myconfig.o(.bss.TA0_0_IRQHandler.Last_Num2)
    [Anonymous Symbol]                       0x20000189   Section        0  myconfig.o(.bss.TA0_0_IRQHandler.Last_Num2)
    TA0_0_IRQHandler.Last_Num3               0x2000018a   Data           1  myconfig.o(.bss.TA0_0_IRQHandler.Last_Num3)
    [Anonymous Symbol]                       0x2000018a   Section        0  myconfig.o(.bss.TA0_0_IRQHandler.Last_Num3)
    TA0_0_IRQHandler.Last_Num4               0x2000018b   Data           1  myconfig.o(.bss.TA0_0_IRQHandler.Last_Num4)
    [Anonymous Symbol]                       0x2000018b   Section        0  myconfig.o(.bss.TA0_0_IRQHandler.Last_Num4)
    dmp.0                                    0x20000198   Data           4  inv_mpu_dmp_motion_driver.o(.bss.dmp.0)
    [Anonymous Symbol]                       0x20000198   Section        0  inv_mpu_dmp_motion_driver.o(.bss.dmp.0)
    dmp.1                                    0x2000019c   Data           4  inv_mpu_dmp_motion_driver.o(.bss.dmp.1)
    [Anonymous Symbol]                       0x2000019c   Section        0  inv_mpu_dmp_motion_driver.o(.bss.dmp.1)
    dmp.3                                    0x200001a0   Data           2  inv_mpu_dmp_motion_driver.o(.bss.dmp.3)
    [Anonymous Symbol]                       0x200001a0   Section        0  inv_mpu_dmp_motion_driver.o(.bss.dmp.3)
    dmp.5                                    0x200001a2   Data           1  inv_mpu_dmp_motion_driver.o(.bss.dmp.5)
    [Anonymous Symbol]                       0x200001a2   Section        0  inv_mpu_dmp_motion_driver.o(.bss.dmp.5)
    main.Last_Num                            0x200001a3   Data           1  main.o(.bss.main.Last_Num)
    [Anonymous Symbol]                       0x200001a3   Section        0  main.o(.bss.main.Last_Num)
    main.Last_Num2                           0x200001a4   Data           1  main.o(.bss.main.Last_Num2)
    [Anonymous Symbol]                       0x200001a4   Section        0  main.o(.bss.main.Last_Num2)
    parser                                   0x20000248   Data          12  protocol.o(.bss.parser)
    [Anonymous Symbol]                       0x20000248   Section        0  protocol.o(.bss.parser)
    recv_buf                                 0x20000254   Data         128  protocol.o(.bss.recv_buf)
    [Anonymous Symbol]                       0x20000254   Section        0  protocol.o(.bss.recv_buf)
    set_computer_value.set_packet            0x200002d4   Data          16  protocol.o(.bss.set_computer_value.set_packet)
    [Anonymous Symbol]                       0x200002d4   Section        0  protocol.o(.bss.set_computer_value.set_packet)
    STACK                                    0x20000388   Section      512  startup_msp432p401r_uvision.o(STACK)

    Global Symbols

    Symbol Name                              Value     Ov Type        Size  Object(Section)

    BuildAttributes$$THM_ISAv4$E$P$D$K$B$S$7EM$VFPi3$EXTD16$VFPS$VFMA$PE$A:L22UL41UL21$X:L11$S22US41US21$IEEE1$IW$~IW$USESV6$~STKCKD$USESV7$~SHL$OTIME$ROPI$IEEEX$EBA8$MICROLIB$REQ8$PRES8$EABIv2 0x00000000   Number         0  anon$$obj.o ABSOLUTE
    __Vectors                                0x00000000   Data           4  startup_msp432p401r_uvision.o(RESET)
    _printf_a                                0x00000000   Number         0  printfstubs.o ABSOLUTE
    _printf_c                                0x00000000   Number         0  printfstubs.o ABSOLUTE
    _printf_charcount                        0x00000000   Number         0  printfstubs.o ABSOLUTE
    _printf_d                                0x00000000   Number         0  printfstubs.o ABSOLUTE
    _printf_e                                0x00000000   Number         0  printfstubs.o ABSOLUTE
    _printf_f                                0x00000000   Number         0  printfstubs.o ABSOLUTE
    _printf_flags                            0x00000000   Number         0  printfstubs.o ABSOLUTE
    _printf_fp_dec                           0x00000000   Number         0  printfstubs.o ABSOLUTE
    _printf_fp_hex                           0x00000000   Number         0  printfstubs.o ABSOLUTE
    _printf_g                                0x00000000   Number         0  printfstubs.o ABSOLUTE
    _printf_i                                0x00000000   Number         0  printfstubs.o ABSOLUTE
    _printf_int_dec                          0x00000000   Number         0  printfstubs.o ABSOLUTE
    _printf_l                                0x00000000   Number         0  printfstubs.o ABSOLUTE
    _printf_lc                               0x00000000   Number         0  printfstubs.o ABSOLUTE
    _printf_ll                               0x00000000   Number         0  printfstubs.o ABSOLUTE
    _printf_lld                              0x00000000   Number         0  printfstubs.o ABSOLUTE
    _printf_lli                              0x00000000   Number         0  printfstubs.o ABSOLUTE
    _printf_llo                              0x00000000   Number         0  printfstubs.o ABSOLUTE
    _printf_llu                              0x00000000   Number         0  printfstubs.o ABSOLUTE
    _printf_llx                              0x00000000   Number         0  printfstubs.o ABSOLUTE
    _printf_longlong_dec                     0x00000000   Number         0  printfstubs.o ABSOLUTE
    _printf_longlong_hex                     0x00000000   Number         0  printfstubs.o ABSOLUTE
    _printf_longlong_oct                     0x00000000   Number         0  printfstubs.o ABSOLUTE
    _printf_ls                               0x00000000   Number         0  printfstubs.o ABSOLUTE
    _printf_mbtowc                           0x00000000   Number         0  printfstubs.o ABSOLUTE
    _printf_n                                0x00000000   Number         0  printfstubs.o ABSOLUTE
    _printf_o                                0x00000000   Number         0  printfstubs.o ABSOLUTE
    _printf_p                                0x00000000   Number         0  printfstubs.o ABSOLUTE
    _printf_percent                          0x00000000   Number         0  printfstubs.o ABSOLUTE
    _printf_pre_padding                      0x00000000   Number         0  printfstubs.o ABSOLUTE
    _printf_return_value                     0x00000000   Number         0  printfstubs.o ABSOLUTE
    _printf_s                                0x00000000   Number         0  printfstubs.o ABSOLUTE
    _printf_sizespec                         0x00000000   Number         0  printfstubs.o ABSOLUTE
    _printf_str                              0x00000000   Number         0  printfstubs.o ABSOLUTE
    _printf_truncate_signed                  0x00000000   Number         0  printfstubs.o ABSOLUTE
    _printf_truncate_unsigned                0x00000000   Number         0  printfstubs.o ABSOLUTE
    _printf_u                                0x00000000   Number         0  printfstubs.o ABSOLUTE
    _printf_wc                               0x00000000   Number         0  printfstubs.o ABSOLUTE
    _printf_wctomb                           0x00000000   Number         0  printfstubs.o ABSOLUTE
    _printf_widthprec                        0x00000000   Number         0  printfstubs.o ABSOLUTE
    _printf_x                                0x00000000   Number         0  printfstubs.o ABSOLUTE
    __cpp_initialize__aeabi_                  - Undefined Weak Reference
    __cxa_finalize                            - Undefined Weak Reference
    __decompress                              - Undefined Weak Reference
    _clock_init                               - Undefined Weak Reference
    _microlib_exit                            - Undefined Weak Reference
    __Vectors_End                            0x00000144   Data           0  startup_msp432p401r_uvision.o(RESET)
    __Vectors_Size                           0x00000144   Number         0  startup_msp432p401r_uvision.o ABSOLUTE
    __main                                   0x00000145   Thumb Code     0  entry.o(.ARM.Collect$$$$00000000)
    _main_stk                                0x00000145   Thumb Code     0  entry2.o(.ARM.Collect$$$$00000001)
    _main_scatterload                        0x00000149   Thumb Code     0  entry5.o(.ARM.Collect$$$$00000004)
    __main_after_scatterload                 0x0000014d   Thumb Code     0  entry5.o(.ARM.Collect$$$$00000004)
    _main_clock                              0x0000014d   Thumb Code     0  entry7b.o(.ARM.Collect$$$$00000008)
    _main_cpp_init                           0x0000014d   Thumb Code     0  entry8b.o(.ARM.Collect$$$$0000000A)
    _main_init                               0x0000014d   Thumb Code     0  entry9a.o(.ARM.Collect$$$$0000000B)
    __rt_final_cpp                           0x00000155   Thumb Code     0  entry10a.o(.ARM.Collect$$$$0000000D)
    __rt_final_exit                          0x00000155   Thumb Code     0  entry11a.o(.ARM.Collect$$$$0000000F)
    CPU_cpsid                                0x00000159   Thumb Code     8  cpu.o(.emb_text)
    CPU_primask                              0x00000161   Thumb Code     6  cpu.o(.emb_text)
    CPU_cpsie                                0x00000167   Thumb Code     8  cpu.o(.emb_text)
    CPU_wfi                                  0x0000016f   Thumb Code     4  cpu.o(.emb_text)
    CPU_basepriSet                           0x00000173   Thumb Code     6  cpu.o(.emb_text)
    CPU_basepriGet                           0x00000179   Thumb Code     6  cpu.o(.emb_text)
    Reset_Handler                            0x00000181   Thumb Code     8  startup_msp432p401r_uvision.o(.text)
    NMI_Handler                              0x00000189   Thumb Code     2  startup_msp432p401r_uvision.o(.text)
    HardFault_Handler                        0x0000018b   Thumb Code     2  startup_msp432p401r_uvision.o(.text)
    MemManage_Handler                        0x0000018d   Thumb Code     2  startup_msp432p401r_uvision.o(.text)
    BusFault_Handler                         0x0000018f   Thumb Code     2  startup_msp432p401r_uvision.o(.text)
    UsageFault_Handler                       0x00000191   Thumb Code     2  startup_msp432p401r_uvision.o(.text)
    SVC_Handler                              0x00000193   Thumb Code     2  startup_msp432p401r_uvision.o(.text)
    DebugMon_Handler                         0x00000195   Thumb Code     2  startup_msp432p401r_uvision.o(.text)
    PendSV_Handler                           0x00000197   Thumb Code     2  startup_msp432p401r_uvision.o(.text)
    SysTick_Handler                          0x00000199   Thumb Code     2  startup_msp432p401r_uvision.o(.text)
    ADC14_IRQHandler                         0x0000019b   Thumb Code     0  startup_msp432p401r_uvision.o(.text)
    AES256_IRQHandler                        0x0000019b   Thumb Code     0  startup_msp432p401r_uvision.o(.text)
    COMP_E0_IRQHandler                       0x0000019b   Thumb Code     0  startup_msp432p401r_uvision.o(.text)
    COMP_E1_IRQHandler                       0x0000019b   Thumb Code     0  startup_msp432p401r_uvision.o(.text)
    CS_IRQHandler                            0x0000019b   Thumb Code     0  startup_msp432p401r_uvision.o(.text)
    DMA_ERR_IRQHandler                       0x0000019b   Thumb Code     0  startup_msp432p401r_uvision.o(.text)
    DMA_INT0_IRQHandler                      0x0000019b   Thumb Code     0  startup_msp432p401r_uvision.o(.text)
    DMA_INT1_IRQHandler                      0x0000019b   Thumb Code     0  startup_msp432p401r_uvision.o(.text)
    DMA_INT2_IRQHandler                      0x0000019b   Thumb Code     0  startup_msp432p401r_uvision.o(.text)
    DMA_INT3_IRQHandler                      0x0000019b   Thumb Code     0  startup_msp432p401r_uvision.o(.text)
    EUSCIA1_IRQHandler                       0x0000019b   Thumb Code     0  startup_msp432p401r_uvision.o(.text)
    EUSCIB0_IRQHandler                       0x0000019b   Thumb Code     0  startup_msp432p401r_uvision.o(.text)
    EUSCIB1_IRQHandler                       0x0000019b   Thumb Code     0  startup_msp432p401r_uvision.o(.text)
    EUSCIB2_IRQHandler                       0x0000019b   Thumb Code     0  startup_msp432p401r_uvision.o(.text)
    EUSCIB3_IRQHandler                       0x0000019b   Thumb Code     0  startup_msp432p401r_uvision.o(.text)
    FLCTL_IRQHandler                         0x0000019b   Thumb Code     0  startup_msp432p401r_uvision.o(.text)
    FPU_IRQHandler                           0x0000019b   Thumb Code     0  startup_msp432p401r_uvision.o(.text)
    PCM_IRQHandler                           0x0000019b   Thumb Code     0  startup_msp432p401r_uvision.o(.text)
    PORT1_IRQHandler                         0x0000019b   Thumb Code     0  startup_msp432p401r_uvision.o(.text)
    PORT2_IRQHandler                         0x0000019b   Thumb Code     0  startup_msp432p401r_uvision.o(.text)
    PORT3_IRQHandler                         0x0000019b   Thumb Code     0  startup_msp432p401r_uvision.o(.text)
    PORT5_IRQHandler                         0x0000019b   Thumb Code     0  startup_msp432p401r_uvision.o(.text)
    PORT6_IRQHandler                         0x0000019b   Thumb Code     0  startup_msp432p401r_uvision.o(.text)
    PSS_IRQHandler                           0x0000019b   Thumb Code     0  startup_msp432p401r_uvision.o(.text)
    RTC_C_IRQHandler                         0x0000019b   Thumb Code     0  startup_msp432p401r_uvision.o(.text)
    T32_INT2_IRQHandler                      0x0000019b   Thumb Code     0  startup_msp432p401r_uvision.o(.text)
    T32_INTC_IRQHandler                      0x0000019b   Thumb Code     0  startup_msp432p401r_uvision.o(.text)
    TA0_N_IRQHandler                         0x0000019b   Thumb Code     0  startup_msp432p401r_uvision.o(.text)
    TA1_0_IRQHandler                         0x0000019b   Thumb Code     0  startup_msp432p401r_uvision.o(.text)
    TA1_N_IRQHandler                         0x0000019b   Thumb Code     0  startup_msp432p401r_uvision.o(.text)
    TA2_0_IRQHandler                         0x0000019b   Thumb Code     0  startup_msp432p401r_uvision.o(.text)
    TA3_0_IRQHandler                         0x0000019b   Thumb Code     0  startup_msp432p401r_uvision.o(.text)
    TA3_N_IRQHandler                         0x0000019b   Thumb Code     0  startup_msp432p401r_uvision.o(.text)
    WDT_A_IRQHandler                         0x0000019b   Thumb Code     0  startup_msp432p401r_uvision.o(.text)
    __aeabi_memcpy                           0x000001a5   Thumb Code    36  memcpya.o(.text)
    __aeabi_memcpy4                          0x000001a5   Thumb Code     0  memcpya.o(.text)
    __aeabi_memcpy8                          0x000001a5   Thumb Code     0  memcpya.o(.text)
    __aeabi_memset                           0x000001c9   Thumb Code    14  memseta.o(.text)
    __aeabi_memset4                          0x000001c9   Thumb Code     0  memseta.o(.text)
    __aeabi_memset8                          0x000001c9   Thumb Code     0  memseta.o(.text)
    __aeabi_memclr                           0x000001d7   Thumb Code     4  memseta.o(.text)
    __aeabi_memclr4                          0x000001d7   Thumb Code     0  memseta.o(.text)
    __aeabi_memclr8                          0x000001d7   Thumb Code     0  memseta.o(.text)
    _memset$wrapper                          0x000001db   Thumb Code    18  memseta.o(.text)
    __aeabi_dadd                             0x000001ed   Thumb Code   322  dadd.o(.text)
    __aeabi_dsub                             0x0000032f   Thumb Code     6  dadd.o(.text)
    __aeabi_drsub                            0x00000335   Thumb Code     6  dadd.o(.text)
    __aeabi_dmul                             0x0000033b   Thumb Code   228  dmul.o(.text)
    __aeabi_ddiv                             0x0000041f   Thumb Code   222  ddiv.o(.text)
    __aeabi_f2d                              0x000004fd   Thumb Code    38  f2d.o(.text)
    __aeabi_d2f                              0x00000523   Thumb Code    56  d2f.o(.text)
    __aeabi_uldivmod                         0x0000055b   Thumb Code    98  uldiv.o(.text)
    __aeabi_llsl                             0x000005bd   Thumb Code    30  llshl.o(.text)
    _ll_shift_l                              0x000005bd   Thumb Code     0  llshl.o(.text)
    __aeabi_lasr                             0x000005db   Thumb Code    36  llsshr.o(.text)
    _ll_sshift_r                             0x000005db   Thumb Code     0  llsshr.o(.text)
    __I$use$fp                               0x000005ff   Thumb Code     0  iusefp.o(.text)
    _float_round                             0x000005ff   Thumb Code    18  fepilogue.o(.text)
    _float_epilogue                          0x00000611   Thumb Code    92  fepilogue.o(.text)
    _double_round                            0x0000066d   Thumb Code    30  depilogue.o(.text)
    _double_epilogue                         0x0000068b   Thumb Code   156  depilogue.o(.text)
    __aeabi_cdcmpeq                          0x00000729   Thumb Code     0  cdcmple.o(.text)
    __aeabi_cdcmple                          0x00000729   Thumb Code    48  cdcmple.o(.text)
    __scatterload                            0x00000759   Thumb Code    28  init.o(.text)
    __scatterload_rt2                        0x00000759   Thumb Code     0  init.o(.text)
    __aeabi_llsr                             0x0000077d   Thumb Code    32  llushr.o(.text)
    _ll_ushift_r                             0x0000077d   Thumb Code     0  llushr.o(.text)
    _dsqrt                                   0x0000079d   Thumb Code   162  dsqrt.o(.text)
    CTRL_compute_Direction                   0x00000841   Thumb Code   156  control.o(.text.CTRL_compute_Direction)
    CTRL_compute_Position                    0x000008dd   Thumb Code   392  control.o(.text.CTRL_compute_Position)
    CTRL_compute_Speed                       0x00000a65   Thumb Code   292  control.o(.text.CTRL_compute_Speed)
    Car_Go                                   0x00000b89   Thumb Code   114  control.o(.text.Car_Go)
    Car_Spin                                 0x00000bfd   Thumb Code   188  control.o(.text.Car_Spin)
    EUSCIA0_IRQHandler                       0x00000cb9   Thumb Code    56  myconfig.o(.text.EUSCIA0_IRQHandler)
    EUSCIA2_IRQHandler                       0x00000cf1   Thumb Code    50  myconfig.o(.text.EUSCIA2_IRQHandler)
    EUSCIA3_IRQHandler                       0x00000d25   Thumb Code    56  myconfig.o(.text.EUSCIA3_IRQHandler)
    Encoder_Scan                             0x00000d5d   Thumb Code   116  bsp_encoder.o(.text.Encoder_Scan)
    Get_Data_To_Array                        0x00000dd1   Thumb Code   200  k210.o(.text.Get_Data_To_Array)
    IIC_Init                                 0x00000e99   Thumb Code    38  iic.o(.text.IIC_Init)
    IIC_Read_Byte                            0x00000ec1   Thumb Code   134  iic.o(.text.IIC_Read_Byte)
    IIC_Send_Byte                            0x00000f49   Thumb Code   112  iic.o(.text.IIC_Send_Byte)
    IIC_Start                                0x00000fb9   Thumb Code    58  iic.o(.text.IIC_Start)
    IIC_Stop                                 0x00000ff5   Thumb Code    58  iic.o(.text.IIC_Stop)
    IIC_Wait_Ack                             0x00001031   Thumb Code    70  iic.o(.text.IIC_Wait_Ack)
    KEY_Init                                 0x00001079   Thumb Code    18  key.o(.text.KEY_Init)
    Key_Scan2                                0x0000108d   Thumb Code   208  key.o(.text.Key_Scan2)
    LED_B_Off                                0x0000115d   Thumb Code    14  led.o(.text.LED_B_Off)
    LED_B_On                                 0x0000116d   Thumb Code    14  led.o(.text.LED_B_On)
    LED_G_Off                                0x0000117d   Thumb Code    14  led.o(.text.LED_G_Off)
    LED_G_On                                 0x0000118d   Thumb Code    14  led.o(.text.LED_G_On)
    LED_Init                                 0x0000119d   Thumb Code    56  led.o(.text.LED_Init)
    MPU_Get_Gyroscope                        0x000011d5   Thumb Code    64  bsp_mpu6050.o(.text.MPU_Get_Gyroscope)
    MPU_Init                                 0x00001215   Thumb Code   218  bsp_mpu6050.o(.text.MPU_Init)
    MPU_Read_Len                             0x000012f1   Thumb Code    86  bsp_mpu6050.o(.text.MPU_Read_Len)
    MPU_Write_Byte                           0x00001349   Thumb Code    72  bsp_mpu6050.o(.text.MPU_Write_Byte)
    MPU_Write_Len                            0x00001391   Thumb Code    88  bsp_mpu6050.o(.text.MPU_Write_Len)
    Menudisplay                              0x000013e9   Thumb Code   804  main.o(.text.Menudisplay)
    Motor_Init                               0x0000174d   Thumb Code   214  bsp_motor.o(.text.Motor_Init)
    Motor_Init_bianmaqi                      0x00001825   Thumb Code   366  bsp_encoder.o(.text.Motor_Init_bianmaqi)
    OLED_Clear                               0x00001995   Thumb Code   554  oled.o(.text.OLED_Clear)
    OLED_Init                                0x00001bc1   Thumb Code  3924  oled.o(.text.OLED_Init)
    OLED_Set_Pos                             0x00002b15   Thumb Code   480  oled.o(.text.OLED_Set_Pos)
    OLED_ShowBNum                            0x00002cf5   Thumb Code   340  oled.o(.text.OLED_ShowBNum)
    OLED_ShowBin                             0x00002e49   Thumb Code    76  oled.o(.text.OLED_ShowBin)
    OLED_ShowChar                            0x00002e95   Thumb Code   462  oled.o(.text.OLED_ShowChar)
    OLED_ShowNum                             0x00003065   Thumb Code   174  oled.o(.text.OLED_ShowNum)
    OLED_ShowString                          0x00003115   Thumb Code    60  oled.o(.text.OLED_ShowString)
    PID_Clear                                0x00003151   Thumb Code    12  bsp_pid.o(.text.PID_Clear)
    PID_param_init                           0x0000315d   Thumb Code    30  bsp_pid.o(.text.PID_param_init)
    PID_realize                              0x0000317d   Thumb Code    74  bsp_pid.o(.text.PID_realize)
    PORT4_IRQHandler                         0x000031c9   Thumb Code   462  bsp_encoder.o(.text.PORT4_IRQHandler)
    Reflectance_Init2                        0x00003399   Thumb Code    16  reflectance.o(.text.Reflectance_Init2)
    Reflectance_Read2                        0x000033a9   Thumb Code    16  reflectance.o(.text.Reflectance_Read2)
    Servo_Control2                           0x000033b9   Thumb Code    84  bsp_servo.o(.text.Servo_Control2)
    Servo_Init                               0x0000340d   Thumb Code   104  bsp_servo.o(.text.Servo_Init)
    Servo_Scan2                              0x00003475   Thumb Code   108  bsp_servo.o(.text.Servo_Scan2)
    Set_PWM                                  0x000034e1   Thumb Code   356  bsp_motor.o(.text.Set_PWM)
    Set_PWM2                                 0x00003645   Thumb Code   356  bsp_motor.o(.text.Set_PWM2)
    SysInit1                                 0x000037a9   Thumb Code   152  sysinit.o(.text.SysInit1)
    SystemInit                               0x00003841   Thumb Code   106  system_msp432p401r.o(.text.SystemInit)
    T32_INT1_IRQHandler                      0x000038ad   Thumb Code    22  myconfig.o(.text.T32_INT1_IRQHandler)
    TA0_0_IRQHandler                         0x000038c5   Thumb Code  2308  myconfig.o(.text.TA0_0_IRQHandler)
    TA2_N_IRQHandler                         0x000041c9   Thumb Code   208  tima.o(.text.TA2_N_IRQHandler)
    TimA0_Int_Init                           0x00004299   Thumb Code    84  tima.o(.text.TimA0_Int_Init)
    USART_SendCharArr                        0x000042ed   Thumb Code    36  usart.o(.text.USART_SendCharArr)
    delay_init                               0x00004311   Thumb Code    24  delay.o(.text.delay_init)
    delay_ms                                 0x00004329   Thumb Code     2  delay.o(.text.delay_ms)
    delay_us                                 0x0000432d   Thumb Code     2  delay.o(.text.delay_us)
    dmp_read_fifo                            0x00004331   Thumb Code   476  inv_mpu_dmp_motion_driver.o(.text.dmp_read_fifo)
    eusci_calcBaudDividers                   0x0000450d   Thumb Code   268  baudarte.o(.text.eusci_calcBaudDividers)
    fputc                                    0x00004619   Thumb Code    22  usart.o(.text.fputc)
    main                                     0x00004631   Thumb Code  3100  main.o(.text.main)
    mget_ms                                  0x0000524d   Thumb Code     6  inv_mpu.o(.text.mget_ms)
    mpu_dmp_get_data                         0x00005259   Thumb Code   396  inv_mpu.o(.text.mpu_dmp_get_data)
    mpu_read_fifo_stream                     0x000053e5   Thumb Code   170  inv_mpu.o(.text.mpu_read_fifo_stream)
    mpu_reset_fifo                           0x00005491   Thumb Code   384  inv_mpu.o(.text.mpu_reset_fifo)
    protocol_data_recv                       0x00005611   Thumb Code    94  protocol.o(.text.protocol_data_recv)
    protocol_init                            0x00005671   Thumb Code    28  protocol.o(.text.protocol_init)
    set_computer_value                       0x0000568d   Thumb Code   128  protocol.o(.text.set_computer_value)
    set_motor_disable                        0x0000570d   Thumb Code    14  bsp_motor.o(.text.set_motor_disable)
    set_motor_enable                         0x0000571d   Thumb Code    14  bsp_motor.o(.text.set_motor_enable)
    set_p_i_d                                0x0000572d   Thumb Code     8  bsp_pid.o(.text.set_p_i_d)
    set_pid_target                           0x00005735   Thumb Code     6  bsp_pid.o(.text.set_pid_target)
    uart_init                                0x0000573d   Thumb Code   106  usart.o(.text.uart_init)
    uart_init0                               0x000057a9   Thumb Code   106  usart.o(.text.uart_init0)
    uart_init2                               0x00005815   Thumb Code   106  usart.o(.text.uart_init2)
    CS_clearInterruptFlag                    0x00005881   Thumb Code    26  cs.o(i.CS_clearInterruptFlag)
    CS_getACLK                               0x000058a5   Thumb Code    20  cs.o(i.CS_getACLK)
    CS_getDCOFrequency                       0x000058bd   Thumb Code   234  cs.o(i.CS_getDCOFrequency)
    CS_getMCLK                               0x000059c9   Thumb Code    20  cs.o(i.CS_getMCLK)
    CS_getSMCLK                              0x000059e1   Thumb Code    18  cs.o(i.CS_getSMCLK)
    CS_setExternalClockSourceFrequency       0x000059f9   Thumb Code     8  cs.o(i.CS_setExternalClockSourceFrequency)
    CS_startHFXT                             0x00005a05   Thumb Code     6  cs.o(i.CS_startHFXT)
    CS_startHFXTWithTimeout                  0x00005a0d   Thumb Code   144  cs.o(i.CS_startHFXTWithTimeout)
    CS_startLFXT                             0x00005aad   Thumb Code     6  cs.o(i.CS_startLFXT)
    CS_startLFXTWithTimeout                  0x00005ab5   Thumb Code   144  cs.o(i.CS_startLFXTWithTimeout)
    GPIO_getInputPinValue                    0x00005b55   Thumb Code    16  gpio.o(i.GPIO_getInputPinValue)
    GPIO_setAsInputPin                       0x00005b69   Thumb Code    32  gpio.o(i.GPIO_setAsInputPin)
    GPIO_setAsOutputPin                      0x00005b8d   Thumb Code    26  gpio.o(i.GPIO_setAsOutputPin)
    GPIO_setOutputHighOnPin                  0x00005bad   Thumb Code    14  gpio.o(i.GPIO_setOutputHighOnPin)
    GPIO_setOutputLowOnPin                   0x00005bc1   Thumb Code    14  gpio.o(i.GPIO_setOutputLowOnPin)
    Interrupt_enableInterrupt                0x00005bd5   Thumb Code    84  interrupt.o(i.Interrupt_enableInterrupt)
    Interrupt_enableMaster                   0x00005c31   Thumb Code    14  interrupt.o(i.Interrupt_enableMaster)
    SysCtl_A_disableNMISource                0x00005c41   Thumb Code    10  sysctl_a.o(i.SysCtl_A_disableNMISource)
    SysCtl_A_enableNMISource                 0x00005c51   Thumb Code    10  sysctl_a.o(i.SysCtl_A_enableNMISource)
    SysCtl_A_getNMISourceStatus              0x00005c61   Thumb Code    10  sysctl_a.o(i.SysCtl_A_getNMISourceStatus)
    SysCtl_A_getTLVInfo                      0x00005c71   Thumb Code    64  sysctl_a.o(i.SysCtl_A_getTLVInfo)
    Timer_A_getCaptureCompareCount           0x00005cb9   Thumb Code    16  timer_a.o(i.Timer_A_getCaptureCompareCount)
    Timer_A_setCompareValue                  0x00005cc9   Thumb Code    16  timer_a.o(i.Timer_A_setCompareValue)
    UART_enableInterrupt                     0x00005cd9   Thumb Code    22  uart.o(i.UART_enableInterrupt)
    UART_getEnabledInterruptStatus           0x00005cef   Thumb Code    38  uart.o(i.UART_getEnabledInterruptStatus)
    UART_initModule                          0x00005d15   Thumb Code   146  uart.o(i.UART_initModule)
    UART_transmitData                        0x00005da7   Thumb Code    22  uart.o(i.UART_transmitData)
    __0printf$8                              0x00005f15   Thumb Code    22  printf8.o(i.__0printf$8)
    __1printf$8                              0x00005f15   Thumb Code     0  printf8.o(i.__0printf$8)
    __2printf                                0x00005f15   Thumb Code     0  printf8.o(i.__0printf$8)
    __ARM_fpclassify                         0x00005f35   Thumb Code    48  fpclassify.o(i.__ARM_fpclassify)
    __hardfp_asin                            0x00005f69   Thumb Code   770  asin.o(i.__hardfp_asin)
    __hardfp_atan                            0x000062c9   Thumb Code   622  atan.o(i.__hardfp_atan)
    __hardfp_atan2                           0x000065a1   Thumb Code   448  atan2.o(i.__hardfp_atan2)
    __kernel_poly                            0x000067a1   Thumb Code   248  poly.o(i.__kernel_poly)
    __mathlib_dbl_infnan                     0x00006899   Thumb Code    20  dunder.o(i.__mathlib_dbl_infnan)
    __mathlib_dbl_infnan2                    0x000068ad   Thumb Code    20  dunder.o(i.__mathlib_dbl_infnan2)
    __mathlib_dbl_invalid                    0x000068c1   Thumb Code    24  dunder.o(i.__mathlib_dbl_invalid)
    __mathlib_dbl_underflow                  0x000068e1   Thumb Code    24  dunder.o(i.__mathlib_dbl_underflow)
    __scatterload_copy                       0x00006901   Thumb Code    14  handlers.o(i.__scatterload_copy)
    __scatterload_null                       0x0000690f   Thumb Code     2  handlers.o(i.__scatterload_null)
    __scatterload_zeroinit                   0x00006911   Thumb Code    14  handlers.o(i.__scatterload_zeroinit)
    __set_errno                              0x00006921   Thumb Code     6  errno.o(i.__set_errno)
    atan                                     0x00006d8f   Thumb Code    16  atan.o(i.atan)
    fabs                                     0x00006d9f   Thumb Code    24  fabs.o(i.fabs)
    sqrt                                     0x00006db7   Thumb Code   110  sqrt.o(i.sqrt)
    __mathlib_zero                           0x00006fe8   Data           8  qnan.o(.constdata)
    asc2_0806                                0x00006ff0   Data         570  oled.o(.rodata.asc2_0806)
    asc2_1608                                0x0000722a   Data        1520  oled.o(.rodata.asc2_1608)
    hw                                       0x0000781a   Data          12  inv_mpu.o(.rodata.hw)
    reg                                      0x00007826   Data          27  inv_mpu.o(.rodata.reg)
    test                                     0x00007844   Data          40  inv_mpu.o(.rodata.test)
    Region$$Table$$Base                      0x0000786c   Number         0  anon$$obj.o(Region$$Table)
    Region$$Table$$Limit                     0x0000788c   Number         0  anon$$obj.o(Region$$Table)
    __stdout                                 0x20000008   Data           4  stdout.o(.data)
    Delay10msCnt                             0x20000040   Data           2  myconfig.o(.bss.Delay10msCnt)
    Dir_pid                                  0x20000044   Data          40  bsp_pid.o(.bss.Dir_pid)
    Dir_pid2                                 0x2000006c   Data          40  bsp_pid.o(.bss.Dir_pid2)
    Encoder                                  0x20000094   Data          64  bsp_encoder.o(.bss.Encoder)
    Flag                                     0x200000d4   Data         104  myconfig.o(.bss.Flag)
    Keys                                     0x20000149   Data          16  key.o(.bss.Keys)
    Last_Num                                 0x2000015c   Data           4  myconfig.o(.bss.Last_Num)
    Last_Reflectance_Data                    0x20000160   Data           1  myconfig.o(.bss.Last_Reflectance_Data)
    Motor_enable_Flag                        0x20000163   Data           1  bsp_motor.o(.bss.Motor_enable_Flag)
    Num_Count                                0x20000164   Data           1  myconfig.o(.bss.Num_Count)
    Num_Count2                               0x20000165   Data           1  myconfig.o(.bss.Num_Count2)
    Num_Count3                               0x20000166   Data           1  myconfig.o(.bss.Num_Count3)
    PWMtemp1                                 0x20000168   Data           4  myconfig.o(.bss.PWMtemp1)
    PWMtemp2                                 0x2000016c   Data           4  myconfig.o(.bss.PWMtemp2)
    PWMtemp3                                 0x20000170   Data           4  myconfig.o(.bss.PWMtemp3)
    PWMtemp4                                 0x20000174   Data           4  myconfig.o(.bss.PWMtemp4)
    Recive_Byte                              0x20000178   Data           1  myconfig.o(.bss.Recive_Byte)
    Reflectance_Data                         0x20000179   Data           1  myconfig.o(.bss.Reflectance_Data)
    SensorData1                              0x2000017c   Data           8  k210.o(.bss.SensorData1)
    Sensor_Num_Temp                          0x20000184   Data           4  myconfig.o(.bss.Sensor_Num_Temp)
    TIMA2_CAP_STA                            0x2000018c   Data           1  tima.o(.bss.TIMA2_CAP_STA)
    TIMA2_CAP_VAL                            0x2000018e   Data           2  tima.o(.bss.TIMA2_CAP_VAL)
    TempData                                 0x20000190   Data           1  myconfig.o(.bss.TempData)
    Temp_Angle                               0x20000191   Data           1  myconfig.o(.bss.Temp_Angle)
    Temp_Num                                 0x20000194   Data           4  myconfig.o(.bss.Temp_Num)
    move_pid                                 0x200001a8   Data          40  bsp_pid.o(.bss.move_pid)
    move_pid2                                0x200001d0   Data          40  bsp_pid.o(.bss.move_pid2)
    move_pid3                                0x200001f8   Data          40  bsp_pid.o(.bss.move_pid3)
    move_pid4                                0x20000220   Data          40  bsp_pid.o(.bss.move_pid4)
    speed_pid                                0x200002e4   Data          40  bsp_pid.o(.bss.speed_pid)
    speed_pid2                               0x2000030c   Data          40  bsp_pid.o(.bss.speed_pid2)
    speed_pid3                               0x20000334   Data          40  bsp_pid.o(.bss.speed_pid3)
    speed_pid4                               0x2000035c   Data          40  bsp_pid.o(.bss.speed_pid4)
    __initial_sp                             0x20000588   Data           0  startup_msp432p401r_uvision.o(STACK)



==============================================================================

Memory Map of the image

  Image Entry point : 0x00000145

  Load Region LR_IROM1 (Base: 0x00000000, Size: 0x000078d0, Max: 0x00040000, ABSOLUTE)

    Execution Region ER_IROM1 (Exec base: 0x00000000, Load base: 0x00000000, Size: 0x0000788c, Max: 0x00040000, ABSOLUTE)

    Exec Addr    Load Addr    Size         Type   Attr      Idx    E Section Name        Object

    0x00000000   0x00000000   0x00000144   Data   RO          694    RESET               startup_msp432p401r_uvision.o
    0x00000144   0x00000144   0x00000000   Code   RO         1766  * .ARM.Collect$$$$00000000  mc_w.l(entry.o)
    0x00000144   0x00000144   0x00000004   Code   RO         2094    .ARM.Collect$$$$00000001  mc_w.l(entry2.o)
    0x00000148   0x00000148   0x00000004   Code   RO         2097    .ARM.Collect$$$$00000004  mc_w.l(entry5.o)
    0x0000014c   0x0000014c   0x00000000   Code   RO         2099    .ARM.Collect$$$$00000008  mc_w.l(entry7b.o)
    0x0000014c   0x0000014c   0x00000000   Code   RO         2101    .ARM.Collect$$$$0000000A  mc_w.l(entry8b.o)
    0x0000014c   0x0000014c   0x00000008   Code   RO         2102    .ARM.Collect$$$$0000000B  mc_w.l(entry9a.o)
    0x00000154   0x00000154   0x00000000   Code   RO         2104    .ARM.Collect$$$$0000000D  mc_w.l(entry10a.o)
    0x00000154   0x00000154   0x00000000   Code   RO         2106    .ARM.Collect$$$$0000000F  mc_w.l(entry11a.o)
    0x00000154   0x00000154   0x00000004   Code   RO         2095    .ARM.Collect$$$$00002712  mc_w.l(entry2.o)
    0x00000158   0x00000158   0x00000026   Code   RO         1602    .emb_text           msp432p4xx_driverlib.lib(cpu.o)
    0x0000017e   0x0000017e   0x00000002   PAD
    0x00000180   0x00000180   0x00000024   Code   RO          695    .text               startup_msp432p401r_uvision.o
    0x000001a4   0x000001a4   0x00000024   Code   RO         1775    .text               mc_w.l(memcpya.o)
    0x000001c8   0x000001c8   0x00000024   Code   RO         1777    .text               mc_w.l(memseta.o)
    0x000001ec   0x000001ec   0x0000014e   Code   RO         2044    .text               mf_w.l(dadd.o)
    0x0000033a   0x0000033a   0x000000e4   Code   RO         2046    .text               mf_w.l(dmul.o)
    0x0000041e   0x0000041e   0x000000de   Code   RO         2048    .text               mf_w.l(ddiv.o)
    0x000004fc   0x000004fc   0x00000026   Code   RO         2052    .text               mf_w.l(f2d.o)
    0x00000522   0x00000522   0x00000038   Code   RO         2054    .text               mf_w.l(d2f.o)
    0x0000055a   0x0000055a   0x00000062   Code   RO         2120    .text               mc_w.l(uldiv.o)
    0x000005bc   0x000005bc   0x0000001e   Code   RO         2122    .text               mc_w.l(llshl.o)
    0x000005da   0x000005da   0x00000024   Code   RO         2124    .text               mc_w.l(llsshr.o)
    0x000005fe   0x000005fe   0x00000000   Code   RO         2133    .text               mc_w.l(iusefp.o)
    0x000005fe   0x000005fe   0x0000006e   Code   RO         2134    .text               mf_w.l(fepilogue.o)
    0x0000066c   0x0000066c   0x000000ba   Code   RO         2136    .text               mf_w.l(depilogue.o)
    0x00000726   0x00000726   0x00000002   PAD
    0x00000728   0x00000728   0x00000030   Code   RO         2142    .text               mf_w.l(cdcmple.o)
    0x00000758   0x00000758   0x00000024   Code   RO         2146    .text               mc_w.l(init.o)
    0x0000077c   0x0000077c   0x00000020   Code   RO         2148    .text               mc_w.l(llushr.o)
    0x0000079c   0x0000079c   0x000000a2   Code   RO         2150    .text               mf_w.l(dsqrt.o)
    0x0000083e   0x0000083e   0x00000002   PAD
    0x00000840   0x00000840   0x0000009c   Code   RO          657    .text.CTRL_compute_Direction  control.o
    0x000008dc   0x000008dc   0x00000188   Code   RO          659    .text.CTRL_compute_Position  control.o
    0x00000a64   0x00000a64   0x00000124   Code   RO          661    .text.CTRL_compute_Speed  control.o
    0x00000b88   0x00000b88   0x00000072   Code   RO          663    .text.Car_Go        control.o
    0x00000bfa   0x00000bfa   0x00000002   PAD
    0x00000bfc   0x00000bfc   0x000000bc   Code   RO          665    .text.Car_Spin      control.o
    0x00000cb8   0x00000cb8   0x00000038   Code   RO           25    .text.EUSCIA0_IRQHandler  myconfig.o
    0x00000cf0   0x00000cf0   0x00000032   Code   RO           27    .text.EUSCIA2_IRQHandler  myconfig.o
    0x00000d22   0x00000d22   0x00000002   PAD
    0x00000d24   0x00000d24   0x00000038   Code   RO           29    .text.EUSCIA3_IRQHandler  myconfig.o
    0x00000d5c   0x00000d5c   0x00000074   Code   RO           66    .text.Encoder_Scan  bsp_encoder.o
    0x00000dd0   0x00000dd0   0x000000c8   Code   RO          681    .text.Get_Data_To_Array  k210.o
    0x00000e98   0x00000e98   0x00000026   Code   RO          355    .text.IIC_Init      iic.o
    0x00000ebe   0x00000ebe   0x00000002   PAD
    0x00000ec0   0x00000ec0   0x00000086   Code   RO          369    .text.IIC_Read_Byte  iic.o
    0x00000f46   0x00000f46   0x00000002   PAD
    0x00000f48   0x00000f48   0x00000070   Code   RO          367    .text.IIC_Send_Byte  iic.o
    0x00000fb8   0x00000fb8   0x0000003a   Code   RO          357    .text.IIC_Start     iic.o
    0x00000ff2   0x00000ff2   0x00000002   PAD
    0x00000ff4   0x00000ff4   0x0000003a   Code   RO          359    .text.IIC_Stop      iic.o
    0x0000102e   0x0000102e   0x00000002   PAD
    0x00001030   0x00001030   0x00000046   Code   RO          361    .text.IIC_Wait_Ack  iic.o
    0x00001076   0x00001076   0x00000002   PAD
    0x00001078   0x00001078   0x00000012   Code   RO           79    .text.KEY_Init      key.o
    0x0000108a   0x0000108a   0x00000002   PAD
    0x0000108c   0x0000108c   0x000000d0   Code   RO           85    .text.Key_Scan2     key.o
    0x0000115c   0x0000115c   0x0000000e   Code   RO          107    .text.LED_B_Off     led.o
    0x0000116a   0x0000116a   0x00000002   PAD
    0x0000116c   0x0000116c   0x0000000e   Code   RO          117    .text.LED_B_On      led.o
    0x0000117a   0x0000117a   0x00000002   PAD
    0x0000117c   0x0000117c   0x0000000e   Code   RO          105    .text.LED_G_Off     led.o
    0x0000118a   0x0000118a   0x00000002   PAD
    0x0000118c   0x0000118c   0x0000000e   Code   RO          115    .text.LED_G_On      led.o
    0x0000119a   0x0000119a   0x00000002   PAD
    0x0000119c   0x0000119c   0x00000038   Code   RO           99    .text.LED_Init      led.o
    0x000011d4   0x000011d4   0x00000040   Code   RO          397    .text.MPU_Get_Gyroscope  bsp_mpu6050.o
    0x00001214   0x00001214   0x000000da   Code   RO          379    .text.MPU_Init      bsp_mpu6050.o
    0x000012ee   0x000012ee   0x00000002   PAD
    0x000012f0   0x000012f0   0x00000056   Code   RO          395    .text.MPU_Read_Len  bsp_mpu6050.o
    0x00001346   0x00001346   0x00000002   PAD
    0x00001348   0x00001348   0x00000048   Code   RO          381    .text.MPU_Write_Byte  bsp_mpu6050.o
    0x00001390   0x00001390   0x00000058   Code   RO          401    .text.MPU_Write_Len  bsp_mpu6050.o
    0x000013e8   0x000013e8   0x00000364   Code   RO            4    .text.Menudisplay   main.o
    0x0000174c   0x0000174c   0x000000d6   Code   RO          144    .text.Motor_Init    bsp_motor.o
    0x00001822   0x00001822   0x00000002   PAD
    0x00001824   0x00001824   0x0000016e   Code   RO           64    .text.Motor_Init_bianmaqi  bsp_encoder.o
    0x00001992   0x00001992   0x00000002   PAD
    0x00001994   0x00001994   0x0000022a   Code   RO          190    .text.OLED_Clear    oled.o
    0x00001bbe   0x00001bbe   0x00000002   PAD
    0x00001bc0   0x00001bc0   0x00000f54   Code   RO          210    .text.OLED_Init     oled.o
    0x00002b14   0x00002b14   0x000001e0   Code   RO          184    .text.OLED_Set_Pos  oled.o
    0x00002cf4   0x00002cf4   0x00000154   Code   RO          200    .text.OLED_ShowBNum  oled.o
    0x00002e48   0x00002e48   0x0000004c   Code   RO          202    .text.OLED_ShowBin  oled.o
    0x00002e94   0x00002e94   0x000001ce   Code   RO          192    .text.OLED_ShowChar  oled.o
    0x00003062   0x00003062   0x00000002   PAD
    0x00003064   0x00003064   0x000000ae   Code   RO          196    .text.OLED_ShowNum  oled.o
    0x00003112   0x00003112   0x00000002   PAD
    0x00003114   0x00003114   0x0000003c   Code   RO          204    .text.OLED_ShowString  oled.o
    0x00003150   0x00003150   0x0000000c   Code   RO          611    .text.PID_Clear     bsp_pid.o
    0x0000315c   0x0000315c   0x0000001e   Code   RO          601    .text.PID_param_init  bsp_pid.o
    0x0000317a   0x0000317a   0x00000002   PAD
    0x0000317c   0x0000317c   0x0000004a   Code   RO          609    .text.PID_realize   bsp_pid.o
    0x000031c6   0x000031c6   0x00000002   PAD
    0x000031c8   0x000031c8   0x000001ce   Code   RO           68    .text.PORT4_IRQHandler  bsp_encoder.o
    0x00003396   0x00003396   0x00000002   PAD
    0x00003398   0x00003398   0x00000010   Code   RO          223    .text.Reflectance_Init2  reflectance.o
    0x000033a8   0x000033a8   0x00000010   Code   RO          225    .text.Reflectance_Read2  reflectance.o
    0x000033b8   0x000033b8   0x00000054   Code   RO          253    .text.Servo_Control2  bsp_servo.o
    0x0000340c   0x0000340c   0x00000068   Code   RO          249    .text.Servo_Init    bsp_servo.o
    0x00003474   0x00003474   0x0000006c   Code   RO          257    .text.Servo_Scan2   bsp_servo.o
    0x000034e0   0x000034e0   0x00000164   Code   RO          150    .text.Set_PWM       bsp_motor.o
    0x00003644   0x00003644   0x00000164   Code   RO          152    .text.Set_PWM2      bsp_motor.o
    0x000037a8   0x000037a8   0x00000098   Code   RO          333    .text.SysInit1      sysinit.o
    0x00003840   0x00003840   0x0000006a   Code   RO          704    .text.SystemInit    system_msp432p401r.o
    0x000038aa   0x000038aa   0x00000002   PAD
    0x000038ac   0x000038ac   0x00000016   Code   RO           23    .text.T32_INT1_IRQHandler  myconfig.o
    0x000038c2   0x000038c2   0x00000002   PAD
    0x000038c4   0x000038c4   0x00000904   Code   RO           21    .text.TA0_0_IRQHandler  myconfig.o
    0x000041c8   0x000041c8   0x000000d0   Code   RO          282    .text.TA2_N_IRQHandler  tima.o
    0x00004298   0x00004298   0x00000054   Code   RO          286    .text.TimA0_Int_Init  tima.o
    0x000042ec   0x000042ec   0x00000024   Code   RO          309    .text.USART_SendCharArr  usart.o
    0x00004310   0x00004310   0x00000018   Code   RO          341    .text.delay_init    delay.o
    0x00004328   0x00004328   0x00000002   Code   RO          345    .text.delay_ms      delay.o
    0x0000432a   0x0000432a   0x00000002   PAD
    0x0000432c   0x0000432c   0x00000002   Code   RO          343    .text.delay_us      delay.o
    0x0000432e   0x0000432e   0x00000002   PAD
    0x00004330   0x00004330   0x000001dc   Code   RO          459    .text.dmp_read_fifo  inv_mpu_dmp_motion_driver.o
    0x0000450c   0x0000450c   0x0000010c   Code   RO          323    .text.eusci_calcBaudDividers  baudarte.o
    0x00004618   0x00004618   0x00000016   Code   RO          301    .text.fputc         usart.o
    0x0000462e   0x0000462e   0x00000002   PAD
    0x00004630   0x00004630   0x00000c1c   Code   RO            2    .text.main          main.o
    0x0000524c   0x0000524c   0x00000006   Code   RO          515    .text.mget_ms       inv_mpu.o
    0x00005252   0x00005252   0x00000006   PAD
    0x00005258   0x00005258   0x0000018c   Code   RO          583    .text.mpu_dmp_get_data  inv_mpu.o
    0x000053e4   0x000053e4   0x000000aa   Code   RO          549    .text.mpu_read_fifo_stream  inv_mpu.o
    0x0000548e   0x0000548e   0x00000002   PAD
    0x00005490   0x00005490   0x00000180   Code   RO          523    .text.mpu_reset_fifo  inv_mpu.o
    0x00005610   0x00005610   0x0000005e   Code   RO          635    .text.protocol_data_recv  protocol.o
    0x0000566e   0x0000566e   0x00000002   PAD
    0x00005670   0x00005670   0x0000001c   Code   RO          637    .text.protocol_init  protocol.o
    0x0000568c   0x0000568c   0x00000080   Code   RO          641    .text.set_computer_value  protocol.o
    0x0000570c   0x0000570c   0x0000000e   Code   RO          156    .text.set_motor_disable  bsp_motor.o
    0x0000571a   0x0000571a   0x00000002   PAD
    0x0000571c   0x0000571c   0x0000000e   Code   RO          154    .text.set_motor_enable  bsp_motor.o
    0x0000572a   0x0000572a   0x00000002   PAD
    0x0000572c   0x0000572c   0x00000008   Code   RO          607    .text.set_p_i_d     bsp_pid.o
    0x00005734   0x00005734   0x00000006   Code   RO          603    .text.set_pid_target  bsp_pid.o
    0x0000573a   0x0000573a   0x00000002   PAD
    0x0000573c   0x0000573c   0x0000006a   Code   RO          305    .text.uart_init     usart.o
    0x000057a6   0x000057a6   0x00000002   PAD
    0x000057a8   0x000057a8   0x0000006a   Code   RO          303    .text.uart_init0    usart.o
    0x00005812   0x00005812   0x00000002   PAD
    0x00005814   0x00005814   0x0000006a   Code   RO          307    .text.uart_init2    usart.o
    0x0000587e   0x0000587e   0x00000002   PAD
    0x00005880   0x00005880   0x00000024   Code   RO          717    i.CS_clearInterruptFlag  msp432p4xx_driverlib.lib(cs.o)
    0x000058a4   0x000058a4   0x00000018   Code   RO          726    i.CS_getACLK        msp432p4xx_driverlib.lib(cs.o)
    0x000058bc   0x000058bc   0x0000010c   Code   RO          728    i.CS_getDCOFrequency  msp432p4xx_driverlib.lib(cs.o)
    0x000059c8   0x000059c8   0x00000018   Code   RO          732    i.CS_getMCLK        msp432p4xx_driverlib.lib(cs.o)
    0x000059e0   0x000059e0   0x00000018   Code   RO          733    i.CS_getSMCLK       msp432p4xx_driverlib.lib(cs.o)
    0x000059f8   0x000059f8   0x0000000c   Code   RO          740    i.CS_setExternalClockSourceFrequency  msp432p4xx_driverlib.lib(cs.o)
    0x00005a04   0x00005a04   0x00000006   Code   RO          743    i.CS_startHFXT      msp432p4xx_driverlib.lib(cs.o)
    0x00005a0a   0x00005a0a   0x00000002   PAD
    0x00005a0c   0x00005a0c   0x000000a0   Code   RO          744    i.CS_startHFXTWithTimeout  msp432p4xx_driverlib.lib(cs.o)
    0x00005aac   0x00005aac   0x00000006   Code   RO          745    i.CS_startLFXT      msp432p4xx_driverlib.lib(cs.o)
    0x00005ab2   0x00005ab2   0x00000002   PAD
    0x00005ab4   0x00005ab4   0x000000a0   Code   RO          746    i.CS_startLFXTWithTimeout  msp432p4xx_driverlib.lib(cs.o)
    0x00005b54   0x00005b54   0x00000014   Code   RO          989    i.GPIO_getInputPinValue  msp432p4xx_driverlib.lib(gpio.o)
    0x00005b68   0x00005b68   0x00000024   Code   RO          993    i.GPIO_setAsInputPin  msp432p4xx_driverlib.lib(gpio.o)
    0x00005b8c   0x00005b8c   0x00000020   Code   RO          996    i.GPIO_setAsOutputPin  msp432p4xx_driverlib.lib(gpio.o)
    0x00005bac   0x00005bac   0x00000014   Code   RO         1001    i.GPIO_setOutputHighOnPin  msp432p4xx_driverlib.lib(gpio.o)
    0x00005bc0   0x00005bc0   0x00000014   Code   RO         1002    i.GPIO_setOutputLowOnPin  msp432p4xx_driverlib.lib(gpio.o)
    0x00005bd4   0x00005bd4   0x0000005c   Code   RO         1132    i.Interrupt_enableInterrupt  msp432p4xx_driverlib.lib(interrupt.o)
    0x00005c30   0x00005c30   0x0000000e   Code   RO         1133    i.Interrupt_enableMaster  msp432p4xx_driverlib.lib(interrupt.o)
    0x00005c3e   0x00005c3e   0x00000002   PAD
    0x00005c40   0x00005c40   0x00000010   Code   RO         1625    i.SysCtl_A_disableNMISource  msp432p4xx_driverlib.lib(sysctl_a.o)
    0x00005c50   0x00005c50   0x00000010   Code   RO         1630    i.SysCtl_A_enableNMISource  msp432p4xx_driverlib.lib(sysctl_a.o)
    0x00005c60   0x00005c60   0x00000010   Code   RO         1636    i.SysCtl_A_getNMISourceStatus  msp432p4xx_driverlib.lib(sysctl_a.o)
    0x00005c70   0x00005c70   0x00000048   Code   RO         1638    i.SysCtl_A_getTLVInfo  msp432p4xx_driverlib.lib(sysctl_a.o)
    0x00005cb8   0x00005cb8   0x00000010   Code   RO         1282    i.Timer_A_getCaptureCompareCount  msp432p4xx_driverlib.lib(timer_a.o)
    0x00005cc8   0x00005cc8   0x00000010   Code   RO         1293    i.Timer_A_setCompareValue  msp432p4xx_driverlib.lib(timer_a.o)
    0x00005cd8   0x00005cd8   0x00000016   Code   RO         1461    i.UART_enableInterrupt  msp432p4xx_driverlib.lib(uart.o)
    0x00005cee   0x00005cee   0x00000026   Code   RO         1463    i.UART_getEnabledInterruptStatus  msp432p4xx_driverlib.lib(uart.o)
    0x00005d14   0x00005d14   0x00000092   Code   RO         1467    i.UART_initModule   msp432p4xx_driverlib.lib(uart.o)
    0x00005da6   0x00005da6   0x00000016   Code   RO         1476    i.UART_transmitData  msp432p4xx_driverlib.lib(uart.o)
    0x00005dbc   0x00005dbc   0x000000c0   Code   RO          749    i._CSComputeCLKFrequency  msp432p4xx_driverlib.lib(cs.o)
    0x00005e7c   0x00005e7c   0x00000098   Code   RO          750    i._CSGetHFXTFrequency  msp432p4xx_driverlib.lib(cs.o)
    0x00005f14   0x00005f14   0x00000020   Code   RO         1990    i.__0printf$8       mc_w.l(printf8.o)
    0x00005f34   0x00005f34   0x00000030   Code   RO         2083    i.__ARM_fpclassify  m_wm.l(fpclassify.o)
    0x00005f64   0x00005f64   0x00000004   PAD
    0x00005f68   0x00005f68   0x00000360   Code   RO         1753    i.__hardfp_asin     m_wm.l(asin.o)
    0x000062c8   0x000062c8   0x000002d8   Code   RO         2056    i.__hardfp_atan     m_wm.l(atan.o)
    0x000065a0   0x000065a0   0x00000200   Code   RO         1760    i.__hardfp_atan2    m_wm.l(atan2.o)
    0x000067a0   0x000067a0   0x000000f8   Code   RO         2085    i.__kernel_poly     m_wm.l(poly.o)
    0x00006898   0x00006898   0x00000014   Code   RO         2064    i.__mathlib_dbl_infnan  m_wm.l(dunder.o)
    0x000068ac   0x000068ac   0x00000014   Code   RO         2065    i.__mathlib_dbl_infnan2  m_wm.l(dunder.o)
    0x000068c0   0x000068c0   0x00000020   Code   RO         2066    i.__mathlib_dbl_invalid  m_wm.l(dunder.o)
    0x000068e0   0x000068e0   0x00000020   Code   RO         2069    i.__mathlib_dbl_underflow  m_wm.l(dunder.o)
    0x00006900   0x00006900   0x0000000e   Code   RO         2154    i.__scatterload_copy  mc_w.l(handlers.o)
    0x0000690e   0x0000690e   0x00000002   Code   RO         2155    i.__scatterload_null  mc_w.l(handlers.o)
    0x00006910   0x00006910   0x0000000e   Code   RO         2156    i.__scatterload_zeroinit  mc_w.l(handlers.o)
    0x0000691e   0x0000691e   0x00000002   PAD
    0x00006920   0x00006920   0x0000000c   Code   RO         2128    i.__set_errno       mc_w.l(errno.o)
    0x0000692c   0x0000692c   0x00000410   Code   RO         1997    i._printf_core      mc_w.l(printf8.o)
    0x00006d3c   0x00006d3c   0x00000024   Code   RO         1998    i._printf_post_padding  mc_w.l(printf8.o)
    0x00006d60   0x00006d60   0x0000002e   Code   RO         1999    i._printf_pre_padding  mc_w.l(printf8.o)
    0x00006d8e   0x00006d8e   0x00000010   Code   RO         2058    i.atan              m_wm.l(atan.o)
    0x00006d9e   0x00006d9e   0x00000018   Code   RO         2079    i.fabs              m_wm.l(fabs.o)
    0x00006db6   0x00006db6   0x0000006e   Code   RO         2090    i.sqrt              m_wm.l(sqrt.o)
    0x00006e24   0x00006e24   0x0000004c   Data   RO         1005    .constdata          msp432p4xx_driverlib.lib(gpio.o)
    0x00006e70   0x00006e70   0x00000090   Data   RO         1148    .constdata          msp432p4xx_driverlib.lib(interrupt.o)
    0x00006f00   0x00006f00   0x00000050   Data   RO         1756    .constdata          m_wm.l(asin.o)
    0x00006f50   0x00006f50   0x00000098   Data   RO         2059    .constdata          m_wm.l(atan.o)
    0x00006fe8   0x00006fe8   0x00000008   Data   RO         2087    .constdata          m_wm.l(qnan.o)
    0x00006ff0   0x00006ff0   0x0000023a   Data   RO          212    .rodata.asc2_0806   oled.o
    0x0000722a   0x0000722a   0x000005f0   Data   RO          213    .rodata.asc2_1608   oled.o
    0x0000781a   0x0000781a   0x0000000c   Data   RO          586    .rodata.hw          inv_mpu.o
    0x00007826   0x00007826   0x0000001b   Data   RO          585    .rodata.reg         inv_mpu.o
    0x00007841   0x00007841   0x00000003   PAD
    0x00007844   0x00007844   0x00000028   Data   RO          587    .rodata.test        inv_mpu.o
    0x0000786c   0x0000786c   0x00000020   Data   RO         2153    Region$$Table       anon$$obj.o


    Execution Region RW_IRAM1 (Exec base: 0x20000000, Load base: 0x00007890, Size: 0x00000588, Max: 0x00010000, ABSOLUTE)

    Exec Addr    Load Addr    Size         Type   Attr      Idx    E Section Name        Object

    0x20000000   0x00007890   0x00000008   Data   RW          751    .data               msp432p4xx_driverlib.lib(cs.o)
    0x20000008   0x00007898   0x00000004   Data   RW         2108    .data               mc_w.l(stdout.o)
    0x2000000c   0x0000789c   0x00000004   Data   RW         2129    .data               mc_w.l(errno.o)
    0x20000010   0x000078a0   0x0000002c   Data   RW          588    .data.st            inv_mpu.o
    0x2000003c   0x000078cc   0x00000004   PAD
    0x20000040        -       0x00000002   Zero   RW           31    .bss.Delay10msCnt   myconfig.o
    0x20000042   0x000078cc   0x00000002   PAD
    0x20000044        -       0x00000028   Zero   RW          623    .bss.Dir_pid        bsp_pid.o
    0x2000006c        -       0x00000028   Zero   RW          624    .bss.Dir_pid2       bsp_pid.o
    0x20000094        -       0x00000040   Zero   RW           70    .bss.Encoder        bsp_encoder.o
    0x200000d4        -       0x00000068   Zero   RW           39    .bss.Flag           myconfig.o
    0x2000013c        -       0x0000000c   Zero   RW          684    .bss.Get_Data_To_Array.Rec_Buff  k210.o
    0x20000148        -       0x00000001   Zero   RW          683    .bss.Get_Data_To_Array.Rec_State  k210.o
    0x20000149        -       0x00000010   Zero   RW           87    .bss.Keys           key.o
    0x20000159   0x000078cc   0x00000003   PAD
    0x2000015c        -       0x00000004   Zero   RW           45    .bss.Last_Num       myconfig.o
    0x20000160        -       0x00000001   Zero   RW           40    .bss.Last_Reflectance_Data  myconfig.o
    0x20000161        -       0x00000001   Zero   RW           11    .bss.Menudisplay.New_State  main.o
    0x20000162        -       0x00000001   Zero   RW           10    .bss.Menudisplay.State  main.o
    0x20000163        -       0x00000001   Zero   RW          158    .bss.Motor_enable_Flag  bsp_motor.o
    0x20000164        -       0x00000001   Zero   RW           35    .bss.Num_Count      myconfig.o
    0x20000165        -       0x00000001   Zero   RW           36    .bss.Num_Count2     myconfig.o
    0x20000166        -       0x00000001   Zero   RW           37    .bss.Num_Count3     myconfig.o
    0x20000167   0x000078cc   0x00000001   PAD
    0x20000168        -       0x00000004   Zero   RW           48    .bss.PWMtemp1       myconfig.o
    0x2000016c        -       0x00000004   Zero   RW           49    .bss.PWMtemp2       myconfig.o
    0x20000170        -       0x00000004   Zero   RW           50    .bss.PWMtemp3       myconfig.o
    0x20000174        -       0x00000004   Zero   RW           51    .bss.PWMtemp4       myconfig.o
    0x20000178        -       0x00000001   Zero   RW           52    .bss.Recive_Byte    myconfig.o
    0x20000179        -       0x00000001   Zero   RW           38    .bss.Reflectance_Data  myconfig.o
    0x2000017a   0x000078cc   0x00000002   PAD
    0x2000017c        -       0x00000008   Zero   RW          685    .bss.SensorData1    k210.o
    0x20000184        -       0x00000004   Zero   RW           43    .bss.Sensor_Num_Temp  myconfig.o
    0x20000188        -       0x00000001   Zero   RW          259    .bss.Servo_Scan2.i  bsp_servo.o
    0x20000189        -       0x00000001   Zero   RW           44    .bss.TA0_0_IRQHandler.Last_Num2  myconfig.o
    0x2000018a        -       0x00000001   Zero   RW           46    .bss.TA0_0_IRQHandler.Last_Num3  myconfig.o
    0x2000018b        -       0x00000001   Zero   RW           47    .bss.TA0_0_IRQHandler.Last_Num4  myconfig.o
    0x2000018c        -       0x00000001   Zero   RW          289    .bss.TIMA2_CAP_STA  tima.o
    0x2000018d   0x000078cc   0x00000001   PAD
    0x2000018e        -       0x00000002   Zero   RW          290    .bss.TIMA2_CAP_VAL  tima.o
    0x20000190        -       0x00000001   Zero   RW           53    .bss.TempData       myconfig.o
    0x20000191        -       0x00000001   Zero   RW           42    .bss.Temp_Angle     myconfig.o
    0x20000192   0x000078cc   0x00000002   PAD
    0x20000194        -       0x00000004   Zero   RW           41    .bss.Temp_Num       myconfig.o
    0x20000198        -       0x00000004   Zero   RW          470    .bss.dmp.0          inv_mpu_dmp_motion_driver.o
    0x2000019c        -       0x00000004   Zero   RW          471    .bss.dmp.1          inv_mpu_dmp_motion_driver.o
    0x200001a0        -       0x00000002   Zero   RW          473    .bss.dmp.3          inv_mpu_dmp_motion_driver.o
    0x200001a2        -       0x00000001   Zero   RW          475    .bss.dmp.5          inv_mpu_dmp_motion_driver.o
    0x200001a3        -       0x00000001   Zero   RW            9    .bss.main.Last_Num  main.o
    0x200001a4        -       0x00000001   Zero   RW            8    .bss.main.Last_Num2  main.o
    0x200001a5   0x000078cc   0x00000003   PAD
    0x200001a8        -       0x00000028   Zero   RW          616    .bss.move_pid       bsp_pid.o
    0x200001d0        -       0x00000028   Zero   RW          618    .bss.move_pid2      bsp_pid.o
    0x200001f8        -       0x00000028   Zero   RW          620    .bss.move_pid3      bsp_pid.o
    0x20000220        -       0x00000028   Zero   RW          622    .bss.move_pid4      bsp_pid.o
    0x20000248        -       0x0000000c   Zero   RW          643    .bss.parser         protocol.o
    0x20000254        -       0x00000080   Zero   RW          644    .bss.recv_buf       protocol.o
    0x200002d4        -       0x00000010   Zero   RW          645    .bss.set_computer_value.set_packet  protocol.o
    0x200002e4        -       0x00000028   Zero   RW          615    .bss.speed_pid      bsp_pid.o
    0x2000030c        -       0x00000028   Zero   RW          617    .bss.speed_pid2     bsp_pid.o
    0x20000334        -       0x00000028   Zero   RW          619    .bss.speed_pid3     bsp_pid.o
    0x2000035c        -       0x00000028   Zero   RW          621    .bss.speed_pid4     bsp_pid.o
    0x20000384   0x000078cc   0x00000004   PAD
    0x20000388        -       0x00000200   Zero   RW          692    STACK               startup_msp432p401r_uvision.o



  Load Region LR_IROM2 (Base: 0x00200000, Size: 0x00000000, Max: 0x00004000, ABSOLUTE)

    Execution Region ER_IROM2 (Exec base: 0x00200000, Load base: 0x00200000, Size: 0x00000000, Max: 0x00004000, ABSOLUTE)

    **** No section assigned to this execution region ****


==============================================================================

Image component sizes


      Code (inc. data)   RO Data    RW Data    ZI Data      Debug   Object Name

       268         16          0          0          0       2301   baudarte.o
       944        140          0          0         64       2001   bsp_encoder.o
       954          0          0          0          1       6672   bsp_motor.o
       528          0          0          0          0       4915   bsp_mpu6050.o
       130          0          0          0        400       2080   bsp_pid.o
       296         16          0          0          1       2597   bsp_servo.o
      1142         60          0          0          0       3344   control.o
        28          0          0          0          0       1074   delay.o
       470          0          0          0          0       2327   iic.o
       956         12         79         44          0      30798   inv_mpu.o
       476          0          0          0         11      10793   inv_mpu_dmp_motion_driver.o
       200         12          0          0         21       1331   k210.o
       226          0          0          0         16       2523   key.o
       112          0          0          0          0       2640   led.o
      3968        406          0          0          4       4015   main.o
      2492         54          0          0        145       5275   myconfig.o
      6070          0       2090          0          0      28568   oled.o
       250          0          0          0        156       7324   protocol.o
        32          0          0          0          0       3789   reflectance.o
        36          8        324          0        512        928   startup_msp432p401r_uvision.o
       152          0          0          0          0        871   sysinit.o
       106          0          0          0          0       7138   system_msp432p401r.o
       292          0          0          0          3       3357   tima.o
       376          0          0          0          0       3665   usart.o

    ----------------------------------------------------------------------
     20580        724       2528         44       1356     140326   Object Totals
         0          0         32          0          0          0   (incl. Generated)
        76          0          3          0         22          0   (incl. Padding)

    ----------------------------------------------------------------------

      Code (inc. data)   RO Data    RW Data    ZI Data      Debug   Library Member Name

       864         94         80          0          0        280   asin.o
       744        106        152          0          0        352   atan.o
       512         64          0          0          0        208   atan2.o
       104         16          0          0          0        496   dunder.o
        24          0          0          0          0        124   fabs.o
        48          0          0          0          0        124   fpclassify.o
       248          0          0          0          0        152   poly.o
         0          0          8          0          0          0   qnan.o
       110          0          0          0          0        148   sqrt.o
         0          0          0          0          0          0   entry.o
         0          0          0          0          0          0   entry10a.o
         0          0          0          0          0          0   entry11a.o
         8          4          0          0          0          0   entry2.o
         4          0          0          0          0          0   entry5.o
         0          0          0          0          0          0   entry7b.o
         0          0          0          0          0          0   entry8b.o
         8          4          0          0          0          0   entry9a.o
        12          6          0          4          0         68   errno.o
        30          0          0          0          0          0   handlers.o
        36          8          0          0          0         68   init.o
         0          0          0          0          0          0   iusefp.o
        30          0          0          0          0         68   llshl.o
        36          0          0          0          0         68   llsshr.o
        32          0          0          0          0         68   llushr.o
        36          0          0          0          0         68   memcpya.o
        36          0          0          0          0        108   memseta.o
      1154         54          0          0          0        352   printf8.o
         0          0          0          4          0          0   stdout.o
        98          0          0          0          0         92   uldiv.o
        48          0          0          0          0         68   cdcmple.o
        56          0          0          0          0         88   d2f.o
       334          0          0          0          0        148   dadd.o
       222          0          0          0          0        100   ddiv.o
       186          0          0          0          0        176   depilogue.o
       228          0          0          0          0         96   dmul.o
       162          0          0          0          0        100   dsqrt.o
        38          0          0          0          0         68   f2d.o
       110          0          0          0          0        168   fepilogue.o
        38          0          0          0          0        676   cpu.o
      1064        170          0          8          0      18045   cs.o
       128         26         76          0          0       4516   gpio.o
       106          8        144          0          0       2381   interrupt.o
       120         26          0          0          0       3378   sysctl_a.o
        32          0          0          0          0       1447   timer_a.o
       228          0          0          0          0       7376   uart.o

    ----------------------------------------------------------------------
      7292        586        460         16          0      41675   Library Totals
        18          0          0          0          0          0   (incl. Padding)

    ----------------------------------------------------------------------

      Code (inc. data)   RO Data    RW Data    ZI Data      Debug   Library Name

      2654        280        240          0          0       1884   m_wm.l
      1520         76          0          8          0        960   mc_w.l
      1384          0          0          0          0       1012   mf_w.l
      1716        230        220          8          0      37819   msp432p4xx_driverlib.lib

    ----------------------------------------------------------------------
      7292        586        460         16          0      41675   Library Totals

    ----------------------------------------------------------------------

==============================================================================


      Code (inc. data)   RO Data    RW Data    ZI Data      Debug   

     27872       1310       2988         60       1356     177029   Grand Totals
     27872       1310       2988         60       1356     177029   ELF Image Totals
     27872       1310       2988         60          0          0   ROM Totals

==============================================================================

    Total RO  Size (Code + RO Data)                30860 (  30.14kB)
    Total RW  Size (RW Data + ZI Data)              1416 (   1.38kB)
    Total ROM Size (Code + RO Data + RW Data)      30920 (  30.20kB)

==============================================================================

