Component: ARM Compiler 5.06 update 7 (build 960) Tool: armlink [4d3601]

==============================================================================

Section Cross References

    main.o(i.Back_Routine) refers to control.o(i.Car_Spin) for Car_Spin
    main.o(i.Back_Routine) refers to main.o(.data) for .data
    main.o(i.Menudisplay) refers to oled.o(i.OLED_Clear) for OLED_Clear
    main.o(i.Menudisplay) refers to bsp_motor.o(i.set_motor_disable) for set_motor_disable
    main.o(i.Menudisplay) refers to bsp_mpu6050.o(i.MPU_Get_Gyroscope) for MPU_Get_Gyroscope
    main.o(i.Menudisplay) refers to inv_mpu.o(i.mpu_dmp_get_data) for mpu_dmp_get_data
    main.o(i.Menudisplay) refers to oled.o(i.OLED_ShowString) for OLED_ShowString
    main.o(i.Menudisplay) refers to oled.o(i.OLED_ShowBNum) for OLED_ShowBNum
    main.o(i.Menudisplay) refers to bsp_motor.o(i.set_motor_enable) for set_motor_enable
    main.o(i.Menudisplay) refers to oled.o(i.OLED_ShowBin) for OLED_ShowBin
    main.o(i.Menudisplay) refers to oled.o(i.OLED_ShowNum) for OLED_ShowNum
    main.o(i.Menudisplay) refers to control.o(i.Car_Go) for Car_Go
    main.o(i.Menudisplay) refers to control.o(i.Car_Spin) for Car_Spin
    main.o(i.Menudisplay) refers to led.o(i.LED_G_On) for LED_G_On
    main.o(i.Menudisplay) refers to main.o(.data) for .data
    main.o(i.Menudisplay) refers to key.o(.bss) for Keys
    main.o(i.Menudisplay) refers to myconfig.o(.data) for Reflectance_Data
    main.o(i.Menudisplay) refers to bsp_encoder.o(.bss) for Encoder
    main.o(i.Menudisplay) refers to k210.o(.data) for SensorData1
    main.o(i.Menudisplay) refers to myconfig.o(.bss) for Flag
    main.o(i.PID_Data_Send) refers to protocol.o(i.receiving_process) for receiving_process
    main.o(i.PID_Data_Send) refers to protocol.o(i.set_computer_value) for set_computer_value
    main.o(i.PID_Data_Send) refers to bsp_encoder.o(.bss) for Encoder
    main.o(i.PID_Data_Send) refers to myconfig.o(.bss) for Flag
    main.o(i.main) refers to _printf_percent.o(.ARM.Collect$$_printf_percent$$00000000) for _printf_percent
    main.o(i.main) refers to _printf_x.o(.ARM.Collect$$_printf_percent$$0000000C) for _printf_x
    main.o(i.main) refers to _printf_hex_int.o(.text) for _printf_longlong_hex
    main.o(i.main) refers to sysinit.o(i.SysInit1) for SysInit1
    main.o(i.main) refers to usart.o(i.uart_init0) for uart_init0
    main.o(i.main) refers to usart.o(i.uart_init) for uart_init
    main.o(i.main) refers to usart.o(i.uart_init2) for uart_init2
    main.o(i.main) refers to key.o(i.KEY_Init) for KEY_Init
    main.o(i.main) refers to led.o(i.LED_Init) for LED_Init
    main.o(i.main) refers to oled.o(i.OLED_Init) for OLED_Init
    main.o(i.main) refers to reflectance.o(i.Reflectance_Init2) for Reflectance_Init2
    main.o(i.main) refers to tima.o(i.TimA0_Int_Init) for TimA0_Int_Init
    main.o(i.main) refers to bsp_servo.o(i.Servo_Init) for Servo_Init
    main.o(i.main) refers to bsp_motor.o(i.Motor_Init) for Motor_Init
    main.o(i.main) refers to bsp_encoder.o(i.Motor_Init_bianmaqi) for Motor_Init_bianmaqi
    main.o(i.main) refers to bsp_mpu6050.o(i.MPU_Init) for MPU_Init
    main.o(i.main) refers to protocol.o(i.protocol_init) for protocol_init
    main.o(i.main) refers to bsp_pid.o(i.PID_param_init) for PID_param_init
    main.o(i.main) refers to bsp_pid.o(i.set_p_i_d) for set_p_i_d
    main.o(i.main) refers to bsp_pid.o(i.set_pid_target) for set_pid_target
    main.o(i.main) refers to protocol.o(i.set_computer_value) for set_computer_value
    main.o(i.main) refers to noretval__2printf.o(.text) for __2printf
    main.o(i.main) refers to main.o(i.PID_Data_Send) for PID_Data_Send
    main.o(i.main) refers to reflectance.o(i.Reflectance_Read2) for Reflectance_Read2
    main.o(i.main) refers to bsp_motor.o(i.Set_PWM) for Set_PWM
    main.o(i.main) refers to bsp_motor.o(i.Set_PWM2) for Set_PWM2
    main.o(i.main) refers to main.o(i.Menudisplay) for Menudisplay
    main.o(i.main) refers to control.o(i.Car_Go) for Car_Go
    main.o(i.main) refers to led.o(i.LED_G_On) for LED_G_On
    main.o(i.main) refers to control.o(i.Car_Spin) for Car_Spin
    main.o(i.main) refers to led.o(i.LED_B_On) for LED_B_On
    main.o(i.main) refers to led.o(i.LED_B_Off) for LED_B_Off
    main.o(i.main) refers to led.o(i.LED_G_Off) for LED_G_Off
    main.o(i.main) refers to bsp_pid.o(.bss) for move_pid
    main.o(i.main) refers to bsp_pid.o(.bss) for move_pid2
    main.o(i.main) refers to bsp_pid.o(.bss) for move_pid3
    main.o(i.main) refers to bsp_pid.o(.bss) for move_pid4
    main.o(i.main) refers to bsp_pid.o(.bss) for speed_pid
    main.o(i.main) refers to bsp_pid.o(.bss) for speed_pid2
    main.o(i.main) refers to bsp_pid.o(.bss) for speed_pid3
    main.o(i.main) refers to bsp_pid.o(.bss) for speed_pid4
    main.o(i.main) refers to bsp_pid.o(.bss) for Dir_pid
    main.o(i.main) refers to bsp_pid.o(.bss) for Dir_pid2
    main.o(i.main) refers to k210.o(.data) for SensorData1
[...]
    i.protocol_frame_parse                   0x0000440c   Section        0  protocol.o(i.protocol_frame_parse)
    protocol_frame_parse                     0x0000440d   Thumb Code   314  protocol.o(i.protocol_frame_parse)
    i.protocol_init                          0x0000454c   Section        0  protocol.o(i.protocol_init)
    i.receiving_process                      0x00004564   Section        0  protocol.o(i.receiving_process)
    i.recvbuf_find_header                    0x00004730   Section        0  protocol.o(i.recvbuf_find_header)
    recvbuf_find_header                      0x00004731   Thumb Code   100  protocol.o(i.recvbuf_find_header)
    i.recvbuf_get_len_to_parse               0x00004798   Section        0  protocol.o(i.recvbuf_get_len_to_parse)
    recvbuf_get_len_to_parse                 0x00004799   Thumb Code    28  protocol.o(i.recvbuf_get_len_to_parse)
    i.recvbuf_put_data                       0x000047b4   Section        0  protocol.o(i.recvbuf_put_data)
    recvbuf_put_data                         0x000047b5   Thumb Code    56  protocol.o(i.recvbuf_put_data)
    i.set_computer_value                     0x000047ec   Section        0  protocol.o(i.set_computer_value)
    i.set_motor_disable                      0x00004844   Section        0  bsp_motor.o(i.set_motor_disable)
    i.set_motor_enable                       0x00004850   Section        0  bsp_motor.o(i.set_motor_enable)
    i.set_p_i_d                              0x0000485c   Section        0  bsp_pid.o(i.set_p_i_d)
    i.set_pid_target                         0x0000486a   Section        0  bsp_pid.o(i.set_pid_target)
    i.sqrt                                   0x00004870   Section        0  sqrt.o(i.sqrt)
    i.uart_init                              0x000048e0   Section        0  usart.o(i.uart_init)
    i.uart_init0                             0x00004940   Section        0  usart.o(i.uart_init0)
    i.uart_init2                             0x000049a0   Section        0  usart.o(i.uart_init2)
    x$fpl$basic                              0x00004a00   Section       24  basic.o(x$fpl$basic)
    $v0                                      0x00004a00   Number         0  basic.o(x$fpl$basic)
    x$fpl$d2f                                0x00004a18   Section       98  d2f.o(x$fpl$d2f)
    $v0                                      0x00004a18   Number         0  d2f.o(x$fpl$d2f)
    x$fpl$dadd                               0x00004a7c   Section      336  daddsub_clz.o(x$fpl$dadd)
    $v0                                      0x00004a7c   Number         0  daddsub_clz.o(x$fpl$dadd)
    _dadd1                                   0x00004a8d   Thumb Code     0  daddsub_clz.o(x$fpl$dadd)
    x$fpl$dcmpinf                            0x00004bcc   Section       24  dcmpi.o(x$fpl$dcmpinf)
    $v0                                      0x00004bcc   Number         0  dcmpi.o(x$fpl$dcmpinf)
    x$fpl$ddiv                               0x00004be4   Section      688  ddiv.o(x$fpl$ddiv)
    $v0                                      0x00004be4   Number         0  ddiv.o(x$fpl$ddiv)
    ddiv_entry                               0x00004beb   Thumb Code     0  ddiv.o(x$fpl$ddiv)
    x$fpl$deqf                               0x00004e94   Section      120  deqf.o(x$fpl$deqf)
    $v0                                      0x00004e94   Number         0  deqf.o(x$fpl$deqf)
    x$fpl$dleqf                              0x00004f0c   Section      120  dleqf.o(x$fpl$dleqf)
    $v0                                      0x00004f0c   Number         0  dleqf.o(x$fpl$dleqf)
    x$fpl$dmul                               0x00004f84   Section      340  dmul.o(x$fpl$dmul)
    $v0                                      0x00004f84   Number         0  dmul.o(x$fpl$dmul)
    x$fpl$dnaninf                            0x000050d8   Section      156  dnaninf.o(x$fpl$dnaninf)
    $v0                                      0x000050d8   Number         0  dnaninf.o(x$fpl$dnaninf)
    x$fpl$dretinf                            0x00005174   Section       12  dretinf.o(x$fpl$dretinf)
    $v0                                      0x00005174   Number         0  dretinf.o(x$fpl$dretinf)
    x$fpl$drleqf                             0x00005180   Section      108  drleqf.o(x$fpl$drleqf)
    $v0                                      0x00005180   Number         0  drleqf.o(x$fpl$drleqf)
    x$fpl$drsb                               0x000051ec   Section       22  daddsub_clz.o(x$fpl$drsb)
    $v0                                      0x000051ec   Number         0  daddsub_clz.o(x$fpl$drsb)
    x$fpl$dsqrt                              0x00005204   Section      408  dsqrt_umaal.o(x$fpl$dsqrt)
    $v0                                      0x00005204   Number         0  dsqrt_umaal.o(x$fpl$dsqrt)
    x$fpl$dsub                               0x0000539c   Section      468  daddsub_clz.o(x$fpl$dsub)
    $v0                                      0x0000539c   Number         0  daddsub_clz.o(x$fpl$dsub)
    _dsub1                                   0x000053ad   Thumb Code     0  daddsub_clz.o(x$fpl$dsub)
    x$fpl$f2d                                0x00005570   Section       86  f2d.o(x$fpl$f2d)
    $v0                                      0x00005570   Number         0  f2d.o(x$fpl$f2d)
    x$fpl$fnaninf                            0x000055c6   Section      140  fnaninf.o(x$fpl$fnaninf)
    $v0                                      0x000055c6   Number         0  fnaninf.o(x$fpl$fnaninf)
    x$fpl$fpinit                             0x00005652   Section       10  fpinit.o(x$fpl$fpinit)
    $v0                                      0x00005652   Number         0  fpinit.o(x$fpl$fpinit)
    x$fpl$fretinf                            0x0000565c   Section       10  fretinf.o(x$fpl$fretinf)
    $v0                                      0x0000565c   Number         0  fretinf.o(x$fpl$fretinf)
    .constdata                               0x00005666   Section     2314  oled.o(.constdata)
    x$fpl$usenofp                            0x00005666   Section        0  usenofp.o(x$fpl$usenofp)
    .constdata                               0x00005f70   Section      120  usart.o(.constdata)
    .constdata                               0x00005fe8   Section       27  inv_mpu.o(.constdata)
    .constdata                               0x00006004   Section       12  inv_mpu.o(.constdata)
    .constdata                               0x00006010   Section       40  inv_mpu.o(.constdata)
    .constdata                               0x00006038   Section       76  gpio.o(.constdata)
    GPIO_PORT_TO_INT                         0x00006038   Data          28  gpio.o(.constdata)
    GPIO_PORT_TO_BASE                        0x00006054   Data          48  gpio.o(.constdata)
    .constdata                               0x00006084   Section      144  interrupt.o(.constdata)
    g_pulEnRegs                              0x00006084   Data           8  interrupt.o(.constdata)
    g_pulDisRegs                             0x0000608c   Data           8  interrupt.o(.constdata)
    g_pulPendRegs                            0x00006094   Data           8  interrupt.o(.constdata)
    g_pulUnpendRegs                          0x0000609c   Data           8  interrupt.o(.constdata)
    g_pulPriority                            0x000060a4   Data          32  interrupt.o(.constdata)
    g_pulRegs                                0x000060c4   Data          80  interrupt.o(.constdata)
    .constdata                               0x00006114   Section       40  _printf_hex_int.o(.constdata)
    uc_hextab                                0x00006114   Data          20  _printf_hex_int.o(.constdata)
    lc_hextab                                0x00006128   Data          20  _printf_hex_int.o(.constdata)
    .constdata                               0x0000613c   Section       17  __printf_flags_wp.o(.constdata)
    maptable                                 0x0000613c   Data          17  __printf_flags_wp.o(.constdata)
    .constdata                               0x00006150   Section       80  asin.o(.constdata)
    pS                                       0x00006150   Data          48  asin.o(.constdata)
    qS                                       0x00006180   Data          32  asin.o(.constdata)
    .constdata                               0x000061a0   Section      152  atan.o(.constdata)
    atanhi                                   0x000061a0   Data          32  atan.o(.constdata)
    atanlo                                   0x000061c0   Data          32  atan.o(.constdata)
    aTodd                                    0x000061e0   Data          40  atan.o(.constdata)
    aTeven                                   0x00006208   Data          48  atan.o(.constdata)
    .constdata                               0x00006238   Section        8  qnan.o(.constdata)
    .data                                    0x20000000   Section        9  main.o(.data)
    Last_Num                                 0x20000000   Data           1  main.o(.data)
    Temp_Num                                 0x20000001   Data           1  main.o(.data)
    Last_Num                                 0x20000002   Data           1  main.o(.data)
    Temp_Num                                 0x20000003   Data           1  main.o(.data)
    Last_Num                                 0x20000004   Data           1  main.o(.data)
    Temp_Num                                 0x20000005   Data           1  main.o(.data)
    Do_Count                                 0x20000006   Data           1  main.o(.data)
    State                                    0x20000007   Data           1  main.o(.data)
    New_State                                0x20000008   Data           1  main.o(.data)
    .data                                    0x20000009   Section        1  myconfig.o(.data)
    .data                                    0x2000000c   Section       20  myconfig.o(.data)
    .data                                    0x20000020   Section        1  bsp_motor.o(.data)
    .data                                    0x20000022   Section        4  tima.o(.data)
    .data                                    0x20000028   Section        4  usart.o(.data)
    .data                                    0x2000002c   Section       53  inv_mpu.o(.data)
    st                                       0x2000002c   Data          44  inv_mpu.o(.data)
    gyro_orientation                         0x20000058   Data           9  inv_mpu.o(.data)
    .data                                    0x20000064   Section       12  k210.o(.data)
    Rec_State                                0x20000064   Data           1  k210.o(.data)
    .data                                    0x20000070   Section        8  cs.o(.data)
    hfxtFreq                                 0x20000070   Data           4  cs.o(.data)
    lfxtFreq                                 0x20000074   Data           4  cs.o(.data)
    .bss                                     0x20000078   Section       48  myconfig.o(.bss)
    .bss                                     0x200000a8   Section       64  bsp_encoder.o(.bss)
    .bss                                     0x200000e8   Section       16  key.o(.bss)
    .bss                                     0x200000f8   Section       16  inv_mpu_dmp_motion_driver.o(.bss)
    dmp                                      0x200000f8   Data          16  inv_mpu_dmp_motion_driver.o(.bss)
    .bss                                     0x20000108   Section       40  bsp_pid.o(.bss)
    .bss                                     0x20000130   Section       40  bsp_pid.o(.bss)
    .bss                                     0x20000158   Section       40  bsp_pid.o(.bss)
    .bss                                     0x20000180   Section       40  bsp_pid.o(.bss)
    .bss                                     0x200001a8   Section       40  bsp_pid.o(.bss)
    .bss                                     0x200001d0   Section       40  bsp_pid.o(.bss)
    .bss                                     0x200001f8   Section       40  bsp_pid.o(.bss)
    .bss                                     0x20000220   Section       40  bsp_pid.o(.bss)
    .bss                                     0x20000248   Section       40  bsp_pid.o(.bss)
    .bss                                     0x20000270   Section       40  bsp_pid.o(.bss)
    .bss                                     0x20000298   Section      152  protocol.o(.bss)
    set_packet                               0x20000298   Data          10  protocol.o(.bss)
    parser                                   0x200002a4   Data          12  protocol.o(.bss)
    recv_buf                                 0x200002b0   Data         128  protocol.o(.bss)
    .bss                                     0x20000330   Section       12  k210.o(.bss)
    Rec_Buff                                 0x20000330   Data          12  k210.o(.bss)
    .bss                                     0x2000033c   Section       96  libspace.o(.bss)
    HEAP                                     0x200003a0   Section        0  startup_msp432p401r_uvision.o(HEAP)
    STACK                                    0x200003a0   Section      512  startup_msp432p401r_uvision.o(STACK)
    Heap_Mem                                 0x200003a0   Data           0  startup_msp432p401r_uvision.o(HEAP)
    Stack_Mem                                0x200003a0   Data         512  startup_msp432p401r_uvision.o(STACK)
    __initial_sp                             0x200005a0   Data           0  startup_msp432p401r_uvision.o(STACK)

    Global Symbols

    Symbol Name                              Value     Ov Type        Size  Object(Section)

    BuildAttributes$$THM_ISAv4$E$P$D$K$B$S$7EM$VFPi3$EXTD16$VFPS$VFMA$PE$A:L22UL41UL21$X:L11$S22US41US21$IEEE1$IW$USESV6$~STKCKD$USESV7$~SHL$OTIME$ROPI$IEEEX$EBA8$UX$STANDARDLIB$REQ8$PRES8$EABIv2 0x00000000   Number         0  anon$$obj.o ABSOLUTE
    __ARM_use_no_argv                        0x00000000   Number         0  main.o ABSOLUTE
    __Vectors                                0x00000000   Data           4  startup_msp432p401r_uvision.o(RESET)
    _printf_flags                            0x00000000   Number         0  printf_stubs.o ABSOLUTE
    _printf_return_value                     0x00000000   Number         0  printf_stubs.o ABSOLUTE
    _printf_sizespec                         0x00000000   Number         0  printf_stubs.o ABSOLUTE
    _printf_widthprec                        0x00000000   Number         0  printf_stubs.o ABSOLUTE
    __ARM_exceptions_init                     - Undefined Weak Reference
    __alloca_initialize                       - Undefined Weak Reference
    __arm_fini_                               - Undefined Weak Reference
    __arm_preinit_                            - Undefined Weak Reference
    __cpp_initialize__aeabi_                  - Undefined Weak Reference
    __cxa_finalize                            - Undefined Weak Reference
    __rt_locale                               - Undefined Weak Reference
    __sigvec_lookup                           - Undefined Weak Reference
    _atexit_init                              - Undefined Weak Reference
    _call_atexit_fns                          - Undefined Weak Reference
    _clock_init                               - Undefined Weak Reference
    _fp_trap_init                             - Undefined Weak Reference
    _fp_trap_shutdown                         - Undefined Weak Reference
    _get_lc_collate                           - Undefined Weak Reference
    _get_lc_ctype                             - Undefined Weak Reference
    _get_lc_monetary                          - Undefined Weak Reference
    _get_lc_numeric                           - Undefined Weak Reference
    _get_lc_time                              - Undefined Weak Reference
    _getenv_init                              - Undefined Weak Reference
    _handle_redirection                       - Undefined Weak Reference
    _init_alloc                               - Undefined Weak Reference
    _init_user_alloc                          - Undefined Weak Reference
    _initio                                   - Undefined Weak Reference
    _mutex_acquire                            - Undefined Weak Reference
    _mutex_release                            - Undefined Weak Reference
    _printf_truncate_signed                   - Undefined Weak Reference
    _printf_truncate_unsigned                 - Undefined Weak Reference
    _rand_init                                - Undefined Weak Reference
    _signal_finish                            - Undefined Weak Reference
    _signal_init                              - Undefined Weak Reference
    _terminate_alloc                          - Undefined Weak Reference
    _terminate_user_alloc                     - Undefined Weak Reference
    _terminateio                              - Undefined Weak Reference
    __Vectors_End                            0x00000144   Data           0  startup_msp432p401r_uvision.o(RESET)
    __Vectors_Size                           0x00000144   Number         0  startup_msp432p401r_uvision.o ABSOLUTE
    __main                                   0x00000145   Thumb Code     8  __main.o(!!!main)
    __scatterload                            0x0000014d   Thumb Code     0  __scatter.o(!!!scatter)
    __scatterload_rt2                        0x0000014d   Thumb Code    44  __scatter.o(!!!scatter)
    __scatterload_rt2_thumb_only             0x0000014d   Thumb Code     0  __scatter.o(!!!scatter)
    __scatterload_null                       0x0000015b   Thumb Code     0  __scatter.o(!!!scatter)
    __scatterload_copy                       0x00000181   Thumb Code    26  __scatter_copy.o(!!handler_copy)
    __scatterload_zeroinit                   0x0000019d   Thumb Code    28  __scatter_zi.o(!!handler_zi)
    _printf_percent                          0x000001b9   Thumb Code     0  _printf_percent.o(.ARM.Collect$$_printf_percent$$00000000)
    _printf_x                                0x000001b9   Thumb Code     0  _printf_x.o(.ARM.Collect$$_printf_percent$$0000000C)
    _printf_percent_end                      0x000001bf   Thumb Code     0  _printf_percent_end.o(.ARM.Collect$$_printf_percent$$00000017)
    __rt_lib_init                            0x000001c3   Thumb Code     0  libinit.o(.ARM.Collect$$libinit$$00000000)
    __rt_lib_init_fp_1                       0x000001c5   Thumb Code     0  libinit2.o(.ARM.Collect$$libinit$$00000001)
    __rt_lib_init_alloca_1                   0x000001c9   Thumb Code     0  libinit2.o(.ARM.Collect$$libinit$$0000002E)
    __rt_lib_init_argv_1                     0x000001c9   Thumb Code     0  libinit2.o(.ARM.Collect$$libinit$$0000002C)
    __rt_lib_init_atexit_1                   0x000001c9   Thumb Code     0  libinit2.o(.ARM.Collect$$libinit$$0000001B)
    __rt_lib_init_clock_1                    0x000001c9   Thumb Code     0  libinit2.o(.ARM.Collect$$libinit$$00000021)
    __rt_lib_init_cpp_1                      0x000001c9   Thumb Code     0  libinit2.o(.ARM.Collect$$libinit$$00000032)
    __rt_lib_init_exceptions_1               0x000001c9   Thumb Code     0  libinit2.o(.ARM.Collect$$libinit$$00000030)
    __rt_lib_init_fp_trap_1                  0x000001c9   Thumb Code     0  libinit2.o(.ARM.Collect$$libinit$$0000001F)
    __rt_lib_init_getenv_1                   0x000001c9   Thumb Code     0  libinit2.o(.ARM.Collect$$libinit$$00000023)
    __rt_lib_init_heap_1                     0x000001c9   Thumb Code     0  libinit2.o(.ARM.Collect$$libinit$$0000000A)
    __rt_lib_init_lc_collate_1               0x000001c9   Thumb Code     0  libinit2.o(.ARM.Collect$$libinit$$00000011)
    __rt_lib_init_lc_ctype_1                 0x000001c9   Thumb Code     0  libinit2.o(.ARM.Collect$$libinit$$00000013)
    __rt_lib_init_lc_monetary_1              0x000001c9   Thumb Code     0  libinit2.o(.ARM.Collect$$libinit$$00000015)
    __rt_lib_init_lc_numeric_1               0x000001c9   Thumb Code     0  libinit2.o(.ARM.Collect$$libinit$$00000017)
    __rt_lib_init_lc_time_1                  0x000001c9   Thumb Code     0  libinit2.o(.ARM.Collect$$libinit$$00000019)
    __rt_lib_init_preinit_1                  0x000001c9   Thumb Code     0  libinit2.o(.ARM.Collect$$libinit$$00000004)
    __rt_lib_init_rand_1                     0x000001c9   Thumb Code     0  libinit2.o(.ARM.Collect$$libinit$$0000000E)
    __rt_lib_init_return                     0x000001c9   Thumb Code     0  libinit2.o(.ARM.Collect$$libinit$$00000033)
    __rt_lib_init_signal_1                   0x000001c9   Thumb Code     0  libinit2.o(.ARM.Collect$$libinit$$0000001D)
    __rt_lib_init_stdio_1                    0x000001c9   Thumb Code     0  libinit2.o(.ARM.Collect$$libinit$$00000025)
    __rt_lib_init_user_alloc_1               0x000001c9   Thumb Code     0  libinit2.o(.ARM.Collect$$libinit$$0000000C)
    __rt_lib_shutdown                        0x000001cb   Thumb Code     0  libshutdown.o(.ARM.Collect$$libshutdown$$00000000)
    __rt_lib_shutdown_cpp_1                  0x000001cd   Thumb Code     0  libshutdown2.o(.ARM.Collect$$libshutdown$$00000004)
    __rt_lib_shutdown_fini_1                 0x000001cd   Thumb Code     0  libshutdown2.o(.ARM.Collect$$libshutdown$$00000002)
    __rt_lib_shutdown_fp_trap_1              0x000001cd   Thumb Code     0  libshutdown2.o(.ARM.Collect$$libshutdown$$00000009)
    __rt_lib_shutdown_heap_1                 0x000001cd   Thumb Code     0  libshutdown2.o(.ARM.Collect$$libshutdown$$00000011)
    __rt_lib_shutdown_return                 0x000001cd   Thumb Code     0  libshutdown2.o(.ARM.Collect$$libshutdown$$00000012)
    __rt_lib_shutdown_signal_1               0x000001cd   Thumb Code     0  libshutdown2.o(.ARM.Collect$$libshutdown$$0000000C)
    __rt_lib_shutdown_stdio_1                0x000001cd   Thumb Code     0  libshutdown2.o(.ARM.Collect$$libshutdown$$00000006)
    __rt_lib_shutdown_user_alloc_1           0x000001cd   Thumb Code     0  libshutdown2.o(.ARM.Collect$$libshutdown$$0000000E)
    __rt_entry                               0x000001cf   Thumb Code     0  __rtentry.o(.ARM.Collect$$rtentry$$00000000)
    __rt_entry_presh_1                       0x000001cf   Thumb Code     0  __rtentry2.o(.ARM.Collect$$rtentry$$00000002)
    __rt_entry_sh                            0x000001cf   Thumb Code     0  __rtentry4.o(.ARM.Collect$$rtentry$$00000004)
    __rt_entry_li                            0x000001d5   Thumb Code     0  __rtentry2.o(.ARM.Collect$$rtentry$$0000000A)
    __rt_entry_postsh_1                      0x000001d5   Thumb Code     0  __rtentry2.o(.ARM.Collect$$rtentry$$00000009)
    __rt_entry_main                          0x000001d9   Thumb Code     0  __rtentry2.o(.ARM.Collect$$rtentry$$0000000D)
    __rt_entry_postli_1                      0x000001d9   Thumb Code     0  __rtentry2.o(.ARM.Collect$$rtentry$$0000000C)
    __rt_exit                                0x000001e1   Thumb Code     0  rtexit.o(.ARM.Collect$$rtexit$$00000000)
    __rt_exit_ls                             0x000001e3   Thumb Code     0  rtexit2.o(.ARM.Collect$$rtexit$$00000003)
    __rt_exit_prels_1                        0x000001e3   Thumb Code     0  rtexit2.o(.ARM.Collect$$rtexit$$00000002)
    __rt_exit_exit                           0x000001e7   Thumb Code     0  rtexit2.o(.ARM.Collect$$rtexit$$00000004)
    CPU_cpsid                                0x000001ed   Thumb Code     8  cpu.o(.emb_text)
    CPU_primask                              0x000001f5   Thumb Code     6  cpu.o(.emb_text)
    CPU_cpsie                                0x000001fb   Thumb Code     8  cpu.o(.emb_text)
    CPU_wfi                                  0x00000203   Thumb Code     4  cpu.o(.emb_text)
    CPU_basepriSet                           0x00000207   Thumb Code     6  cpu.o(.emb_text)
    CPU_basepriGet                           0x0000020d   Thumb Code     6  cpu.o(.emb_text)
    Reset_Handler                            0x00000215   Thumb Code     8  startup_msp432p401r_uvision.o(.text)
    NMI_Handler                              0x0000021d   Thumb Code     2  startup_msp432p401r_uvision.o(.text)
    HardFault_Handler                        0x0000021f   Thumb Code     2  startup_msp432p401r_uvision.o(.text)
    MemManage_Handler                        0x00000221   Thumb Code     2  startup_msp432p401r_uvision.o(.text)
    BusFault_Handler                         0x00000223   Thumb Code     2  startup_msp432p401r_uvision.o(.text)
    UsageFault_Handler                       0x00000225   Thumb Code     2  startup_msp432p401r_uvision.o(.text)
    SVC_Handler                              0x00000227   Thumb Code     2  startup_msp432p401r_uvision.o(.text)
    DebugMon_Handler                         0x00000229   Thumb Code     2  startup_msp432p401r_uvision.o(.text)
    PendSV_Handler                           0x0000022b   Thumb Code     2  startup_msp432p401r_uvision.o(.text)
    SysTick_Handler                          0x0000022d   Thumb Code     2  startup_msp432p401r_uvision.o(.text)
    ADC14_IRQHandler                         0x0000022f   Thumb Code     0  startup_msp432p401r_uvision.o(.text)
    AES256_IRQHandler                        0x0000022f   Thumb Code     0  startup_msp432p401r_uvision.o(.text)
    COMP_E0_IRQHandler                       0x0000022f   Thumb Code     0  startup_msp432p401r_uvision.o(.text)
    COMP_E1_IRQHandler                       0x0000022f   Thumb Code     0  startup_msp432p401r_uvision.o(.text)
    CS_IRQHandler                            0x0000022f   Thumb Code     0  startup_msp432p401r_uvision.o(.text)
    DMA_ERR_IRQHandler                       0x0000022f   Thumb Code     0  startup_msp432p401r_uvision.o(.text)
    DMA_INT0_IRQHandler                      0x0000022f   Thumb Code     0  startup_msp432p401r_uvision.o(.text)
    DMA_INT1_IRQHandler                      0x0000022f   Thumb Code     0  startup_msp432p401r_uvision.o(.text)
    DMA_INT2_IRQHandler                      0x0000022f   Thumb Code     0  startup_msp432p401r_uvision.o(.text)
    DMA_INT3_IRQHandler                      0x0000022f   Thumb Code     0  startup_msp432p401r_uvision.o(.text)
    EUSCIA1_IRQHandler                       0x0000022f   Thumb Code     0  startup_msp432p401r_uvision.o(.text)
    EUSCIB0_IRQHandler                       0x0000022f   Thumb Code     0  startup_msp432p401r_uvision.o(.text)
    EUSCIB1_IRQHandler                       0x0000022f   Thumb Code     0  startup_msp432p401r_uvision.o(.text)
    EUSCIB2_IRQHandler                       0x0000022f   Thumb Code     0  startup_msp432p401r_uvision.o(.text)
    EUSCIB3_IRQHandler                       0x0000022f   Thumb Code     0  startup_msp432p401r_uvision.o(.text)
    FLCTL_IRQHandler                         0x0000022f   Thumb Code     0  startup_msp432p401r_uvision.o(.text)
    FPU_IRQHandler                           0x0000022f   Thumb Code     0  startup_msp432p401r_uvision.o(.text)
    PCM_IRQHandler                           0x0000022f   Thumb Code     0  startup_msp432p401r_uvision.o(.text)
    PORT1_IRQHandler                         0x0000022f   Thumb Code     0  startup_msp432p401r_uvision.o(.text)
    PORT2_IRQHandler                         0x0000022f   Thumb Code     0  startup_msp432p401r_uvision.o(.text)
    PORT3_IRQHandler                         0x0000022f   Thumb Code     0  startup_msp432p401r_uvision.o(.text)
    PORT5_IRQHandler                         0x0000022f   Thumb Code     0  startup_msp432p401r_uvision.o(.text)
    PORT6_IRQHandler                         0x0000022f   Thumb Code     0  startup_msp432p401r_uvision.o(.text)
    PSS_IRQHandler                           0x0000022f   Thumb Code     0  startup_msp432p401r_uvision.o(.text)
    RTC_C_IRQHandler                         0x0000022f   Thumb Code     0  startup_msp432p401r_uvision.o(.text)
    T32_INT2_IRQHandler                      0x0000022f   Thumb Code     0  startup_msp432p401r_uvision.o(.text)
    T32_INTC_IRQHandler                      0x0000022f   Thumb Code     0  startup_msp432p401r_uvision.o(.text)
    TA0_N_IRQHandler                         0x0000022f   Thumb Code     0  startup_msp432p401r_uvision.o(.text)
    TA1_0_IRQHandler                         0x0000022f   Thumb Code     0  startup_msp432p401r_uvision.o(.text)
    TA1_N_IRQHandler                         0x0000022f   Thumb Code     0  startup_msp432p401r_uvision.o(.text)
    TA2_0_IRQHandler                         0x0000022f   Thumb Code     0  startup_msp432p401r_uvision.o(.text)
    TA3_0_IRQHandler                         0x0000022f   Thumb Code     0  startup_msp432p401r_uvision.o(.text)
    TA3_N_IRQHandler                         0x0000022f   Thumb Code     0  startup_msp432p401r_uvision.o(.text)
    WDT_A_IRQHandler                         0x0000022f   Thumb Code     0  startup_msp432p401r_uvision.o(.text)
    __user_initial_stackheap                 0x00000231   Thumb Code    10  startup_msp432p401r_uvision.o(.text)
    __use_no_semihosting                     0x00000251   Thumb Code     2  use_no_semi_2.o(.text)
    __2printf                                0x00000255   Thumb Code    20  noretval__2printf.o(.text)
    _printf_int_hex                          0x0000026d   Thumb Code    84  _printf_hex_int.o(.text)
    _printf_longlong_hex                     0x0000026d   Thumb Code     0  _printf_hex_int.o(.text)
    __printf                                 0x000002c5   Thumb Code   308  __printf_flags_wp.o(.text)
    __aeabi_memcpy                           0x000003fd   Thumb Code     0  rt_memcpy_v6.o(.text)
    __rt_memcpy                              0x000003fd   Thumb Code   138  rt_memcpy_v6.o(.text)
    _memcpy_lastbytes                        0x00000463   Thumb Code     0  rt_memcpy_v6.o(.text)
    __aeabi_memcpy4                          0x00000487   Thumb Code     0  rt_memcpy_w.o(.text)
    __aeabi_memcpy8                          0x00000487   Thumb Code     0  rt_memcpy_w.o(.text)
    __rt_memcpy_w                            0x00000487   Thumb Code   100  rt_memcpy_w.o(.text)
    _memcpy_lastbytes_aligned                0x000004cf   Thumb Code     0  rt_memcpy_w.o(.text)
    __use_two_region_memory                  0x000004eb   Thumb Code     2  heapauxi.o(.text)
    __rt_heap_escrow$2region                 0x000004ed   Thumb Code     2  heapauxi.o(.text)
    __rt_heap_expand$2region                 0x000004ef   Thumb Code     2  heapauxi.o(.text)
    __I$use$semihosting                      0x000004f1   Thumb Code     0  use_no_semi.o(.text)
    __use_no_semihosting_swi                 0x000004f1   Thumb Code     2  use_no_semi.o(.text)
    __read_errno                             0x000004f3   Thumb Code    10  _rserrno.o(.text)
    __set_errno                              0x000004fd   Thumb Code    12  _rserrno.o(.text)
    _printf_int_common                       0x00000509   Thumb Code   178  _printf_intcommon.o(.text)
    _printf_char_file                        0x000005bd   Thumb Code    32  _printf_char_file.o(.text)
    __aeabi_errno_addr                       0x000005e1   Thumb Code     8  rt_errno_addr_intlibspace.o(.text)
    __errno$intlibspace                      0x000005e1   Thumb Code     0  rt_errno_addr_intlibspace.o(.text)
    __rt_errno_addr$intlibspace              0x000005e1   Thumb Code     0  rt_errno_addr_intlibspace.o(.text)
    _printf_char_common                      0x000005f3   Thumb Code    32  _printf_char_common.o(.text)
    ferror                                   0x00000619   Thumb Code     8  ferror.o(.text)
    __user_libspace                          0x00000621   Thumb Code     8  libspace.o(.text)
    __user_perproc_libspace                  0x00000621   Thumb Code     0  libspace.o(.text)
    __user_perthread_libspace                0x00000621   Thumb Code     0  libspace.o(.text)
    __user_setup_stackheap                   0x00000629   Thumb Code    74  sys_stackheap_outer.o(.text)
    exit                                     0x00000673   Thumb Code    18  exit.o(.text)
    Back_Routine                             0x00000685   Thumb Code    48  main.o(i.Back_Routine)
    CS_clearInterruptFlag                    0x000006b9   Thumb Code    26  cs.o(i.CS_clearInterruptFlag)
    CS_getACLK                               0x000006dd   Thumb Code    20  cs.o(i.CS_getACLK)
    CS_getDCOFrequency                       0x000006f5   Thumb Code   234  cs.o(i.CS_getDCOFrequency)
    CS_getSMCLK                              0x00000801   Thumb Code    18  cs.o(i.CS_getSMCLK)
    CS_setExternalClockSourceFrequency       0x00000819   Thumb Code     8  cs.o(i.CS_setExternalClockSourceFrequency)
    CS_startHFXT                             0x00000825   Thumb Code     6  cs.o(i.CS_startHFXT)
    CS_startHFXTWithTimeout                  0x0000082d   Thumb Code   144  cs.o(i.CS_startHFXTWithTimeout)
    CS_startLFXT                             0x000008cd   Thumb Code     6  cs.o(i.CS_startLFXT)
    CS_startLFXTWithTimeout                  0x000008d5   Thumb Code   144  cs.o(i.CS_startLFXTWithTimeout)
    CTRL_compute_Direction                   0x00000975   Thumb Code   104  control.o(i.CTRL_compute_Direction)
    CTRL_compute_Position                    0x000009f5   Thumb Code   254  control.o(i.CTRL_compute_Position)
    CTRL_compute_Speed                       0x00000b21   Thumb Code   172  control.o(i.CTRL_compute_Speed)
    Car_Go                                   0x00000bf1   Thumb Code    86  control.o(i.Car_Go)
    Car_Spin                                 0x00000c65   Thumb Code   128  control.o(i.Car_Spin)
    EUSCIA0_IRQHandler                       0x00000d01   Thumb Code    36  myconfig.o(i.EUSCIA0_IRQHandler)
    EUSCIA2_IRQHandler                       0x00000d2d   Thumb Code    30  myconfig.o(i.EUSCIA2_IRQHandler)
    EUSCIA3_IRQHandler                       0x00000d59   Thumb Code    38  myconfig.o(i.EUSCIA3_IRQHandler)
    Encoder_Scan                             0x00000d8d   Thumb Code   114  bsp_encoder.o(i.Encoder_Scan)
    GPIO_getInputPinValue                    0x00000e11   Thumb Code    16  gpio.o(i.GPIO_getInputPinValue)
    GPIO_setAsInputPin                       0x00000e25   Thumb Code    32  gpio.o(i.GPIO_setAsInputPin)
    GPIO_setAsOutputPin                      0x00000e49   Thumb Code    26  gpio.o(i.GPIO_setAsOutputPin)
    GPIO_setOutputHighOnPin                  0x00000e69   Thumb Code    14  gpio.o(i.GPIO_setOutputHighOnPin)
    GPIO_setOutputLowOnPin                   0x00000e7d   Thumb Code    14  gpio.o(i.GPIO_setOutputLowOnPin)
    Get_Data_To_Array                        0x00000e91   Thumb Code   164  k210.o(i.Get_Data_To_Array)
    I2C_SW_Configuration                     0x00000f3d   Thumb Code    10  oled.o(i.I2C_SW_Configuration)
    I2C_Start                                0x00000f4d   Thumb Code    16  oled.o(i.I2C_Start)
    I2C_Stop                                 0x00000f61   Thumb Code    14  oled.o(i.I2C_Stop)
    I2C_WaitAck                              0x00000f75   Thumb Code    14  oled.o(i.I2C_WaitAck)
    IIC_Ack                                  0x00000f89   Thumb Code    58  iic.o(i.IIC_Ack)
    IIC_Init                                 0x00000fc3   Thumb Code    38  iic.o(i.IIC_Init)
    IIC_NAck                                 0x00000fe9   Thumb Code    58  iic.o(i.IIC_NAck)
    IIC_Read_Byte                            0x00001023   Thumb Code    86  iic.o(i.IIC_Read_Byte)
    IIC_Send_Byte                            0x00001079   Thumb Code   112  iic.o(i.IIC_Send_Byte)
    IIC_Start                                0x000010e9   Thumb Code    58  iic.o(i.IIC_Start)
    IIC_Stop                                 0x00001123   Thumb Code    58  iic.o(i.IIC_Stop)
    IIC_Wait_Ack                             0x0000115d   Thumb Code    76  iic.o(i.IIC_Wait_Ack)
    Interrupt_enableInterrupt                0x000011a9   Thumb Code    84  interrupt.o(i.Interrupt_enableInterrupt)
    Interrupt_enableMaster                   0x00001205   Thumb Code    14  interrupt.o(i.Interrupt_enableMaster)
    KEY_Init                                 0x00001215   Thumb Code    12  key.o(i.KEY_Init)
    Key_Scan2                                0x00001225   Thumb Code   184  key.o(i.Key_Scan2)
    LED_B_Off                                0x000012e5   Thumb Code     8  led.o(i.LED_B_Off)
    LED_B_On                                 0x000012f1   Thumb Code     8  led.o(i.LED_B_On)
    LED_G_Off                                0x000012fd   Thumb Code     8  led.o(i.LED_G_Off)
    LED_G_On                                 0x00001309   Thumb Code     8  led.o(i.LED_G_On)
    LED_Init                                 0x00001315   Thumb Code    44  led.o(i.LED_Init)
    LED_RED_Off                              0x00001345   Thumb Code     8  led.o(i.LED_RED_Off)
    LED_R_Off                                0x00001351   Thumb Code     8  led.o(i.LED_R_Off)
    MPU_Get_Gyroscope                        0x0000135d   Thumb Code    68  bsp_mpu6050.o(i.MPU_Get_Gyroscope)
    MPU_Init                                 0x000013a1   Thumb Code   150  bsp_mpu6050.o(i.MPU_Init)
    MPU_Read_Byte                            0x00001437   Thumb Code    58  bsp_mpu6050.o(i.MPU_Read_Byte)
    MPU_Read_Len                             0x00001471   Thumb Code    98  bsp_mpu6050.o(i.MPU_Read_Len)
    MPU_Set_Accel_Fsr                        0x000014d3   Thumb Code    10  bsp_mpu6050.o(i.MPU_Set_Accel_Fsr)
    MPU_Set_Gyro_Fsr                         0x000014dd   Thumb Code    10  bsp_mpu6050.o(i.MPU_Set_Gyro_Fsr)
    MPU_Set_LPF                              0x000014e7   Thumb Code    48  bsp_mpu6050.o(i.MPU_Set_LPF)
    MPU_Set_Rate                             0x00001517   Thumb Code    44  bsp_mpu6050.o(i.MPU_Set_Rate)
    MPU_Write_Byte                           0x00001543   Thumb Code    74  bsp_mpu6050.o(i.MPU_Write_Byte)
    MPU_Write_Len                            0x0000158d   Thumb Code    90  bsp_mpu6050.o(i.MPU_Write_Len)
    Menudisplay                              0x000015e9   Thumb Code   600  main.o(i.Menudisplay)
    Motor_Control                            0x00001899   Thumb Code   332  bsp_motor.o(i.Motor_Control)
    Motor_Init                               0x000019ed   Thumb Code   202  bsp_motor.o(i.Motor_Init)
    Motor_Init_bianmaqi                      0x00001ac1   Thumb Code   368  bsp_encoder.o(i.Motor_Init_bianmaqi)
    OLED_Clear                               0x00001c35   Thumb Code    60  oled.o(i.OLED_Clear)
    OLED_Init                                0x00001c71   Thumb Code   238  oled.o(i.OLED_Init)
    OLED_Set_Pos                             0x00001d5f   Thumb Code    40  oled.o(i.OLED_Set_Pos)
    OLED_ShowBNum                            0x00001d87   Thumb Code   250  oled.o(i.OLED_ShowBNum)
    OLED_ShowBin                             0x00001e81   Thumb Code    68  oled.o(i.OLED_ShowBin)
    OLED_ShowChar                            0x00001ec5   Thumb Code   138  oled.o(i.OLED_ShowChar)
    OLED_ShowNum                             0x00001f59   Thumb Code   128  oled.o(i.OLED_ShowNum)
    OLED_ShowString                          0x00001fd9   Thumb Code    60  oled.o(i.OLED_ShowString)
    OLED_WR_Byte                             0x00002015   Thumb Code    58  oled.o(i.OLED_WR_Byte)
    PID_Data_Send                            0x00002051   Thumb Code    78  main.o(i.PID_Data_Send)
    PID_param_init                           0x000020a9   Thumb Code    46  bsp_pid.o(i.PID_param_init)
    PID_realize                              0x000020dd   Thumb Code    66  bsp_pid.o(i.PID_realize)
    PORT4_IRQHandler                         0x00002121   Thumb Code   314  bsp_encoder.o(i.PORT4_IRQHandler)
    Reflectance_Init2                        0x00002269   Thumb Code    10  reflectance.o(i.Reflectance_Init2)
    Reflectance_Read2                        0x00002279   Thumb Code    10  reflectance.o(i.Reflectance_Read2)
    Send_Byte                                0x00002289   Thumb Code    50  oled.o(i.Send_Byte)
    Servo_Control2                           0x000022c1   Thumb Code    90  bsp_servo.o(i.Servo_Control2)
    Servo_Init                               0x00002329   Thumb Code    92  bsp_servo.o(i.Servo_Init)
    Set_PWM                                  0x0000238d   Thumb Code   164  bsp_motor.o(i.Set_PWM)
    Set_PWM2                                 0x00002435   Thumb Code   164  bsp_motor.o(i.Set_PWM2)
    SysCtl_A_disableNMISource                0x000024dd   Thumb Code    10  sysctl_a.o(i.SysCtl_A_disableNMISource)
    SysCtl_A_enableNMISource                 0x000024ed   Thumb Code    10  sysctl_a.o(i.SysCtl_A_enableNMISource)
    SysCtl_A_getNMISourceStatus              0x000024fd   Thumb Code    10  sysctl_a.o(i.SysCtl_A_getNMISourceStatus)
    SysCtl_A_getTLVInfo                      0x0000250d   Thumb Code    64  sysctl_a.o(i.SysCtl_A_getTLVInfo)
    SysInit1                                 0x00002555   Thumb Code   146  sysinit.o(i.SysInit1)
    SystemInit                               0x000025f5   Thumb Code    76  system_msp432p401r.o(i.SystemInit)
    T32_INT1_IRQHandler                      0x00002655   Thumb Code    10  myconfig.o(i.T32_INT1_IRQHandler)
    TA0_0_IRQHandler                         0x00002669   Thumb Code   536  myconfig.o(i.TA0_0_IRQHandler)
    TA2_N_IRQHandler                         0x000028b5   Thumb Code   158  tima.o(i.TA2_N_IRQHandler)
    TimA0_Int_Init                           0x00002965   Thumb Code    78  tima.o(i.TimA0_Int_Init)
    Timer_A_getCaptureCompareCount           0x000029b9   Thumb Code    16  timer_a.o(i.Timer_A_getCaptureCompareCount)
    Timer_A_setCompareValue                  0x000029c9   Thumb Code    16  timer_a.o(i.Timer_A_setCompareValue)
    UART_enableInterrupt                     0x000029d9   Thumb Code    22  uart.o(i.UART_enableInterrupt)
    UART_getEnabledInterruptStatus           0x000029ef   Thumb Code    38  uart.o(i.UART_getEnabledInterruptStatus)
    UART_initModule                          0x00002a15   Thumb Code   146  uart.o(i.UART_initModule)
    UART_transmitData                        0x00002aa7   Thumb Code    22  uart.o(i.UART_transmitData)
    USART_SendCharArr                        0x00002abd   Thumb Code    34  usart.o(i.USART_SendCharArr)
    __ARM_fpclassify                         0x00002c3d   Thumb Code    48  fpclassify.o(i.__ARM_fpclassify)
    __hardfp_asin                            0x00002c71   Thumb Code   770  asin.o(i.__hardfp_asin)
    __hardfp_atan                            0x00002fd1   Thumb Code   622  atan.o(i.__hardfp_atan)
    __hardfp_atan2                           0x000032a9   Thumb Code   448  atan2.o(i.__hardfp_atan2)
    __kernel_poly                            0x000034a9   Thumb Code   248  poly.o(i.__kernel_poly)
    __mathlib_dbl_infnan                     0x000035a1   Thumb Code    20  dunder.o(i.__mathlib_dbl_infnan)
    __mathlib_dbl_infnan2                    0x000035b5   Thumb Code    20  dunder.o(i.__mathlib_dbl_infnan2)
    __mathlib_dbl_invalid                    0x000035c9   Thumb Code    24  dunder.o(i.__mathlib_dbl_invalid)
    __mathlib_dbl_underflow                  0x000035e9   Thumb Code    24  dunder.o(i.__mathlib_dbl_underflow)
    _is_digit                                0x00003609   Thumb Code    14  __printf_wp.o(i._is_digit)
    _sys_exit                                0x00003617   Thumb Code     2  usart.o(i._sys_exit)
    atan                                     0x00003619   Thumb Code    16  atan.o(i.atan)
    bitPosition                              0x00003629   Thumb Code    16  baudarte.o(i.bitPosition)
    check_sum                                0x00003639   Thumb Code    18  protocol.o(i.check_sum)
    delay_ms                                 0x00003689   Thumb Code    24  delay.o(i.delay_ms)
    delay_us                                 0x000036a1   Thumb Code    22  delay.o(i.delay_us)
    dmp_read_fifo                            0x000036b9   Thumb Code   384  inv_mpu_dmp_motion_driver.o(i.dmp_read_fifo)
    eusci_calcBaudDividers                   0x0000383d   Thumb Code   296  baudarte.o(i.eusci_calcBaudDividers)
    fabs                                     0x00003975   Thumb Code    24  fabs.o(i.fabs)
    fputc                                    0x0000398d   Thumb Code    16  usart.o(i.fputc)
    main                                     0x000039d5   Thumb Code  1658  main.o(i.main)
    mget_ms                                  0x00004055   Thumb Code     6  inv_mpu.o(i.mget_ms)
    mpu_dmp_get_data                         0x0000405d   Thumb Code   344  inv_mpu.o(i.mpu_dmp_get_data)
    mpu_read_fifo_stream                     0x000041c1   Thumb Code   166  inv_mpu.o(i.mpu_read_fifo_stream)
    mpu_reset_fifo                           0x0000426d   Thumb Code   360  inv_mpu.o(i.mpu_reset_fifo)
    oled_pow                                 0x000043d9   Thumb Code    16  oled.o(i.oled_pow)
    protocol_data_recv                       0x000043e9   Thumb Code    32  protocol.o(i.protocol_data_recv)
    protocol_init                            0x0000454d   Thumb Code    20  protocol.o(i.protocol_init)
    receiving_process                        0x00004565   Thumb Code   434  protocol.o(i.receiving_process)
    set_computer_value                       0x000047ed   Thumb Code    80  protocol.o(i.set_computer_value)
    set_motor_disable                        0x00004845   Thumb Code     8  bsp_motor.o(i.set_motor_disable)
    set_motor_enable                         0x00004851   Thumb Code     8  bsp_motor.o(i.set_motor_enable)
    set_p_i_d                                0x0000485d   Thumb Code    14  bsp_pid.o(i.set_p_i_d)
    set_pid_target                           0x0000486b   Thumb Code     6  bsp_pid.o(i.set_pid_target)
    sqrt                                     0x00004871   Thumb Code   110  sqrt.o(i.sqrt)
    uart_init                                0x000048e1   Thumb Code    82  usart.o(i.uart_init)
    uart_init0                               0x00004941   Thumb Code    82  usart.o(i.uart_init0)
    uart_init2                               0x000049a1   Thumb Code    82  usart.o(i.uart_init2)
    __aeabi_dneg                             0x00004a01   Thumb Code     0  basic.o(x$fpl$basic)
    _dneg                                    0x00004a01   Thumb Code     6  basic.o(x$fpl$basic)
    __aeabi_fneg                             0x00004a07   Thumb Code     0  basic.o(x$fpl$basic)
    _fneg                                    0x00004a07   Thumb Code     6  basic.o(x$fpl$basic)
    _dabs                                    0x00004a0d   Thumb Code     6  basic.o(x$fpl$basic)
    _fabs                                    0x00004a13   Thumb Code     6  basic.o(x$fpl$basic)
    __aeabi_d2f                              0x00004a19   Thumb Code     0  d2f.o(x$fpl$d2f)
    _d2f                                     0x00004a19   Thumb Code    98  d2f.o(x$fpl$d2f)
    __aeabi_dadd                             0x00004a7d   Thumb Code     0  daddsub_clz.o(x$fpl$dadd)
    _dadd                                    0x00004a7d   Thumb Code   332  daddsub_clz.o(x$fpl$dadd)
    __fpl_dcmp_Inf                           0x00004bcd   Thumb Code    24  dcmpi.o(x$fpl$dcmpinf)
    __aeabi_ddiv                             0x00004be5   Thumb Code     0  ddiv.o(x$fpl$ddiv)
    _ddiv                                    0x00004be5   Thumb Code   552  ddiv.o(x$fpl$ddiv)
    __aeabi_cdcmpeq                          0x00004e95   Thumb Code     0  deqf.o(x$fpl$deqf)
    _dcmpeq                                  0x00004e95   Thumb Code   120  deqf.o(x$fpl$deqf)
    __aeabi_cdcmple                          0x00004f0d   Thumb Code     0  dleqf.o(x$fpl$dleqf)
    _dcmple                                  0x00004f0d   Thumb Code   120  dleqf.o(x$fpl$dleqf)
    __fpl_dcmple_InfNaN                      0x00004f6f   Thumb Code     0  dleqf.o(x$fpl$dleqf)
    __aeabi_dmul                             0x00004f85   Thumb Code     0  dmul.o(x$fpl$dmul)
    _dmul                                    0x00004f85   Thumb Code   332  dmul.o(x$fpl$dmul)
    __fpl_dnaninf                            0x000050d9   Thumb Code   156  dnaninf.o(x$fpl$dnaninf)
    __fpl_dretinf                            0x00005175   Thumb Code    12  dretinf.o(x$fpl$dretinf)
    __aeabi_cdrcmple                         0x00005181   Thumb Code     0  drleqf.o(x$fpl$drleqf)
    _drcmple                                 0x00005181   Thumb Code   108  drleqf.o(x$fpl$drleqf)
    __aeabi_drsub                            0x000051ed   Thumb Code     0  daddsub_clz.o(x$fpl$drsb)
    _drsb                                    0x000051ed   Thumb Code    22  daddsub_clz.o(x$fpl$drsb)
    _dsqrt                                   0x00005205   Thumb Code   404  dsqrt_umaal.o(x$fpl$dsqrt)
    __aeabi_dsub                             0x0000539d   Thumb Code     0  daddsub_clz.o(x$fpl$dsub)
    _dsub                                    0x0000539d   Thumb Code   464  daddsub_clz.o(x$fpl$dsub)
    __aeabi_f2d                              0x00005571   Thumb Code     0  f2d.o(x$fpl$f2d)
    _f2d                                     0x00005571   Thumb Code    86  f2d.o(x$fpl$f2d)
    __fpl_fnaninf                            0x000055c7   Thumb Code   140  fnaninf.o(x$fpl$fnaninf)
    _fp_init                                 0x00005653   Thumb Code    10  fpinit.o(x$fpl$fpinit)
    __fplib_config_fpu_vfp                   0x0000565b   Thumb Code     0  fpinit.o(x$fpl$fpinit)
    __fplib_config_pureend_doubles           0x0000565b   Thumb Code     0  fpinit.o(x$fpl$fpinit)
    __fpl_fretinf                            0x0000565d   Thumb Code    10  fretinf.o(x$fpl$fretinf)
    __I$use$fp                               0x00005666   Number         0  usenofp.o(x$fpl$usenofp)
    asc2_0806                                0x00005666   Data         570  oled.o(.constdata)
    asc2_1608                                0x000058a0   Data        1520  oled.o(.constdata)
    Hzk                                      0x00005e90   Data         224  oled.o(.constdata)
    reg                                      0x00005fe8   Data          27  inv_mpu.o(.constdata)
    hw                                       0x00006004   Data          12  inv_mpu.o(.constdata)
    test                                     0x00006010   Data          40  inv_mpu.o(.constdata)
    __mathlib_zero                           0x00006238   Data           8  qnan.o(.constdata)
    Region$$Table$$Base                      0x00006240   Number         0  anon$$obj.o(Region$$Table)
    Region$$Table$$Limit                     0x00006260   Number         0  anon$$obj.o(Region$$Table)
    Reflectance_Data                         0x20000009   Data           1  myconfig.o(.data)
    Recive_Byte                              0x2000000c   Data           1  myconfig.o(.data)
    TempData                                 0x2000000d   Data           1  myconfig.o(.data)
    PWMtemp1                                 0x20000010   Data           4  myconfig.o(.data)
    PWMtemp2                                 0x20000014   Data           4  myconfig.o(.data)
    PWMtemp3                                 0x20000018   Data           4  myconfig.o(.data)
    PWMtemp4                                 0x2000001c   Data           4  myconfig.o(.data)
    Motor_enable_Flag                        0x20000020   Data           1  bsp_motor.o(.data)
    TIMA2_CAP_STA                            0x20000022   Data           1  tima.o(.data)
    TIMA2_CAP_VAL                            0x20000024   Data           2  tima.o(.data)
    __stdout                                 0x20000028   Data           4  usart.o(.data)
    SensorData1                              0x20000068   Data           8  k210.o(.data)
    Flag                                     0x20000078   Data          48  myconfig.o(.bss)
    Encoder                                  0x200000a8   Data          64  bsp_encoder.o(.bss)
    Keys                                     0x200000e8   Data          16  key.o(.bss)
    speed_pid                                0x20000108   Data          40  bsp_pid.o(.bss)
    move_pid                                 0x20000130   Data          40  bsp_pid.o(.bss)
    speed_pid2                               0x20000158   Data          40  bsp_pid.o(.bss)
    move_pid2                                0x20000180   Data          40  bsp_pid.o(.bss)
    speed_pid3                               0x200001a8   Data          40  bsp_pid.o(.bss)
    move_pid3                                0x200001d0   Data          40  bsp_pid.o(.bss)
    speed_pid4                               0x200001f8   Data          40  bsp_pid.o(.bss)
    move_pid4                                0x20000220   Data          40  bsp_pid.o(.bss)
    Dir_pid                                  0x20000248   Data          40  bsp_pid.o(.bss)
    Dir_pid2                                 0x20000270   Data          40  bsp_pid.o(.bss)
    __libspace_start                         0x2000033c   Data          96  libspace.o(.bss)
    __temporary_stack_top$libspace           0x2000039c   Data           0  libspace.o(.bss)



==============================================================================

Memory Map of the image

  Image Entry point : 0x00000145

  Load Region LR_IROM1 (Base: 0x00000000, Size: 0x000062d8, Max: 0x00040000, ABSOLUTE)

    Execution Region ER_IROM1 (Exec base: 0x00000000, Load base: 0x00000000, Size: 0x00006260, Max: 0x00040000, ABSOLUTE)

    Exec Addr    Load Addr    Size         Type   Attr      Idx    E Section Name        Object

    0x00000000   0x00000000   0x00000144   Data   RO         2082    RESET               startup_msp432p401r_uvision.o
    0x00000144   0x00000144   0x00000008   Code   RO         3249  * !!!main             c_w.l(__main.o)
    0x0000014c   0x0000014c   0x00000034   Code   RO         3560    !!!scatter          c_w.l(__scatter.o)
    0x00000180   0x00000180   0x0000001a   Code   RO         3562    !!handler_copy      c_w.l(__scatter_copy.o)
    0x0000019a   0x0000019a   0x00000002   PAD
    0x0000019c   0x0000019c   0x0000001c   Code   RO         3564    !!handler_zi        c_w.l(__scatter_zi.o)
    0x000001b8   0x000001b8   0x00000000   Code   RO         3236    .ARM.Collect$$_printf_percent$$00000000  c_w.l(_printf_percent.o)
    0x000001b8   0x000001b8   0x00000006   Code   RO         3234    .ARM.Collect$$_printf_percent$$0000000C  c_w.l(_printf_x.o)
    0x000001be   0x000001be   0x00000004   Code   RO         3314    .ARM.Collect$$_printf_percent$$00000017  c_w.l(_printf_percent_end.o)
    0x000001c2   0x000001c2   0x00000002   Code   RO         3431    .ARM.Collect$$libinit$$00000000  c_w.l(libinit.o)
    0x000001c4   0x000001c4   0x00000004   Code   RO         3438    .ARM.Collect$$libinit$$00000001  c_w.l(libinit2.o)
    0x000001c8   0x000001c8   0x00000000   Code   RO         3441    .ARM.Collect$$libinit$$00000004  c_w.l(libinit2.o)
    0x000001c8   0x000001c8   0x00000000   Code   RO         3444    .ARM.Collect$$libinit$$0000000A  c_w.l(libinit2.o)
    0x000001c8   0x000001c8   0x00000000   Code   RO         3446    .ARM.Collect$$libinit$$0000000C  c_w.l(libinit2.o)
    0x000001c8   0x000001c8   0x00000000   Code   RO         3448    .ARM.Collect$$libinit$$0000000E  c_w.l(libinit2.o)
    0x000001c8   0x000001c8   0x00000000   Code   RO         3451    .ARM.Collect$$libinit$$00000011  c_w.l(libinit2.o)
    0x000001c8   0x000001c8   0x00000000   Code   RO         3453    .ARM.Collect$$libinit$$00000013  c_w.l(libinit2.o)
    0x000001c8   0x000001c8   0x00000000   Code   RO         3455    .ARM.Collect$$libinit$$00000015  c_w.l(libinit2.o)
    0x000001c8   0x000001c8   0x00000000   Code   RO         3457    .ARM.Collect$$libinit$$00000017  c_w.l(libinit2.o)
    0x000001c8   0x000001c8   0x00000000   Code   RO         3459    .ARM.Collect$$libinit$$00000019  c_w.l(libinit2.o)
    0x000001c8   0x000001c8   0x00000000   Code   RO         3461    .ARM.Collect$$libinit$$0000001B  c_w.l(libinit2.o)
    0x000001c8   0x000001c8   0x00000000   Code   RO         3463    .ARM.Collect$$libinit$$0000001D  c_w.l(libinit2.o)
    0x000001c8   0x000001c8   0x00000000   Code   RO         3465    .ARM.Collect$$libinit$$0000001F  c_w.l(libinit2.o)
    0x000001c8   0x000001c8   0x00000000   Code   RO         3467    .ARM.Collect$$libinit$$00000021  c_w.l(libinit2.o)
    0x000001c8   0x000001c8   0x00000000   Code   RO         3469    .ARM.Collect$$libinit$$00000023  c_w.l(libinit2.o)
    0x000001c8   0x000001c8   0x00000000   Code   RO         3471    .ARM.Collect$$libinit$$00000025  c_w.l(libinit2.o)
    0x000001c8   0x000001c8   0x00000000   Code   RO         3475    .ARM.Collect$$libinit$$0000002C  c_w.l(libinit2.o)
    0x000001c8   0x000001c8   0x00000000   Code   RO         3477    .ARM.Collect$$libinit$$0000002E  c_w.l(libinit2.o)
    0x000001c8   0x000001c8   0x00000000   Code   RO         3479    .ARM.Collect$$libinit$$00000030  c_w.l(libinit2.o)
    0x000001c8   0x000001c8   0x00000000   Code   RO         3481    .ARM.Collect$$libinit$$00000032  c_w.l(libinit2.o)
    0x000001c8   0x000001c8   0x00000002   Code   RO         3482    .ARM.Collect$$libinit$$00000033  c_w.l(libinit2.o)
    0x000001ca   0x000001ca   0x00000002   Code   RO         3510    .ARM.Collect$$libshutdown$$00000000  c_w.l(libshutdown.o)
    0x000001cc   0x000001cc   0x00000000   Code   RO         3524    .ARM.Collect$$libshutdown$$00000002  c_w.l(libshutdown2.o)
    0x000001cc   0x000001cc   0x00000000   Code   RO         3526    .ARM.Collect$$libshutdown$$00000004  c_w.l(libshutdown2.o)
    0x000001cc   0x000001cc   0x00000000   Code   RO         3528    .ARM.Collect$$libshutdown$$00000006  c_w.l(libshutdown2.o)
    0x000001cc   0x000001cc   0x00000000   Code   RO         3531    .ARM.Collect$$libshutdown$$00000009  c_w.l(libshutdown2.o)
    0x000001cc   0x000001cc   0x00000000   Code   RO         3534    .ARM.Collect$$libshutdown$$0000000C  c_w.l(libshutdown2.o)
    0x000001cc   0x000001cc   0x00000000   Code   RO         3536    .ARM.Collect$$libshutdown$$0000000E  c_w.l(libshutdown2.o)
    0x000001cc   0x000001cc   0x00000000   Code   RO         3539    .ARM.Collect$$libshutdown$$00000011  c_w.l(libshutdown2.o)
    0x000001cc   0x000001cc   0x00000002   Code   RO         3540    .ARM.Collect$$libshutdown$$00000012  c_w.l(libshutdown2.o)
    0x000001ce   0x000001ce   0x00000000   Code   RO         3305    .ARM.Collect$$rtentry$$00000000  c_w.l(__rtentry.o)
    0x000001ce   0x000001ce   0x00000000   Code   RO         3384    .ARM.Collect$$rtentry$$00000002  c_w.l(__rtentry2.o)
    0x000001ce   0x000001ce   0x00000006   Code   RO         3396    .ARM.Collect$$rtentry$$00000004  c_w.l(__rtentry4.o)
    0x000001d4   0x000001d4   0x00000000   Code   RO         3386    .ARM.Collect$$rtentry$$00000009  c_w.l(__rtentry2.o)
    0x000001d4   0x000001d4   0x00000004   Code   RO         3387    .ARM.Collect$$rtentry$$0000000A  c_w.l(__rtentry2.o)
    0x000001d8   0x000001d8   0x00000000   Code   RO         3389    .ARM.Collect$$rtentry$$0000000C  c_w.l(__rtentry2.o)
    0x000001d8   0x000001d8   0x00000008   Code   RO         3390    .ARM.Collect$$rtentry$$0000000D  c_w.l(__rtentry2.o)
    0x000001e0   0x000001e0   0x00000002   Code   RO         3432    .ARM.Collect$$rtexit$$00000000  c_w.l(rtexit.o)
    0x000001e2   0x000001e2   0x00000000   Code   RO         3484    .ARM.Collect$$rtexit$$00000002  c_w.l(rtexit2.o)
    0x000001e2   0x000001e2   0x00000004   Code   RO         3485    .ARM.Collect$$rtexit$$00000003  c_w.l(rtexit2.o)
    0x000001e6   0x000001e6   0x00000006   Code   RO         3486    .ARM.Collect$$rtexit$$00000004  c_w.l(rtexit2.o)
    0x000001ec   0x000001ec   0x00000026   Code   RO         3026    .emb_text           msp432p4xx_driverlib.lib(cpu.o)
    0x00000212   0x00000212   0x00000002   PAD
    0x00000214   0x00000214   0x0000003c   Code   RO         2083    .text               startup_msp432p401r_uvision.o
    0x00000250   0x00000250   0x00000002   Code   RO         3179    .text               c_w.l(use_no_semi_2.o)
    0x00000252   0x00000252   0x00000002   PAD
    0x00000254   0x00000254   0x00000018   Code   RO         3185    .text               c_w.l(noretval__2printf.o)
    0x0000026c   0x0000026c   0x00000058   Code   RO         3196    .text               c_w.l(_printf_hex_int.o)
    0x000002c4   0x000002c4   0x00000138   Code   RO         3226    .text               c_w.l(__printf_flags_wp.o)
    0x000003fc   0x000003fc   0x0000008a   Code   RO         3239    .text               c_w.l(rt_memcpy_v6.o)
    0x00000486   0x00000486   0x00000064   Code   RO         3241    .text               c_w.l(rt_memcpy_w.o)
    0x000004ea   0x000004ea   0x00000006   Code   RO         3247    .text               c_w.l(heapauxi.o)
    0x000004f0   0x000004f0   0x00000002   Code   RO         3303    .text               c_w.l(use_no_semi.o)
    0x000004f2   0x000004f2   0x00000016   Code   RO         3308    .text               c_w.l(_rserrno.o)
    0x00000508   0x00000508   0x000000b2   Code   RO         3310    .text               c_w.l(_printf_intcommon.o)
    0x000005ba   0x000005ba   0x00000002   PAD
    0x000005bc   0x000005bc   0x00000024   Code   RO         3312    .text               c_w.l(_printf_char_file.o)
    0x000005e0   0x000005e0   0x00000008   Code   RO         3405    .text               c_w.l(rt_errno_addr_intlibspace.o)
    0x000005e8   0x000005e8   0x00000030   Code   RO         3407    .text               c_w.l(_printf_char_common.o)
    0x00000618   0x00000618   0x00000008   Code   RO         3409    .text               c_w.l(ferror.o)
    0x00000620   0x00000620   0x00000008   Code   RO         3415    .text               c_w.l(libspace.o)
    0x00000628   0x00000628   0x0000004a   Code   RO         3418    .text               c_w.l(sys_stackheap_outer.o)
    0x00000672   0x00000672   0x00000012   Code   RO         3424    .text               c_w.l(exit.o)
    0x00000684   0x00000684   0x00000034   Code   RO            4    i.Back_Routine      main.o
    0x000006b8   0x000006b8   0x00000024   Code   RO         2142    i.CS_clearInterruptFlag  msp432p4xx_driverlib.lib(cs.o)
    0x000006dc   0x000006dc   0x00000018   Code   RO         2151    i.CS_getACLK        msp432p4xx_driverlib.lib(cs.o)
    0x000006f4   0x000006f4   0x0000010c   Code   RO         2153    i.CS_getDCOFrequency  msp432p4xx_driverlib.lib(cs.o)
    0x00000800   0x00000800   0x00000018   Code   RO         2158    i.CS_getSMCLK       msp432p4xx_driverlib.lib(cs.o)
    0x00000818   0x00000818   0x0000000c   Code   RO         2165    i.CS_setExternalClockSourceFrequency  msp432p4xx_driverlib.lib(cs.o)
    0x00000824   0x00000824   0x00000006   Code   RO         2168    i.CS_startHFXT      msp432p4xx_driverlib.lib(cs.o)
    0x0000082a   0x0000082a   0x00000002   PAD
    0x0000082c   0x0000082c   0x000000a0   Code   RO         2169    i.CS_startHFXTWithTimeout  msp432p4xx_driverlib.lib(cs.o)
    0x000008cc   0x000008cc   0x00000006   Code   RO         2170    i.CS_startLFXT      msp432p4xx_driverlib.lib(cs.o)
    0x000008d2   0x000008d2   0x00000002   PAD
    0x000008d4   0x000008d4   0x000000a0   Code   RO         2171    i.CS_startLFXTWithTimeout  msp432p4xx_driverlib.lib(cs.o)
    0x00000974   0x00000974   0x00000080   Code   RO         1978    i.CTRL_compute_Direction  control.o
    0x000009f4   0x000009f4   0x0000012c   Code   RO         1979    i.CTRL_compute_Position  control.o
    0x00000b20   0x00000b20   0x000000d0   Code   RO         1981    i.CTRL_compute_Speed  control.o
    0x00000bf0   0x00000bf0   0x00000074   Code   RO         1982    i.Car_Go            control.o
    0x00000c64   0x00000c64   0x0000009c   Code   RO         1984    i.Car_Spin          control.o
    0x00000d00   0x00000d00   0x0000002c   Code   RO          255    i.EUSCIA0_IRQHandler  myconfig.o
    0x00000d2c   0x00000d2c   0x0000002c   Code   RO          256    i.EUSCIA2_IRQHandler  myconfig.o
    0x00000d58   0x00000d58   0x00000034   Code   RO          257    i.EUSCIA3_IRQHandler  myconfig.o
    0x00000d8c   0x00000d8c   0x00000084   Code   RO          321    i.Encoder_Scan      bsp_encoder.o
    0x00000e10   0x00000e10   0x00000014   Code   RO         2413    i.GPIO_getInputPinValue  msp432p4xx_driverlib.lib(gpio.o)
    0x00000e24   0x00000e24   0x00000024   Code   RO         2417    i.GPIO_setAsInputPin  msp432p4xx_driverlib.lib(gpio.o)
    0x00000e48   0x00000e48   0x00000020   Code   RO         2420    i.GPIO_setAsOutputPin  msp432p4xx_driverlib.lib(gpio.o)
    0x00000e68   0x00000e68   0x00000014   Code   RO         2425    i.GPIO_setOutputHighOnPin  msp432p4xx_driverlib.lib(gpio.o)
    0x00000e7c   0x00000e7c   0x00000014   Code   RO         2426    i.GPIO_setOutputLowOnPin  msp432p4xx_driverlib.lib(gpio.o)
    0x00000e90   0x00000e90   0x000000ac   Code   RO         2055    i.Get_Data_To_Array  k210.o
    0x00000f3c   0x00000f3c   0x00000010   Code   RO          608    i.I2C_SW_Configuration  oled.o
    0x00000f4c   0x00000f4c   0x00000014   Code   RO          609    i.I2C_Start         oled.o
    0x00000f60   0x00000f60   0x00000014   Code   RO          610    i.I2C_Stop          oled.o
    0x00000f74   0x00000f74   0x00000014   Code   RO          611    i.I2C_WaitAck       oled.o
    0x00000f88   0x00000f88   0x0000003a   Code   RO         1115    i.IIC_Ack           iic.o
    0x00000fc2   0x00000fc2   0x00000026   Code   RO         1116    i.IIC_Init          iic.o
    0x00000fe8   0x00000fe8   0x0000003a   Code   RO         1117    i.IIC_NAck          iic.o
    0x00001022   0x00001022   0x00000056   Code   RO         1118    i.IIC_Read_Byte     iic.o
    0x00001078   0x00001078   0x00000070   Code   RO         1119    i.IIC_Send_Byte     iic.o
    0x000010e8   0x000010e8   0x0000003a   Code   RO         1120    i.IIC_Start         iic.o
    0x00001122   0x00001122   0x0000003a   Code   RO         1121    i.IIC_Stop          iic.o
    0x0000115c   0x0000115c   0x0000004c   Code   RO         1122    i.IIC_Wait_Ack      iic.o
    0x000011a8   0x000011a8   0x0000005c   Code   RO         2556    i.Interrupt_enableInterrupt  msp432p4xx_driverlib.lib(interrupt.o)
    0x00001204   0x00001204   0x0000000e   Code   RO         2557    i.Interrupt_enableMaster  msp432p4xx_driverlib.lib(interrupt.o)
    0x00001212   0x00001212   0x00000002   PAD
    0x00001214   0x00001214   0x00000010   Code   RO          364    i.KEY_Init          key.o
    0x00001224   0x00001224   0x000000c0   Code   RO          367    i.Key_Scan2         key.o
    0x000012e4   0x000012e4   0x0000000c   Code   RO          413    i.LED_B_Off         led.o
    0x000012f0   0x000012f0   0x0000000c   Code   RO          414    i.LED_B_On          led.o
    0x000012fc   0x000012fc   0x0000000c   Code   RO          417    i.LED_G_Off         led.o
    0x00001308   0x00001308   0x0000000c   Code   RO          418    i.LED_G_On          led.o
    0x00001314   0x00001314   0x00000030   Code   RO          420    i.LED_Init          led.o
    0x00001344   0x00001344   0x0000000c   Code   RO          422    i.LED_RED_Off       led.o
    0x00001350   0x00001350   0x0000000c   Code   RO          425    i.LED_R_Off         led.o
    0x0000135c   0x0000135c   0x00000044   Code   RO         1182    i.MPU_Get_Gyroscope  bsp_mpu6050.o
    0x000013a0   0x000013a0   0x00000096   Code   RO         1184    i.MPU_Init          bsp_mpu6050.o
    0x00001436   0x00001436   0x0000003a   Code   RO         1185    i.MPU_Read_Byte     bsp_mpu6050.o
    0x00001470   0x00001470   0x00000062   Code   RO         1186    i.MPU_Read_Len      bsp_mpu6050.o
    0x000014d2   0x000014d2   0x0000000a   Code   RO         1187    i.MPU_Set_Accel_Fsr  bsp_mpu6050.o
    0x000014dc   0x000014dc   0x0000000a   Code   RO         1188    i.MPU_Set_Gyro_Fsr  bsp_mpu6050.o
    0x000014e6   0x000014e6   0x00000030   Code   RO         1189    i.MPU_Set_LPF       bsp_mpu6050.o
    0x00001516   0x00001516   0x0000002c   Code   RO         1190    i.MPU_Set_Rate      bsp_mpu6050.o
    0x00001542   0x00001542   0x0000004a   Code   RO         1191    i.MPU_Write_Byte    bsp_mpu6050.o
    0x0000158c   0x0000158c   0x0000005a   Code   RO         1192    i.MPU_Write_Len     bsp_mpu6050.o
    0x000015e6   0x000015e6   0x00000002   PAD
    0x000015e8   0x000015e8   0x000002b0   Code   RO            5    i.Menudisplay       main.o
    0x00001898   0x00001898   0x00000154   Code   RO          545    i.Motor_Control     bsp_motor.o
    0x000019ec   0x000019ec   0x000000d4   Code   RO          547    i.Motor_Init        bsp_motor.o
    0x00001ac0   0x00001ac0   0x00000174   Code   RO          322    i.Motor_Init_bianmaqi  bsp_encoder.o
    0x00001c34   0x00001c34   0x0000003c   Code   RO          612    i.OLED_Clear        oled.o
    0x00001c70   0x00001c70   0x000000ee   Code   RO          618    i.OLED_Init         oled.o
    0x00001d5e   0x00001d5e   0x00000028   Code   RO          619    i.OLED_Set_Pos      oled.o
    0x00001d86   0x00001d86   0x000000fa   Code   RO          620    i.OLED_ShowBNum     oled.o
    0x00001e80   0x00001e80   0x00000044   Code   RO          621    i.OLED_ShowBin      oled.o
    0x00001ec4   0x00001ec4   0x00000094   Code   RO          622    i.OLED_ShowChar     oled.o
    0x00001f58   0x00001f58   0x00000080   Code   RO          624    i.OLED_ShowNum      oled.o
    0x00001fd8   0x00001fd8   0x0000003c   Code   RO          625    i.OLED_ShowString   oled.o
    0x00002014   0x00002014   0x0000003a   Code   RO          627    i.OLED_WR_Byte      oled.o
    0x0000204e   0x0000204e   0x00000002   PAD
    0x00002050   0x00002050   0x00000058   Code   RO            6    i.PID_Data_Send     main.o
    0x000020a8   0x000020a8   0x00000034   Code   RO         1815    i.PID_param_init    bsp_pid.o
    0x000020dc   0x000020dc   0x00000042   Code   RO         1816    i.PID_realize       bsp_pid.o
    0x0000211e   0x0000211e   0x00000002   PAD
    0x00002120   0x00002120   0x00000148   Code   RO          323    i.PORT4_IRQHandler  bsp_encoder.o
    0x00002268   0x00002268   0x00000010   Code   RO          767    i.Reflectance_Init2  reflectance.o
    0x00002278   0x00002278   0x00000010   Code   RO          770    i.Reflectance_Read2  reflectance.o
    0x00002288   0x00002288   0x00000038   Code   RO          628    i.Send_Byte         oled.o
    0x000022c0   0x000022c0   0x00000068   Code   RO          833    i.Servo_Control2    bsp_servo.o
    0x00002328   0x00002328   0x00000064   Code   RO          834    i.Servo_Init        bsp_servo.o
    0x0000238c   0x0000238c   0x000000a8   Code   RO          548    i.Set_PWM           bsp_motor.o
    0x00002434   0x00002434   0x000000a8   Code   RO          549    i.Set_PWM2          bsp_motor.o
    0x000024dc   0x000024dc   0x00000010   Code   RO         3049    i.SysCtl_A_disableNMISource  msp432p4xx_driverlib.lib(sysctl_a.o)
    0x000024ec   0x000024ec   0x00000010   Code   RO         3054    i.SysCtl_A_enableNMISource  msp432p4xx_driverlib.lib(sysctl_a.o)
    0x000024fc   0x000024fc   0x00000010   Code   RO         3060    i.SysCtl_A_getNMISourceStatus  msp432p4xx_driverlib.lib(sysctl_a.o)
    0x0000250c   0x0000250c   0x00000048   Code   RO         3062    i.SysCtl_A_getTLVInfo  msp432p4xx_driverlib.lib(sysctl_a.o)
    0x00002554   0x00002554   0x000000a0   Code   RO         1048    i.SysInit1          sysinit.o
    0x000025f4   0x000025f4   0x00000060   Code   RO         2091    i.SystemInit        system_msp432p401r.o
    0x00002654   0x00002654   0x00000014   Code   RO          258    i.T32_INT1_IRQHandler  myconfig.o
    0x00002668   0x00002668   0x0000024c   Code   RO          259    i.TA0_0_IRQHandler  myconfig.o
    0x000028b4   0x000028b4   0x000000b0   Code   RO          898    i.TA2_N_IRQHandler  tima.o
    0x00002964   0x00002964   0x00000054   Code   RO          899    i.TimA0_Int_Init    tima.o
    0x000029b8   0x000029b8   0x00000010   Code   RO         2706    i.Timer_A_getCaptureCompareCount  msp432p4xx_driverlib.lib(timer_a.o)
    0x000029c8   0x000029c8   0x00000010   Code   RO         2717    i.Timer_A_setCompareValue  msp432p4xx_driverlib.lib(timer_a.o)
    0x000029d8   0x000029d8   0x00000016   Code   RO         2885    i.UART_enableInterrupt  msp432p4xx_driverlib.lib(uart.o)
    0x000029ee   0x000029ee   0x00000026   Code   RO         2887    i.UART_getEnabledInterruptStatus  msp432p4xx_driverlib.lib(uart.o)
    0x00002a14   0x00002a14   0x00000092   Code   RO         2891    i.UART_initModule   msp432p4xx_driverlib.lib(uart.o)
    0x00002aa6   0x00002aa6   0x00000016   Code   RO         2900    i.UART_transmitData  msp432p4xx_driverlib.lib(uart.o)
    0x00002abc   0x00002abc   0x00000028   Code   RO          948    i.USART_SendCharArr  usart.o
    0x00002ae4   0x00002ae4   0x000000c0   Code   RO         2174    i._CSComputeCLKFrequency  msp432p4xx_driverlib.lib(cs.o)
    0x00002ba4   0x00002ba4   0x00000098   Code   RO         2175    i._CSGetHFXTFrequency  msp432p4xx_driverlib.lib(cs.o)
    0x00002c3c   0x00002c3c   0x00000030   Code   RO         3366    i.__ARM_fpclassify  m_wm.l(fpclassify.o)
    0x00002c6c   0x00002c6c   0x00000004   PAD
    0x00002c70   0x00002c70   0x00000360   Code   RO         3277    i.__hardfp_asin     m_wm.l(asin.o)
    0x00002fd0   0x00002fd0   0x000002d8   Code   RO         3332    i.__hardfp_atan     m_wm.l(atan.o)
    0x000032a8   0x000032a8   0x00000200   Code   RO         3291    i.__hardfp_atan2    m_wm.l(atan2.o)
    0x000034a8   0x000034a8   0x000000f8   Code   RO         3368    i.__kernel_poly     m_wm.l(poly.o)
    0x000035a0   0x000035a0   0x00000014   Code   RO         3347    i.__mathlib_dbl_infnan  m_wm.l(dunder.o)
    0x000035b4   0x000035b4   0x00000014   Code   RO         3348    i.__mathlib_dbl_infnan2  m_wm.l(dunder.o)
    0x000035c8   0x000035c8   0x00000020   Code   RO         3349    i.__mathlib_dbl_invalid  m_wm.l(dunder.o)
    0x000035e8   0x000035e8   0x00000020   Code   RO         3352    i.__mathlib_dbl_underflow  m_wm.l(dunder.o)
    0x00003608   0x00003608   0x0000000e   Code   RO         3224    i._is_digit         c_w.l(__printf_wp.o)
    0x00003616   0x00003616   0x00000002   Code   RO          949    i._sys_exit         usart.o
    0x00003618   0x00003618   0x00000010   Code   RO         3334    i.atan              m_wm.l(atan.o)
    0x00003628   0x00003628   0x00000010   Code   RO         1018    i.bitPosition       baudarte.o
    0x00003638   0x00003638   0x00000012   Code   RO         1884    i.check_sum         protocol.o
    0x0000364a   0x0000364a   0x00000002   PAD
    0x0000364c   0x0000364c   0x0000003c   Code   RO         1271    i.decode_gesture    inv_mpu_dmp_motion_driver.o
    0x00003688   0x00003688   0x00000018   Code   RO         1073    i.delay_ms          delay.o
    0x000036a0   0x000036a0   0x00000016   Code   RO         1074    i.delay_us          delay.o
    0x000036b6   0x000036b6   0x00000002   PAD
    0x000036b8   0x000036b8   0x00000184   Code   RO         1281    i.dmp_read_fifo     inv_mpu_dmp_motion_driver.o
    0x0000383c   0x0000383c   0x00000138   Code   RO         1019    i.eusci_calcBaudDividers  baudarte.o
    0x00003974   0x00003974   0x00000018   Code   RO         3362    i.fabs              m_wm.l(fabs.o)
    0x0000398c   0x0000398c   0x00000014   Code   RO          950    i.fputc             usart.o
    0x000039a0   0x000039a0   0x00000014   Code   RO         1885    i.get_frame_checksum  protocol.o
    0x000039b4   0x000039b4   0x00000016   Code   RO         1886    i.get_frame_len     protocol.o
    0x000039ca   0x000039ca   0x0000000a   Code   RO         1887    i.get_frame_type    protocol.o
    0x000039d4   0x000039d4   0x00000680   Code   RO            7    i.main              main.o
    0x00004054   0x00004054   0x00000006   Code   RO         1481    i.mget_ms           inv_mpu.o
    0x0000405a   0x0000405a   0x00000002   PAD
    0x0000405c   0x0000405c   0x00000164   Code   RO         1483    i.mpu_dmp_get_data  inv_mpu.o
    0x000041c0   0x000041c0   0x000000ac   Code   RO         1506    i.mpu_read_fifo_stream  inv_mpu.o
    0x0000426c   0x0000426c   0x0000016c   Code   RO         1510    i.mpu_reset_fifo    inv_mpu.o
    0x000043d8   0x000043d8   0x00000010   Code   RO          629    i.oled_pow          oled.o
    0x000043e8   0x000043e8   0x00000024   Code   RO         1888    i.protocol_data_recv  protocol.o
    0x0000440c   0x0000440c   0x00000140   Code   RO         1889    i.protocol_frame_parse  protocol.o
    0x0000454c   0x0000454c   0x00000018   Code   RO         1890    i.protocol_init     protocol.o
    0x00004564   0x00004564   0x000001cc   Code   RO         1891    i.receiving_process  protocol.o
    0x00004730   0x00004730   0x00000068   Code   RO         1892    i.recvbuf_find_header  protocol.o
    0x00004798   0x00004798   0x0000001c   Code   RO         1893    i.recvbuf_get_len_to_parse  protocol.o
    0x000047b4   0x000047b4   0x00000038   Code   RO         1894    i.recvbuf_put_data  protocol.o
    0x000047ec   0x000047ec   0x00000058   Code   RO         1895    i.set_computer_value  protocol.o
    0x00004844   0x00004844   0x0000000c   Code   RO          550    i.set_motor_disable  bsp_motor.o
    0x00004850   0x00004850   0x0000000c   Code   RO          551    i.set_motor_enable  bsp_motor.o
    0x0000485c   0x0000485c   0x0000000e   Code   RO         1818    i.set_p_i_d         bsp_pid.o
    0x0000486a   0x0000486a   0x00000006   Code   RO         1819    i.set_pid_target    bsp_pid.o
    0x00004870   0x00004870   0x0000006e   Code   RO         3373    i.sqrt              m_wm.l(sqrt.o)
    0x000048de   0x000048de   0x00000002   PAD
    0x000048e0   0x000048e0   0x00000060   Code   RO          951    i.uart_init         usart.o
    0x00004940   0x00004940   0x00000060   Code   RO          952    i.uart_init0        usart.o
    0x000049a0   0x000049a0   0x00000060   Code   RO          953    i.uart_init2        usart.o
    0x00004a00   0x00004a00   0x00000018   Code   RO         3317    x$fpl$basic         fz_wm.l(basic.o)
    0x00004a18   0x00004a18   0x00000062   Code   RO         3251    x$fpl$d2f           fz_wm.l(d2f.o)
    0x00004a7a   0x00004a7a   0x00000002   PAD
    0x00004a7c   0x00004a7c   0x00000150   Code   RO         3253    x$fpl$dadd          fz_wm.l(daddsub_clz.o)
    0x00004bcc   0x00004bcc   0x00000018   Code   RO         3319    x$fpl$dcmpinf       fz_wm.l(dcmpi.o)
    0x00004be4   0x00004be4   0x000002b0   Code   RO         3260    x$fpl$ddiv          fz_wm.l(ddiv.o)
    0x00004e94   0x00004e94   0x00000078   Code   RO         3321    x$fpl$deqf          fz_wm.l(deqf.o)
    0x00004f0c   0x00004f0c   0x00000078   Code   RO         3269    x$fpl$dleqf         fz_wm.l(dleqf.o)
    0x00004f84   0x00004f84   0x00000154   Code   RO         3271    x$fpl$dmul          fz_wm.l(dmul.o)
    0x000050d8   0x000050d8   0x0000009c   Code   RO         3323    x$fpl$dnaninf       fz_wm.l(dnaninf.o)
    0x00005174   0x00005174   0x0000000c   Code   RO         3325    x$fpl$dretinf       fz_wm.l(dretinf.o)
    0x00005180   0x00005180   0x0000006c   Code   RO         3273    x$fpl$drleqf        fz_wm.l(drleqf.o)
    0x000051ec   0x000051ec   0x00000016   Code   RO         3254    x$fpl$drsb          fz_wm.l(daddsub_clz.o)
    0x00005202   0x00005202   0x00000002   PAD
    0x00005204   0x00005204   0x00000198   Code   RO         3413    x$fpl$dsqrt         fz_wm.l(dsqrt_umaal.o)
    0x0000539c   0x0000539c   0x000001d4   Code   RO         3255    x$fpl$dsub          fz_wm.l(daddsub_clz.o)
    0x00005570   0x00005570   0x00000056   Code   RO         3275    x$fpl$f2d           fz_wm.l(f2d.o)
    0x000055c6   0x000055c6   0x0000008c   Code   RO         3327    x$fpl$fnaninf       fz_wm.l(fnaninf.o)
    0x00005652   0x00005652   0x0000000a   Code   RO         3498    x$fpl$fpinit        fz_wm.l(fpinit.o)
    0x0000565c   0x0000565c   0x0000000a   Code   RO         3329    x$fpl$fretinf       fz_wm.l(fretinf.o)
    0x00005666   0x00005666   0x00000000   Code   RO         3331    x$fpl$usenofp       fz_wm.l(usenofp.o)
    0x00005666   0x00005666   0x0000090a   Data   RO          630    .constdata          oled.o
    0x00005f70   0x00005f70   0x00000078   Data   RO          954    .constdata          usart.o
    0x00005fe8   0x00005fe8   0x0000001b   Data   RO         1527    .constdata          inv_mpu.o
    0x00006003   0x00006003   0x00000001   PAD
    0x00006004   0x00006004   0x0000000c   Data   RO         1528    .constdata          inv_mpu.o
    0x00006010   0x00006010   0x00000028   Data   RO         1529    .constdata          inv_mpu.o
    0x00006038   0x00006038   0x0000004c   Data   RO         2429    .constdata          msp432p4xx_driverlib.lib(gpio.o)
    0x00006084   0x00006084   0x00000090   Data   RO         2572    .constdata          msp432p4xx_driverlib.lib(interrupt.o)
    0x00006114   0x00006114   0x00000028   Data   RO         3197    .constdata          c_w.l(_printf_hex_int.o)
    0x0000613c   0x0000613c   0x00000011   Data   RO         3227    .constdata          c_w.l(__printf_flags_wp.o)
    0x0000614d   0x0000614d   0x00000003   PAD
    0x00006150   0x00006150   0x00000050   Data   RO         3280    .constdata          m_wm.l(asin.o)
    0x000061a0   0x000061a0   0x00000098   Data   RO         3335    .constdata          m_wm.l(atan.o)
    0x00006238   0x00006238   0x00000008   Data   RO         3370    .constdata          m_wm.l(qnan.o)
    0x00006240   0x00006240   0x00000020   Data   RO         3558    Region$$Table       anon$$obj.o


    Execution Region RW_IRAM1 (Exec base: 0x20000000, Load base: 0x00006260, Size: 0x000005a0, Max: 0x00010000, ABSOLUTE)

    Exec Addr    Load Addr    Size         Type   Attr      Idx    E Section Name        Object

    0x20000000   0x00006260   0x00000009   Data   RW            8    .data               main.o
    0x20000009   0x00006269   0x00000001   Data   RW          265    .data               myconfig.o
    0x2000000a   0x0000626a   0x00000002   PAD
    0x2000000c   0x0000626c   0x00000014   Data   RW          266    .data               myconfig.o
    0x20000020   0x00006280   0x00000001   Data   RW          552    .data               bsp_motor.o
    0x20000021   0x00006281   0x00000001   PAD
    0x20000022   0x00006282   0x00000004   Data   RW          903    .data               tima.o
    0x20000026   0x00006286   0x00000002   PAD
    0x20000028   0x00006288   0x00000004   Data   RW          955    .data               usart.o
    0x2000002c   0x0000628c   0x00000035   Data   RW         1531    .data               inv_mpu.o
    0x20000061   0x000062c1   0x00000003   PAD
    0x20000064   0x000062c4   0x0000000c   Data   RW         2057    .data               k210.o
    0x20000070   0x000062d0   0x00000008   Data   RW         2176    .data               msp432p4xx_driverlib.lib(cs.o)
    0x20000078        -       0x00000030   Zero   RW          260    .bss                myconfig.o
    0x200000a8        -       0x00000040   Zero   RW          324    .bss                bsp_encoder.o
    0x200000e8        -       0x00000010   Zero   RW          368    .bss                key.o
    0x200000f8        -       0x00000010   Zero   RW         1299    .bss                inv_mpu_dmp_motion_driver.o
    0x20000108        -       0x00000028   Zero   RW         1820    .bss                bsp_pid.o
    0x20000130        -       0x00000028   Zero   RW         1821    .bss                bsp_pid.o
    0x20000158        -       0x00000028   Zero   RW         1822    .bss                bsp_pid.o
    0x20000180        -       0x00000028   Zero   RW         1823    .bss                bsp_pid.o
    0x200001a8        -       0x00000028   Zero   RW         1824    .bss                bsp_pid.o
    0x200001d0        -       0x00000028   Zero   RW         1825    .bss                bsp_pid.o
    0x200001f8        -       0x00000028   Zero   RW         1826    .bss                bsp_pid.o
    0x20000220        -       0x00000028   Zero   RW         1827    .bss                bsp_pid.o
    0x20000248        -       0x00000028   Zero   RW         1828    .bss                bsp_pid.o
    0x20000270        -       0x00000028   Zero   RW         1829    .bss                bsp_pid.o
    0x20000298        -       0x00000098   Zero   RW         1896    .bss                protocol.o
    0x20000330        -       0x0000000c   Zero   RW         2056    .bss                k210.o
    0x2000033c        -       0x00000060   Zero   RW         3416    .bss                c_w.l(libspace.o)
    0x2000039c   0x000062d8   0x00000004   PAD
    0x200003a0        -       0x00000000   Zero   RW         2081    HEAP                startup_msp432p401r_uvision.o
    0x200003a0        -       0x00000200   Zero   RW         2080    STACK               startup_msp432p401r_uvision.o



  Load Region LR_IROM2 (Base: 0x00200000, Size: 0x00000000, Max: 0x00004000, ABSOLUTE)

    Execution Region ER_IROM2 (Exec base: 0x00200000, Load base: 0x00200000, Size: 0x00000000, Max: 0x00004000, ABSOLUTE)

    **** No section assigned to this execution region ****


==============================================================================

Image component sizes


      Code (inc. data)   RO Data    RW Data    ZI Data      Debug   Object Name

       328         16          0          0          0       2311   baudarte.o
       832         36          0          0         64       4357   bsp_encoder.o
       912        134          0          1          0       4881   bsp_motor.o
       650          0          0          0          0       7663   bsp_mpu6050.o
       138          6          0          0        400       4334   bsp_pid.o
       204         22          0          0          0       1290   bsp_servo.o
       908        164          0          0          0       3486   control.o
        46          0          0          0          0       1134   delay.o
       544          0          0          0          0       4850   iic.o
       898         22         79         53          0       8415   inv_mpu.o
       448          8          0          0         16       7820   inv_mpu_dmp_motion_driver.o
       172         20          0         12         12       1202   k210.o
       208         12          0          0         16       2786   key.o
       120         28          0          0          0       3471   led.o
      2492        232          0          9          0      19660   main.o
       748         98          0         21         48       5839   myconfig.o
      1198         38       2314          0          0      11500   oled.o
      1186         52          0          0        152      11831   protocol.o
        32         12          0          0          0       1136   reflectance.o
        60         22        324          0        512        960   startup_msp432p401r_uvision.o
       160         14          0          0          0        587   sysinit.o
        96         20          0          0          0        577   system_msp432p401r.o
       260         24          0          4          0       1634   tima.o
       350         52        120          4          0       6148   usart.o

    ----------------------------------------------------------------------
     13002       1032       2870        112       1220     117872   Object Totals
         0          0         32          0          0          0   (incl. Generated)
        12          0          1          8          0          0   (incl. Padding)

    ----------------------------------------------------------------------

      Code (inc. data)   RO Data    RW Data    ZI Data      Debug   Library Member Name

         8          0          0          0          0         68   __main.o
       312          4         17          0          0         92   __printf_flags_wp.o
        14          0          0          0          0         68   __printf_wp.o
         0          0          0          0          0          0   __rtentry.o
        12          0          0          0          0          0   __rtentry2.o
         6          0          0          0          0          0   __rtentry4.o
        52          8          0          0          0          0   __scatter.o
        26          0          0          0          0          0   __scatter_copy.o
        28          0          0          0          0          0   __scatter_zi.o
        48          6          0          0          0         96   _printf_char_common.o
        36          4          0          0          0         80   _printf_char_file.o
        88          4         40          0          0         88   _printf_hex_int.o
       178          0          0          0          0         88   _printf_intcommon.o
         0          0          0          0          0          0   _printf_percent.o
         4          0          0          0          0          0   _printf_percent_end.o
         6          0          0          0          0          0   _printf_x.o
        22          0          0          0          0        100   _rserrno.o
        18          0          0          0          0         80   exit.o
         8          0          0          0          0         68   ferror.o
         6          0          0          0          0        152   heapauxi.o
         2          0          0          0          0          0   libinit.o
         6          0          0          0          0          0   libinit2.o
         2          0          0          0          0          0   libshutdown.o
         2          0          0          0          0          0   libshutdown2.o
         8          4          0          0         96         68   libspace.o
        24          4          0          0          0         84   noretval__2printf.o
         8          4          0          0          0         68   rt_errno_addr_intlibspace.o
       138          0          0          0          0         68   rt_memcpy_v6.o
       100          0          0          0          0         80   rt_memcpy_w.o
         2          0          0          0          0          0   rtexit.o
        10          0          0          0          0          0   rtexit2.o
        74          0          0          0          0         80   sys_stackheap_outer.o
         2          0          0          0          0         68   use_no_semi.o
         2          0          0          0          0         68   use_no_semi_2.o
        24          0          0          0          0        164   basic.o
        98          4          0          0          0        140   d2f.o
       826         16          0          0          0        492   daddsub_clz.o
        24          0          0          0          0        116   dcmpi.o
       688        140          0          0          0        256   ddiv.o
       120          4          0          0          0        140   deqf.o
       120          4          0          0          0        140   dleqf.o
       340         12          0          0          0        152   dmul.o
       156          4          0          0          0        140   dnaninf.o
        12          0          0          0          0        116   dretinf.o
       108          0          0          0          0        128   drleqf.o
       408         56          0          0          0        168   dsqrt_umaal.o
        86          4          0          0          0        132   f2d.o
       140          4          0          0          0        132   fnaninf.o
        10          0          0          0          0        116   fpinit.o
        10          0          0          0          0        116   fretinf.o
         0          0          0          0          0          0   usenofp.o
       864         94         80          0          0        280   asin.o
       744        106        152          0          0        352   atan.o
       512         64          0          0          0        208   atan2.o
       104         16          0          0          0        496   dunder.o
        24          0          0          0          0        124   fabs.o
        48          0          0          0          0        124   fpclassify.o
       248          0          0          0          0        152   poly.o
         0          0          8          0          0          0   qnan.o
       110          0          0          0          0        148   sqrt.o
        38          0          0          0          0        676   cpu.o
      1040        166          0          8          0      16000   cs.o
       128         26         76          0          0       4516   gpio.o
       106          8        144          0          0       2381   interrupt.o
       120         26          0          0          0       3378   sysctl_a.o
        32          0          0          0          0       1447   timer_a.o
       228          0          0          0          0       7376   uart.o

    ----------------------------------------------------------------------
      8792        792        520          8        100      41870   Library Totals
        24          0          3          0          4          0   (incl. Padding)

    ----------------------------------------------------------------------

      Code (inc. data)   RO Data    RW Data    ZI Data      Debug   Library Name

      1252         38         57          0         96       1564   c_w.l
      3170        248          0          0          0       2648   fz_wm.l
      2654        280        240          0          0       1884   m_wm.l
      1692        226        220          8          0      35774   msp432p4xx_driverlib.lib

    ----------------------------------------------------------------------
      8792        792        520          8        100      41870   Library Totals

    ----------------------------------------------------------------------

==============================================================================


      Code (inc. data)   RO Data    RW Data    ZI Data      Debug   

     21794       1824       3390        120       1320     143762   Grand Totals
     21794       1824       3390        120       1320     143762   ELF Image Totals
     21794       1824       3390        120          0          0   ROM Totals

==============================================================================

    Total RO  Size (Code + RO Data)                25184 (  24.59kB)
    Total RW  Size (RW Data + ZI Data)              1440 (   1.41kB)
    Total ROM Size (Code + RO Data + RW Data)      25304 (  24.71kB)

==============================================================================

