Component: ARM Compiler 5.06 update 1 (build 61) Tool: armlink [4d35a8]

==============================================================================

Section Cross References

    main.o(i.Menudisplay) refers to oled.o(i.OLED_Clear) for OLED_Clear
    main.o(i.Menudisplay) refers to bsp_mpu6050.o(i.MPU_Get_Gyroscope) for MPU_Get_Gyroscope
    main.o(i.Menudisplay) refers to inv_mpu.o(i.mpu_dmp_get_data) for mpu_dmp_get_data
    main.o(i.Menudisplay) refers to oled.o(i.OLED_ShowString) for OLED_ShowString
    main.o(i.Menudisplay) refers to oled.o(i.OLED_ShowBNum) for OLED_ShowBNum
    main.o(i.Menudisplay) refers to main.o(.data) for .data
    main.o(i.Menudisplay) refers to key.o(.bss) for Keys
    main.o(i.Menudisplay) refers to bsp_encoder.o(.bss) for Encoder
    main.o(i.main) refers to sysinit.o(i.SysInit) for SysInit
    main.o(i.main) refers to key.o(i.KEY_Init) for KEY_Init
    main.o(i.main) refers to led.o(i.LED_Init) for LED_Init
    main.o(i.main) refers to oled.o(i.OLED_Init) for OLED_Init
    main.o(i.main) refers to reflectance.o(i.Reflectance_Init2) for Reflectance_Init2
    main.o(i.main) refers to tima.o(i.TimA0_Int_Init) for TimA0_Int_Init
    main.o(i.main) refers to bsp_servo.o(i.Servo_Init) for Servo_Init
    main.o(i.main) refers to bsp_motor.o(i.Motor_Init) for Motor_Init
    main.o(i.main) refers to bsp_encoder.o(i.Motor_Init_bianmaqi) for Motor_Init_bianmaqi
    main.o(i.main) refers to bsp_mpu6050.o(i.MPU_Init) for MPU_Init
    main.o(i.main) refers to inv_mpu.o(i.mpu_dmp_init) for mpu_dmp_init
    main.o(i.main) refers to pid.o(i.PID1_Param_Init) for PID1_Param_Init
    main.o(i.main) refers to pid.o(i.PID1_Param_Input) for PID1_Param_Input
    main.o(i.main) refers to pid.o(i.PID2_Param_Init) for PID2_Param_Init
    main.o(i.main) refers to pid.o(i.PID2_Param_Input) for PID2_Param_Input
    main.o(i.main) refers to reflectance.o(i.Reflectance_Read2) for Reflectance_Read2
    main.o(i.main) refers to main.o(i.Menudisplay) for Menudisplay
    main.o(i.main) refers to pid.o(.bss) for PID1_Position
    main.o(i.main) refers to pid.o(.bss) for PID2_Velocity
    main.o(i.main) refers to myconfig.o(.data) for Reflectance_Data
    myconfig.o(i.TA0_0_IRQHandler) refers to key.o(i.Key_Scan2) for Key_Scan2
    myconfig.o(i.TA0_0_IRQHandler) refers to bsp_encoder.o(i.Encoder_Scan) for Encoder_Scan
    myconfig.o(i.TA0_0_IRQHandler) refers to myconfig.o(.data) for .data
    bsp_encoder.o(i.Encoder_Scan) refers to bsp_encoder.o(.bss) for .bss
    bsp_encoder.o(i.PORT4_IRQHandler) refers to bsp_encoder.o(.bss) for .bss
    key.o(i.KEY_Scan) refers to key.o(.data) for .data
    key.o(i.Key_Scan) refers to key.o(.data) for .data
    key.o(i.Key_Scan2) refers to key.o(.bss) for .bss
    led.o(i.LED_C_On) refers to led.o(i.LED_R_Off) for LED_R_Off
    led.o(i.LED_C_On) refers to led.o(i.LED_G_On) for LED_G_On
    led.o(i.LED_C_On) refers to led.o(i.LED_B_On) for LED_B_On
    led.o(i.LED_Init) refers to led.o(i.LED_RED_Off) for LED_RED_Off
    led.o(i.LED_Init) refers to led.o(i.LED_R_Off) for LED_R_Off
    led.o(i.LED_Init) refers to led.o(i.LED_G_Off) for LED_G_Off
    led.o(i.LED_Init) refers to led.o(i.LED_B_Off) for LED_B_Off
    led.o(i.LED_P_On) refers to led.o(i.LED_R_On) for LED_R_On
    led.o(i.LED_P_On) refers to led.o(i.LED_G_Off) for LED_G_Off
    led.o(i.LED_P_On) refers to led.o(i.LED_B_On) for LED_B_On
    led.o(i.LED_W_Off) refers to led.o(i.LED_R_Off) for LED_R_Off
    led.o(i.LED_W_Off) refers to led.o(i.LED_G_Off) for LED_G_Off
    led.o(i.LED_W_Off) refers to led.o(i.LED_B_Off) for LED_B_Off
    led.o(i.LED_W_On) refers to led.o(i.LED_R_On) for LED_R_On
    led.o(i.LED_W_On) refers to led.o(i.LED_G_On) for LED_G_On
    led.o(i.LED_W_On) refers to led.o(i.LED_B_On) for LED_B_On
    led.o(i.LED_W_Tog) refers to led.o(i.LED_R_Tog) for LED_R_Tog
    led.o(i.LED_W_Tog) refers to led.o(i.LED_G_Tog) for LED_G_Tog
    led.o(i.LED_W_Tog) refers to led.o(i.LED_B_Tog) for LED_B_Tog
    led.o(i.LED_Y_On) refers to led.o(i.LED_R_On) for LED_R_On
    led.o(i.LED_Y_On) refers to led.o(i.LED_G_On) for LED_G_On
    led.o(i.LED_Y_On) refers to led.o(i.LED_B_Off) for LED_B_Off
    bsp_motor.o(i.Motor_Control) refers to timer_a.o(i.Timer_A_setCompareValue) for Timer_A_setCompareValue
    bsp_motor.o(i.Set_PWM) refers to bsp_motor.o(i.Motor_Control) for Motor_Control
    oled.o(i.OLED_Clear) refers to oled.o(i.OLED_WR_Byte) for OLED_WR_Byte
    oled.o(i.OLED_ColorTurn) refers to oled.o(i.OLED_WR_Byte) for OLED_WR_Byte
    oled.o(i.OLED_DisplayTurn) refers to oled.o(i.OLED_WR_Byte) for OLED_WR_Byte
    oled.o(i.OLED_Display_Off) refers to oled.o(i.OLED_WR_Byte) for OLED_WR_Byte
    oled.o(i.OLED_Display_On) refers to oled.o(i.OLED_WR_Byte) for OLED_WR_Byte
    oled.o(i.OLED_DrawBMP) refers to oled.o(i.OLED_Set_Pos) for OLED_Set_Pos
    oled.o(i.OLED_DrawBMP) refers to oled.o(i.OLED_WR_Byte) for OLED_WR_Byte
    oled.o(i.OLED_Init) refers to oled.o(i.I2C_SW_Configuration) for I2C_SW_Configuration
[...]
    i.OLED_ShowChar                          0x000015b0   Section        0  oled.o(i.OLED_ShowChar)
    i.OLED_ShowString                        0x00001644   Section        0  oled.o(i.OLED_ShowString)
    i.OLED_WR_Byte                           0x00001680   Section        0  oled.o(i.OLED_WR_Byte)
    i.PID1_Param_Init                        0x000016bc   Section        0  pid.o(i.PID1_Param_Init)
    i.PID1_Param_Input                       0x0000171c   Section        0  pid.o(i.PID1_Param_Input)
    i.PID2_Param_Init                        0x0000172c   Section        0  pid.o(i.PID2_Param_Init)
    i.PID2_Param_Input                       0x0000178c   Section        0  pid.o(i.PID2_Param_Input)
    i.PORT4_IRQHandler                       0x0000179c   Section        0  bsp_encoder.o(i.PORT4_IRQHandler)
    i.Reflectance_Init2                      0x000018e4   Section        0  reflectance.o(i.Reflectance_Init2)
    i.Reflectance_Read2                      0x000018f4   Section        0  reflectance.o(i.Reflectance_Read2)
    i.Send_Byte                              0x00001904   Section        0  oled.o(i.Send_Byte)
    i.Servo_Init                             0x0000193c   Section        0  bsp_servo.o(i.Servo_Init)
    i.SysCtl_A_disableNMISource              0x000019a0   Section        0  sysctl_a.o(i.SysCtl_A_disableNMISource)
    i.SysCtl_A_enableNMISource               0x000019b0   Section        0  sysctl_a.o(i.SysCtl_A_enableNMISource)
    i.SysCtl_A_getNMISourceStatus            0x000019c0   Section        0  sysctl_a.o(i.SysCtl_A_getNMISourceStatus)
    i.SysInit                                0x000019d0   Section        0  sysinit.o(i.SysInit)
    i.SystemInit                             0x00001a70   Section        0  system_msp432p401r.o(i.SystemInit)
    i.T32_INT1_IRQHandler                    0x00001ad0   Section        0  tim32.o(i.T32_INT1_IRQHandler)
    i.T32_INT2_IRQHandler                    0x00001ae4   Section        0  myconfig.o(i.T32_INT2_IRQHandler)
    i.TA0_0_IRQHandler                       0x00001af8   Section        0  myconfig.o(i.TA0_0_IRQHandler)
    i.TA2_N_IRQHandler                       0x00001b3c   Section        0  tima.o(i.TA2_N_IRQHandler)
    i.TimA0_Int_Init                         0x00001bec   Section        0  tima.o(i.TimA0_Int_Init)
    i.Timer_A_getCaptureCompareCount         0x00001c40   Section        0  timer_a.o(i.Timer_A_getCaptureCompareCount)
    i.UART_transmitData                      0x00001c50   Section        0  uart.o(i.UART_transmitData)
    i._CSGetHFXTFrequency                    0x00001c68   Section        0  cs.o(i._CSGetHFXTFrequency)
    _CSGetHFXTFrequency                      0x00001c69   Thumb Code   106  cs.o(i._CSGetHFXTFrequency)
    i.__ARM_fpclassify                       0x00001d00   Section        0  fpclassify.o(i.__ARM_fpclassify)
    i.__hardfp_asin                          0x00001d30   Section        0  asin.o(i.__hardfp_asin)
    i.__hardfp_atan                          0x00002090   Section        0  atan.o(i.__hardfp_atan)
    i.__hardfp_atan2                         0x00002368   Section        0  atan2.o(i.__hardfp_atan2)
    i.__kernel_poly                          0x00002558   Section        0  poly.o(i.__kernel_poly)
    i.__mathlib_dbl_infnan                   0x00002650   Section        0  dunder.o(i.__mathlib_dbl_infnan)
    i.__mathlib_dbl_infnan2                  0x00002664   Section        0  dunder.o(i.__mathlib_dbl_infnan2)
    i.__mathlib_dbl_invalid                  0x00002678   Section        0  dunder.o(i.__mathlib_dbl_invalid)
    i.__mathlib_dbl_underflow                0x00002698   Section        0  dunder.o(i.__mathlib_dbl_underflow)
    i._is_digit                              0x000026b8   Section        0  __printf_wp.o(i._is_digit)
    i._sys_exit                              0x000026c6   Section        0  usart.o(i._sys_exit)
    i.accel_self_test                        0x000026c8   Section        0  inv_mpu.o(i.accel_self_test)
    accel_self_test                          0x000026c9   Thumb Code   132  inv_mpu.o(i.accel_self_test)
    i.atan                                   0x0000275c   Section        0  atan.o(i.atan)
    i.decode_gesture                         0x0000276c   Section        0  inv_mpu_dmp_motion_driver.o(i.decode_gesture)
    decode_gesture                           0x0000276d   Thumb Code    56  inv_mpu_dmp_motion_driver.o(i.decode_gesture)
    i.delay_ms                               0x000027a8   Section        0  delay.o(i.delay_ms)
    i.delay_us                               0x000027c0   Section        0  delay.o(i.delay_us)
    i.dmp_enable_6x_lp_quat                  0x000027d6   Section        0  inv_mpu_dmp_motion_driver.o(i.dmp_enable_6x_lp_quat)
    i.dmp_enable_feature                     0x00002814   Section        0  inv_mpu_dmp_motion_driver.o(i.dmp_enable_feature)
    i.dmp_enable_gyro_cal                    0x00002a00   Section        0  inv_mpu_dmp_motion_driver.o(i.dmp_enable_gyro_cal)
    i.dmp_enable_lp_quat                     0x00002a58   Section        0  inv_mpu_dmp_motion_driver.o(i.dmp_enable_lp_quat)
    i.dmp_load_motion_driver_firmware        0x00002a94   Section        0  inv_mpu_dmp_motion_driver.o(i.dmp_load_motion_driver_firmware)
    i.dmp_read_fifo                          0x00002aa8   Section        0  inv_mpu_dmp_motion_driver.o(i.dmp_read_fifo)
    i.dmp_set_accel_bias                     0x00002c2c   Section        0  inv_mpu_dmp_motion_driver.o(i.dmp_set_accel_bias)
    i.dmp_set_fifo_rate                      0x00002d38   Section        0  inv_mpu_dmp_motion_driver.o(i.dmp_set_fifo_rate)
    i.dmp_set_gyro_bias                      0x00002da8   Section        0  inv_mpu_dmp_motion_driver.o(i.dmp_set_gyro_bias)
    i.dmp_set_orientation                    0x00002eb0   Section        0  inv_mpu_dmp_motion_driver.o(i.dmp_set_orientation)
    i.dmp_set_shake_reject_thresh            0x00002fc8   Section        0  inv_mpu_dmp_motion_driver.o(i.dmp_set_shake_reject_thresh)
    i.dmp_set_shake_reject_time              0x00002ff8   Section        0  inv_mpu_dmp_motion_driver.o(i.dmp_set_shake_reject_time)
    i.dmp_set_shake_reject_timeout           0x00003018   Section        0  inv_mpu_dmp_motion_driver.o(i.dmp_set_shake_reject_timeout)
    i.dmp_set_tap_axes                       0x00003038   Section        0  inv_mpu_dmp_motion_driver.o(i.dmp_set_tap_axes)
    i.dmp_set_tap_count                      0x00003070   Section        0  inv_mpu_dmp_motion_driver.o(i.dmp_set_tap_count)
    i.dmp_set_tap_thresh                     0x00003094   Section        0  inv_mpu_dmp_motion_driver.o(i.dmp_set_tap_thresh)
    i.dmp_set_tap_time                       0x00003230   Section        0  inv_mpu_dmp_motion_driver.o(i.dmp_set_tap_time)
    i.dmp_set_tap_time_multi                 0x00003250   Section        0  inv_mpu_dmp_motion_driver.o(i.dmp_set_tap_time_multi)
    i.fabs                                   0x00003270   Section        0  fabs.o(i.fabs)
    i.fputc                                  0x00003288   Section        0  usart.o(i.fputc)
    i.get_accel_prod_shift                   0x0000329c   Section        0  inv_mpu.o(i.get_accel_prod_shift)
    get_accel_prod_shift                     0x0000329d   Thumb Code   166  inv_mpu.o(i.get_accel_prod_shift)
    i.get_st_biases                          0x00003354   Section        0  inv_mpu.o(i.get_st_biases)
    get_st_biases                            0x00003355   Thumb Code   980  inv_mpu.o(i.get_st_biases)
    i.gyro_self_test                         0x0000372c   Section        0  inv_mpu.o(i.gyro_self_test)
    gyro_self_test                           0x0000372d   Thumb Code   196  inv_mpu.o(i.gyro_self_test)
    i.inv_orientation_matrix_to_scalar       0x00003804   Section        0  inv_mpu.o(i.inv_orientation_matrix_to_scalar)
    i.inv_row_2_scale                        0x00003828   Section        0  inv_mpu.o(i.inv_row_2_scale)
    i.main                                   0x00003870   Section        0  main.o(i.main)
    i.mget_ms                                0x000038f8   Section        0  inv_mpu.o(i.mget_ms)
    i.mpu_configure_fifo                     0x00003900   Section        0  inv_mpu.o(i.mpu_configure_fifo)
    i.mpu_dmp_get_data                       0x00003960   Section        0  inv_mpu.o(i.mpu_dmp_get_data)
    i.mpu_dmp_init                           0x00003ac4   Section        0  inv_mpu.o(i.mpu_dmp_init)
    i.mpu_get_accel_fsr                      0x00003b50   Section        0  inv_mpu.o(i.mpu_get_accel_fsr)
    i.mpu_get_accel_sens                     0x00003b94   Section        0  inv_mpu.o(i.mpu_get_accel_sens)
    i.mpu_get_fifo_config                    0x00003be0   Section        0  inv_mpu.o(i.mpu_get_fifo_config)
    i.mpu_get_gyro_fsr                       0x00003bf0   Section        0  inv_mpu.o(i.mpu_get_gyro_fsr)
    i.mpu_get_gyro_sens                      0x00003c30   Section        0  inv_mpu.o(i.mpu_get_gyro_sens)
    i.mpu_get_lpf                            0x00003c88   Section        0  inv_mpu.o(i.mpu_get_lpf)
    i.mpu_get_sample_rate                    0x00003ccc   Section        0  inv_mpu.o(i.mpu_get_sample_rate)
    i.mpu_load_firmware                      0x00003ce8   Section        0  inv_mpu.o(i.mpu_load_firmware)
    i.mpu_lp_accel_mode                      0x00003d9c   Section        0  inv_mpu.o(i.mpu_lp_accel_mode)
    i.mpu_read_fifo_stream                   0x00003e6c   Section        0  inv_mpu.o(i.mpu_read_fifo_stream)
    i.mpu_read_mem                           0x00003f18   Section        0  inv_mpu.o(i.mpu_read_mem)
    i.mpu_reset_fifo                         0x00003f88   Section        0  inv_mpu.o(i.mpu_reset_fifo)
    i.mpu_run_self_test                      0x000040f4   Section        0  inv_mpu.o(i.mpu_run_self_test)
    i.mpu_set_accel_fsr                      0x000041ec   Section        0  inv_mpu.o(i.mpu_set_accel_fsr)
    i.mpu_set_bypass                         0x00004260   Section        0  inv_mpu.o(i.mpu_set_bypass)
    i.mpu_set_dmp_state                      0x00004378   Section        0  inv_mpu.o(i.mpu_set_dmp_state)
    i.mpu_set_gyro_fsr                       0x000043f4   Section        0  inv_mpu.o(i.mpu_set_gyro_fsr)
    i.mpu_set_int_latched                    0x0000446c   Section        0  inv_mpu.o(i.mpu_set_int_latched)
    i.mpu_set_lpf                            0x000044cc   Section        0  inv_mpu.o(i.mpu_set_lpf)
    i.mpu_set_sample_rate                    0x00004548   Section        0  inv_mpu.o(i.mpu_set_sample_rate)
    i.mpu_set_sensors                        0x000045cc   Section        0  inv_mpu.o(i.mpu_set_sensors)
    i.mpu_write_mem                          0x0000467c   Section        0  inv_mpu.o(i.mpu_write_mem)
    i.oled_pow                               0x000046ec   Section        0  oled.o(i.oled_pow)
    i.run_self_test                          0x000046fc   Section        0  inv_mpu.o(i.run_self_test)
    i.set_int_enable                         0x00004784   Section        0  inv_mpu.o(i.set_int_enable)
    set_int_enable                           0x00004785   Thumb Code   112  inv_mpu.o(i.set_int_enable)
    i.sqrt                                   0x000047f8   Section        0  sqrt.o(i.sqrt)
    x$fpl$basic                              0x00004866   Section       24  basic.o(x$fpl$basic)
    $v0                                      0x00004866   Number         0  basic.o(x$fpl$basic)
    x$fpl$d2f                                0x00004880   Section       98  d2f.o(x$fpl$d2f)
    $v0                                      0x00004880   Number         0  d2f.o(x$fpl$d2f)
    x$fpl$dadd                               0x000048e4   Section      336  daddsub_clz.o(x$fpl$dadd)
    $v0                                      0x000048e4   Number         0  daddsub_clz.o(x$fpl$dadd)
    _dadd1                                   0x000048f5   Thumb Code     0  daddsub_clz.o(x$fpl$dadd)
    x$fpl$ddiv                               0x00004a34   Section      688  ddiv.o(x$fpl$ddiv)
    $v0                                      0x00004a34   Number         0  ddiv.o(x$fpl$ddiv)
    ddiv_entry                               0x00004a3b   Thumb Code     0  ddiv.o(x$fpl$ddiv)
    x$fpl$dmul                               0x00004ce4   Section      340  dmul.o(x$fpl$dmul)
    $v0                                      0x00004ce4   Number         0  dmul.o(x$fpl$dmul)
    x$fpl$dnaninf                            0x00004e38   Section      156  dnaninf.o(x$fpl$dnaninf)
    $v0                                      0x00004e38   Number         0  dnaninf.o(x$fpl$dnaninf)
    x$fpl$dretinf                            0x00004ed4   Section       12  dretinf.o(x$fpl$dretinf)
    $v0                                      0x00004ed4   Number         0  dretinf.o(x$fpl$dretinf)
    x$fpl$drsb                               0x00004ee0   Section       22  daddsub_clz.o(x$fpl$drsb)
    $v0                                      0x00004ee0   Number         0  daddsub_clz.o(x$fpl$drsb)
    x$fpl$dsqrt                              0x00004ef8   Section      408  dsqrt_umaal.o(x$fpl$dsqrt)
    $v0                                      0x00004ef8   Number         0  dsqrt_umaal.o(x$fpl$dsqrt)
    x$fpl$dsub                               0x00005090   Section      468  daddsub_clz.o(x$fpl$dsub)
    $v0                                      0x00005090   Number         0  daddsub_clz.o(x$fpl$dsub)
    _dsub1                                   0x000050a1   Thumb Code     0  daddsub_clz.o(x$fpl$dsub)
    x$fpl$f2d                                0x00005264   Section       86  f2d.o(x$fpl$f2d)
    $v0                                      0x00005264   Number         0  f2d.o(x$fpl$f2d)
    x$fpl$fnaninf                            0x000052ba   Section      140  fnaninf.o(x$fpl$fnaninf)
    $v0                                      0x000052ba   Number         0  fnaninf.o(x$fpl$fnaninf)
    x$fpl$fpinit                             0x00005346   Section       10  fpinit.o(x$fpl$fpinit)
    $v0                                      0x00005346   Number         0  fpinit.o(x$fpl$fpinit)
    x$fpl$fretinf                            0x00005350   Section       10  fretinf.o(x$fpl$fretinf)
    $v0                                      0x00005350   Number         0  fretinf.o(x$fpl$fretinf)
    .constdata                               0x0000535a   Section     2314  oled.o(.constdata)
    x$fpl$usenofp                            0x0000535a   Section        0  usenofp.o(x$fpl$usenofp)
    .constdata                               0x00005c64   Section     3062  inv_mpu_dmp_motion_driver.o(.constdata)
    dmp_memory                               0x00005c64   Data        3062  inv_mpu_dmp_motion_driver.o(.constdata)
    .constdata                               0x0000685a   Section       27  inv_mpu.o(.constdata)
    .constdata                               0x00006876   Section       12  inv_mpu.o(.constdata)
    .constdata                               0x00006884   Section       40  inv_mpu.o(.constdata)
    .constdata                               0x000068ac   Section       76  gpio.o(.constdata)
    GPIO_PORT_TO_INT                         0x000068ac   Data          28  gpio.o(.constdata)
    GPIO_PORT_TO_BASE                        0x000068c8   Data          48  gpio.o(.constdata)
    .constdata                               0x000068f8   Section       17  __printf_flags_wp.o(.constdata)
    maptable                                 0x000068f8   Data          17  __printf_flags_wp.o(.constdata)
    .constdata                               0x00006910   Section       80  asin.o(.constdata)
    pS                                       0x00006910   Data          48  asin.o(.constdata)
    qS                                       0x00006940   Data          32  asin.o(.constdata)
    .constdata                               0x00006960   Section      152  atan.o(.constdata)
    atanhi                                   0x00006960   Data          32  atan.o(.constdata)
    atanlo                                   0x00006980   Data          32  atan.o(.constdata)
    aTodd                                    0x000069a0   Data          40  atan.o(.constdata)
    aTeven                                   0x000069c8   Data          48  atan.o(.constdata)
    .constdata                               0x000069f8   Section        8  qnan.o(.constdata)
    .data                                    0x20000000   Section        2  main.o(.data)
    State                                    0x20000000   Data           1  main.o(.data)
    New_State                                0x20000001   Data           1  main.o(.data)
    .data                                    0x20000002   Section        1  myconfig.o(.data)
    .data                                    0x20000003   Section        1  myconfig.o(.data)
    .data                                    0x20000004   Section        4  tima.o(.data)
    .data                                    0x20000008   Section        4  usart.o(.data)
    .data                                    0x2000000c   Section       53  inv_mpu.o(.data)
    st                                       0x2000000c   Data          44  inv_mpu.o(.data)
    gyro_orientation                         0x20000038   Data           9  inv_mpu.o(.data)
    .data                                    0x20000044   Section        8  cs.o(.data)
    hfxtFreq                                 0x20000044   Data           4  cs.o(.data)
    lfxtFreq                                 0x20000048   Data           4  cs.o(.data)
    .bss                                     0x2000004c   Section       64  bsp_encoder.o(.bss)
    .bss                                     0x2000008c   Section       16  key.o(.bss)
    .bss                                     0x2000009c   Section       36  pid.o(.bss)
    .bss                                     0x200000c0   Section       36  pid.o(.bss)
    .bss                                     0x200000e4   Section       16  inv_mpu_dmp_motion_driver.o(.bss)
    dmp                                      0x200000e4   Data          16  inv_mpu_dmp_motion_driver.o(.bss)
    .bss                                     0x200000f4   Section       96  libspace.o(.bss)
    HEAP                                     0x20000158   Section        0  startup_msp432p401r_uvision.o(HEAP)
    STACK                                    0x20000158   Section      512  startup_msp432p401r_uvision.o(STACK)
    Heap_Mem                                 0x20000158   Data           0  startup_msp432p401r_uvision.o(HEAP)
    Stack_Mem                                0x20000158   Data         512  startup_msp432p401r_uvision.o(STACK)
    __initial_sp                             0x20000358   Data           0  startup_msp432p401r_uvision.o(STACK)

    Global Symbols

    Symbol Name                              Value     Ov Type        Size  Object(Section)

    BuildAttributes$$THM_ISAv4$E$P$D$K$B$S$7EM$VFPi3$EXTD16$VFPS$VFMA$PE$A:L22UL41UL21$X:L11$S22US41US21$IEEE1$IW$USESV6$~STKCKD$USESV7$~SHL$OTIME$ROPI$IEEEX$EBA8$UX$STANDARDLIB$REQ8$PRES8$EABIv2 0x00000000   Number         0  anon$$obj.o ABSOLUTE
    __ARM_use_no_argv                        0x00000000   Number         0  main.o ABSOLUTE
    __Vectors                                0x00000000   Data           4  startup_msp432p401r_uvision.o(RESET)
    _printf_flags                            0x00000000   Number         0  printf_stubs.o ABSOLUTE
    _printf_return_value                     0x00000000   Number         0  printf_stubs.o ABSOLUTE
    _printf_sizespec                         0x00000000   Number         0  printf_stubs.o ABSOLUTE
    _printf_widthprec                        0x00000000   Number         0  printf_stubs.o ABSOLUTE
    __ARM_exceptions_init                     - Undefined Weak Reference
    __alloca_initialize                       - Undefined Weak Reference
    __arm_preinit_                            - Undefined Weak Reference
    __cpp_initialize__aeabi_                  - Undefined Weak Reference
    __cxa_finalize                            - Undefined Weak Reference
    __rt_locale                               - Undefined Weak Reference
    __sigvec_lookup                           - Undefined Weak Reference
    _atexit_init                              - Undefined Weak Reference
    _call_atexit_fns                          - Undefined Weak Reference
    _clock_init                               - Undefined Weak Reference
    _fp_trap_init                             - Undefined Weak Reference
    _fp_trap_shutdown                         - Undefined Weak Reference
    _get_lc_collate                           - Undefined Weak Reference
    _get_lc_ctype                             - Undefined Weak Reference
    _get_lc_monetary                          - Undefined Weak Reference
    _get_lc_numeric                           - Undefined Weak Reference
    _get_lc_time                              - Undefined Weak Reference
    _getenv_init                              - Undefined Weak Reference
    _handle_redirection                       - Undefined Weak Reference
    _init_alloc                               - Undefined Weak Reference
    _init_user_alloc                          - Undefined Weak Reference
    _initio                                   - Undefined Weak Reference
    _mutex_acquire                            - Undefined Weak Reference
    _mutex_release                            - Undefined Weak Reference
    _printf_truncate_signed                   - Undefined Weak Reference
    _printf_truncate_unsigned                 - Undefined Weak Reference
    _rand_init                                - Undefined Weak Reference
    _signal_finish                            - Undefined Weak Reference
    _signal_init                              - Undefined Weak Reference
    _terminate_alloc                          - Undefined Weak Reference
    _terminate_user_alloc                     - Undefined Weak Reference
    _terminateio                              - Undefined Weak Reference
    __Vectors_End                            0x00000144   Data           0  startup_msp432p401r_uvision.o(RESET)
    __Vectors_Size                           0x00000144   Number         0  startup_msp432p401r_uvision.o ABSOLUTE
    __main                                   0x00000145   Thumb Code     8  __main.o(!!!main)
    __scatterload                            0x0000014d   Thumb Code     0  __scatter.o(!!!scatter)
    __scatterload_rt2                        0x0000014d   Thumb Code    44  __scatter.o(!!!scatter)
    __scatterload_rt2_thumb_only             0x0000014d   Thumb Code     0  __scatter.o(!!!scatter)
    __scatterload_null                       0x0000015b   Thumb Code     0  __scatter.o(!!!scatter)
    __scatterload_copy                       0x00000181   Thumb Code    26  __scatter_copy.o(!!handler_copy)
    __scatterload_zeroinit                   0x0000019d   Thumb Code    28  __scatter_zi.o(!!handler_zi)
    _printf_percent                          0x000001b9   Thumb Code     0  _printf_percent.o(.ARM.Collect$$_printf_percent$$00000000)
    _printf_percent_end                      0x000001b9   Thumb Code     0  _printf_percent_end.o(.ARM.Collect$$_printf_percent$$00000017)
    __rt_lib_init                            0x000001bd   Thumb Code     0  libinit.o(.ARM.Collect$$libinit$$00000000)
    __rt_lib_init_fp_1                       0x000001bf   Thumb Code     0  libinit2.o(.ARM.Collect$$libinit$$00000001)
    __rt_lib_init_alloca_1                   0x000001c3   Thumb Code     0  libinit2.o(.ARM.Collect$$libinit$$0000002E)
    __rt_lib_init_argv_1                     0x000001c3   Thumb Code     0  libinit2.o(.ARM.Collect$$libinit$$0000002C)
    __rt_lib_init_atexit_1                   0x000001c3   Thumb Code     0  libinit2.o(.ARM.Collect$$libinit$$0000001B)
    __rt_lib_init_clock_1                    0x000001c3   Thumb Code     0  libinit2.o(.ARM.Collect$$libinit$$00000021)
    __rt_lib_init_cpp_1                      0x000001c3   Thumb Code     0  libinit2.o(.ARM.Collect$$libinit$$00000032)
    __rt_lib_init_exceptions_1               0x000001c3   Thumb Code     0  libinit2.o(.ARM.Collect$$libinit$$00000030)
    __rt_lib_init_fp_trap_1                  0x000001c3   Thumb Code     0  libinit2.o(.ARM.Collect$$libinit$$0000001F)
    __rt_lib_init_getenv_1                   0x000001c3   Thumb Code     0  libinit2.o(.ARM.Collect$$libinit$$00000023)
    __rt_lib_init_heap_1                     0x000001c3   Thumb Code     0  libinit2.o(.ARM.Collect$$libinit$$0000000A)
    __rt_lib_init_lc_collate_1               0x000001c3   Thumb Code     0  libinit2.o(.ARM.Collect$$libinit$$00000011)
    __rt_lib_init_lc_ctype_1                 0x000001c3   Thumb Code     0  libinit2.o(.ARM.Collect$$libinit$$00000013)
    __rt_lib_init_lc_monetary_1              0x000001c3   Thumb Code     0  libinit2.o(.ARM.Collect$$libinit$$00000015)
    __rt_lib_init_lc_numeric_1               0x000001c3   Thumb Code     0  libinit2.o(.ARM.Collect$$libinit$$00000017)
    __rt_lib_init_lc_time_1                  0x000001c3   Thumb Code     0  libinit2.o(.ARM.Collect$$libinit$$00000019)
    __rt_lib_init_preinit_1                  0x000001c3   Thumb Code     0  libinit2.o(.ARM.Collect$$libinit$$00000004)
    __rt_lib_init_rand_1                     0x000001c3   Thumb Code     0  libinit2.o(.ARM.Collect$$libinit$$0000000E)
    __rt_lib_init_return                     0x000001c3   Thumb Code     0  libinit2.o(.ARM.Collect$$libinit$$00000033)
    __rt_lib_init_signal_1                   0x000001c3   Thumb Code     0  libinit2.o(.ARM.Collect$$libinit$$0000001D)
    __rt_lib_init_stdio_1                    0x000001c3   Thumb Code     0  libinit2.o(.ARM.Collect$$libinit$$00000025)
    __rt_lib_init_user_alloc_1               0x000001c3   Thumb Code     0  libinit2.o(.ARM.Collect$$libinit$$0000000C)
    __rt_lib_shutdown                        0x000001c5   Thumb Code     0  libshutdown.o(.ARM.Collect$$libshutdown$$00000000)
    __rt_lib_shutdown_cpp_1                  0x000001c7   Thumb Code     0  libshutdown2.o(.ARM.Collect$$libshutdown$$00000002)
    __rt_lib_shutdown_fp_trap_1              0x000001c7   Thumb Code     0  libshutdown2.o(.ARM.Collect$$libshutdown$$00000007)
    __rt_lib_shutdown_heap_1                 0x000001c7   Thumb Code     0  libshutdown2.o(.ARM.Collect$$libshutdown$$0000000F)
    __rt_lib_shutdown_return                 0x000001c7   Thumb Code     0  libshutdown2.o(.ARM.Collect$$libshutdown$$00000010)
    __rt_lib_shutdown_signal_1               0x000001c7   Thumb Code     0  libshutdown2.o(.ARM.Collect$$libshutdown$$0000000A)
    __rt_lib_shutdown_stdio_1                0x000001c7   Thumb Code     0  libshutdown2.o(.ARM.Collect$$libshutdown$$00000004)
    __rt_lib_shutdown_user_alloc_1           0x000001c7   Thumb Code     0  libshutdown2.o(.ARM.Collect$$libshutdown$$0000000C)
    __rt_entry                               0x000001c9   Thumb Code     0  __rtentry.o(.ARM.Collect$$rtentry$$00000000)
    __rt_entry_presh_1                       0x000001c9   Thumb Code     0  __rtentry2.o(.ARM.Collect$$rtentry$$00000002)
    __rt_entry_sh                            0x000001c9   Thumb Code     0  __rtentry4.o(.ARM.Collect$$rtentry$$00000004)
    __rt_entry_li                            0x000001cf   Thumb Code     0  __rtentry2.o(.ARM.Collect$$rtentry$$0000000A)
    __rt_entry_postsh_1                      0x000001cf   Thumb Code     0  __rtentry2.o(.ARM.Collect$$rtentry$$00000009)
    __rt_entry_main                          0x000001d3   Thumb Code     0  __rtentry2.o(.ARM.Collect$$rtentry$$0000000D)
    __rt_entry_postli_1                      0x000001d3   Thumb Code     0  __rtentry2.o(.ARM.Collect$$rtentry$$0000000C)
    __rt_exit                                0x000001db   Thumb Code     0  rtexit.o(.ARM.Collect$$rtexit$$00000000)
    __rt_exit_ls                             0x000001dd   Thumb Code     0  rtexit2.o(.ARM.Collect$$rtexit$$00000003)
    __rt_exit_prels_1                        0x000001dd   Thumb Code     0  rtexit2.o(.ARM.Collect$$rtexit$$00000002)
    __rt_exit_exit                           0x000001e1   Thumb Code     0  rtexit2.o(.ARM.Collect$$rtexit$$00000004)
    Reset_Handler                            0x000001e9   Thumb Code     8  startup_msp432p401r_uvision.o(.text)
    NMI_Handler                              0x000001f1   Thumb Code     2  startup_msp432p401r_uvision.o(.text)
    HardFault_Handler                        0x000001f3   Thumb Code     2  startup_msp432p401r_uvision.o(.text)
    MemManage_Handler                        0x000001f5   Thumb Code     2  startup_msp432p401r_uvision.o(.text)
    BusFault_Handler                         0x000001f7   Thumb Code     2  startup_msp432p401r_uvision.o(.text)
    UsageFault_Handler                       0x000001f9   Thumb Code     2  startup_msp432p401r_uvision.o(.text)
    SVC_Handler                              0x000001fb   Thumb Code     2  startup_msp432p401r_uvision.o(.text)
    DebugMon_Handler                         0x000001fd   Thumb Code     2  startup_msp432p401r_uvision.o(.text)
    PendSV_Handler                           0x000001ff   Thumb Code     2  startup_msp432p401r_uvision.o(.text)
    SysTick_Handler                          0x00000201   Thumb Code     2  startup_msp432p401r_uvision.o(.text)
    ADC14_IRQHandler                         0x00000203   Thumb Code     0  startup_msp432p401r_uvision.o(.text)
    AES256_IRQHandler                        0x00000203   Thumb Code     0  startup_msp432p401r_uvision.o(.text)
    COMP_E0_IRQHandler                       0x00000203   Thumb Code     0  startup_msp432p401r_uvision.o(.text)
    COMP_E1_IRQHandler                       0x00000203   Thumb Code     0  startup_msp432p401r_uvision.o(.text)
    CS_IRQHandler                            0x00000203   Thumb Code     0  startup_msp432p401r_uvision.o(.text)
    DMA_ERR_IRQHandler                       0x00000203   Thumb Code     0  startup_msp432p401r_uvision.o(.text)
    DMA_INT0_IRQHandler                      0x00000203   Thumb Code     0  startup_msp432p401r_uvision.o(.text)
    DMA_INT1_IRQHandler                      0x00000203   Thumb Code     0  startup_msp432p401r_uvision.o(.text)
    DMA_INT2_IRQHandler                      0x00000203   Thumb Code     0  startup_msp432p401r_uvision.o(.text)
    DMA_INT3_IRQHandler                      0x00000203   Thumb Code     0  startup_msp432p401r_uvision.o(.text)
    EUSCIA0_IRQHandler                       0x00000203   Thumb Code     0  startup_msp432p401r_uvision.o(.text)
    EUSCIA1_IRQHandler                       0x00000203   Thumb Code     0  startup_msp432p401r_uvision.o(.text)
    EUSCIA2_IRQHandler                       0x00000203   Thumb Code     0  startup_msp432p401r_uvision.o(.text)
    EUSCIA3_IRQHandler                       0x00000203   Thumb Code     0  startup_msp432p401r_uvision.o(.text)
    EUSCIB0_IRQHandler                       0x00000203   Thumb Code     0  startup_msp432p401r_uvision.o(.text)
    EUSCIB1_IRQHandler                       0x00000203   Thumb Code     0  startup_msp432p401r_uvision.o(.text)
    EUSCIB2_IRQHandler                       0x00000203   Thumb Code     0  startup_msp432p401r_uvision.o(.text)
    EUSCIB3_IRQHandler                       0x00000203   Thumb Code     0  startup_msp432p401r_uvision.o(.text)
    FLCTL_IRQHandler                         0x00000203   Thumb Code     0  startup_msp432p401r_uvision.o(.text)
    FPU_IRQHandler                           0x00000203   Thumb Code     0  startup_msp432p401r_uvision.o(.text)
    PCM_IRQHandler                           0x00000203   Thumb Code     0  startup_msp432p401r_uvision.o(.text)
    PORT1_IRQHandler                         0x00000203   Thumb Code     0  startup_msp432p401r_uvision.o(.text)
    PORT2_IRQHandler                         0x00000203   Thumb Code     0  startup_msp432p401r_uvision.o(.text)
    PORT3_IRQHandler                         0x00000203   Thumb Code     0  startup_msp432p401r_uvision.o(.text)
    PORT5_IRQHandler                         0x00000203   Thumb Code     0  startup_msp432p401r_uvision.o(.text)
    PORT6_IRQHandler                         0x00000203   Thumb Code     0  startup_msp432p401r_uvision.o(.text)
    PSS_IRQHandler                           0x00000203   Thumb Code     0  startup_msp432p401r_uvision.o(.text)
    RTC_C_IRQHandler                         0x00000203   Thumb Code     0  startup_msp432p401r_uvision.o(.text)
    T32_INTC_IRQHandler                      0x00000203   Thumb Code     0  startup_msp432p401r_uvision.o(.text)
    TA0_N_IRQHandler                         0x00000203   Thumb Code     0  startup_msp432p401r_uvision.o(.text)
    TA1_0_IRQHandler                         0x00000203   Thumb Code     0  startup_msp432p401r_uvision.o(.text)
    TA1_N_IRQHandler                         0x00000203   Thumb Code     0  startup_msp432p401r_uvision.o(.text)
    TA2_0_IRQHandler                         0x00000203   Thumb Code     0  startup_msp432p401r_uvision.o(.text)
    TA3_0_IRQHandler                         0x00000203   Thumb Code     0  startup_msp432p401r_uvision.o(.text)
    TA3_N_IRQHandler                         0x00000203   Thumb Code     0  startup_msp432p401r_uvision.o(.text)
    WDT_A_IRQHandler                         0x00000203   Thumb Code     0  startup_msp432p401r_uvision.o(.text)
    __user_initial_stackheap                 0x00000205   Thumb Code    10  startup_msp432p401r_uvision.o(.text)
    __use_no_semihosting                     0x00000225   Thumb Code     2  use_no_semi_2.o(.text)
    __aeabi_ldivmod                          0x00000227   Thumb Code     0  llsdiv.o(.text)
    _ll_sdiv                                 0x00000227   Thumb Code    72  llsdiv.o(.text)
    __2printf                                0x00000271   Thumb Code    20  noretval__2printf.o(.text)
    __printf                                 0x00000289   Thumb Code   308  __printf_flags_wp.o(.text)
    memcmp                                   0x000003c1   Thumb Code    88  memcmp.o(.text)
    __aeabi_memset                           0x00000419   Thumb Code    16  aeabi_memset.o(.text)
    __aeabi_memclr4                          0x00000429   Thumb Code     0  rt_memclr_w.o(.text)
    __aeabi_memclr8                          0x00000429   Thumb Code     0  rt_memclr_w.o(.text)
    __rt_memclr_w                            0x00000429   Thumb Code    78  rt_memclr_w.o(.text)
    _memset_w                                0x0000042d   Thumb Code     0  rt_memclr_w.o(.text)
    __use_two_region_memory                  0x00000477   Thumb Code     2  heapauxi.o(.text)
    __rt_heap_escrow$2region                 0x00000479   Thumb Code     2  heapauxi.o(.text)
    __rt_heap_expand$2region                 0x0000047b   Thumb Code     2  heapauxi.o(.text)
    __I$use$semihosting                      0x0000047d   Thumb Code     0  use_no_semi.o(.text)
    __use_no_semihosting_swi                 0x0000047d   Thumb Code     2  use_no_semi.o(.text)
    __aeabi_uldivmod                         0x0000047f   Thumb Code     0  lludivv7m.o(.text)
    _ll_udiv                                 0x0000047f   Thumb Code   238  lludivv7m.o(.text)
    __read_errno                             0x0000056d   Thumb Code    10  _rserrno.o(.text)
    __set_errno                              0x00000577   Thumb Code    12  _rserrno.o(.text)
    _printf_char_file                        0x00000585   Thumb Code    32  _printf_char_file.o(.text)
    __aeabi_memclr                           0x000005a9   Thumb Code     0  rt_memclr.o(.text)
    __rt_memclr                              0x000005a9   Thumb Code    68  rt_memclr.o(.text)
    _memset                                  0x000005ad   Thumb Code     0  rt_memclr.o(.text)
    __aeabi_errno_addr                       0x000005ed   Thumb Code     8  rt_errno_addr_intlibspace.o(.text)
    __errno$intlibspace                      0x000005ed   Thumb Code     0  rt_errno_addr_intlibspace.o(.text)
    __rt_errno_addr$intlibspace              0x000005ed   Thumb Code     0  rt_errno_addr_intlibspace.o(.text)
    _printf_char_common                      0x000005ff   Thumb Code    32  _printf_char_common.o(.text)
    ferror                                   0x00000625   Thumb Code     8  ferror.o(.text)
    __user_libspace                          0x0000062d   Thumb Code     8  libspace.o(.text)
    __user_perproc_libspace                  0x0000062d   Thumb Code     0  libspace.o(.text)
    __user_perthread_libspace                0x0000062d   Thumb Code     0  libspace.o(.text)
    __user_setup_stackheap                   0x00000635   Thumb Code    74  sys_stackheap_outer.o(.text)
    exit                                     0x0000067f   Thumb Code    18  exit.o(.text)
    CS_setExternalClockSourceFrequency       0x00000691   Thumb Code     8  cs.o(i.CS_setExternalClockSourceFrequency)
    CS_startHFXT                             0x0000069d   Thumb Code     6  cs.o(i.CS_startHFXT)
    CS_startHFXTWithTimeout                  0x000006a5   Thumb Code   144  cs.o(i.CS_startHFXTWithTimeout)
    CS_startLFXT                             0x00000745   Thumb Code     6  cs.o(i.CS_startLFXT)
    CS_startLFXTWithTimeout                  0x0000074d   Thumb Code   144  cs.o(i.CS_startLFXTWithTimeout)
    Encoder_Scan                             0x000007ed   Thumb Code   114  bsp_encoder.o(i.Encoder_Scan)
    GPIO_getInputPinValue                    0x00000871   Thumb Code    16  gpio.o(i.GPIO_getInputPinValue)
    GPIO_setAsInputPin                       0x00000885   Thumb Code    32  gpio.o(i.GPIO_setAsInputPin)
    GPIO_setAsOutputPin                      0x000008a9   Thumb Code    26  gpio.o(i.GPIO_setAsOutputPin)
    GPIO_setOutputHighOnPin                  0x000008c9   Thumb Code    14  gpio.o(i.GPIO_setOutputHighOnPin)
    GPIO_setOutputLowOnPin                   0x000008dd   Thumb Code    14  gpio.o(i.GPIO_setOutputLowOnPin)
    I2C_SW_Configuration                     0x000008f1   Thumb Code    10  oled.o(i.I2C_SW_Configuration)
    I2C_Start                                0x00000901   Thumb Code    16  oled.o(i.I2C_Start)
    I2C_Stop                                 0x00000915   Thumb Code    14  oled.o(i.I2C_Stop)
    I2C_WaitAck                              0x00000929   Thumb Code    14  oled.o(i.I2C_WaitAck)
    IIC_Ack                                  0x0000093d   Thumb Code    58  iic.o(i.IIC_Ack)
    IIC_Init                                 0x00000977   Thumb Code    38  iic.o(i.IIC_Init)
    IIC_NAck                                 0x0000099d   Thumb Code    58  iic.o(i.IIC_NAck)
    IIC_Read_Byte                            0x000009d7   Thumb Code    86  iic.o(i.IIC_Read_Byte)
    IIC_Send_Byte                            0x00000a2d   Thumb Code   112  iic.o(i.IIC_Send_Byte)
    IIC_Start                                0x00000a9d   Thumb Code    58  iic.o(i.IIC_Start)
    IIC_Stop                                 0x00000ad7   Thumb Code    58  iic.o(i.IIC_Stop)
    IIC_Wait_Ack                             0x00000b11   Thumb Code    76  iic.o(i.IIC_Wait_Ack)
    KEY_Init                                 0x00000b5d   Thumb Code    12  key.o(i.KEY_Init)
    Key_Scan2                                0x00000b6d   Thumb Code   184  key.o(i.Key_Scan2)
    LED_B_Off                                0x00000c2d   Thumb Code     8  led.o(i.LED_B_Off)
    LED_G_Off                                0x00000c39   Thumb Code     8  led.o(i.LED_G_Off)
    LED_Init                                 0x00000c45   Thumb Code    44  led.o(i.LED_Init)
    LED_RED_Off                              0x00000c75   Thumb Code     8  led.o(i.LED_RED_Off)
    LED_R_Off                                0x00000c81   Thumb Code     8  led.o(i.LED_R_Off)
    MPU_Get_Gyroscope                        0x00000c8d   Thumb Code    68  bsp_mpu6050.o(i.MPU_Get_Gyroscope)
    MPU_Init                                 0x00000cd1   Thumb Code   150  bsp_mpu6050.o(i.MPU_Init)
    MPU_Read_Byte                            0x00000d67   Thumb Code    58  bsp_mpu6050.o(i.MPU_Read_Byte)
    MPU_Read_Len                             0x00000da1   Thumb Code    98  bsp_mpu6050.o(i.MPU_Read_Len)
    MPU_Set_Accel_Fsr                        0x00000e03   Thumb Code    10  bsp_mpu6050.o(i.MPU_Set_Accel_Fsr)
    MPU_Set_Gyro_Fsr                         0x00000e0d   Thumb Code    10  bsp_mpu6050.o(i.MPU_Set_Gyro_Fsr)
    MPU_Set_LPF                              0x00000e17   Thumb Code    48  bsp_mpu6050.o(i.MPU_Set_LPF)
    MPU_Set_Rate                             0x00000e47   Thumb Code    44  bsp_mpu6050.o(i.MPU_Set_Rate)
    MPU_Write_Byte                           0x00000e73   Thumb Code    74  bsp_mpu6050.o(i.MPU_Write_Byte)
    MPU_Write_Len                            0x00000ebd   Thumb Code    90  bsp_mpu6050.o(i.MPU_Write_Len)
    Menudisplay                              0x00000f19   Thumb Code   442  main.o(i.Menudisplay)
    Motor_Init                               0x0000111d   Thumb Code   202  bsp_motor.o(i.Motor_Init)
    Motor_Init_bianmaqi                      0x000011f1   Thumb Code   368  bsp_encoder.o(i.Motor_Init_bianmaqi)
    OLED_Clear                               0x00001365   Thumb Code    60  oled.o(i.OLED_Clear)
    OLED_Init                                0x000013a1   Thumb Code   238  oled.o(i.OLED_Init)
    OLED_Set_Pos                             0x0000148f   Thumb Code    40  oled.o(i.OLED_Set_Pos)
    OLED_ShowBNum                            0x000014b7   Thumb Code   250  oled.o(i.OLED_ShowBNum)
    OLED_ShowChar                            0x000015b1   Thumb Code   138  oled.o(i.OLED_ShowChar)
    OLED_ShowString                          0x00001645   Thumb Code    60  oled.o(i.OLED_ShowString)
    OLED_WR_Byte                             0x00001681   Thumb Code    58  oled.o(i.OLED_WR_Byte)
    PID1_Param_Init                          0x000016bd   Thumb Code    56  pid.o(i.PID1_Param_Init)
    PID1_Param_Input                         0x0000171d   Thumb Code    14  pid.o(i.PID1_Param_Input)
    PID2_Param_Init                          0x0000172d   Thumb Code    56  pid.o(i.PID2_Param_Init)
    PID2_Param_Input                         0x0000178d   Thumb Code    14  pid.o(i.PID2_Param_Input)
    PORT4_IRQHandler                         0x0000179d   Thumb Code   314  bsp_encoder.o(i.PORT4_IRQHandler)
    Reflectance_Init2                        0x000018e5   Thumb Code    10  reflectance.o(i.Reflectance_Init2)
    Reflectance_Read2                        0x000018f5   Thumb Code    10  reflectance.o(i.Reflectance_Read2)
    Send_Byte                                0x00001905   Thumb Code    50  oled.o(i.Send_Byte)
    Servo_Init                               0x0000193d   Thumb Code    92  bsp_servo.o(i.Servo_Init)
    SysCtl_A_disableNMISource                0x000019a1   Thumb Code    10  sysctl_a.o(i.SysCtl_A_disableNMISource)
    SysCtl_A_enableNMISource                 0x000019b1   Thumb Code    10  sysctl_a.o(i.SysCtl_A_enableNMISource)
    SysCtl_A_getNMISourceStatus              0x000019c1   Thumb Code    10  sysctl_a.o(i.SysCtl_A_getNMISourceStatus)
    SysInit                                  0x000019d1   Thumb Code   146  sysinit.o(i.SysInit)
    SystemInit                               0x00001a71   Thumb Code    76  system_msp432p401r.o(i.SystemInit)
    T32_INT1_IRQHandler                      0x00001ad1   Thumb Code    10  tim32.o(i.T32_INT1_IRQHandler)
    T32_INT2_IRQHandler                      0x00001ae5   Thumb Code    10  myconfig.o(i.T32_INT2_IRQHandler)
    TA0_0_IRQHandler                         0x00001af9   Thumb Code    58  myconfig.o(i.TA0_0_IRQHandler)
    TA2_N_IRQHandler                         0x00001b3d   Thumb Code   158  tima.o(i.TA2_N_IRQHandler)
    TimA0_Int_Init                           0x00001bed   Thumb Code    78  tima.o(i.TimA0_Int_Init)
    Timer_A_getCaptureCompareCount           0x00001c41   Thumb Code    16  timer_a.o(i.Timer_A_getCaptureCompareCount)
    UART_transmitData                        0x00001c51   Thumb Code    22  uart.o(i.UART_transmitData)
    __ARM_fpclassify                         0x00001d01   Thumb Code    48  fpclassify.o(i.__ARM_fpclassify)
    __hardfp_asin                            0x00001d31   Thumb Code   770  asin.o(i.__hardfp_asin)
    __hardfp_atan                            0x00002091   Thumb Code   622  atan.o(i.__hardfp_atan)
    __hardfp_atan2                           0x00002369   Thumb Code   432  atan2.o(i.__hardfp_atan2)
    __kernel_poly                            0x00002559   Thumb Code   248  poly.o(i.__kernel_poly)
    __mathlib_dbl_infnan                     0x00002651   Thumb Code    20  dunder.o(i.__mathlib_dbl_infnan)
    __mathlib_dbl_infnan2                    0x00002665   Thumb Code    20  dunder.o(i.__mathlib_dbl_infnan2)
    __mathlib_dbl_invalid                    0x00002679   Thumb Code    24  dunder.o(i.__mathlib_dbl_invalid)
    __mathlib_dbl_underflow                  0x00002699   Thumb Code    24  dunder.o(i.__mathlib_dbl_underflow)
    _is_digit                                0x000026b9   Thumb Code    14  __printf_wp.o(i._is_digit)
    _sys_exit                                0x000026c7   Thumb Code     2  usart.o(i._sys_exit)
    atan                                     0x0000275d   Thumb Code    16  atan.o(i.atan)
    delay_ms                                 0x000027a9   Thumb Code    24  delay.o(i.delay_ms)
    delay_us                                 0x000027c1   Thumb Code    22  delay.o(i.delay_us)
    dmp_enable_6x_lp_quat                    0x000027d7   Thumb Code    60  inv_mpu_dmp_motion_driver.o(i.dmp_enable_6x_lp_quat)
    dmp_enable_feature                       0x00002815   Thumb Code   484  inv_mpu_dmp_motion_driver.o(i.dmp_enable_feature)
    dmp_enable_gyro_cal                      0x00002a01   Thumb Code    62  inv_mpu_dmp_motion_driver.o(i.dmp_enable_gyro_cal)
    dmp_enable_lp_quat                       0x00002a59   Thumb Code    60  inv_mpu_dmp_motion_driver.o(i.dmp_enable_lp_quat)
    dmp_load_motion_driver_firmware          0x00002a95   Thumb Code    16  inv_mpu_dmp_motion_driver.o(i.dmp_load_motion_driver_firmware)
    dmp_read_fifo                            0x00002aa9   Thumb Code   384  inv_mpu_dmp_motion_driver.o(i.dmp_read_fifo)
    dmp_set_accel_bias                       0x00002c2d   Thumb Code   262  inv_mpu_dmp_motion_driver.o(i.dmp_set_accel_bias)
    dmp_set_fifo_rate                        0x00002d39   Thumb Code    96  inv_mpu_dmp_motion_driver.o(i.dmp_set_fifo_rate)
    dmp_set_gyro_bias                        0x00002da9   Thumb Code   256  inv_mpu_dmp_motion_driver.o(i.dmp_set_gyro_bias)
    dmp_set_orientation                      0x00002eb1   Thumb Code   260  inv_mpu_dmp_motion_driver.o(i.dmp_set_orientation)
    dmp_set_shake_reject_thresh              0x00002fc9   Thumb Code    48  inv_mpu_dmp_motion_driver.o(i.dmp_set_shake_reject_thresh)
    dmp_set_shake_reject_time                0x00002ff9   Thumb Code    32  inv_mpu_dmp_motion_driver.o(i.dmp_set_shake_reject_time)
    dmp_set_shake_reject_timeout             0x00003019   Thumb Code    32  inv_mpu_dmp_motion_driver.o(i.dmp_set_shake_reject_timeout)
    dmp_set_tap_axes                         0x00003039   Thumb Code    56  inv_mpu_dmp_motion_driver.o(i.dmp_set_tap_axes)
    dmp_set_tap_count                        0x00003071   Thumb Code    34  inv_mpu_dmp_motion_driver.o(i.dmp_set_tap_count)
    dmp_set_tap_thresh                       0x00003095   Thumb Code   376  inv_mpu_dmp_motion_driver.o(i.dmp_set_tap_thresh)
    dmp_set_tap_time                         0x00003231   Thumb Code    32  inv_mpu_dmp_motion_driver.o(i.dmp_set_tap_time)
    dmp_set_tap_time_multi                   0x00003251   Thumb Code    32  inv_mpu_dmp_motion_driver.o(i.dmp_set_tap_time_multi)
    fabs                                     0x00003271   Thumb Code    24  fabs.o(i.fabs)
    fputc                                    0x00003289   Thumb Code    16  usart.o(i.fputc)
    inv_orientation_matrix_to_scalar         0x00003805   Thumb Code    36  inv_mpu.o(i.inv_orientation_matrix_to_scalar)
    inv_row_2_scale                          0x00003829   Thumb Code    72  inv_mpu.o(i.inv_row_2_scale)
    main                                     0x00003871   Thumb Code   112  main.o(i.main)
    mget_ms                                  0x000038f9   Thumb Code     6  inv_mpu.o(i.mget_ms)
    mpu_configure_fifo                       0x00003901   Thumb Code    90  inv_mpu.o(i.mpu_configure_fifo)
    mpu_dmp_get_data                         0x00003961   Thumb Code   344  inv_mpu.o(i.mpu_dmp_get_data)
    mpu_dmp_init                             0x00003ac5   Thumb Code   136  inv_mpu.o(i.mpu_dmp_init)
    mpu_get_accel_fsr                        0x00003b51   Thumb Code    62  inv_mpu.o(i.mpu_get_accel_fsr)
    mpu_get_accel_sens                       0x00003b95   Thumb Code    70  inv_mpu.o(i.mpu_get_accel_sens)
    mpu_get_fifo_config                      0x00003be1   Thumb Code    10  inv_mpu.o(i.mpu_get_fifo_config)
    mpu_get_gyro_fsr                         0x00003bf1   Thumb Code    58  inv_mpu.o(i.mpu_get_gyro_fsr)
    mpu_get_gyro_sens                        0x00003c31   Thumb Code    68  inv_mpu.o(i.mpu_get_gyro_sens)
    mpu_get_lpf                              0x00003c89   Thumb Code    64  inv_mpu.o(i.mpu_get_lpf)
    mpu_get_sample_rate                      0x00003ccd   Thumb Code    24  inv_mpu.o(i.mpu_get_sample_rate)
    mpu_load_firmware                        0x00003ce9   Thumb Code   174  inv_mpu.o(i.mpu_load_firmware)
    mpu_lp_accel_mode                        0x00003d9d   Thumb Code   204  inv_mpu.o(i.mpu_lp_accel_mode)
    mpu_read_fifo_stream                     0x00003e6d   Thumb Code   166  inv_mpu.o(i.mpu_read_fifo_stream)
    mpu_read_mem                             0x00003f19   Thumb Code   106  inv_mpu.o(i.mpu_read_mem)
    mpu_reset_fifo                           0x00003f89   Thumb Code   360  inv_mpu.o(i.mpu_reset_fifo)
    mpu_run_self_test                        0x000040f5   Thumb Code   244  inv_mpu.o(i.mpu_run_self_test)
    mpu_set_accel_fsr                        0x000041ed   Thumb Code   110  inv_mpu.o(i.mpu_set_accel_fsr)
    mpu_set_bypass                           0x00004261   Thumb Code   276  inv_mpu.o(i.mpu_set_bypass)
    mpu_set_dmp_state                        0x00004379   Thumb Code   118  inv_mpu.o(i.mpu_set_dmp_state)
    mpu_set_gyro_fsr                         0x000043f5   Thumb Code   116  inv_mpu.o(i.mpu_set_gyro_fsr)
    mpu_set_int_latched                      0x0000446d   Thumb Code    92  inv_mpu.o(i.mpu_set_int_latched)
    mpu_set_lpf                              0x000044cd   Thumb Code   118  inv_mpu.o(i.mpu_set_lpf)
    mpu_set_sample_rate                      0x00004549   Thumb Code   126  inv_mpu.o(i.mpu_set_sample_rate)
    mpu_set_sensors                          0x000045cd   Thumb Code   172  inv_mpu.o(i.mpu_set_sensors)
    mpu_write_mem                            0x0000467d   Thumb Code   106  inv_mpu.o(i.mpu_write_mem)
    oled_pow                                 0x000046ed   Thumb Code    16  oled.o(i.oled_pow)
    run_self_test                            0x000046fd   Thumb Code   136  inv_mpu.o(i.run_self_test)
    sqrt                                     0x000047f9   Thumb Code   110  sqrt.o(i.sqrt)
    __aeabi_dneg                             0x00004867   Thumb Code     0  basic.o(x$fpl$basic)
    _dneg                                    0x00004867   Thumb Code     6  basic.o(x$fpl$basic)
    __aeabi_fneg                             0x0000486d   Thumb Code     0  basic.o(x$fpl$basic)
    _fneg                                    0x0000486d   Thumb Code     6  basic.o(x$fpl$basic)
    _dabs                                    0x00004873   Thumb Code     6  basic.o(x$fpl$basic)
    _fabs                                    0x00004879   Thumb Code     6  basic.o(x$fpl$basic)
    __aeabi_d2f                              0x00004881   Thumb Code     0  d2f.o(x$fpl$d2f)
    _d2f                                     0x00004881   Thumb Code    98  d2f.o(x$fpl$d2f)
    __aeabi_dadd                             0x000048e5   Thumb Code     0  daddsub_clz.o(x$fpl$dadd)
    _dadd                                    0x000048e5   Thumb Code   332  daddsub_clz.o(x$fpl$dadd)
    __aeabi_ddiv                             0x00004a35   Thumb Code     0  ddiv.o(x$fpl$ddiv)
    _ddiv                                    0x00004a35   Thumb Code   552  ddiv.o(x$fpl$ddiv)
    __aeabi_dmul                             0x00004ce5   Thumb Code     0  dmul.o(x$fpl$dmul)
    _dmul                                    0x00004ce5   Thumb Code   332  dmul.o(x$fpl$dmul)
    __fpl_dnaninf                            0x00004e39   Thumb Code   156  dnaninf.o(x$fpl$dnaninf)
    __fpl_dretinf                            0x00004ed5   Thumb Code    12  dretinf.o(x$fpl$dretinf)
    __aeabi_drsub                            0x00004ee1   Thumb Code     0  daddsub_clz.o(x$fpl$drsb)
    _drsb                                    0x00004ee1   Thumb Code    22  daddsub_clz.o(x$fpl$drsb)
    _dsqrt                                   0x00004ef9   Thumb Code   404  dsqrt_umaal.o(x$fpl$dsqrt)
    __aeabi_dsub                             0x00005091   Thumb Code     0  daddsub_clz.o(x$fpl$dsub)
    _dsub                                    0x00005091   Thumb Code   464  daddsub_clz.o(x$fpl$dsub)
    __aeabi_f2d                              0x00005265   Thumb Code     0  f2d.o(x$fpl$f2d)
    _f2d                                     0x00005265   Thumb Code    86  f2d.o(x$fpl$f2d)
    __fpl_fnaninf                            0x000052bb   Thumb Code   140  fnaninf.o(x$fpl$fnaninf)
    _fp_init                                 0x00005347   Thumb Code    10  fpinit.o(x$fpl$fpinit)
    __fplib_config_fpu_vfp                   0x0000534f   Thumb Code     0  fpinit.o(x$fpl$fpinit)
    __fplib_config_pureend_doubles           0x0000534f   Thumb Code     0  fpinit.o(x$fpl$fpinit)
    __fpl_fretinf                            0x00005351   Thumb Code    10  fretinf.o(x$fpl$fretinf)
    __I$use$fp                               0x0000535a   Number         0  usenofp.o(x$fpl$usenofp)
    asc2_0806                                0x0000535a   Data         570  oled.o(.constdata)
    asc2_1608                                0x00005594   Data        1520  oled.o(.constdata)
    Hzk                                      0x00005b84   Data         224  oled.o(.constdata)
    reg                                      0x0000685a   Data          27  inv_mpu.o(.constdata)
    hw                                       0x00006876   Data          12  inv_mpu.o(.constdata)
    test                                     0x00006884   Data          40  inv_mpu.o(.constdata)
    __mathlib_zero                           0x000069f8   Data           8  qnan.o(.constdata)
    Region$$Table$$Base                      0x00006a00   Number         0  anon$$obj.o(Region$$Table)
    Region$$Table$$Limit                     0x00006a20   Number         0  anon$$obj.o(Region$$Table)
    Delay10msCnt                             0x20000002   Data           1  myconfig.o(.data)
    Reflectance_Data                         0x20000003   Data           1  myconfig.o(.data)
    TIMA2_CAP_STA                            0x20000004   Data           1  tima.o(.data)
    TIMA2_CAP_VAL                            0x20000006   Data           2  tima.o(.data)
    __stdout                                 0x20000008   Data           4  usart.o(.data)
    Encoder                                  0x2000004c   Data          64  bsp_encoder.o(.bss)
    Keys                                     0x2000008c   Data          16  key.o(.bss)
    PID1_Position                            0x2000009c   Data          36  pid.o(.bss)
    PID2_Velocity                            0x200000c0   Data          36  pid.o(.bss)
    __libspace_start                         0x200000f4   Data          96  libspace.o(.bss)
    __temporary_stack_top$libspace           0x20000154   Data           0  libspace.o(.bss)



==============================================================================

Memory Map of the image

  Image Entry point : 0x00000145

  Load Region LR_IROM1 (Base: 0x00000000, Size: 0x00006a6c, Max: 0x00040000, ABSOLUTE)

    Execution Region ER_IROM1 (Exec base: 0x00000000, Load base: 0x00000000, Size: 0x00006a20, Max: 0x00040000, ABSOLUTE)

    Exec Addr    Load Addr    Size         Type   Attr      Idx    E Section Name        Object

    0x00000000   0x00000000   0x00000144   Data   RO         1813    RESET               startup_msp432p401r_uvision.o
    0x00000144   0x00000144   0x00000008   Code   RO         2978  * !!!main             c_w.l(__main.o)
    0x0000014c   0x0000014c   0x00000034   Code   RO         3283    !!!scatter          c_w.l(__scatter.o)
    0x00000180   0x00000180   0x0000001a   Code   RO         3285    !!handler_copy      c_w.l(__scatter_copy.o)
    0x0000019a   0x0000019a   0x00000002   PAD
    0x0000019c   0x0000019c   0x0000001c   Code   RO         3287    !!handler_zi        c_w.l(__scatter_zi.o)
    0x000001b8   0x000001b8   0x00000000   Code   RO         2967    .ARM.Collect$$_printf_percent$$00000000  c_w.l(_printf_percent.o)
    0x000001b8   0x000001b8   0x00000004   Code   RO         3039    .ARM.Collect$$_printf_percent$$00000017  c_w.l(_printf_percent_end.o)
    0x000001bc   0x000001bc   0x00000002   Code   RO         3154    .ARM.Collect$$libinit$$00000000  c_w.l(libinit.o)
    0x000001be   0x000001be   0x00000004   Code   RO         3163    .ARM.Collect$$libinit$$00000001  c_w.l(libinit2.o)
    0x000001c2   0x000001c2   0x00000000   Code   RO         3166    .ARM.Collect$$libinit$$00000004  c_w.l(libinit2.o)
    0x000001c2   0x000001c2   0x00000000   Code   RO         3169    .ARM.Collect$$libinit$$0000000A  c_w.l(libinit2.o)
    0x000001c2   0x000001c2   0x00000000   Code   RO         3171    .ARM.Collect$$libinit$$0000000C  c_w.l(libinit2.o)
    0x000001c2   0x000001c2   0x00000000   Code   RO         3173    .ARM.Collect$$libinit$$0000000E  c_w.l(libinit2.o)
    0x000001c2   0x000001c2   0x00000000   Code   RO         3176    .ARM.Collect$$libinit$$00000011  c_w.l(libinit2.o)
    0x000001c2   0x000001c2   0x00000000   Code   RO         3178    .ARM.Collect$$libinit$$00000013  c_w.l(libinit2.o)
    0x000001c2   0x000001c2   0x00000000   Code   RO         3180    .ARM.Collect$$libinit$$00000015  c_w.l(libinit2.o)
    0x000001c2   0x000001c2   0x00000000   Code   RO         3182    .ARM.Collect$$libinit$$00000017  c_w.l(libinit2.o)
    0x000001c2   0x000001c2   0x00000000   Code   RO         3184    .ARM.Collect$$libinit$$00000019  c_w.l(libinit2.o)
    0x000001c2   0x000001c2   0x00000000   Code   RO         3186    .ARM.Collect$$libinit$$0000001B  c_w.l(libinit2.o)
    0x000001c2   0x000001c2   0x00000000   Code   RO         3188    .ARM.Collect$$libinit$$0000001D  c_w.l(libinit2.o)
    0x000001c2   0x000001c2   0x00000000   Code   RO         3190    .ARM.Collect$$libinit$$0000001F  c_w.l(libinit2.o)
    0x000001c2   0x000001c2   0x00000000   Code   RO         3192    .ARM.Collect$$libinit$$00000021  c_w.l(libinit2.o)
    0x000001c2   0x000001c2   0x00000000   Code   RO         3194    .ARM.Collect$$libinit$$00000023  c_w.l(libinit2.o)
    0x000001c2   0x000001c2   0x00000000   Code   RO         3196    .ARM.Collect$$libinit$$00000025  c_w.l(libinit2.o)
    0x000001c2   0x000001c2   0x00000000   Code   RO         3200    .ARM.Collect$$libinit$$0000002C  c_w.l(libinit2.o)
    0x000001c2   0x000001c2   0x00000000   Code   RO         3202    .ARM.Collect$$libinit$$0000002E  c_w.l(libinit2.o)
    0x000001c2   0x000001c2   0x00000000   Code   RO         3204    .ARM.Collect$$libinit$$00000030  c_w.l(libinit2.o)
    0x000001c2   0x000001c2   0x00000000   Code   RO         3206    .ARM.Collect$$libinit$$00000032  c_w.l(libinit2.o)
    0x000001c2   0x000001c2   0x00000002   Code   RO         3207    .ARM.Collect$$libinit$$00000033  c_w.l(libinit2.o)
    0x000001c4   0x000001c4   0x00000002   Code   RO         3235    .ARM.Collect$$libshutdown$$00000000  c_w.l(libshutdown.o)
    0x000001c6   0x000001c6   0x00000000   Code   RO         3249    .ARM.Collect$$libshutdown$$00000002  c_w.l(libshutdown2.o)
    0x000001c6   0x000001c6   0x00000000   Code   RO         3251    .ARM.Collect$$libshutdown$$00000004  c_w.l(libshutdown2.o)
    0x000001c6   0x000001c6   0x00000000   Code   RO         3254    .ARM.Collect$$libshutdown$$00000007  c_w.l(libshutdown2.o)
    0x000001c6   0x000001c6   0x00000000   Code   RO         3257    .ARM.Collect$$libshutdown$$0000000A  c_w.l(libshutdown2.o)
    0x000001c6   0x000001c6   0x00000000   Code   RO         3259    .ARM.Collect$$libshutdown$$0000000C  c_w.l(libshutdown2.o)
    0x000001c6   0x000001c6   0x00000000   Code   RO         3262    .ARM.Collect$$libshutdown$$0000000F  c_w.l(libshutdown2.o)
    0x000001c6   0x000001c6   0x00000002   Code   RO         3263    .ARM.Collect$$libshutdown$$00000010  c_w.l(libshutdown2.o)
    0x000001c8   0x000001c8   0x00000000   Code   RO         3030    .ARM.Collect$$rtentry$$00000000  c_w.l(__rtentry.o)
    0x000001c8   0x000001c8   0x00000000   Code   RO         3105    .ARM.Collect$$rtentry$$00000002  c_w.l(__rtentry2.o)
    0x000001c8   0x000001c8   0x00000006   Code   RO         3117    .ARM.Collect$$rtentry$$00000004  c_w.l(__rtentry4.o)
    0x000001ce   0x000001ce   0x00000000   Code   RO         3107    .ARM.Collect$$rtentry$$00000009  c_w.l(__rtentry2.o)
    0x000001ce   0x000001ce   0x00000004   Code   RO         3108    .ARM.Collect$$rtentry$$0000000A  c_w.l(__rtentry2.o)
    0x000001d2   0x000001d2   0x00000000   Code   RO         3110    .ARM.Collect$$rtentry$$0000000C  c_w.l(__rtentry2.o)
    0x000001d2   0x000001d2   0x00000008   Code   RO         3111    .ARM.Collect$$rtentry$$0000000D  c_w.l(__rtentry2.o)
    0x000001da   0x000001da   0x00000002   Code   RO         3157    .ARM.Collect$$rtexit$$00000000  c_w.l(rtexit.o)
    0x000001dc   0x000001dc   0x00000000   Code   RO         3209    .ARM.Collect$$rtexit$$00000002  c_w.l(rtexit2.o)
    0x000001dc   0x000001dc   0x00000004   Code   RO         3210    .ARM.Collect$$rtexit$$00000003  c_w.l(rtexit2.o)
    0x000001e0   0x000001e0   0x00000006   Code   RO         3211    .ARM.Collect$$rtexit$$00000004  c_w.l(rtexit2.o)
    0x000001e6   0x000001e6   0x00000002   PAD
    0x000001e8   0x000001e8   0x0000003c   Code   RO         1814    .text               startup_msp432p401r_uvision.o
    0x00000224   0x00000224   0x00000002   Code   RO         2910    .text               c_w.l(use_no_semi_2.o)
    0x00000226   0x00000226   0x00000048   Code   RO         2912    .text               c_w.l(llsdiv.o)
    0x0000026e   0x0000026e   0x00000002   PAD
    0x00000270   0x00000270   0x00000018   Code   RO         2916    .text               c_w.l(noretval__2printf.o)
    0x00000288   0x00000288   0x00000138   Code   RO         2957    .text               c_w.l(__printf_flags_wp.o)
    0x000003c0   0x000003c0   0x00000058   Code   RO         2968    .text               c_w.l(memcmp.o)
    0x00000418   0x00000418   0x00000010   Code   RO         2972    .text               c_w.l(aeabi_memset.o)
    0x00000428   0x00000428   0x0000004e   Code   RO         2974    .text               c_w.l(rt_memclr_w.o)
    0x00000476   0x00000476   0x00000006   Code   RO         2976    .text               c_w.l(heapauxi.o)
    0x0000047c   0x0000047c   0x00000002   Code   RO         3028    .text               c_w.l(use_no_semi.o)
    0x0000047e   0x0000047e   0x000000ee   Code   RO         3031    .text               c_w.l(lludivv7m.o)
    0x0000056c   0x0000056c   0x00000016   Code   RO         3033    .text               c_w.l(_rserrno.o)
    0x00000582   0x00000582   0x00000002   PAD
    0x00000584   0x00000584   0x00000024   Code   RO         3037    .text               c_w.l(_printf_char_file.o)
    0x000005a8   0x000005a8   0x00000044   Code   RO         3040    .text               c_w.l(rt_memclr.o)
    0x000005ec   0x000005ec   0x00000008   Code   RO         3126    .text               c_w.l(rt_errno_addr_intlibspace.o)
    0x000005f4   0x000005f4   0x00000030   Code   RO         3128    .text               c_w.l(_printf_char_common.o)
    0x00000624   0x00000624   0x00000008   Code   RO         3130    .text               c_w.l(ferror.o)
    0x0000062c   0x0000062c   0x00000008   Code   RO         3138    .text               c_w.l(libspace.o)
    0x00000634   0x00000634   0x0000004a   Code   RO         3141    .text               c_w.l(sys_stackheap_outer.o)
    0x0000067e   0x0000067e   0x00000012   Code   RO         3147    .text               c_w.l(exit.o)
    0x00000690   0x00000690   0x0000000c   Code   RO         1896    i.CS_setExternalClockSourceFrequency  msp432p4xx_driverlib.lib(cs.o)
    0x0000069c   0x0000069c   0x00000006   Code   RO         1899    i.CS_startHFXT      msp432p4xx_driverlib.lib(cs.o)
    0x000006a2   0x000006a2   0x00000002   PAD
    0x000006a4   0x000006a4   0x000000a0   Code   RO         1900    i.CS_startHFXTWithTimeout  msp432p4xx_driverlib.lib(cs.o)
    0x00000744   0x00000744   0x00000006   Code   RO         1901    i.CS_startLFXT      msp432p4xx_driverlib.lib(cs.o)
    0x0000074a   0x0000074a   0x00000002   PAD
    0x0000074c   0x0000074c   0x000000a0   Code   RO         1902    i.CS_startLFXTWithTimeout  msp432p4xx_driverlib.lib(cs.o)
    0x000007ec   0x000007ec   0x00000084   Code   RO          254    i.Encoder_Scan      bsp_encoder.o
    0x00000870   0x00000870   0x00000014   Code   RO         2144    i.GPIO_getInputPinValue  msp432p4xx_driverlib.lib(gpio.o)
    0x00000884   0x00000884   0x00000024   Code   RO         2148    i.GPIO_setAsInputPin  msp432p4xx_driverlib.lib(gpio.o)
    0x000008a8   0x000008a8   0x00000020   Code   RO         2151    i.GPIO_setAsOutputPin  msp432p4xx_driverlib.lib(gpio.o)
    0x000008c8   0x000008c8   0x00000014   Code   RO         2156    i.GPIO_setOutputHighOnPin  msp432p4xx_driverlib.lib(gpio.o)
    0x000008dc   0x000008dc   0x00000014   Code   RO         2157    i.GPIO_setOutputLowOnPin  msp432p4xx_driverlib.lib(gpio.o)
    0x000008f0   0x000008f0   0x00000010   Code   RO          514    i.I2C_SW_Configuration  oled.o
    0x00000900   0x00000900   0x00000014   Code   RO          515    i.I2C_Start         oled.o
    0x00000914   0x00000914   0x00000014   Code   RO          516    i.I2C_Stop          oled.o
    0x00000928   0x00000928   0x00000014   Code   RO          517    i.I2C_WaitAck       oled.o
    0x0000093c   0x0000093c   0x0000003a   Code   RO         1080    i.IIC_Ack           iic.o
    0x00000976   0x00000976   0x00000026   Code   RO         1081    i.IIC_Init          iic.o
    0x0000099c   0x0000099c   0x0000003a   Code   RO         1082    i.IIC_NAck          iic.o
    0x000009d6   0x000009d6   0x00000056   Code   RO         1083    i.IIC_Read_Byte     iic.o
    0x00000a2c   0x00000a2c   0x00000070   Code   RO         1084    i.IIC_Send_Byte     iic.o
    0x00000a9c   0x00000a9c   0x0000003a   Code   RO         1085    i.IIC_Start         iic.o
    0x00000ad6   0x00000ad6   0x0000003a   Code   RO         1086    i.IIC_Stop          iic.o
    0x00000b10   0x00000b10   0x0000004c   Code   RO         1087    i.IIC_Wait_Ack      iic.o
    0x00000b5c   0x00000b5c   0x00000010   Code   RO          297    i.KEY_Init          key.o
    0x00000b6c   0x00000b6c   0x000000c0   Code   RO          300    i.Key_Scan2         key.o
    0x00000c2c   0x00000c2c   0x0000000c   Code   RO          346    i.LED_B_Off         led.o
    0x00000c38   0x00000c38   0x0000000c   Code   RO          350    i.LED_G_Off         led.o
    0x00000c44   0x00000c44   0x00000030   Code   RO          353    i.LED_Init          led.o
    0x00000c74   0x00000c74   0x0000000c   Code   RO          355    i.LED_RED_Off       led.o
    0x00000c80   0x00000c80   0x0000000c   Code   RO          358    i.LED_R_Off         led.o
    0x00000c8c   0x00000c8c   0x00000044   Code   RO         1147    i.MPU_Get_Gyroscope  bsp_mpu6050.o
    0x00000cd0   0x00000cd0   0x00000096   Code   RO         1149    i.MPU_Init          bsp_mpu6050.o
    0x00000d66   0x00000d66   0x0000003a   Code   RO         1150    i.MPU_Read_Byte     bsp_mpu6050.o
    0x00000da0   0x00000da0   0x00000062   Code   RO         1151    i.MPU_Read_Len      bsp_mpu6050.o
    0x00000e02   0x00000e02   0x0000000a   Code   RO         1152    i.MPU_Set_Accel_Fsr  bsp_mpu6050.o
    0x00000e0c   0x00000e0c   0x0000000a   Code   RO         1153    i.MPU_Set_Gyro_Fsr  bsp_mpu6050.o
    0x00000e16   0x00000e16   0x00000030   Code   RO         1154    i.MPU_Set_LPF       bsp_mpu6050.o
    0x00000e46   0x00000e46   0x0000002c   Code   RO         1155    i.MPU_Set_Rate      bsp_mpu6050.o
    0x00000e72   0x00000e72   0x0000004a   Code   RO         1156    i.MPU_Write_Byte    bsp_mpu6050.o
    0x00000ebc   0x00000ebc   0x0000005a   Code   RO         1157    i.MPU_Write_Len     bsp_mpu6050.o
    0x00000f16   0x00000f16   0x00000002   PAD
    0x00000f18   0x00000f18   0x00000204   Code   RO            4    i.Menudisplay       main.o
    0x0000111c   0x0000111c   0x000000d4   Code   RO          479    i.Motor_Init        bsp_motor.o
    0x000011f0   0x000011f0   0x00000174   Code   RO          255    i.Motor_Init_bianmaqi  bsp_encoder.o
    0x00001364   0x00001364   0x0000003c   Code   RO          518    i.OLED_Clear        oled.o
    0x000013a0   0x000013a0   0x000000ee   Code   RO          524    i.OLED_Init         oled.o
    0x0000148e   0x0000148e   0x00000028   Code   RO          525    i.OLED_Set_Pos      oled.o
    0x000014b6   0x000014b6   0x000000fa   Code   RO          526    i.OLED_ShowBNum     oled.o
    0x000015b0   0x000015b0   0x00000094   Code   RO          528    i.OLED_ShowChar     oled.o
    0x00001644   0x00001644   0x0000003c   Code   RO          531    i.OLED_ShowString   oled.o
    0x00001680   0x00001680   0x0000003a   Code   RO          533    i.OLED_WR_Byte      oled.o
    0x000016ba   0x000016ba   0x00000002   PAD
    0x000016bc   0x000016bc   0x00000060   Code   RO         1013    i.PID1_Param_Init   pid.o
    0x0000171c   0x0000171c   0x0000000e   Code   RO         1014    i.PID1_Param_Input  pid.o
    0x0000172a   0x0000172a   0x00000002   PAD
    0x0000172c   0x0000172c   0x00000060   Code   RO         1017    i.PID2_Param_Init   pid.o
    0x0000178c   0x0000178c   0x0000000e   Code   RO         1018    i.PID2_Param_Input  pid.o
    0x0000179a   0x0000179a   0x00000002   PAD
    0x0000179c   0x0000179c   0x00000148   Code   RO          256    i.PORT4_IRQHandler  bsp_encoder.o
    0x000018e4   0x000018e4   0x00000010   Code   RO          676    i.Reflectance_Init2  reflectance.o
    0x000018f4   0x000018f4   0x00000010   Code   RO          679    i.Reflectance_Read2  reflectance.o
    0x00001904   0x00001904   0x00000038   Code   RO          534    i.Send_Byte         oled.o
    0x0000193c   0x0000193c   0x00000064   Code   RO          742    i.Servo_Init        bsp_servo.o
    0x000019a0   0x000019a0   0x00000010   Code   RO         2780    i.SysCtl_A_disableNMISource  msp432p4xx_driverlib.lib(sysctl_a.o)
    0x000019b0   0x000019b0   0x00000010   Code   RO         2785    i.SysCtl_A_enableNMISource  msp432p4xx_driverlib.lib(sysctl_a.o)
    0x000019c0   0x000019c0   0x00000010   Code   RO         2791    i.SysCtl_A_getNMISourceStatus  msp432p4xx_driverlib.lib(sysctl_a.o)
    0x000019d0   0x000019d0   0x000000a0   Code   RO          948    i.SysInit           sysinit.o
    0x00001a70   0x00001a70   0x00000060   Code   RO         1822    i.SystemInit        system_msp432p401r.o
    0x00001ad0   0x00001ad0   0x00000014   Code   RO          771    i.T32_INT1_IRQHandler  tim32.o
    0x00001ae4   0x00001ae4   0x00000014   Code   RO          216    i.T32_INT2_IRQHandler  myconfig.o
    0x00001af8   0x00001af8   0x00000044   Code   RO          217    i.TA0_0_IRQHandler  myconfig.o
    0x00001b3c   0x00001b3c   0x000000b0   Code   RO          810    i.TA2_N_IRQHandler  tima.o
    0x00001bec   0x00001bec   0x00000054   Code   RO          811    i.TimA0_Int_Init    tima.o
    0x00001c40   0x00001c40   0x00000010   Code   RO         2437    i.Timer_A_getCaptureCompareCount  msp432p4xx_driverlib.lib(timer_a.o)
    0x00001c50   0x00001c50   0x00000016   Code   RO         2631    i.UART_transmitData  msp432p4xx_driverlib.lib(uart.o)
    0x00001c66   0x00001c66   0x00000002   PAD
    0x00001c68   0x00001c68   0x00000098   Code   RO         1906    i._CSGetHFXTFrequency  msp432p4xx_driverlib.lib(cs.o)
    0x00001d00   0x00001d00   0x00000030   Code   RO         3087    i.__ARM_fpclassify  m_wm.l(fpclassify.o)
    0x00001d30   0x00001d30   0x00000360   Code   RO         3002    i.__hardfp_asin     m_wm.l(asin.o)
    0x00002090   0x00002090   0x000002d8   Code   RO         3053    i.__hardfp_atan     m_wm.l(atan.o)
    0x00002368   0x00002368   0x000001f0   Code   RO         3016    i.__hardfp_atan2    m_wm.l(atan2.o)
    0x00002558   0x00002558   0x000000f8   Code   RO         3089    i.__kernel_poly     m_wm.l(poly.o)
    0x00002650   0x00002650   0x00000014   Code   RO         3068    i.__mathlib_dbl_infnan  m_wm.l(dunder.o)
    0x00002664   0x00002664   0x00000014   Code   RO         3069    i.__mathlib_dbl_infnan2  m_wm.l(dunder.o)
    0x00002678   0x00002678   0x00000020   Code   RO         3070    i.__mathlib_dbl_invalid  m_wm.l(dunder.o)
    0x00002698   0x00002698   0x00000020   Code   RO         3073    i.__mathlib_dbl_underflow  m_wm.l(dunder.o)
    0x000026b8   0x000026b8   0x0000000e   Code   RO         2955    i._is_digit         c_w.l(__printf_wp.o)
    0x000026c6   0x000026c6   0x00000002   Code   RO          861    i._sys_exit         usart.o
    0x000026c8   0x000026c8   0x00000094   Code   RO         1447    i.accel_self_test   inv_mpu.o
    0x0000275c   0x0000275c   0x00000010   Code   RO         3055    i.atan              m_wm.l(atan.o)
    0x0000276c   0x0000276c   0x0000003c   Code   RO         1236    i.decode_gesture    inv_mpu_dmp_motion_driver.o
    0x000027a8   0x000027a8   0x00000018   Code   RO          973    i.delay_ms          delay.o
    0x000027c0   0x000027c0   0x00000016   Code   RO          974    i.delay_us          delay.o
    0x000027d6   0x000027d6   0x0000003c   Code   RO         1237    i.dmp_enable_6x_lp_quat  inv_mpu_dmp_motion_driver.o
    0x00002812   0x00002812   0x00000002   PAD
    0x00002814   0x00002814   0x000001ec   Code   RO         1238    i.dmp_enable_feature  inv_mpu_dmp_motion_driver.o
    0x00002a00   0x00002a00   0x00000058   Code   RO         1239    i.dmp_enable_gyro_cal  inv_mpu_dmp_motion_driver.o
    0x00002a58   0x00002a58   0x0000003c   Code   RO         1240    i.dmp_enable_lp_quat  inv_mpu_dmp_motion_driver.o
    0x00002a94   0x00002a94   0x00000014   Code   RO         1245    i.dmp_load_motion_driver_firmware  inv_mpu_dmp_motion_driver.o
    0x00002aa8   0x00002aa8   0x00000184   Code   RO         1246    i.dmp_read_fifo     inv_mpu_dmp_motion_driver.o
    0x00002c2c   0x00002c2c   0x0000010c   Code   RO         1249    i.dmp_set_accel_bias  inv_mpu_dmp_motion_driver.o
    0x00002d38   0x00002d38   0x00000070   Code   RO         1250    i.dmp_set_fifo_rate  inv_mpu_dmp_motion_driver.o
    0x00002da8   0x00002da8   0x00000108   Code   RO         1251    i.dmp_set_gyro_bias  inv_mpu_dmp_motion_driver.o
    0x00002eb0   0x00002eb0   0x00000118   Code   RO         1253    i.dmp_set_orientation  inv_mpu_dmp_motion_driver.o
    0x00002fc8   0x00002fc8   0x00000030   Code   RO         1256    i.dmp_set_shake_reject_thresh  inv_mpu_dmp_motion_driver.o
    0x00002ff8   0x00002ff8   0x00000020   Code   RO         1257    i.dmp_set_shake_reject_time  inv_mpu_dmp_motion_driver.o
    0x00003018   0x00003018   0x00000020   Code   RO         1258    i.dmp_set_shake_reject_timeout  inv_mpu_dmp_motion_driver.o
    0x00003038   0x00003038   0x00000038   Code   RO         1259    i.dmp_set_tap_axes  inv_mpu_dmp_motion_driver.o
    0x00003070   0x00003070   0x00000022   Code   RO         1260    i.dmp_set_tap_count  inv_mpu_dmp_motion_driver.o
    0x00003092   0x00003092   0x00000002   PAD
    0x00003094   0x00003094   0x0000019c   Code   RO         1261    i.dmp_set_tap_thresh  inv_mpu_dmp_motion_driver.o
    0x00003230   0x00003230   0x00000020   Code   RO         1262    i.dmp_set_tap_time  inv_mpu_dmp_motion_driver.o
    0x00003250   0x00003250   0x00000020   Code   RO         1263    i.dmp_set_tap_time_multi  inv_mpu_dmp_motion_driver.o
    0x00003270   0x00003270   0x00000018   Code   RO         3083    i.fabs              m_wm.l(fabs.o)
    0x00003288   0x00003288   0x00000014   Code   RO          862    i.fputc             usart.o
    0x0000329c   0x0000329c   0x000000b8   Code   RO         1448    i.get_accel_prod_shift  inv_mpu.o
    0x00003354   0x00003354   0x000003d8   Code   RO         1449    i.get_st_biases     inv_mpu.o
    0x0000372c   0x0000372c   0x000000d8   Code   RO         1450    i.gyro_self_test    inv_mpu.o
    0x00003804   0x00003804   0x00000024   Code   RO         1451    i.inv_orientation_matrix_to_scalar  inv_mpu.o
    0x00003828   0x00003828   0x00000048   Code   RO         1452    i.inv_row_2_scale   inv_mpu.o
    0x00003870   0x00003870   0x00000088   Code   RO            5    i.main              main.o
    0x000038f8   0x000038f8   0x00000006   Code   RO         1453    i.mget_ms           inv_mpu.o
    0x000038fe   0x000038fe   0x00000002   PAD
    0x00003900   0x00003900   0x00000060   Code   RO         1454    i.mpu_configure_fifo  inv_mpu.o
    0x00003960   0x00003960   0x00000164   Code   RO         1455    i.mpu_dmp_get_data  inv_mpu.o
    0x00003ac4   0x00003ac4   0x0000008c   Code   RO         1456    i.mpu_dmp_init      inv_mpu.o
    0x00003b50   0x00003b50   0x00000044   Code   RO         1457    i.mpu_get_accel_fsr  inv_mpu.o
    0x00003b94   0x00003b94   0x0000004c   Code   RO         1459    i.mpu_get_accel_sens  inv_mpu.o
    0x00003be0   0x00003be0   0x00000010   Code   RO         1464    i.mpu_get_fifo_config  inv_mpu.o
    0x00003bf0   0x00003bf0   0x00000040   Code   RO         1465    i.mpu_get_gyro_fsr  inv_mpu.o
    0x00003c30   0x00003c30   0x00000058   Code   RO         1467    i.mpu_get_gyro_sens  inv_mpu.o
    0x00003c88   0x00003c88   0x00000044   Code   RO         1469    i.mpu_get_lpf       inv_mpu.o
    0x00003ccc   0x00003ccc   0x0000001c   Code   RO         1471    i.mpu_get_sample_rate  inv_mpu.o
    0x00003ce8   0x00003ce8   0x000000b4   Code   RO         1474    i.mpu_load_firmware  inv_mpu.o
    0x00003d9c   0x00003d9c   0x000000d0   Code   RO         1475    i.mpu_lp_accel_mode  inv_mpu.o
    0x00003e6c   0x00003e6c   0x000000ac   Code   RO         1478    i.mpu_read_fifo_stream  inv_mpu.o
    0x00003f18   0x00003f18   0x00000070   Code   RO         1479    i.mpu_read_mem      inv_mpu.o
    0x00003f88   0x00003f88   0x0000016c   Code   RO         1482    i.mpu_reset_fifo    inv_mpu.o
    0x000040f4   0x000040f4   0x000000f8   Code   RO         1483    i.mpu_run_self_test  inv_mpu.o
    0x000041ec   0x000041ec   0x00000074   Code   RO         1485    i.mpu_set_accel_fsr  inv_mpu.o
    0x00004260   0x00004260   0x00000118   Code   RO         1486    i.mpu_set_bypass    inv_mpu.o
    0x00004378   0x00004378   0x0000007c   Code   RO         1488    i.mpu_set_dmp_state  inv_mpu.o
    0x000043f4   0x000043f4   0x00000078   Code   RO         1489    i.mpu_set_gyro_fsr  inv_mpu.o
    0x0000446c   0x0000446c   0x00000060   Code   RO         1490    i.mpu_set_int_latched  inv_mpu.o
    0x000044cc   0x000044cc   0x0000007c   Code   RO         1492    i.mpu_set_lpf       inv_mpu.o
    0x00004548   0x00004548   0x00000084   Code   RO         1493    i.mpu_set_sample_rate  inv_mpu.o
    0x000045cc   0x000045cc   0x000000b0   Code   RO         1494    i.mpu_set_sensors   inv_mpu.o
    0x0000467c   0x0000467c   0x00000070   Code   RO         1495    i.mpu_write_mem     inv_mpu.o
    0x000046ec   0x000046ec   0x00000010   Code   RO          535    i.oled_pow          oled.o
    0x000046fc   0x000046fc   0x00000088   Code   RO         1496    i.run_self_test     inv_mpu.o
    0x00004784   0x00004784   0x00000074   Code   RO         1497    i.set_int_enable    inv_mpu.o
    0x000047f8   0x000047f8   0x0000006e   Code   RO         3094    i.sqrt              m_wm.l(sqrt.o)
    0x00004866   0x00004866   0x00000018   Code   RO         3042    x$fpl$basic         fz_wm.l(basic.o)
    0x0000487e   0x0000487e   0x00000002   PAD
    0x00004880   0x00004880   0x00000062   Code   RO         2980    x$fpl$d2f           fz_wm.l(d2f.o)
    0x000048e2   0x000048e2   0x00000002   PAD
    0x000048e4   0x000048e4   0x00000150   Code   RO         2982    x$fpl$dadd          fz_wm.l(daddsub_clz.o)
    0x00004a34   0x00004a34   0x000002b0   Code   RO         2989    x$fpl$ddiv          fz_wm.l(ddiv.o)
    0x00004ce4   0x00004ce4   0x00000154   Code   RO         2998    x$fpl$dmul          fz_wm.l(dmul.o)
    0x00004e38   0x00004e38   0x0000009c   Code   RO         3044    x$fpl$dnaninf       fz_wm.l(dnaninf.o)
    0x00004ed4   0x00004ed4   0x0000000c   Code   RO         3046    x$fpl$dretinf       fz_wm.l(dretinf.o)
    0x00004ee0   0x00004ee0   0x00000016   Code   RO         2983    x$fpl$drsb          fz_wm.l(daddsub_clz.o)
    0x00004ef6   0x00004ef6   0x00000002   PAD
    0x00004ef8   0x00004ef8   0x00000198   Code   RO         3136    x$fpl$dsqrt         fz_wm.l(dsqrt_umaal.o)
    0x00005090   0x00005090   0x000001d4   Code   RO         2984    x$fpl$dsub          fz_wm.l(daddsub_clz.o)
    0x00005264   0x00005264   0x00000056   Code   RO         3000    x$fpl$f2d           fz_wm.l(f2d.o)
    0x000052ba   0x000052ba   0x0000008c   Code   RO         3048    x$fpl$fnaninf       fz_wm.l(fnaninf.o)
    0x00005346   0x00005346   0x0000000a   Code   RO         3223    x$fpl$fpinit        fz_wm.l(fpinit.o)
    0x00005350   0x00005350   0x0000000a   Code   RO         3050    x$fpl$fretinf       fz_wm.l(fretinf.o)
    0x0000535a   0x0000535a   0x00000000   Code   RO         3052    x$fpl$usenofp       fz_wm.l(usenofp.o)
    0x0000535a   0x0000535a   0x0000090a   Data   RO          536    .constdata          oled.o
    0x00005c64   0x00005c64   0x00000bf6   Data   RO         1265    .constdata          inv_mpu_dmp_motion_driver.o
    0x0000685a   0x0000685a   0x0000001b   Data   RO         1499    .constdata          inv_mpu.o
    0x00006875   0x00006875   0x00000001   PAD
    0x00006876   0x00006876   0x0000000c   Data   RO         1500    .constdata          inv_mpu.o
    0x00006882   0x00006882   0x00000002   PAD
    0x00006884   0x00006884   0x00000028   Data   RO         1501    .constdata          inv_mpu.o
    0x000068ac   0x000068ac   0x0000004c   Data   RO         2160    .constdata          msp432p4xx_driverlib.lib(gpio.o)
    0x000068f8   0x000068f8   0x00000011   Data   RO         2958    .constdata          c_w.l(__printf_flags_wp.o)
    0x00006909   0x00006909   0x00000007   PAD
    0x00006910   0x00006910   0x00000050   Data   RO         3005    .constdata          m_wm.l(asin.o)
    0x00006960   0x00006960   0x00000098   Data   RO         3056    .constdata          m_wm.l(atan.o)
    0x000069f8   0x000069f8   0x00000008   Data   RO         3091    .constdata          m_wm.l(qnan.o)
    0x00006a00   0x00006a00   0x00000020   Data   RO         3281    Region$$Table       anon$$obj.o


    Execution Region RW_IRAM1 (Exec base: 0x20000000, Load base: 0x00006a20, Size: 0x00000358, Max: 0x00010000, ABSOLUTE)

    Exec Addr    Load Addr    Size         Type   Attr      Idx    E Section Name        Object

    0x20000000   0x00006a20   0x00000002   Data   RW            6    .data               main.o
    0x20000002   0x00006a22   0x00000001   Data   RW          218    .data               myconfig.o
    0x20000003   0x00006a23   0x00000001   Data   RW          219    .data               myconfig.o
    0x20000004   0x00006a24   0x00000004   Data   RW          815    .data               tima.o
    0x20000008   0x00006a28   0x00000004   Data   RW          865    .data               usart.o
    0x2000000c   0x00006a2c   0x00000035   Data   RW         1503    .data               inv_mpu.o
    0x20000041   0x00006a61   0x00000003   PAD
    0x20000044   0x00006a64   0x00000008   Data   RW         1907    .data               msp432p4xx_driverlib.lib(cs.o)
    0x2000004c        -       0x00000040   Zero   RW          257    .bss                bsp_encoder.o
    0x2000008c        -       0x00000010   Zero   RW          301    .bss                key.o
    0x2000009c        -       0x00000024   Zero   RW         1020    .bss                pid.o
    0x200000c0        -       0x00000024   Zero   RW         1021    .bss                pid.o
    0x200000e4        -       0x00000010   Zero   RW         1264    .bss                inv_mpu_dmp_motion_driver.o
    0x200000f4        -       0x00000060   Zero   RW         3139    .bss                c_w.l(libspace.o)
    0x20000154   0x00006a6c   0x00000004   PAD
    0x20000158        -       0x00000000   Zero   RW         1812    HEAP                startup_msp432p401r_uvision.o
    0x20000158        -       0x00000200   Zero   RW         1811    STACK               startup_msp432p401r_uvision.o



  Load Region LR_IROM2 (Base: 0x00200000, Size: 0x00000000, Max: 0x00004000, ABSOLUTE)

    Execution Region ER_IROM2 (Exec base: 0x00200000, Load base: 0x00200000, Size: 0x00000000, Max: 0x00004000, ABSOLUTE)

    **** No section assigned to this execution region ****


==============================================================================

Image component sizes


      Code (inc. data)   RO Data    RW Data    ZI Data      Debug   Object Name

       832         36          0          0         64       4827   bsp_encoder.o
       212         10          0          0          0        677   bsp_motor.o
       650          0          0          0          0       7643   bsp_mpu6050.o
       100          8          0          0          0        629   bsp_servo.o
        46          0          0          0          0       1130   delay.o
       544          0          0          0          0       4830   iic.o
      5462        220         79         53          0      39248   inv_mpu.o
      2770        132       3062          0         16      22386   inv_mpu_dmp_motion_driver.o
       208         12          0          0         16       2770   key.o
        96         20          0          0          0       2481   led.o
       652         98          0          2          0      16405   main.o
        88         20          0          2          0       1365   myconfig.o
      1002         38       2314          0          0       9758   oled.o
       220         80          0          0         72       3932   pid.o
        32         12          0          0          0       1132   reflectance.o
        60         22        324          0        512        960   startup_msp432p401r_uvision.o
       160         14          0          0          0        582   sysinit.o
        96         20          0          0          0        573   system_msp432p401r.o
        20         10          0          0          0        510   tim32.o
       260         24          0          4          0       1630   tima.o
        22          4          0          4          0       3454   usart.o

    ----------------------------------------------------------------------
     13546        780       5814         68        680     126922   Object Totals
         0          0         32          0          0          0   (incl. Generated)
        14          0          3          3          0          0   (incl. Padding)

    ----------------------------------------------------------------------

      Code (inc. data)   RO Data    RW Data    ZI Data      Debug   Library Member Name

         8          0          0          0          0         68   __main.o
       312          4         17          0          0         92   __printf_flags_wp.o
        14          0          0          0          0         68   __printf_wp.o
         0          0          0          0          0          0   __rtentry.o
        12          0          0          0          0          0   __rtentry2.o
         6          0          0          0          0          0   __rtentry4.o
        52          8          0          0          0          0   __scatter.o
        26          0          0          0          0          0   __scatter_copy.o
        28          0          0          0          0          0   __scatter_zi.o
        48          6          0          0          0         96   _printf_char_common.o
        36          4          0          0          0         80   _printf_char_file.o
         0          0          0          0          0          0   _printf_percent.o
         4          0          0          0          0          0   _printf_percent_end.o
        22          0          0          0          0        100   _rserrno.o
        16          0          0          0          0         68   aeabi_memset.o
        18          0          0          0          0         80   exit.o
         8          0          0          0          0         68   ferror.o
         6          0          0          0          0        152   heapauxi.o
         2          0          0          0          0          0   libinit.o
         6          0          0          0          0          0   libinit2.o
         2          0          0          0          0          0   libshutdown.o
         2          0          0          0          0          0   libshutdown2.o
         8          4          0          0         96         68   libspace.o
        72          0          0          0          0         76   llsdiv.o
       238          0          0          0          0        100   lludivv7m.o
        88          0          0          0          0         76   memcmp.o
        24          4          0          0          0         84   noretval__2printf.o
         8          4          0          0          0         68   rt_errno_addr_intlibspace.o
        68          0          0          0          0         68   rt_memclr.o
        78          0          0          0          0         80   rt_memclr_w.o
         2          0          0          0          0          0   rtexit.o
        10          0          0          0          0          0   rtexit2.o
        74          0          0          0          0         80   sys_stackheap_outer.o
         2          0          0          0          0         68   use_no_semi.o
         2          0          0          0          0         68   use_no_semi_2.o
        24          0          0          0          0        164   basic.o
        98          4          0          0          0        140   d2f.o
       826         16          0          0          0        492   daddsub_clz.o
       688        140          0          0          0        256   ddiv.o
       340         12          0          0          0        152   dmul.o
       156          4          0          0          0        140   dnaninf.o
        12          0          0          0          0        116   dretinf.o
       408         56          0          0          0        168   dsqrt_umaal.o
        86          4          0          0          0        132   f2d.o
       140          4          0          0          0        132   fnaninf.o
        10          0          0          0          0        116   fpinit.o
        10          0          0          0          0        116   fretinf.o
         0          0          0          0          0          0   usenofp.o
       864         94         80          0          0        280   asin.o
       744        106        152          0          0        352   atan.o
       496         64          0          0          0        192   atan2.o
       104         16          0          0          0        496   dunder.o
        24          0          0          0          0        124   fabs.o
        48          0          0          0          0        124   fpclassify.o
       248          0          0          0          0        152   poly.o
         0          0          8          0          0          0   qnan.o
       110          0          0          0          0        148   sqrt.o
       496         82          0          8          0      12196   cs.o
       128         26         76          0          0       4516   gpio.o
        48         18          0          0          0       1841   sysctl_a.o
        16          0          0          0          0        725   timer_a.o
        22          0          0          0          0        652   uart.o

    ----------------------------------------------------------------------
      7468        680        340          8        100      25630   Library Totals
        20          0          7          0          4          0   (incl. Padding)

    ----------------------------------------------------------------------

      Code (inc. data)   RO Data    RW Data    ZI Data      Debug   Library Name

      1302         34         17          0         96       1708   c_w.l
      2798        240          0          0          0       2124   fz_wm.l
      2638        280        240          0          0       1868   m_wm.l
       710        126         76          8          0      19930   msp432p4xx_driverlib.lib

    ----------------------------------------------------------------------
      7468        680        340          8        100      25630   Library Totals

    ----------------------------------------------------------------------

==============================================================================


      Code (inc. data)   RO Data    RW Data    ZI Data      Debug   

     21014       1460       6154         76        780     137268   Grand Totals
     21014       1460       6154         76        780     137268   ELF Image Totals
     21014       1460       6154         76          0          0   ROM Totals

==============================================================================

    Total RO  Size (Code + RO Data)                27168 (  26.53kB)
    Total RW  Size (RW Data + ZI Data)               856 (   0.84kB)
    Total ROM Size (Code + RO Data + RW Data)      27244 (  26.61kB)

==============================================================================

