Component: ARM Compiler 5.06 update 1 (build 61) Tool: armlink [4d35a8]

==============================================================================

Section Cross References

    main.o(i.Menudisplay) refers to oled.o(i.OLED_Clear) for OLED_Clear
    main.o(i.Menudisplay) refers to bsp_mpu6050.o(i.MPU_Get_Gyroscope) for MPU_Get_Gyroscope
    main.o(i.Menudisplay) refers to inv_mpu.o(i.mpu_dmp_get_data) for mpu_dmp_get_data
    main.o(i.Menudisplay) refers to oled.o(i.OLED_ShowString) for OLED_ShowString
    main.o(i.Menudisplay) refers to oled.o(i.OLED_ShowBNum) for OLED_ShowBNum
    main.o(i.Menudisplay) refers to oled.o(i.OLED_ShowNum) for OLED_ShowNum
    main.o(i.Menudisplay) refers to main.o(.data) for .data
    main.o(i.Menudisplay) refers to key.o(.bss) for Keys
    main.o(i.Menudisplay) refers to myconfig.o(.data) for ble_com
    main.o(i.Menudisplay) refers to bsp_encoder.o(.bss) for Encoder
    main.o(i.main) refers to _printf_percent.o(.ARM.Collect$$_printf_percent$$00000000) for _printf_percent
    main.o(i.main) refers to _printf_x.o(.ARM.Collect$$_printf_percent$$0000000C) for _printf_x
    main.o(i.main) refers to _printf_hex_int.o(.text) for _printf_longlong_hex
    main.o(i.main) refers to sysinit.o(i.SysInit1) for SysInit1
    main.o(i.main) refers to usart.o(i.uart_init0) for uart_init0
    main.o(i.main) refers to usart.o(i.uart_init) for uart_init
    main.o(i.main) refers to key.o(i.KEY_Init) for KEY_Init
    main.o(i.main) refers to led.o(i.LED_Init) for LED_Init
    main.o(i.main) refers to oled.o(i.OLED_Init) for OLED_Init
    main.o(i.main) refers to reflectance.o(i.Reflectance_Init2) for Reflectance_Init2
    main.o(i.main) refers to tima.o(i.TimA0_Int_Init) for TimA0_Int_Init
    main.o(i.main) refers to bsp_servo.o(i.Servo_Init) for Servo_Init
    main.o(i.main) refers to bsp_motor.o(i.Motor_Init) for Motor_Init
    main.o(i.main) refers to bsp_encoder.o(i.Motor_Init_bianmaqi) for Motor_Init_bianmaqi
    main.o(i.main) refers to bsp_mpu6050.o(i.MPU_Init) for MPU_Init
    main.o(i.main) refers to protocol.o(i.protocol_init) for protocol_init
    main.o(i.main) refers to bsp_pid.o(i.PID_param_init) for PID_param_init
    main.o(i.main) refers to bsp_pid.o(i.set_pid_target) for set_pid_target
    main.o(i.main) refers to noretval__2printf.o(.text) for __2printf
    main.o(i.main) refers to protocol.o(i.set_computer_value) for set_computer_value
    main.o(i.main) refers to protocol.o(i.receiving_process) for receiving_process
    main.o(i.main) refers to reflectance.o(i.Reflectance_Read2) for Reflectance_Read2
    main.o(i.main) refers to main.o(i.Menudisplay) for Menudisplay
    main.o(i.main) refers to bsp_pid.o(.bss) for move_pid
    main.o(i.main) refers to myconfig.o(.data) for Reflectance_Data
    main.o(i.main) refers to main.o(.data) for .data
    myconfig.o(i.EUSCIA0_IRQHandler) refers to uart.o(i.UART_getEnabledInterruptStatus) for UART_getEnabledInterruptStatus
    myconfig.o(i.EUSCIA0_IRQHandler) refers to protocol.o(i.protocol_data_recv) for protocol_data_recv
    myconfig.o(i.EUSCIA2_IRQHandler) refers to uart.o(i.UART_getEnabledInterruptStatus) for UART_getEnabledInterruptStatus
    myconfig.o(i.EUSCIA2_IRQHandler) refers to myconfig.o(.data) for .data
    myconfig.o(i.TA0_0_IRQHandler) refers to key.o(i.Key_Scan2) for Key_Scan2
    myconfig.o(i.TA0_0_IRQHandler) refers to bsp_encoder.o(i.Encoder_Scan) for Encoder_Scan
    myconfig.o(i.TA0_0_IRQHandler) refers to bsp_pid.o(i.PID_realize) for PID_realize
    myconfig.o(i.TA0_0_IRQHandler) refers to bsp_motor.o(i.Set_PWM) for Set_PWM
    myconfig.o(i.TA0_0_IRQHandler) refers to myconfig.o(.data) for .data
    myconfig.o(i.TA0_0_IRQHandler) refers to bsp_encoder.o(.bss) for Encoder
    myconfig.o(i.TA0_0_IRQHandler) refers to bsp_pid.o(.bss) for move_pid
    bsp_encoder.o(i.Encoder_Scan) refers to bsp_encoder.o(.bss) for .bss
    bsp_encoder.o(i.PORT4_IRQHandler) refers to bsp_encoder.o(.bss) for .bss
    key.o(i.KEY_Scan) refers to key.o(.data) for .data
    key.o(i.Key_Scan) refers to key.o(.data) for .data
    key.o(i.Key_Scan2) refers to key.o(.bss) for .bss
    led.o(i.LED_C_On) refers to led.o(i.LED_R_Off) for LED_R_Off
    led.o(i.LED_C_On) refers to led.o(i.LED_G_On) for LED_G_On
    led.o(i.LED_C_On) refers to led.o(i.LED_B_On) for LED_B_On
    led.o(i.LED_Init) refers to led.o(i.LED_RED_Off) for LED_RED_Off
    led.o(i.LED_Init) refers to led.o(i.LED_R_Off) for LED_R_Off
    led.o(i.LED_Init) refers to led.o(i.LED_G_Off) for LED_G_Off
    led.o(i.LED_Init) refers to led.o(i.LED_B_Off) for LED_B_Off
    led.o(i.LED_P_On) refers to led.o(i.LED_R_On) for LED_R_On
    led.o(i.LED_P_On) refers to led.o(i.LED_G_Off) for LED_G_Off
    led.o(i.LED_P_On) refers to led.o(i.LED_B_On) for LED_B_On
    led.o(i.LED_W_Off) refers to led.o(i.LED_R_Off) for LED_R_Off
    led.o(i.LED_W_Off) refers to led.o(i.LED_G_Off) for LED_G_Off
    led.o(i.LED_W_Off) refers to led.o(i.LED_B_Off) for LED_B_Off
[...]
    i.IIC_Wait_Ack                           0x00000cbc   Section        0  iic.o(i.IIC_Wait_Ack)
    i.Interrupt_enableInterrupt              0x00000d08   Section        0  interrupt.o(i.Interrupt_enableInterrupt)
    i.Interrupt_enableMaster                 0x00000d64   Section        0  interrupt.o(i.Interrupt_enableMaster)
    i.KEY_Init                               0x00000d74   Section        0  key.o(i.KEY_Init)
    i.Key_Scan2                              0x00000d84   Section        0  key.o(i.Key_Scan2)
    i.LED_B_Off                              0x00000e44   Section        0  led.o(i.LED_B_Off)
    i.LED_G_Off                              0x00000e50   Section        0  led.o(i.LED_G_Off)
    i.LED_Init                               0x00000e5c   Section        0  led.o(i.LED_Init)
    i.LED_RED_Off                            0x00000e8c   Section        0  led.o(i.LED_RED_Off)
    i.LED_R_Off                              0x00000e98   Section        0  led.o(i.LED_R_Off)
    i.MPU_Get_Gyroscope                      0x00000ea4   Section        0  bsp_mpu6050.o(i.MPU_Get_Gyroscope)
    i.MPU_Init                               0x00000ee8   Section        0  bsp_mpu6050.o(i.MPU_Init)
    i.MPU_Read_Byte                          0x00000f7e   Section        0  bsp_mpu6050.o(i.MPU_Read_Byte)
    i.MPU_Read_Len                           0x00000fb8   Section        0  bsp_mpu6050.o(i.MPU_Read_Len)
    i.MPU_Set_Accel_Fsr                      0x0000101a   Section        0  bsp_mpu6050.o(i.MPU_Set_Accel_Fsr)
    i.MPU_Set_Gyro_Fsr                       0x00001024   Section        0  bsp_mpu6050.o(i.MPU_Set_Gyro_Fsr)
    i.MPU_Set_LPF                            0x0000102e   Section        0  bsp_mpu6050.o(i.MPU_Set_LPF)
    i.MPU_Set_Rate                           0x0000105e   Section        0  bsp_mpu6050.o(i.MPU_Set_Rate)
    i.MPU_Write_Byte                         0x0000108a   Section        0  bsp_mpu6050.o(i.MPU_Write_Byte)
    i.MPU_Write_Len                          0x000010d4   Section        0  bsp_mpu6050.o(i.MPU_Write_Len)
    i.Menudisplay                            0x00001130   Section        0  main.o(i.Menudisplay)
    i.Motor_Control                          0x0000134c   Section        0  bsp_motor.o(i.Motor_Control)
    i.Motor_Init                             0x000014a0   Section        0  bsp_motor.o(i.Motor_Init)
    i.Motor_Init_bianmaqi                    0x00001574   Section        0  bsp_encoder.o(i.Motor_Init_bianmaqi)
    i.OLED_Clear                             0x000016e8   Section        0  oled.o(i.OLED_Clear)
    i.OLED_Init                              0x00001724   Section        0  oled.o(i.OLED_Init)
    i.OLED_Set_Pos                           0x00001812   Section        0  oled.o(i.OLED_Set_Pos)
    i.OLED_ShowBNum                          0x0000183a   Section        0  oled.o(i.OLED_ShowBNum)
    i.OLED_ShowChar                          0x00001934   Section        0  oled.o(i.OLED_ShowChar)
    i.OLED_ShowNum                           0x000019c8   Section        0  oled.o(i.OLED_ShowNum)
    i.OLED_ShowString                        0x00001a48   Section        0  oled.o(i.OLED_ShowString)
    i.OLED_WR_Byte                           0x00001a84   Section        0  oled.o(i.OLED_WR_Byte)
    i.PID_param_init                         0x00001ac0   Section        0  bsp_pid.o(i.PID_param_init)
    i.PID_realize                            0x00001b44   Section        0  bsp_pid.o(i.PID_realize)
    i.PORT4_IRQHandler                       0x00001b88   Section        0  bsp_encoder.o(i.PORT4_IRQHandler)
    i.Reflectance_Init2                      0x00001cd0   Section        0  reflectance.o(i.Reflectance_Init2)
    i.Reflectance_Read2                      0x00001ce0   Section        0  reflectance.o(i.Reflectance_Read2)
    i.Send_Byte                              0x00001cf0   Section        0  oled.o(i.Send_Byte)
    i.Servo_Init                             0x00001d28   Section        0  bsp_servo.o(i.Servo_Init)
    i.Set_PWM                                0x00001d8c   Section        0  bsp_motor.o(i.Set_PWM)
    i.SysCtl_A_disableNMISource              0x00001e0c   Section        0  sysctl_a.o(i.SysCtl_A_disableNMISource)
    i.SysCtl_A_enableNMISource               0x00001e1c   Section        0  sysctl_a.o(i.SysCtl_A_enableNMISource)
    i.SysCtl_A_getNMISourceStatus            0x00001e2c   Section        0  sysctl_a.o(i.SysCtl_A_getNMISourceStatus)
    i.SysCtl_A_getTLVInfo                    0x00001e3c   Section        0  sysctl_a.o(i.SysCtl_A_getTLVInfo)
    i.SysInit1                               0x00001e84   Section        0  sysinit.o(i.SysInit1)
    i.SystemInit                             0x00001f24   Section        0  system_msp432p401r.o(i.SystemInit)
    i.T32_INT1_IRQHandler                    0x00001f84   Section        0  tim32.o(i.T32_INT1_IRQHandler)
    i.T32_INT2_IRQHandler                    0x00001f98   Section        0  myconfig.o(i.T32_INT2_IRQHandler)
    i.TA0_0_IRQHandler                       0x00001fac   Section        0  myconfig.o(i.TA0_0_IRQHandler)
    i.TA2_N_IRQHandler                       0x00002010   Section        0  tima.o(i.TA2_N_IRQHandler)
    i.TimA0_Int_Init                         0x000020c0   Section        0  tima.o(i.TimA0_Int_Init)
    i.Timer_A_getCaptureCompareCount         0x00002114   Section        0  timer_a.o(i.Timer_A_getCaptureCompareCount)
    i.Timer_A_setCompareValue                0x00002124   Section        0  timer_a.o(i.Timer_A_setCompareValue)
    i.UART_enableInterrupt                   0x00002134   Section        0  uart.o(i.UART_enableInterrupt)
    i.UART_getEnabledInterruptStatus         0x0000214a   Section        0  uart.o(i.UART_getEnabledInterruptStatus)
    i.UART_initModule                        0x00002170   Section        0  uart.o(i.UART_initModule)
    i.UART_transmitData                      0x00002202   Section        0  uart.o(i.UART_transmitData)
    i.USART_SendCharArr                      0x00002218   Section        0  usart.o(i.USART_SendCharArr)
    i._CSComputeCLKFrequency                 0x00002240   Section        0  cs.o(i._CSComputeCLKFrequency)
    _CSComputeCLKFrequency                   0x00002241   Thumb Code   176  cs.o(i._CSComputeCLKFrequency)
    i._CSGetHFXTFrequency                    0x00002300   Section        0  cs.o(i._CSGetHFXTFrequency)
    _CSGetHFXTFrequency                      0x00002301   Thumb Code   106  cs.o(i._CSGetHFXTFrequency)
    i.__ARM_fpclassify                       0x00002398   Section        0  fpclassify.o(i.__ARM_fpclassify)
    i.__hardfp_asin                          0x000023c8   Section        0  asin.o(i.__hardfp_asin)
    i.__hardfp_atan                          0x00002728   Section        0  atan.o(i.__hardfp_atan)
    i.__hardfp_atan2                         0x00002a00   Section        0  atan2.o(i.__hardfp_atan2)
    i.__kernel_poly                          0x00002bf0   Section        0  poly.o(i.__kernel_poly)
    i.__mathlib_dbl_infnan                   0x00002ce8   Section        0  dunder.o(i.__mathlib_dbl_infnan)
    i.__mathlib_dbl_infnan2                  0x00002cfc   Section        0  dunder.o(i.__mathlib_dbl_infnan2)
    i.__mathlib_dbl_invalid                  0x00002d10   Section        0  dunder.o(i.__mathlib_dbl_invalid)
    i.__mathlib_dbl_underflow                0x00002d30   Section        0  dunder.o(i.__mathlib_dbl_underflow)
    i._is_digit                              0x00002d50   Section        0  __printf_wp.o(i._is_digit)
    i._sys_exit                              0x00002d5e   Section        0  usart.o(i._sys_exit)
    i.atan                                   0x00002d60   Section        0  atan.o(i.atan)
    i.bitPosition                            0x00002d70   Section        0  baudarte.o(i.bitPosition)
    i.check_sum                              0x00002d80   Section        0  protocol.o(i.check_sum)
    i.decode_gesture                         0x00002d94   Section        0  inv_mpu_dmp_motion_driver.o(i.decode_gesture)
    decode_gesture                           0x00002d95   Thumb Code    56  inv_mpu_dmp_motion_driver.o(i.decode_gesture)
    i.delay_ms                               0x00002dd0   Section        0  delay.o(i.delay_ms)
    i.delay_us                               0x00002de8   Section        0  delay.o(i.delay_us)
    i.dmp_read_fifo                          0x00002e00   Section        0  inv_mpu_dmp_motion_driver.o(i.dmp_read_fifo)
    i.eusci_calcBaudDividers                 0x00002f84   Section        0  baudarte.o(i.eusci_calcBaudDividers)
    i.fabs                                   0x000030bc   Section        0  fabs.o(i.fabs)
    i.fputc                                  0x000030d4   Section        0  usart.o(i.fputc)
    i.get_frame_checksum                     0x000030e8   Section        0  protocol.o(i.get_frame_checksum)
    get_frame_checksum                       0x000030e9   Thumb Code    20  protocol.o(i.get_frame_checksum)
    i.get_frame_len                          0x000030fc   Section        0  protocol.o(i.get_frame_len)
    get_frame_len                            0x000030fd   Thumb Code    22  protocol.o(i.get_frame_len)
    i.get_frame_type                         0x00003112   Section        0  protocol.o(i.get_frame_type)
    get_frame_type                           0x00003113   Thumb Code    10  protocol.o(i.get_frame_type)
    i.main                                   0x0000311c   Section        0  main.o(i.main)
    i.mget_ms                                0x000031d0   Section        0  inv_mpu.o(i.mget_ms)
    i.mpu_dmp_get_data                       0x000031d8   Section        0  inv_mpu.o(i.mpu_dmp_get_data)
    i.mpu_read_fifo_stream                   0x0000333c   Section        0  inv_mpu.o(i.mpu_read_fifo_stream)
    i.mpu_reset_fifo                         0x000033e8   Section        0  inv_mpu.o(i.mpu_reset_fifo)
    i.oled_pow                               0x00003554   Section        0  oled.o(i.oled_pow)
    i.protocol_data_recv                     0x00003564   Section        0  protocol.o(i.protocol_data_recv)
    i.protocol_frame_parse                   0x00003588   Section        0  protocol.o(i.protocol_frame_parse)
    protocol_frame_parse                     0x00003589   Thumb Code   314  protocol.o(i.protocol_frame_parse)
    i.protocol_init                          0x000036c8   Section        0  protocol.o(i.protocol_init)
    i.receiving_process                      0x000036e0   Section        0  protocol.o(i.receiving_process)
    i.recvbuf_find_header                    0x000037ec   Section        0  protocol.o(i.recvbuf_find_header)
    recvbuf_find_header                      0x000037ed   Thumb Code   100  protocol.o(i.recvbuf_find_header)
    i.recvbuf_get_len_to_parse               0x00003854   Section        0  protocol.o(i.recvbuf_get_len_to_parse)
    recvbuf_get_len_to_parse                 0x00003855   Thumb Code    28  protocol.o(i.recvbuf_get_len_to_parse)
    i.recvbuf_put_data                       0x00003870   Section        0  protocol.o(i.recvbuf_put_data)
    recvbuf_put_data                         0x00003871   Thumb Code    56  protocol.o(i.recvbuf_put_data)
    i.set_computer_value                     0x000038a8   Section        0  protocol.o(i.set_computer_value)
    i.set_motor_disable                      0x00003900   Section        0  bsp_motor.o(i.set_motor_disable)
    i.set_motor_enable                       0x00003914   Section        0  bsp_motor.o(i.set_motor_enable)
    i.set_p_i_d                              0x00003928   Section        0  bsp_pid.o(i.set_p_i_d)
    i.set_pid_target                         0x00003936   Section        0  bsp_pid.o(i.set_pid_target)
    i.sqrt                                   0x0000393c   Section        0  sqrt.o(i.sqrt)
    i.uart_init                              0x000039ac   Section        0  usart.o(i.uart_init)
    i.uart_init0                             0x00003a0c   Section        0  usart.o(i.uart_init0)
    x$fpl$basic                              0x00003a6c   Section       24  basic.o(x$fpl$basic)
    $v0                                      0x00003a6c   Number         0  basic.o(x$fpl$basic)
    x$fpl$d2f                                0x00003a84   Section       98  d2f.o(x$fpl$d2f)
    $v0                                      0x00003a84   Number         0  d2f.o(x$fpl$d2f)
    x$fpl$dadd                               0x00003ae8   Section      336  daddsub_clz.o(x$fpl$dadd)
    $v0                                      0x00003ae8   Number         0  daddsub_clz.o(x$fpl$dadd)
    _dadd1                                   0x00003af9   Thumb Code     0  daddsub_clz.o(x$fpl$dadd)
    x$fpl$ddiv                               0x00003c38   Section      688  ddiv.o(x$fpl$ddiv)
    $v0                                      0x00003c38   Number         0  ddiv.o(x$fpl$ddiv)
    ddiv_entry                               0x00003c3f   Thumb Code     0  ddiv.o(x$fpl$ddiv)
    x$fpl$dmul                               0x00003ee8   Section      340  dmul.o(x$fpl$dmul)
    $v0                                      0x00003ee8   Number         0  dmul.o(x$fpl$dmul)
    x$fpl$dnaninf                            0x0000403c   Section      156  dnaninf.o(x$fpl$dnaninf)
    $v0                                      0x0000403c   Number         0  dnaninf.o(x$fpl$dnaninf)
    x$fpl$dretinf                            0x000040d8   Section       12  dretinf.o(x$fpl$dretinf)
    $v0                                      0x000040d8   Number         0  dretinf.o(x$fpl$dretinf)
    x$fpl$drsb                               0x000040e4   Section       22  daddsub_clz.o(x$fpl$drsb)
    $v0                                      0x000040e4   Number         0  daddsub_clz.o(x$fpl$drsb)
    x$fpl$dsqrt                              0x000040fc   Section      408  dsqrt_umaal.o(x$fpl$dsqrt)
    $v0                                      0x000040fc   Number         0  dsqrt_umaal.o(x$fpl$dsqrt)
    x$fpl$dsub                               0x00004294   Section      468  daddsub_clz.o(x$fpl$dsub)
    $v0                                      0x00004294   Number         0  daddsub_clz.o(x$fpl$dsub)
    _dsub1                                   0x000042a5   Thumb Code     0  daddsub_clz.o(x$fpl$dsub)
    x$fpl$f2d                                0x00004468   Section       86  f2d.o(x$fpl$f2d)
    $v0                                      0x00004468   Number         0  f2d.o(x$fpl$f2d)
    x$fpl$fnaninf                            0x000044be   Section      140  fnaninf.o(x$fpl$fnaninf)
    $v0                                      0x000044be   Number         0  fnaninf.o(x$fpl$fnaninf)
    x$fpl$fpinit                             0x0000454a   Section       10  fpinit.o(x$fpl$fpinit)
    $v0                                      0x0000454a   Number         0  fpinit.o(x$fpl$fpinit)
    x$fpl$fretinf                            0x00004554   Section       10  fretinf.o(x$fpl$fretinf)
    $v0                                      0x00004554   Number         0  fretinf.o(x$fpl$fretinf)
    .constdata                               0x0000455e   Section     2314  oled.o(.constdata)
    x$fpl$usenofp                            0x0000455e   Section        0  usenofp.o(x$fpl$usenofp)
    .constdata                               0x00004e68   Section       80  usart.o(.constdata)
    .constdata                               0x00004eb8   Section       27  inv_mpu.o(.constdata)
    .constdata                               0x00004ed4   Section       12  inv_mpu.o(.constdata)
    .constdata                               0x00004ee0   Section       40  inv_mpu.o(.constdata)
    .constdata                               0x00004f08   Section       76  gpio.o(.constdata)
    GPIO_PORT_TO_INT                         0x00004f08   Data          28  gpio.o(.constdata)
    GPIO_PORT_TO_BASE                        0x00004f24   Data          48  gpio.o(.constdata)
    .constdata                               0x00004f54   Section      144  interrupt.o(.constdata)
    g_pulEnRegs                              0x00004f54   Data           8  interrupt.o(.constdata)
    g_pulDisRegs                             0x00004f5c   Data           8  interrupt.o(.constdata)
    g_pulPendRegs                            0x00004f64   Data           8  interrupt.o(.constdata)
    g_pulUnpendRegs                          0x00004f6c   Data           8  interrupt.o(.constdata)
    g_pulPriority                            0x00004f74   Data          32  interrupt.o(.constdata)
    g_pulRegs                                0x00004f94   Data          80  interrupt.o(.constdata)
    .constdata                               0x00004fe4   Section       40  _printf_hex_int.o(.constdata)
    uc_hextab                                0x00004fe4   Data          20  _printf_hex_int.o(.constdata)
    lc_hextab                                0x00004ff8   Data          20  _printf_hex_int.o(.constdata)
    .constdata                               0x0000500c   Section       17  __printf_flags_wp.o(.constdata)
    maptable                                 0x0000500c   Data          17  __printf_flags_wp.o(.constdata)
    .constdata                               0x00005020   Section       80  asin.o(.constdata)
    pS                                       0x00005020   Data          48  asin.o(.constdata)
    qS                                       0x00005050   Data          32  asin.o(.constdata)
    .constdata                               0x00005070   Section      152  atan.o(.constdata)
    atanhi                                   0x00005070   Data          32  atan.o(.constdata)
    atanlo                                   0x00005090   Data          32  atan.o(.constdata)
    aTodd                                    0x000050b0   Data          40  atan.o(.constdata)
    aTeven                                   0x000050d8   Data          48  atan.o(.constdata)
    .constdata                               0x00005108   Section        8  qnan.o(.constdata)
    .data                                    0x20000000   Section       12  main.o(.data)
    State                                    0x20000000   Data           1  main.o(.data)
    New_State                                0x20000001   Data           1  main.o(.data)
    .data                                    0x2000000c   Section        8  myconfig.o(.data)
    .data                                    0x20000014   Section        1  myconfig.o(.data)
    .data                                    0x20000016   Section        4  tima.o(.data)
    .data                                    0x2000001c   Section        4  usart.o(.data)
    .data                                    0x20000020   Section       53  inv_mpu.o(.data)
    st                                       0x20000020   Data          44  inv_mpu.o(.data)
    gyro_orientation                         0x2000004c   Data           9  inv_mpu.o(.data)
    .data                                    0x20000058   Section        8  cs.o(.data)
    hfxtFreq                                 0x20000058   Data           4  cs.o(.data)
    lfxtFreq                                 0x2000005c   Data           4  cs.o(.data)
    .bss                                     0x20000060   Section       64  bsp_encoder.o(.bss)
    .bss                                     0x200000a0   Section       16  key.o(.bss)
    .bss                                     0x200000b0   Section       16  inv_mpu_dmp_motion_driver.o(.bss)
    dmp                                      0x200000b0   Data          16  inv_mpu_dmp_motion_driver.o(.bss)
    .bss                                     0x200000c0   Section       64  bsp_pid.o(.bss)
    .bss                                     0x20000100   Section      152  protocol.o(.bss)
    set_packet                               0x20000100   Data          10  protocol.o(.bss)
    parser                                   0x2000010c   Data          12  protocol.o(.bss)
    recv_buf                                 0x20000118   Data         128  protocol.o(.bss)
    .bss                                     0x20000198   Section       96  libspace.o(.bss)
    HEAP                                     0x200001f8   Section        0  startup_msp432p401r_uvision.o(HEAP)
    STACK                                    0x200001f8   Section      512  startup_msp432p401r_uvision.o(STACK)
    Heap_Mem                                 0x200001f8   Data           0  startup_msp432p401r_uvision.o(HEAP)
    Stack_Mem                                0x200001f8   Data         512  startup_msp432p401r_uvision.o(STACK)
    __initial_sp                             0x200003f8   Data           0  startup_msp432p401r_uvision.o(STACK)

    Global Symbols

    Symbol Name                              Value     Ov Type        Size  Object(Section)

    BuildAttributes$$THM_ISAv4$E$P$D$K$B$S$7EM$VFPi3$EXTD16$VFPS$VFMA$PE$A:L22UL41UL21$X:L11$S22US41US21$IEEE1$IW$USESV6$~STKCKD$USESV7$~SHL$OTIME$ROPI$IEEEX$EBA8$UX$STANDARDLIB$REQ8$PRES8$EABIv2 0x00000000   Number         0  anon$$obj.o ABSOLUTE
    __ARM_use_no_argv                        0x00000000   Number         0  main.o ABSOLUTE
    __Vectors                                0x00000000   Data           4  startup_msp432p401r_uvision.o(RESET)
    _printf_flags                            0x00000000   Number         0  printf_stubs.o ABSOLUTE
    _printf_return_value                     0x00000000   Number         0  printf_stubs.o ABSOLUTE
    _printf_sizespec                         0x00000000   Number         0  printf_stubs.o ABSOLUTE
    _printf_widthprec                        0x00000000   Number         0  printf_stubs.o ABSOLUTE
    __ARM_exceptions_init                     - Undefined Weak Reference
    __alloca_initialize                       - Undefined Weak Reference
    __arm_preinit_                            - Undefined Weak Reference
    __cpp_initialize__aeabi_                  - Undefined Weak Reference
    __cxa_finalize                            - Undefined Weak Reference
    __rt_locale                               - Undefined Weak Reference
    __sigvec_lookup                           - Undefined Weak Reference
    _atexit_init                              - Undefined Weak Reference
    _call_atexit_fns                          - Undefined Weak Reference
    _clock_init                               - Undefined Weak Reference
    _fp_trap_init                             - Undefined Weak Reference
    _fp_trap_shutdown                         - Undefined Weak Reference
    _get_lc_collate                           - Undefined Weak Reference
    _get_lc_ctype                             - Undefined Weak Reference
    _get_lc_monetary                          - Undefined Weak Reference
    _get_lc_numeric                           - Undefined Weak Reference
    _get_lc_time                              - Undefined Weak Reference
    _getenv_init                              - Undefined Weak Reference
    _handle_redirection                       - Undefined Weak Reference
    _init_alloc                               - Undefined Weak Reference
    _init_user_alloc                          - Undefined Weak Reference
    _initio                                   - Undefined Weak Reference
    _mutex_acquire                            - Undefined Weak Reference
    _mutex_release                            - Undefined Weak Reference
    _printf_truncate_signed                   - Undefined Weak Reference
    _printf_truncate_unsigned                 - Undefined Weak Reference
    _rand_init                                - Undefined Weak Reference
    _signal_finish                            - Undefined Weak Reference
    _signal_init                              - Undefined Weak Reference
    _terminate_alloc                          - Undefined Weak Reference
    _terminate_user_alloc                     - Undefined Weak Reference
    _terminateio                              - Undefined Weak Reference
    __Vectors_End                            0x00000144   Data           0  startup_msp432p401r_uvision.o(RESET)
    __Vectors_Size                           0x00000144   Number         0  startup_msp432p401r_uvision.o ABSOLUTE
    __main                                   0x00000145   Thumb Code     8  __main.o(!!!main)
    __scatterload                            0x0000014d   Thumb Code     0  __scatter.o(!!!scatter)
    __scatterload_rt2                        0x0000014d   Thumb Code    44  __scatter.o(!!!scatter)
    __scatterload_rt2_thumb_only             0x0000014d   Thumb Code     0  __scatter.o(!!!scatter)
    __scatterload_null                       0x0000015b   Thumb Code     0  __scatter.o(!!!scatter)
    __scatterload_copy                       0x00000181   Thumb Code    26  __scatter_copy.o(!!handler_copy)
    __scatterload_zeroinit                   0x0000019d   Thumb Code    28  __scatter_zi.o(!!handler_zi)
    _printf_percent                          0x000001b9   Thumb Code     0  _printf_percent.o(.ARM.Collect$$_printf_percent$$00000000)
    _printf_x                                0x000001b9   Thumb Code     0  _printf_x.o(.ARM.Collect$$_printf_percent$$0000000C)
    _printf_percent_end                      0x000001bf   Thumb Code     0  _printf_percent_end.o(.ARM.Collect$$_printf_percent$$00000017)
    __rt_lib_init                            0x000001c3   Thumb Code     0  libinit.o(.ARM.Collect$$libinit$$00000000)
    __rt_lib_init_fp_1                       0x000001c5   Thumb Code     0  libinit2.o(.ARM.Collect$$libinit$$00000001)
    __rt_lib_init_alloca_1                   0x000001c9   Thumb Code     0  libinit2.o(.ARM.Collect$$libinit$$0000002E)
    __rt_lib_init_argv_1                     0x000001c9   Thumb Code     0  libinit2.o(.ARM.Collect$$libinit$$0000002C)
    __rt_lib_init_atexit_1                   0x000001c9   Thumb Code     0  libinit2.o(.ARM.Collect$$libinit$$0000001B)
    __rt_lib_init_clock_1                    0x000001c9   Thumb Code     0  libinit2.o(.ARM.Collect$$libinit$$00000021)
    __rt_lib_init_cpp_1                      0x000001c9   Thumb Code     0  libinit2.o(.ARM.Collect$$libinit$$00000032)
    __rt_lib_init_exceptions_1               0x000001c9   Thumb Code     0  libinit2.o(.ARM.Collect$$libinit$$00000030)
    __rt_lib_init_fp_trap_1                  0x000001c9   Thumb Code     0  libinit2.o(.ARM.Collect$$libinit$$0000001F)
    __rt_lib_init_getenv_1                   0x000001c9   Thumb Code     0  libinit2.o(.ARM.Collect$$libinit$$00000023)
    __rt_lib_init_heap_1                     0x000001c9   Thumb Code     0  libinit2.o(.ARM.Collect$$libinit$$0000000A)
    __rt_lib_init_lc_collate_1               0x000001c9   Thumb Code     0  libinit2.o(.ARM.Collect$$libinit$$00000011)
    __rt_lib_init_lc_ctype_1                 0x000001c9   Thumb Code     0  libinit2.o(.ARM.Collect$$libinit$$00000013)
    __rt_lib_init_lc_monetary_1              0x000001c9   Thumb Code     0  libinit2.o(.ARM.Collect$$libinit$$00000015)
    __rt_lib_init_lc_numeric_1               0x000001c9   Thumb Code     0  libinit2.o(.ARM.Collect$$libinit$$00000017)
    __rt_lib_init_lc_time_1                  0x000001c9   Thumb Code     0  libinit2.o(.ARM.Collect$$libinit$$00000019)
    __rt_lib_init_preinit_1                  0x000001c9   Thumb Code     0  libinit2.o(.ARM.Collect$$libinit$$00000004)
    __rt_lib_init_rand_1                     0x000001c9   Thumb Code     0  libinit2.o(.ARM.Collect$$libinit$$0000000E)
    __rt_lib_init_return                     0x000001c9   Thumb Code     0  libinit2.o(.ARM.Collect$$libinit$$00000033)
    __rt_lib_init_signal_1                   0x000001c9   Thumb Code     0  libinit2.o(.ARM.Collect$$libinit$$0000001D)
    __rt_lib_init_stdio_1                    0x000001c9   Thumb Code     0  libinit2.o(.ARM.Collect$$libinit$$00000025)
    __rt_lib_init_user_alloc_1               0x000001c9   Thumb Code     0  libinit2.o(.ARM.Collect$$libinit$$0000000C)
    __rt_lib_shutdown                        0x000001cb   Thumb Code     0  libshutdown.o(.ARM.Collect$$libshutdown$$00000000)
    __rt_lib_shutdown_cpp_1                  0x000001cd   Thumb Code     0  libshutdown2.o(.ARM.Collect$$libshutdown$$00000002)
    __rt_lib_shutdown_fp_trap_1              0x000001cd   Thumb Code     0  libshutdown2.o(.ARM.Collect$$libshutdown$$00000007)
    __rt_lib_shutdown_heap_1                 0x000001cd   Thumb Code     0  libshutdown2.o(.ARM.Collect$$libshutdown$$0000000F)
    __rt_lib_shutdown_return                 0x000001cd   Thumb Code     0  libshutdown2.o(.ARM.Collect$$libshutdown$$00000010)
    __rt_lib_shutdown_signal_1               0x000001cd   Thumb Code     0  libshutdown2.o(.ARM.Collect$$libshutdown$$0000000A)
    __rt_lib_shutdown_stdio_1                0x000001cd   Thumb Code     0  libshutdown2.o(.ARM.Collect$$libshutdown$$00000004)
    __rt_lib_shutdown_user_alloc_1           0x000001cd   Thumb Code     0  libshutdown2.o(.ARM.Collect$$libshutdown$$0000000C)
    __rt_entry                               0x000001cf   Thumb Code     0  __rtentry.o(.ARM.Collect$$rtentry$$00000000)
    __rt_entry_presh_1                       0x000001cf   Thumb Code     0  __rtentry2.o(.ARM.Collect$$rtentry$$00000002)
    __rt_entry_sh                            0x000001cf   Thumb Code     0  __rtentry4.o(.ARM.Collect$$rtentry$$00000004)
    __rt_entry_li                            0x000001d5   Thumb Code     0  __rtentry2.o(.ARM.Collect$$rtentry$$0000000A)
    __rt_entry_postsh_1                      0x000001d5   Thumb Code     0  __rtentry2.o(.ARM.Collect$$rtentry$$00000009)
    __rt_entry_main                          0x000001d9   Thumb Code     0  __rtentry2.o(.ARM.Collect$$rtentry$$0000000D)
    __rt_entry_postli_1                      0x000001d9   Thumb Code     0  __rtentry2.o(.ARM.Collect$$rtentry$$0000000C)
    __rt_exit                                0x000001e1   Thumb Code     0  rtexit.o(.ARM.Collect$$rtexit$$00000000)
    __rt_exit_ls                             0x000001e3   Thumb Code     0  rtexit2.o(.ARM.Collect$$rtexit$$00000003)
    __rt_exit_prels_1                        0x000001e3   Thumb Code     0  rtexit2.o(.ARM.Collect$$rtexit$$00000002)
    __rt_exit_exit                           0x000001e7   Thumb Code     0  rtexit2.o(.ARM.Collect$$rtexit$$00000004)
    CPU_cpsid                                0x000001ed   Thumb Code     8  cpu.o(.emb_text)
    CPU_primask                              0x000001f5   Thumb Code     6  cpu.o(.emb_text)
    CPU_cpsie                                0x000001fb   Thumb Code     8  cpu.o(.emb_text)
    CPU_wfi                                  0x00000203   Thumb Code     4  cpu.o(.emb_text)
    CPU_basepriSet                           0x00000207   Thumb Code     6  cpu.o(.emb_text)
    CPU_basepriGet                           0x0000020d   Thumb Code     6  cpu.o(.emb_text)
    Reset_Handler                            0x00000215   Thumb Code     8  startup_msp432p401r_uvision.o(.text)
    NMI_Handler                              0x0000021d   Thumb Code     2  startup_msp432p401r_uvision.o(.text)
    HardFault_Handler                        0x0000021f   Thumb Code     2  startup_msp432p401r_uvision.o(.text)
    MemManage_Handler                        0x00000221   Thumb Code     2  startup_msp432p401r_uvision.o(.text)
    BusFault_Handler                         0x00000223   Thumb Code     2  startup_msp432p401r_uvision.o(.text)
    UsageFault_Handler                       0x00000225   Thumb Code     2  startup_msp432p401r_uvision.o(.text)
    SVC_Handler                              0x00000227   Thumb Code     2  startup_msp432p401r_uvision.o(.text)
    DebugMon_Handler                         0x00000229   Thumb Code     2  startup_msp432p401r_uvision.o(.text)
    PendSV_Handler                           0x0000022b   Thumb Code     2  startup_msp432p401r_uvision.o(.text)
    SysTick_Handler                          0x0000022d   Thumb Code     2  startup_msp432p401r_uvision.o(.text)
    ADC14_IRQHandler                         0x0000022f   Thumb Code     0  startup_msp432p401r_uvision.o(.text)
    AES256_IRQHandler                        0x0000022f   Thumb Code     0  startup_msp432p401r_uvision.o(.text)
    COMP_E0_IRQHandler                       0x0000022f   Thumb Code     0  startup_msp432p401r_uvision.o(.text)
    COMP_E1_IRQHandler                       0x0000022f   Thumb Code     0  startup_msp432p401r_uvision.o(.text)
    CS_IRQHandler                            0x0000022f   Thumb Code     0  startup_msp432p401r_uvision.o(.text)
    DMA_ERR_IRQHandler                       0x0000022f   Thumb Code     0  startup_msp432p401r_uvision.o(.text)
    DMA_INT0_IRQHandler                      0x0000022f   Thumb Code     0  startup_msp432p401r_uvision.o(.text)
    DMA_INT1_IRQHandler                      0x0000022f   Thumb Code     0  startup_msp432p401r_uvision.o(.text)
    DMA_INT2_IRQHandler                      0x0000022f   Thumb Code     0  startup_msp432p401r_uvision.o(.text)
    DMA_INT3_IRQHandler                      0x0000022f   Thumb Code     0  startup_msp432p401r_uvision.o(.text)
    EUSCIA1_IRQHandler                       0x0000022f   Thumb Code     0  startup_msp432p401r_uvision.o(.text)
    EUSCIA3_IRQHandler                       0x0000022f   Thumb Code     0  startup_msp432p401r_uvision.o(.text)
    EUSCIB0_IRQHandler                       0x0000022f   Thumb Code     0  startup_msp432p401r_uvision.o(.text)
    EUSCIB1_IRQHandler                       0x0000022f   Thumb Code     0  startup_msp432p401r_uvision.o(.text)
    EUSCIB2_IRQHandler                       0x0000022f   Thumb Code     0  startup_msp432p401r_uvision.o(.text)
    EUSCIB3_IRQHandler                       0x0000022f   Thumb Code     0  startup_msp432p401r_uvision.o(.text)
    FLCTL_IRQHandler                         0x0000022f   Thumb Code     0  startup_msp432p401r_uvision.o(.text)
    FPU_IRQHandler                           0x0000022f   Thumb Code     0  startup_msp432p401r_uvision.o(.text)
    PCM_IRQHandler                           0x0000022f   Thumb Code     0  startup_msp432p401r_uvision.o(.text)
    PORT1_IRQHandler                         0x0000022f   Thumb Code     0  startup_msp432p401r_uvision.o(.text)
    PORT2_IRQHandler                         0x0000022f   Thumb Code     0  startup_msp432p401r_uvision.o(.text)
    PORT3_IRQHandler                         0x0000022f   Thumb Code     0  startup_msp432p401r_uvision.o(.text)
    PORT5_IRQHandler                         0x0000022f   Thumb Code     0  startup_msp432p401r_uvision.o(.text)
    PORT6_IRQHandler                         0x0000022f   Thumb Code     0  startup_msp432p401r_uvision.o(.text)
    PSS_IRQHandler                           0x0000022f   Thumb Code     0  startup_msp432p401r_uvision.o(.text)
    RTC_C_IRQHandler                         0x0000022f   Thumb Code     0  startup_msp432p401r_uvision.o(.text)
    T32_INTC_IRQHandler                      0x0000022f   Thumb Code     0  startup_msp432p401r_uvision.o(.text)
    TA0_N_IRQHandler                         0x0000022f   Thumb Code     0  startup_msp432p401r_uvision.o(.text)
    TA1_0_IRQHandler                         0x0000022f   Thumb Code     0  startup_msp432p401r_uvision.o(.text)
    TA1_N_IRQHandler                         0x0000022f   Thumb Code     0  startup_msp432p401r_uvision.o(.text)
    TA2_0_IRQHandler                         0x0000022f   Thumb Code     0  startup_msp432p401r_uvision.o(.text)
    TA3_0_IRQHandler                         0x0000022f   Thumb Code     0  startup_msp432p401r_uvision.o(.text)
    TA3_N_IRQHandler                         0x0000022f   Thumb Code     0  startup_msp432p401r_uvision.o(.text)
    WDT_A_IRQHandler                         0x0000022f   Thumb Code     0  startup_msp432p401r_uvision.o(.text)
    __user_initial_stackheap                 0x00000231   Thumb Code    10  startup_msp432p401r_uvision.o(.text)
    __use_no_semihosting                     0x00000251   Thumb Code     2  use_no_semi_2.o(.text)
    __2printf                                0x00000255   Thumb Code    20  noretval__2printf.o(.text)
    _printf_int_hex                          0x0000026d   Thumb Code    84  _printf_hex_int.o(.text)
    _printf_longlong_hex                     0x0000026d   Thumb Code     0  _printf_hex_int.o(.text)
    __printf                                 0x000002c5   Thumb Code   308  __printf_flags_wp.o(.text)
    __aeabi_memcpy                           0x000003fd   Thumb Code     0  rt_memcpy_v6.o(.text)
    __rt_memcpy                              0x000003fd   Thumb Code   138  rt_memcpy_v6.o(.text)
    _memcpy_lastbytes                        0x00000463   Thumb Code     0  rt_memcpy_v6.o(.text)
    __aeabi_memcpy4                          0x00000487   Thumb Code     0  rt_memcpy_w.o(.text)
    __aeabi_memcpy8                          0x00000487   Thumb Code     0  rt_memcpy_w.o(.text)
    __rt_memcpy_w                            0x00000487   Thumb Code   100  rt_memcpy_w.o(.text)
    _memcpy_lastbytes_aligned                0x000004cf   Thumb Code     0  rt_memcpy_w.o(.text)
    __use_two_region_memory                  0x000004eb   Thumb Code     2  heapauxi.o(.text)
    __rt_heap_escrow$2region                 0x000004ed   Thumb Code     2  heapauxi.o(.text)
    __rt_heap_expand$2region                 0x000004ef   Thumb Code     2  heapauxi.o(.text)
    __I$use$semihosting                      0x000004f1   Thumb Code     0  use_no_semi.o(.text)
    __use_no_semihosting_swi                 0x000004f1   Thumb Code     2  use_no_semi.o(.text)
    __read_errno                             0x000004f3   Thumb Code    10  _rserrno.o(.text)
    __set_errno                              0x000004fd   Thumb Code    12  _rserrno.o(.text)
    _printf_int_common                       0x00000509   Thumb Code   178  _printf_intcommon.o(.text)
    _printf_char_file                        0x000005bd   Thumb Code    32  _printf_char_file.o(.text)
    __aeabi_errno_addr                       0x000005e1   Thumb Code     8  rt_errno_addr_intlibspace.o(.text)
    __errno$intlibspace                      0x000005e1   Thumb Code     0  rt_errno_addr_intlibspace.o(.text)
    __rt_errno_addr$intlibspace              0x000005e1   Thumb Code     0  rt_errno_addr_intlibspace.o(.text)
    _printf_char_common                      0x000005f3   Thumb Code    32  _printf_char_common.o(.text)
    ferror                                   0x00000619   Thumb Code     8  ferror.o(.text)
    __user_libspace                          0x00000621   Thumb Code     8  libspace.o(.text)
    __user_perproc_libspace                  0x00000621   Thumb Code     0  libspace.o(.text)
    __user_perthread_libspace                0x00000621   Thumb Code     0  libspace.o(.text)
    __user_setup_stackheap                   0x00000629   Thumb Code    74  sys_stackheap_outer.o(.text)
    exit                                     0x00000673   Thumb Code    18  exit.o(.text)
    CS_clearInterruptFlag                    0x00000685   Thumb Code    26  cs.o(i.CS_clearInterruptFlag)
    CS_getACLK                               0x000006a9   Thumb Code    20  cs.o(i.CS_getACLK)
    CS_getDCOFrequency                       0x000006c1   Thumb Code   234  cs.o(i.CS_getDCOFrequency)
    CS_getSMCLK                              0x000007cd   Thumb Code    18  cs.o(i.CS_getSMCLK)
    CS_setExternalClockSourceFrequency       0x000007e5   Thumb Code     8  cs.o(i.CS_setExternalClockSourceFrequency)
    CS_startHFXT                             0x000007f1   Thumb Code     6  cs.o(i.CS_startHFXT)
    CS_startHFXTWithTimeout                  0x000007f9   Thumb Code   144  cs.o(i.CS_startHFXTWithTimeout)
    CS_startLFXT                             0x00000899   Thumb Code     6  cs.o(i.CS_startLFXT)
    CS_startLFXTWithTimeout                  0x000008a1   Thumb Code   144  cs.o(i.CS_startLFXTWithTimeout)
    EUSCIA0_IRQHandler                       0x00000941   Thumb Code    36  myconfig.o(i.EUSCIA0_IRQHandler)
    EUSCIA2_IRQHandler                       0x0000096d   Thumb Code    30  myconfig.o(i.EUSCIA2_IRQHandler)
    Encoder_Scan                             0x00000999   Thumb Code   114  bsp_encoder.o(i.Encoder_Scan)
    GPIO_getInputPinValue                    0x00000a1d   Thumb Code    16  gpio.o(i.GPIO_getInputPinValue)
    GPIO_setAsInputPin                       0x00000a31   Thumb Code    32  gpio.o(i.GPIO_setAsInputPin)
    GPIO_setAsOutputPin                      0x00000a55   Thumb Code    26  gpio.o(i.GPIO_setAsOutputPin)
    GPIO_setOutputHighOnPin                  0x00000a75   Thumb Code    14  gpio.o(i.GPIO_setOutputHighOnPin)
    GPIO_setOutputLowOnPin                   0x00000a89   Thumb Code    14  gpio.o(i.GPIO_setOutputLowOnPin)
    I2C_SW_Configuration                     0x00000a9d   Thumb Code    10  oled.o(i.I2C_SW_Configuration)
    I2C_Start                                0x00000aad   Thumb Code    16  oled.o(i.I2C_Start)
    I2C_Stop                                 0x00000ac1   Thumb Code    14  oled.o(i.I2C_Stop)
    I2C_WaitAck                              0x00000ad5   Thumb Code    14  oled.o(i.I2C_WaitAck)
    IIC_Ack                                  0x00000ae9   Thumb Code    58  iic.o(i.IIC_Ack)
    IIC_Init                                 0x00000b23   Thumb Code    38  iic.o(i.IIC_Init)
    IIC_NAck                                 0x00000b49   Thumb Code    58  iic.o(i.IIC_NAck)
    IIC_Read_Byte                            0x00000b83   Thumb Code    86  iic.o(i.IIC_Read_Byte)
    IIC_Send_Byte                            0x00000bd9   Thumb Code   112  iic.o(i.IIC_Send_Byte)
    IIC_Start                                0x00000c49   Thumb Code    58  iic.o(i.IIC_Start)
    IIC_Stop                                 0x00000c83   Thumb Code    58  iic.o(i.IIC_Stop)
    IIC_Wait_Ack                             0x00000cbd   Thumb Code    76  iic.o(i.IIC_Wait_Ack)
    Interrupt_enableInterrupt                0x00000d09   Thumb Code    84  interrupt.o(i.Interrupt_enableInterrupt)
    Interrupt_enableMaster                   0x00000d65   Thumb Code    14  interrupt.o(i.Interrupt_enableMaster)
    KEY_Init                                 0x00000d75   Thumb Code    12  key.o(i.KEY_Init)
    Key_Scan2                                0x00000d85   Thumb Code   184  key.o(i.Key_Scan2)
    LED_B_Off                                0x00000e45   Thumb Code     8  led.o(i.LED_B_Off)
    LED_G_Off                                0x00000e51   Thumb Code     8  led.o(i.LED_G_Off)
    LED_Init                                 0x00000e5d   Thumb Code    44  led.o(i.LED_Init)
    LED_RED_Off                              0x00000e8d   Thumb Code     8  led.o(i.LED_RED_Off)
    LED_R_Off                                0x00000e99   Thumb Code     8  led.o(i.LED_R_Off)
    MPU_Get_Gyroscope                        0x00000ea5   Thumb Code    68  bsp_mpu6050.o(i.MPU_Get_Gyroscope)
    MPU_Init                                 0x00000ee9   Thumb Code   150  bsp_mpu6050.o(i.MPU_Init)
    MPU_Read_Byte                            0x00000f7f   Thumb Code    58  bsp_mpu6050.o(i.MPU_Read_Byte)
    MPU_Read_Len                             0x00000fb9   Thumb Code    98  bsp_mpu6050.o(i.MPU_Read_Len)
    MPU_Set_Accel_Fsr                        0x0000101b   Thumb Code    10  bsp_mpu6050.o(i.MPU_Set_Accel_Fsr)
    MPU_Set_Gyro_Fsr                         0x00001025   Thumb Code    10  bsp_mpu6050.o(i.MPU_Set_Gyro_Fsr)
    MPU_Set_LPF                              0x0000102f   Thumb Code    48  bsp_mpu6050.o(i.MPU_Set_LPF)
    MPU_Set_Rate                             0x0000105f   Thumb Code    44  bsp_mpu6050.o(i.MPU_Set_Rate)
    MPU_Write_Byte                           0x0000108b   Thumb Code    74  bsp_mpu6050.o(i.MPU_Write_Byte)
    MPU_Write_Len                            0x000010d5   Thumb Code    90  bsp_mpu6050.o(i.MPU_Write_Len)
    Menudisplay                              0x00001131   Thumb Code   464  main.o(i.Menudisplay)
    Motor_Control                            0x0000134d   Thumb Code   332  bsp_motor.o(i.Motor_Control)
    Motor_Init                               0x000014a1   Thumb Code   202  bsp_motor.o(i.Motor_Init)
    Motor_Init_bianmaqi                      0x00001575   Thumb Code   368  bsp_encoder.o(i.Motor_Init_bianmaqi)
    OLED_Clear                               0x000016e9   Thumb Code    60  oled.o(i.OLED_Clear)
    OLED_Init                                0x00001725   Thumb Code   238  oled.o(i.OLED_Init)
    OLED_Set_Pos                             0x00001813   Thumb Code    40  oled.o(i.OLED_Set_Pos)
    OLED_ShowBNum                            0x0000183b   Thumb Code   250  oled.o(i.OLED_ShowBNum)
    OLED_ShowChar                            0x00001935   Thumb Code   138  oled.o(i.OLED_ShowChar)
    OLED_ShowNum                             0x000019c9   Thumb Code   128  oled.o(i.OLED_ShowNum)
    OLED_ShowString                          0x00001a49   Thumb Code    60  oled.o(i.OLED_ShowString)
    OLED_WR_Byte                             0x00001a85   Thumb Code    58  oled.o(i.OLED_WR_Byte)
    PID_param_init                           0x00001ac1   Thumb Code   108  bsp_pid.o(i.PID_param_init)
    PID_realize                              0x00001b45   Thumb Code    66  bsp_pid.o(i.PID_realize)
    PORT4_IRQHandler                         0x00001b89   Thumb Code   314  bsp_encoder.o(i.PORT4_IRQHandler)
    Reflectance_Init2                        0x00001cd1   Thumb Code    10  reflectance.o(i.Reflectance_Init2)
    Reflectance_Read2                        0x00001ce1   Thumb Code    10  reflectance.o(i.Reflectance_Read2)
    Send_Byte                                0x00001cf1   Thumb Code    50  oled.o(i.Send_Byte)
    Servo_Init                               0x00001d29   Thumb Code    92  bsp_servo.o(i.Servo_Init)
    Set_PWM                                  0x00001d8d   Thumb Code   128  bsp_motor.o(i.Set_PWM)
    SysCtl_A_disableNMISource                0x00001e0d   Thumb Code    10  sysctl_a.o(i.SysCtl_A_disableNMISource)
    SysCtl_A_enableNMISource                 0x00001e1d   Thumb Code    10  sysctl_a.o(i.SysCtl_A_enableNMISource)
    SysCtl_A_getNMISourceStatus              0x00001e2d   Thumb Code    10  sysctl_a.o(i.SysCtl_A_getNMISourceStatus)
    SysCtl_A_getTLVInfo                      0x00001e3d   Thumb Code    64  sysctl_a.o(i.SysCtl_A_getTLVInfo)
    SysInit1                                 0x00001e85   Thumb Code   146  sysinit.o(i.SysInit1)
    SystemInit                               0x00001f25   Thumb Code    76  system_msp432p401r.o(i.SystemInit)
    T32_INT1_IRQHandler                      0x00001f85   Thumb Code    10  tim32.o(i.T32_INT1_IRQHandler)
    T32_INT2_IRQHandler                      0x00001f99   Thumb Code    10  myconfig.o(i.T32_INT2_IRQHandler)
    TA0_0_IRQHandler                         0x00001fad   Thumb Code    82  myconfig.o(i.TA0_0_IRQHandler)
    TA2_N_IRQHandler                         0x00002011   Thumb Code   158  tima.o(i.TA2_N_IRQHandler)
    TimA0_Int_Init                           0x000020c1   Thumb Code    78  tima.o(i.TimA0_Int_Init)
    Timer_A_getCaptureCompareCount           0x00002115   Thumb Code    16  timer_a.o(i.Timer_A_getCaptureCompareCount)
    Timer_A_setCompareValue                  0x00002125   Thumb Code    16  timer_a.o(i.Timer_A_setCompareValue)
    UART_enableInterrupt                     0x00002135   Thumb Code    22  uart.o(i.UART_enableInterrupt)
    UART_getEnabledInterruptStatus           0x0000214b   Thumb Code    38  uart.o(i.UART_getEnabledInterruptStatus)
    UART_initModule                          0x00002171   Thumb Code   146  uart.o(i.UART_initModule)
    UART_transmitData                        0x00002203   Thumb Code    22  uart.o(i.UART_transmitData)
    USART_SendCharArr                        0x00002219   Thumb Code    34  usart.o(i.USART_SendCharArr)
    __ARM_fpclassify                         0x00002399   Thumb Code    48  fpclassify.o(i.__ARM_fpclassify)
    __hardfp_asin                            0x000023c9   Thumb Code   770  asin.o(i.__hardfp_asin)
    __hardfp_atan                            0x00002729   Thumb Code   622  atan.o(i.__hardfp_atan)
    __hardfp_atan2                           0x00002a01   Thumb Code   432  atan2.o(i.__hardfp_atan2)
    __kernel_poly                            0x00002bf1   Thumb Code   248  poly.o(i.__kernel_poly)
    __mathlib_dbl_infnan                     0x00002ce9   Thumb Code    20  dunder.o(i.__mathlib_dbl_infnan)
    __mathlib_dbl_infnan2                    0x00002cfd   Thumb Code    20  dunder.o(i.__mathlib_dbl_infnan2)
    __mathlib_dbl_invalid                    0x00002d11   Thumb Code    24  dunder.o(i.__mathlib_dbl_invalid)
    __mathlib_dbl_underflow                  0x00002d31   Thumb Code    24  dunder.o(i.__mathlib_dbl_underflow)
    _is_digit                                0x00002d51   Thumb Code    14  __printf_wp.o(i._is_digit)
    _sys_exit                                0x00002d5f   Thumb Code     2  usart.o(i._sys_exit)
    atan                                     0x00002d61   Thumb Code    16  atan.o(i.atan)
    bitPosition                              0x00002d71   Thumb Code    16  baudarte.o(i.bitPosition)
    check_sum                                0x00002d81   Thumb Code    18  protocol.o(i.check_sum)
    delay_ms                                 0x00002dd1   Thumb Code    24  delay.o(i.delay_ms)
    delay_us                                 0x00002de9   Thumb Code    22  delay.o(i.delay_us)
    dmp_read_fifo                            0x00002e01   Thumb Code   384  inv_mpu_dmp_motion_driver.o(i.dmp_read_fifo)
    eusci_calcBaudDividers                   0x00002f85   Thumb Code   296  baudarte.o(i.eusci_calcBaudDividers)
    fabs                                     0x000030bd   Thumb Code    24  fabs.o(i.fabs)
    fputc                                    0x000030d5   Thumb Code    16  usart.o(i.fputc)
    main                                     0x0000311d   Thumb Code   152  main.o(i.main)
    mget_ms                                  0x000031d1   Thumb Code     6  inv_mpu.o(i.mget_ms)
    mpu_dmp_get_data                         0x000031d9   Thumb Code   344  inv_mpu.o(i.mpu_dmp_get_data)
    mpu_read_fifo_stream                     0x0000333d   Thumb Code   166  inv_mpu.o(i.mpu_read_fifo_stream)
    mpu_reset_fifo                           0x000033e9   Thumb Code   360  inv_mpu.o(i.mpu_reset_fifo)
    oled_pow                                 0x00003555   Thumb Code    16  oled.o(i.oled_pow)
    protocol_data_recv                       0x00003565   Thumb Code    32  protocol.o(i.protocol_data_recv)
    protocol_init                            0x000036c9   Thumb Code    20  protocol.o(i.protocol_init)
    receiving_process                        0x000036e1   Thumb Code   258  protocol.o(i.receiving_process)
    set_computer_value                       0x000038a9   Thumb Code    80  protocol.o(i.set_computer_value)
    set_motor_disable                        0x00003901   Thumb Code    10  bsp_motor.o(i.set_motor_disable)
    set_motor_enable                         0x00003915   Thumb Code    10  bsp_motor.o(i.set_motor_enable)
    set_p_i_d                                0x00003929   Thumb Code    14  bsp_pid.o(i.set_p_i_d)
    set_pid_target                           0x00003937   Thumb Code     6  bsp_pid.o(i.set_pid_target)
    sqrt                                     0x0000393d   Thumb Code   110  sqrt.o(i.sqrt)
    uart_init                                0x000039ad   Thumb Code    82  usart.o(i.uart_init)
    uart_init0                               0x00003a0d   Thumb Code    82  usart.o(i.uart_init0)
    __aeabi_dneg                             0x00003a6d   Thumb Code     0  basic.o(x$fpl$basic)
    _dneg                                    0x00003a6d   Thumb Code     6  basic.o(x$fpl$basic)
    __aeabi_fneg                             0x00003a73   Thumb Code     0  basic.o(x$fpl$basic)
    _fneg                                    0x00003a73   Thumb Code     6  basic.o(x$fpl$basic)
    _dabs                                    0x00003a79   Thumb Code     6  basic.o(x$fpl$basic)
    _fabs                                    0x00003a7f   Thumb Code     6  basic.o(x$fpl$basic)
    __aeabi_d2f                              0x00003a85   Thumb Code     0  d2f.o(x$fpl$d2f)
    _d2f                                     0x00003a85   Thumb Code    98  d2f.o(x$fpl$d2f)
    __aeabi_dadd                             0x00003ae9   Thumb Code     0  daddsub_clz.o(x$fpl$dadd)
    _dadd                                    0x00003ae9   Thumb Code   332  daddsub_clz.o(x$fpl$dadd)
    __aeabi_ddiv                             0x00003c39   Thumb Code     0  ddiv.o(x$fpl$ddiv)
    _ddiv                                    0x00003c39   Thumb Code   552  ddiv.o(x$fpl$ddiv)
    __aeabi_dmul                             0x00003ee9   Thumb Code     0  dmul.o(x$fpl$dmul)
    _dmul                                    0x00003ee9   Thumb Code   332  dmul.o(x$fpl$dmul)
    __fpl_dnaninf                            0x0000403d   Thumb Code   156  dnaninf.o(x$fpl$dnaninf)
    __fpl_dretinf                            0x000040d9   Thumb Code    12  dretinf.o(x$fpl$dretinf)
    __aeabi_drsub                            0x000040e5   Thumb Code     0  daddsub_clz.o(x$fpl$drsb)
    _drsb                                    0x000040e5   Thumb Code    22  daddsub_clz.o(x$fpl$drsb)
    _dsqrt                                   0x000040fd   Thumb Code   404  dsqrt_umaal.o(x$fpl$dsqrt)
    __aeabi_dsub                             0x00004295   Thumb Code     0  daddsub_clz.o(x$fpl$dsub)
    _dsub                                    0x00004295   Thumb Code   464  daddsub_clz.o(x$fpl$dsub)
    __aeabi_f2d                              0x00004469   Thumb Code     0  f2d.o(x$fpl$f2d)
    _f2d                                     0x00004469   Thumb Code    86  f2d.o(x$fpl$f2d)
    __fpl_fnaninf                            0x000044bf   Thumb Code   140  fnaninf.o(x$fpl$fnaninf)
    _fp_init                                 0x0000454b   Thumb Code    10  fpinit.o(x$fpl$fpinit)
    __fplib_config_fpu_vfp                   0x00004553   Thumb Code     0  fpinit.o(x$fpl$fpinit)
    __fplib_config_pureend_doubles           0x00004553   Thumb Code     0  fpinit.o(x$fpl$fpinit)
    __fpl_fretinf                            0x00004555   Thumb Code    10  fretinf.o(x$fpl$fretinf)
    __I$use$fp                               0x0000455e   Number         0  usenofp.o(x$fpl$usenofp)
    asc2_0806                                0x0000455e   Data         570  oled.o(.constdata)
    asc2_1608                                0x00004798   Data        1520  oled.o(.constdata)
    Hzk                                      0x00004d88   Data         224  oled.o(.constdata)
    reg                                      0x00004eb8   Data          27  inv_mpu.o(.constdata)
    hw                                       0x00004ed4   Data          12  inv_mpu.o(.constdata)
    test                                     0x00004ee0   Data          40  inv_mpu.o(.constdata)
    __mathlib_zero                           0x00005108   Data           8  qnan.o(.constdata)
    Region$$Table$$Base                      0x00005110   Number         0  anon$$obj.o(Region$$Table)
    Region$$Table$$Limit                     0x00005130   Number         0  anon$$obj.o(Region$$Table)
    temp                                     0x20000004   Data           4  main.o(.data)
    data2                                    0x20000008   Data           4  main.o(.data)
    Delay10msCnt                             0x2000000c   Data           1  myconfig.o(.data)
    ble_com                                  0x2000000d   Data           1  myconfig.o(.data)
    PWMtemp                                  0x20000010   Data           4  myconfig.o(.data)
    Reflectance_Data                         0x20000014   Data           1  myconfig.o(.data)
    TIMA2_CAP_STA                            0x20000016   Data           1  tima.o(.data)
    TIMA2_CAP_VAL                            0x20000018   Data           2  tima.o(.data)
    __stdout                                 0x2000001c   Data           4  usart.o(.data)
    Encoder                                  0x20000060   Data          64  bsp_encoder.o(.bss)
    Keys                                     0x200000a0   Data          16  key.o(.bss)
    speed_pid                                0x200000c0   Data          32  bsp_pid.o(.bss)
    move_pid                                 0x200000e0   Data          32  bsp_pid.o(.bss)
    __libspace_start                         0x20000198   Data          96  libspace.o(.bss)
    __temporary_stack_top$libspace           0x200001f8   Data           0  libspace.o(.bss)



==============================================================================

Memory Map of the image

  Image Entry point : 0x00000145

  Load Region LR_IROM1 (Base: 0x00000000, Size: 0x00005190, Max: 0x00040000, ABSOLUTE)

    Execution Region ER_IROM1 (Exec base: 0x00000000, Load base: 0x00000000, Size: 0x00005130, Max: 0x00040000, ABSOLUTE)

    Exec Addr    Load Addr    Size         Type   Attr      Idx    E Section Name        Object

    0x00000000   0x00000000   0x00000144   Data   RO         1919    RESET               startup_msp432p401r_uvision.o
    0x00000144   0x00000144   0x00000008   Code   RO         3086  * !!!main             c_w.l(__main.o)
    0x0000014c   0x0000014c   0x00000034   Code   RO         3391    !!!scatter          c_w.l(__scatter.o)
    0x00000180   0x00000180   0x0000001a   Code   RO         3393    !!handler_copy      c_w.l(__scatter_copy.o)
    0x0000019a   0x0000019a   0x00000002   PAD
    0x0000019c   0x0000019c   0x0000001c   Code   RO         3395    !!handler_zi        c_w.l(__scatter_zi.o)
    0x000001b8   0x000001b8   0x00000000   Code   RO         3073    .ARM.Collect$$_printf_percent$$00000000  c_w.l(_printf_percent.o)
    0x000001b8   0x000001b8   0x00000006   Code   RO         3071    .ARM.Collect$$_printf_percent$$0000000C  c_w.l(_printf_x.o)
    0x000001be   0x000001be   0x00000004   Code   RO         3147    .ARM.Collect$$_printf_percent$$00000017  c_w.l(_printf_percent_end.o)
    0x000001c2   0x000001c2   0x00000002   Code   RO         3262    .ARM.Collect$$libinit$$00000000  c_w.l(libinit.o)
    0x000001c4   0x000001c4   0x00000004   Code   RO         3271    .ARM.Collect$$libinit$$00000001  c_w.l(libinit2.o)
    0x000001c8   0x000001c8   0x00000000   Code   RO         3274    .ARM.Collect$$libinit$$00000004  c_w.l(libinit2.o)
    0x000001c8   0x000001c8   0x00000000   Code   RO         3277    .ARM.Collect$$libinit$$0000000A  c_w.l(libinit2.o)
    0x000001c8   0x000001c8   0x00000000   Code   RO         3279    .ARM.Collect$$libinit$$0000000C  c_w.l(libinit2.o)
    0x000001c8   0x000001c8   0x00000000   Code   RO         3281    .ARM.Collect$$libinit$$0000000E  c_w.l(libinit2.o)
    0x000001c8   0x000001c8   0x00000000   Code   RO         3284    .ARM.Collect$$libinit$$00000011  c_w.l(libinit2.o)
    0x000001c8   0x000001c8   0x00000000   Code   RO         3286    .ARM.Collect$$libinit$$00000013  c_w.l(libinit2.o)
    0x000001c8   0x000001c8   0x00000000   Code   RO         3288    .ARM.Collect$$libinit$$00000015  c_w.l(libinit2.o)
    0x000001c8   0x000001c8   0x00000000   Code   RO         3290    .ARM.Collect$$libinit$$00000017  c_w.l(libinit2.o)
    0x000001c8   0x000001c8   0x00000000   Code   RO         3292    .ARM.Collect$$libinit$$00000019  c_w.l(libinit2.o)
    0x000001c8   0x000001c8   0x00000000   Code   RO         3294    .ARM.Collect$$libinit$$0000001B  c_w.l(libinit2.o)
    0x000001c8   0x000001c8   0x00000000   Code   RO         3296    .ARM.Collect$$libinit$$0000001D  c_w.l(libinit2.o)
    0x000001c8   0x000001c8   0x00000000   Code   RO         3298    .ARM.Collect$$libinit$$0000001F  c_w.l(libinit2.o)
    0x000001c8   0x000001c8   0x00000000   Code   RO         3300    .ARM.Collect$$libinit$$00000021  c_w.l(libinit2.o)
    0x000001c8   0x000001c8   0x00000000   Code   RO         3302    .ARM.Collect$$libinit$$00000023  c_w.l(libinit2.o)
    0x000001c8   0x000001c8   0x00000000   Code   RO         3304    .ARM.Collect$$libinit$$00000025  c_w.l(libinit2.o)
    0x000001c8   0x000001c8   0x00000000   Code   RO         3308    .ARM.Collect$$libinit$$0000002C  c_w.l(libinit2.o)
    0x000001c8   0x000001c8   0x00000000   Code   RO         3310    .ARM.Collect$$libinit$$0000002E  c_w.l(libinit2.o)
    0x000001c8   0x000001c8   0x00000000   Code   RO         3312    .ARM.Collect$$libinit$$00000030  c_w.l(libinit2.o)
    0x000001c8   0x000001c8   0x00000000   Code   RO         3314    .ARM.Collect$$libinit$$00000032  c_w.l(libinit2.o)
    0x000001c8   0x000001c8   0x00000002   Code   RO         3315    .ARM.Collect$$libinit$$00000033  c_w.l(libinit2.o)
    0x000001ca   0x000001ca   0x00000002   Code   RO         3343    .ARM.Collect$$libshutdown$$00000000  c_w.l(libshutdown.o)
    0x000001cc   0x000001cc   0x00000000   Code   RO         3357    .ARM.Collect$$libshutdown$$00000002  c_w.l(libshutdown2.o)
    0x000001cc   0x000001cc   0x00000000   Code   RO         3359    .ARM.Collect$$libshutdown$$00000004  c_w.l(libshutdown2.o)
    0x000001cc   0x000001cc   0x00000000   Code   RO         3362    .ARM.Collect$$libshutdown$$00000007  c_w.l(libshutdown2.o)
    0x000001cc   0x000001cc   0x00000000   Code   RO         3365    .ARM.Collect$$libshutdown$$0000000A  c_w.l(libshutdown2.o)
    0x000001cc   0x000001cc   0x00000000   Code   RO         3367    .ARM.Collect$$libshutdown$$0000000C  c_w.l(libshutdown2.o)
    0x000001cc   0x000001cc   0x00000000   Code   RO         3370    .ARM.Collect$$libshutdown$$0000000F  c_w.l(libshutdown2.o)
    0x000001cc   0x000001cc   0x00000002   Code   RO         3371    .ARM.Collect$$libshutdown$$00000010  c_w.l(libshutdown2.o)
    0x000001ce   0x000001ce   0x00000000   Code   RO         3138    .ARM.Collect$$rtentry$$00000000  c_w.l(__rtentry.o)
    0x000001ce   0x000001ce   0x00000000   Code   RO         3213    .ARM.Collect$$rtentry$$00000002  c_w.l(__rtentry2.o)
    0x000001ce   0x000001ce   0x00000006   Code   RO         3225    .ARM.Collect$$rtentry$$00000004  c_w.l(__rtentry4.o)
    0x000001d4   0x000001d4   0x00000000   Code   RO         3215    .ARM.Collect$$rtentry$$00000009  c_w.l(__rtentry2.o)
    0x000001d4   0x000001d4   0x00000004   Code   RO         3216    .ARM.Collect$$rtentry$$0000000A  c_w.l(__rtentry2.o)
    0x000001d8   0x000001d8   0x00000000   Code   RO         3218    .ARM.Collect$$rtentry$$0000000C  c_w.l(__rtentry2.o)
    0x000001d8   0x000001d8   0x00000008   Code   RO         3219    .ARM.Collect$$rtentry$$0000000D  c_w.l(__rtentry2.o)
    0x000001e0   0x000001e0   0x00000002   Code   RO         3265    .ARM.Collect$$rtexit$$00000000  c_w.l(rtexit.o)
    0x000001e2   0x000001e2   0x00000000   Code   RO         3317    .ARM.Collect$$rtexit$$00000002  c_w.l(rtexit2.o)
    0x000001e2   0x000001e2   0x00000004   Code   RO         3318    .ARM.Collect$$rtexit$$00000003  c_w.l(rtexit2.o)
    0x000001e6   0x000001e6   0x00000006   Code   RO         3319    .ARM.Collect$$rtexit$$00000004  c_w.l(rtexit2.o)
    0x000001ec   0x000001ec   0x00000026   Code   RO         2863    .emb_text           msp432p4xx_driverlib.lib(cpu.o)
    0x00000212   0x00000212   0x00000002   PAD
    0x00000214   0x00000214   0x0000003c   Code   RO         1920    .text               startup_msp432p401r_uvision.o
    0x00000250   0x00000250   0x00000002   Code   RO         3016    .text               c_w.l(use_no_semi_2.o)
    0x00000252   0x00000252   0x00000002   PAD
    0x00000254   0x00000254   0x00000018   Code   RO         3022    .text               c_w.l(noretval__2printf.o)
    0x0000026c   0x0000026c   0x00000058   Code   RO         3033    .text               c_w.l(_printf_hex_int.o)
    0x000002c4   0x000002c4   0x00000138   Code   RO         3063    .text               c_w.l(__printf_flags_wp.o)
    0x000003fc   0x000003fc   0x0000008a   Code   RO         3076    .text               c_w.l(rt_memcpy_v6.o)
    0x00000486   0x00000486   0x00000064   Code   RO         3078    .text               c_w.l(rt_memcpy_w.o)
    0x000004ea   0x000004ea   0x00000006   Code   RO         3084    .text               c_w.l(heapauxi.o)
    0x000004f0   0x000004f0   0x00000002   Code   RO         3136    .text               c_w.l(use_no_semi.o)
    0x000004f2   0x000004f2   0x00000016   Code   RO         3141    .text               c_w.l(_rserrno.o)
    0x00000508   0x00000508   0x000000b2   Code   RO         3143    .text               c_w.l(_printf_intcommon.o)
    0x000005ba   0x000005ba   0x00000002   PAD
    0x000005bc   0x000005bc   0x00000024   Code   RO         3145    .text               c_w.l(_printf_char_file.o)
    0x000005e0   0x000005e0   0x00000008   Code   RO         3234    .text               c_w.l(rt_errno_addr_intlibspace.o)
    0x000005e8   0x000005e8   0x00000030   Code   RO         3236    .text               c_w.l(_printf_char_common.o)
    0x00000618   0x00000618   0x00000008   Code   RO         3238    .text               c_w.l(ferror.o)
    0x00000620   0x00000620   0x00000008   Code   RO         3246    .text               c_w.l(libspace.o)
    0x00000628   0x00000628   0x0000004a   Code   RO         3249    .text               c_w.l(sys_stackheap_outer.o)
    0x00000672   0x00000672   0x00000012   Code   RO         3255    .text               c_w.l(exit.o)
    0x00000684   0x00000684   0x00000024   Code   RO         1979    i.CS_clearInterruptFlag  msp432p4xx_driverlib.lib(cs.o)
    0x000006a8   0x000006a8   0x00000018   Code   RO         1988    i.CS_getACLK        msp432p4xx_driverlib.lib(cs.o)
    0x000006c0   0x000006c0   0x0000010c   Code   RO         1990    i.CS_getDCOFrequency  msp432p4xx_driverlib.lib(cs.o)
    0x000007cc   0x000007cc   0x00000018   Code   RO         1995    i.CS_getSMCLK       msp432p4xx_driverlib.lib(cs.o)
    0x000007e4   0x000007e4   0x0000000c   Code   RO         2002    i.CS_setExternalClockSourceFrequency  msp432p4xx_driverlib.lib(cs.o)
    0x000007f0   0x000007f0   0x00000006   Code   RO         2005    i.CS_startHFXT      msp432p4xx_driverlib.lib(cs.o)
    0x000007f6   0x000007f6   0x00000002   PAD
    0x000007f8   0x000007f8   0x000000a0   Code   RO         2006    i.CS_startHFXTWithTimeout  msp432p4xx_driverlib.lib(cs.o)
    0x00000898   0x00000898   0x00000006   Code   RO         2007    i.CS_startLFXT      msp432p4xx_driverlib.lib(cs.o)
    0x0000089e   0x0000089e   0x00000002   PAD
    0x000008a0   0x000008a0   0x000000a0   Code   RO         2008    i.CS_startLFXTWithTimeout  msp432p4xx_driverlib.lib(cs.o)
    0x00000940   0x00000940   0x0000002c   Code   RO          236    i.EUSCIA0_IRQHandler  myconfig.o
    0x0000096c   0x0000096c   0x0000002c   Code   RO          237    i.EUSCIA2_IRQHandler  myconfig.o
    0x00000998   0x00000998   0x00000084   Code   RO          290    i.Encoder_Scan      bsp_encoder.o
    0x00000a1c   0x00000a1c   0x00000014   Code   RO         2250    i.GPIO_getInputPinValue  msp432p4xx_driverlib.lib(gpio.o)
    0x00000a30   0x00000a30   0x00000024   Code   RO         2254    i.GPIO_setAsInputPin  msp432p4xx_driverlib.lib(gpio.o)
    0x00000a54   0x00000a54   0x00000020   Code   RO         2257    i.GPIO_setAsOutputPin  msp432p4xx_driverlib.lib(gpio.o)
    0x00000a74   0x00000a74   0x00000014   Code   RO         2262    i.GPIO_setOutputHighOnPin  msp432p4xx_driverlib.lib(gpio.o)
    0x00000a88   0x00000a88   0x00000014   Code   RO         2263    i.GPIO_setOutputLowOnPin  msp432p4xx_driverlib.lib(gpio.o)
    0x00000a9c   0x00000a9c   0x00000010   Code   RO          562    i.I2C_SW_Configuration  oled.o
    0x00000aac   0x00000aac   0x00000014   Code   RO          563    i.I2C_Start         oled.o
    0x00000ac0   0x00000ac0   0x00000014   Code   RO          564    i.I2C_Stop          oled.o
    0x00000ad4   0x00000ad4   0x00000014   Code   RO          565    i.I2C_WaitAck       oled.o
    0x00000ae8   0x00000ae8   0x0000003a   Code   RO         1066    i.IIC_Ack           iic.o
    0x00000b22   0x00000b22   0x00000026   Code   RO         1067    i.IIC_Init          iic.o
    0x00000b48   0x00000b48   0x0000003a   Code   RO         1068    i.IIC_NAck          iic.o
    0x00000b82   0x00000b82   0x00000056   Code   RO         1069    i.IIC_Read_Byte     iic.o
    0x00000bd8   0x00000bd8   0x00000070   Code   RO         1070    i.IIC_Send_Byte     iic.o
    0x00000c48   0x00000c48   0x0000003a   Code   RO         1071    i.IIC_Start         iic.o
    0x00000c82   0x00000c82   0x0000003a   Code   RO         1072    i.IIC_Stop          iic.o
    0x00000cbc   0x00000cbc   0x0000004c   Code   RO         1073    i.IIC_Wait_Ack      iic.o
    0x00000d08   0x00000d08   0x0000005c   Code   RO         2393    i.Interrupt_enableInterrupt  msp432p4xx_driverlib.lib(interrupt.o)
    0x00000d64   0x00000d64   0x0000000e   Code   RO         2394    i.Interrupt_enableMaster  msp432p4xx_driverlib.lib(interrupt.o)
    0x00000d72   0x00000d72   0x00000002   PAD
    0x00000d74   0x00000d74   0x00000010   Code   RO          333    i.KEY_Init          key.o
    0x00000d84   0x00000d84   0x000000c0   Code   RO          336    i.Key_Scan2         key.o
    0x00000e44   0x00000e44   0x0000000c   Code   RO          382    i.LED_B_Off         led.o
    0x00000e50   0x00000e50   0x0000000c   Code   RO          386    i.LED_G_Off         led.o
    0x00000e5c   0x00000e5c   0x00000030   Code   RO          389    i.LED_Init          led.o
    0x00000e8c   0x00000e8c   0x0000000c   Code   RO          391    i.LED_RED_Off       led.o
    0x00000e98   0x00000e98   0x0000000c   Code   RO          394    i.LED_R_Off         led.o
    0x00000ea4   0x00000ea4   0x00000044   Code   RO         1133    i.MPU_Get_Gyroscope  bsp_mpu6050.o
    0x00000ee8   0x00000ee8   0x00000096   Code   RO         1135    i.MPU_Init          bsp_mpu6050.o
    0x00000f7e   0x00000f7e   0x0000003a   Code   RO         1136    i.MPU_Read_Byte     bsp_mpu6050.o
    0x00000fb8   0x00000fb8   0x00000062   Code   RO         1137    i.MPU_Read_Len      bsp_mpu6050.o
    0x0000101a   0x0000101a   0x0000000a   Code   RO         1138    i.MPU_Set_Accel_Fsr  bsp_mpu6050.o
    0x00001024   0x00001024   0x0000000a   Code   RO         1139    i.MPU_Set_Gyro_Fsr  bsp_mpu6050.o
    0x0000102e   0x0000102e   0x00000030   Code   RO         1140    i.MPU_Set_LPF       bsp_mpu6050.o
    0x0000105e   0x0000105e   0x0000002c   Code   RO         1141    i.MPU_Set_Rate      bsp_mpu6050.o
    0x0000108a   0x0000108a   0x0000004a   Code   RO         1142    i.MPU_Write_Byte    bsp_mpu6050.o
    0x000010d4   0x000010d4   0x0000005a   Code   RO         1143    i.MPU_Write_Len     bsp_mpu6050.o
    0x0000112e   0x0000112e   0x00000002   PAD
    0x00001130   0x00001130   0x0000021c   Code   RO            4    i.Menudisplay       main.o
    0x0000134c   0x0000134c   0x00000154   Code   RO          514    i.Motor_Control     bsp_motor.o
    0x000014a0   0x000014a0   0x000000d4   Code   RO          515    i.Motor_Init        bsp_motor.o
    0x00001574   0x00001574   0x00000174   Code   RO          291    i.Motor_Init_bianmaqi  bsp_encoder.o
    0x000016e8   0x000016e8   0x0000003c   Code   RO          566    i.OLED_Clear        oled.o
    0x00001724   0x00001724   0x000000ee   Code   RO          572    i.OLED_Init         oled.o
    0x00001812   0x00001812   0x00000028   Code   RO          573    i.OLED_Set_Pos      oled.o
    0x0000183a   0x0000183a   0x000000fa   Code   RO          574    i.OLED_ShowBNum     oled.o
    0x00001934   0x00001934   0x00000094   Code   RO          576    i.OLED_ShowChar     oled.o
    0x000019c8   0x000019c8   0x00000080   Code   RO          578    i.OLED_ShowNum      oled.o
    0x00001a48   0x00001a48   0x0000003c   Code   RO          579    i.OLED_ShowString   oled.o
    0x00001a84   0x00001a84   0x0000003a   Code   RO          581    i.OLED_WR_Byte      oled.o
    0x00001abe   0x00001abe   0x00000002   PAD
    0x00001ac0   0x00001ac0   0x00000084   Code   RO         1766    i.PID_param_init    bsp_pid.o
    0x00001b44   0x00001b44   0x00000042   Code   RO         1767    i.PID_realize       bsp_pid.o
    0x00001b86   0x00001b86   0x00000002   PAD
    0x00001b88   0x00001b88   0x00000148   Code   RO          292    i.PORT4_IRQHandler  bsp_encoder.o
    0x00001cd0   0x00001cd0   0x00000010   Code   RO          721    i.Reflectance_Init2  reflectance.o
    0x00001ce0   0x00001ce0   0x00000010   Code   RO          724    i.Reflectance_Read2  reflectance.o
    0x00001cf0   0x00001cf0   0x00000038   Code   RO          582    i.Send_Byte         oled.o
    0x00001d28   0x00001d28   0x00000064   Code   RO          787    i.Servo_Init        bsp_servo.o
    0x00001d8c   0x00001d8c   0x00000080   Code   RO          516    i.Set_PWM           bsp_motor.o
    0x00001e0c   0x00001e0c   0x00000010   Code   RO         2886    i.SysCtl_A_disableNMISource  msp432p4xx_driverlib.lib(sysctl_a.o)
    0x00001e1c   0x00001e1c   0x00000010   Code   RO         2891    i.SysCtl_A_enableNMISource  msp432p4xx_driverlib.lib(sysctl_a.o)
    0x00001e2c   0x00001e2c   0x00000010   Code   RO         2897    i.SysCtl_A_getNMISourceStatus  msp432p4xx_driverlib.lib(sysctl_a.o)
    0x00001e3c   0x00001e3c   0x00000048   Code   RO         2899    i.SysCtl_A_getTLVInfo  msp432p4xx_driverlib.lib(sysctl_a.o)
    0x00001e84   0x00001e84   0x000000a0   Code   RO          999    i.SysInit1          sysinit.o
    0x00001f24   0x00001f24   0x00000060   Code   RO         1928    i.SystemInit        system_msp432p401r.o
    0x00001f84   0x00001f84   0x00000014   Code   RO          816    i.T32_INT1_IRQHandler  tim32.o
    0x00001f98   0x00001f98   0x00000014   Code   RO          238    i.T32_INT2_IRQHandler  myconfig.o
    0x00001fac   0x00001fac   0x00000064   Code   RO          239    i.TA0_0_IRQHandler  myconfig.o
    0x00002010   0x00002010   0x000000b0   Code   RO          855    i.TA2_N_IRQHandler  tima.o
    0x000020c0   0x000020c0   0x00000054   Code   RO          856    i.TimA0_Int_Init    tima.o
    0x00002114   0x00002114   0x00000010   Code   RO         2543    i.Timer_A_getCaptureCompareCount  msp432p4xx_driverlib.lib(timer_a.o)
    0x00002124   0x00002124   0x00000010   Code   RO         2554    i.Timer_A_setCompareValue  msp432p4xx_driverlib.lib(timer_a.o)
    0x00002134   0x00002134   0x00000016   Code   RO         2722    i.UART_enableInterrupt  msp432p4xx_driverlib.lib(uart.o)
    0x0000214a   0x0000214a   0x00000026   Code   RO         2724    i.UART_getEnabledInterruptStatus  msp432p4xx_driverlib.lib(uart.o)
    0x00002170   0x00002170   0x00000092   Code   RO         2728    i.UART_initModule   msp432p4xx_driverlib.lib(uart.o)
    0x00002202   0x00002202   0x00000016   Code   RO         2737    i.UART_transmitData  msp432p4xx_driverlib.lib(uart.o)
    0x00002218   0x00002218   0x00000028   Code   RO          905    i.USART_SendCharArr  usart.o
    0x00002240   0x00002240   0x000000c0   Code   RO         2011    i._CSComputeCLKFrequency  msp432p4xx_driverlib.lib(cs.o)
    0x00002300   0x00002300   0x00000098   Code   RO         2012    i._CSGetHFXTFrequency  msp432p4xx_driverlib.lib(cs.o)
    0x00002398   0x00002398   0x00000030   Code   RO         3195    i.__ARM_fpclassify  m_wm.l(fpclassify.o)
    0x000023c8   0x000023c8   0x00000360   Code   RO         3110    i.__hardfp_asin     m_wm.l(asin.o)
    0x00002728   0x00002728   0x000002d8   Code   RO         3161    i.__hardfp_atan     m_wm.l(atan.o)
    0x00002a00   0x00002a00   0x000001f0   Code   RO         3124    i.__hardfp_atan2    m_wm.l(atan2.o)
    0x00002bf0   0x00002bf0   0x000000f8   Code   RO         3197    i.__kernel_poly     m_wm.l(poly.o)
    0x00002ce8   0x00002ce8   0x00000014   Code   RO         3176    i.__mathlib_dbl_infnan  m_wm.l(dunder.o)
    0x00002cfc   0x00002cfc   0x00000014   Code   RO         3177    i.__mathlib_dbl_infnan2  m_wm.l(dunder.o)
    0x00002d10   0x00002d10   0x00000020   Code   RO         3178    i.__mathlib_dbl_invalid  m_wm.l(dunder.o)
    0x00002d30   0x00002d30   0x00000020   Code   RO         3181    i.__mathlib_dbl_underflow  m_wm.l(dunder.o)
    0x00002d50   0x00002d50   0x0000000e   Code   RO         3061    i._is_digit         c_w.l(__printf_wp.o)
    0x00002d5e   0x00002d5e   0x00000002   Code   RO          906    i._sys_exit         usart.o
    0x00002d60   0x00002d60   0x00000010   Code   RO         3163    i.atan              m_wm.l(atan.o)
    0x00002d70   0x00002d70   0x00000010   Code   RO          969    i.bitPosition       baudarte.o
    0x00002d80   0x00002d80   0x00000012   Code   RO         1826    i.check_sum         protocol.o
    0x00002d92   0x00002d92   0x00000002   PAD
    0x00002d94   0x00002d94   0x0000003c   Code   RO         1222    i.decode_gesture    inv_mpu_dmp_motion_driver.o
    0x00002dd0   0x00002dd0   0x00000018   Code   RO         1024    i.delay_ms          delay.o
    0x00002de8   0x00002de8   0x00000016   Code   RO         1025    i.delay_us          delay.o
    0x00002dfe   0x00002dfe   0x00000002   PAD
    0x00002e00   0x00002e00   0x00000184   Code   RO         1232    i.dmp_read_fifo     inv_mpu_dmp_motion_driver.o
    0x00002f84   0x00002f84   0x00000138   Code   RO          970    i.eusci_calcBaudDividers  baudarte.o
    0x000030bc   0x000030bc   0x00000018   Code   RO         3191    i.fabs              m_wm.l(fabs.o)
    0x000030d4   0x000030d4   0x00000014   Code   RO          907    i.fputc             usart.o
    0x000030e8   0x000030e8   0x00000014   Code   RO         1827    i.get_frame_checksum  protocol.o
    0x000030fc   0x000030fc   0x00000016   Code   RO         1828    i.get_frame_len     protocol.o
    0x00003112   0x00003112   0x0000000a   Code   RO         1829    i.get_frame_type    protocol.o
    0x0000311c   0x0000311c   0x000000b4   Code   RO            5    i.main              main.o
    0x000031d0   0x000031d0   0x00000006   Code   RO         1432    i.mget_ms           inv_mpu.o
    0x000031d6   0x000031d6   0x00000002   PAD
    0x000031d8   0x000031d8   0x00000164   Code   RO         1434    i.mpu_dmp_get_data  inv_mpu.o
    0x0000333c   0x0000333c   0x000000ac   Code   RO         1457    i.mpu_read_fifo_stream  inv_mpu.o
    0x000033e8   0x000033e8   0x0000016c   Code   RO         1461    i.mpu_reset_fifo    inv_mpu.o
    0x00003554   0x00003554   0x00000010   Code   RO          583    i.oled_pow          oled.o
    0x00003564   0x00003564   0x00000024   Code   RO         1830    i.protocol_data_recv  protocol.o
    0x00003588   0x00003588   0x00000140   Code   RO         1831    i.protocol_frame_parse  protocol.o
    0x000036c8   0x000036c8   0x00000018   Code   RO         1832    i.protocol_init     protocol.o
    0x000036e0   0x000036e0   0x0000010c   Code   RO         1833    i.receiving_process  protocol.o
    0x000037ec   0x000037ec   0x00000068   Code   RO         1834    i.recvbuf_find_header  protocol.o
    0x00003854   0x00003854   0x0000001c   Code   RO         1835    i.recvbuf_get_len_to_parse  protocol.o
    0x00003870   0x00003870   0x00000038   Code   RO         1836    i.recvbuf_put_data  protocol.o
    0x000038a8   0x000038a8   0x00000058   Code   RO         1837    i.set_computer_value  protocol.o
    0x00003900   0x00003900   0x00000014   Code   RO          517    i.set_motor_disable  bsp_motor.o
    0x00003914   0x00003914   0x00000014   Code   RO          518    i.set_motor_enable  bsp_motor.o
    0x00003928   0x00003928   0x0000000e   Code   RO         1769    i.set_p_i_d         bsp_pid.o
    0x00003936   0x00003936   0x00000006   Code   RO         1770    i.set_pid_target    bsp_pid.o
    0x0000393c   0x0000393c   0x0000006e   Code   RO         3202    i.sqrt              m_wm.l(sqrt.o)
    0x000039aa   0x000039aa   0x00000002   PAD
    0x000039ac   0x000039ac   0x00000060   Code   RO          908    i.uart_init         usart.o
    0x00003a0c   0x00003a0c   0x00000060   Code   RO          909    i.uart_init0        usart.o
    0x00003a6c   0x00003a6c   0x00000018   Code   RO         3150    x$fpl$basic         fz_wm.l(basic.o)
    0x00003a84   0x00003a84   0x00000062   Code   RO         3088    x$fpl$d2f           fz_wm.l(d2f.o)
    0x00003ae6   0x00003ae6   0x00000002   PAD
    0x00003ae8   0x00003ae8   0x00000150   Code   RO         3090    x$fpl$dadd          fz_wm.l(daddsub_clz.o)
    0x00003c38   0x00003c38   0x000002b0   Code   RO         3097    x$fpl$ddiv          fz_wm.l(ddiv.o)
    0x00003ee8   0x00003ee8   0x00000154   Code   RO         3106    x$fpl$dmul          fz_wm.l(dmul.o)
    0x0000403c   0x0000403c   0x0000009c   Code   RO         3152    x$fpl$dnaninf       fz_wm.l(dnaninf.o)
    0x000040d8   0x000040d8   0x0000000c   Code   RO         3154    x$fpl$dretinf       fz_wm.l(dretinf.o)
    0x000040e4   0x000040e4   0x00000016   Code   RO         3091    x$fpl$drsb          fz_wm.l(daddsub_clz.o)
    0x000040fa   0x000040fa   0x00000002   PAD
    0x000040fc   0x000040fc   0x00000198   Code   RO         3244    x$fpl$dsqrt         fz_wm.l(dsqrt_umaal.o)
    0x00004294   0x00004294   0x000001d4   Code   RO         3092    x$fpl$dsub          fz_wm.l(daddsub_clz.o)
    0x00004468   0x00004468   0x00000056   Code   RO         3108    x$fpl$f2d           fz_wm.l(f2d.o)
    0x000044be   0x000044be   0x0000008c   Code   RO         3156    x$fpl$fnaninf       fz_wm.l(fnaninf.o)
    0x0000454a   0x0000454a   0x0000000a   Code   RO         3331    x$fpl$fpinit        fz_wm.l(fpinit.o)
    0x00004554   0x00004554   0x0000000a   Code   RO         3158    x$fpl$fretinf       fz_wm.l(fretinf.o)
    0x0000455e   0x0000455e   0x00000000   Code   RO         3160    x$fpl$usenofp       fz_wm.l(usenofp.o)
    0x0000455e   0x0000455e   0x0000090a   Data   RO          584    .constdata          oled.o
    0x00004e68   0x00004e68   0x00000050   Data   RO          910    .constdata          usart.o
    0x00004eb8   0x00004eb8   0x0000001b   Data   RO         1478    .constdata          inv_mpu.o
    0x00004ed3   0x00004ed3   0x00000001   PAD
    0x00004ed4   0x00004ed4   0x0000000c   Data   RO         1479    .constdata          inv_mpu.o
    0x00004ee0   0x00004ee0   0x00000028   Data   RO         1480    .constdata          inv_mpu.o
    0x00004f08   0x00004f08   0x0000004c   Data   RO         2266    .constdata          msp432p4xx_driverlib.lib(gpio.o)
    0x00004f54   0x00004f54   0x00000090   Data   RO         2409    .constdata          msp432p4xx_driverlib.lib(interrupt.o)
    0x00004fe4   0x00004fe4   0x00000028   Data   RO         3034    .constdata          c_w.l(_printf_hex_int.o)
    0x0000500c   0x0000500c   0x00000011   Data   RO         3064    .constdata          c_w.l(__printf_flags_wp.o)
    0x0000501d   0x0000501d   0x00000003   PAD
    0x00005020   0x00005020   0x00000050   Data   RO         3113    .constdata          m_wm.l(asin.o)
    0x00005070   0x00005070   0x00000098   Data   RO         3164    .constdata          m_wm.l(atan.o)
    0x00005108   0x00005108   0x00000008   Data   RO         3199    .constdata          m_wm.l(qnan.o)
    0x00005110   0x00005110   0x00000020   Data   RO         3389    Region$$Table       anon$$obj.o


    Execution Region RW_IRAM1 (Exec base: 0x20000000, Load base: 0x00005130, Size: 0x000003f8, Max: 0x00010000, ABSOLUTE)

    Exec Addr    Load Addr    Size         Type   Attr      Idx    E Section Name        Object

    0x20000000   0x00005130   0x0000000c   Data   RW            6    .data               main.o
    0x2000000c   0x0000513c   0x00000008   Data   RW          240    .data               myconfig.o
    0x20000014   0x00005144   0x00000001   Data   RW          241    .data               myconfig.o
    0x20000015   0x00005145   0x00000001   PAD
    0x20000016   0x00005146   0x00000004   Data   RW          860    .data               tima.o
    0x2000001a   0x0000514a   0x00000002   PAD
    0x2000001c   0x0000514c   0x00000004   Data   RW          911    .data               usart.o
    0x20000020   0x00005150   0x00000035   Data   RW         1482    .data               inv_mpu.o
    0x20000055   0x00005185   0x00000003   PAD
    0x20000058   0x00005188   0x00000008   Data   RW         2013    .data               msp432p4xx_driverlib.lib(cs.o)
    0x20000060        -       0x00000040   Zero   RW          293    .bss                bsp_encoder.o
    0x200000a0        -       0x00000010   Zero   RW          337    .bss                key.o
    0x200000b0        -       0x00000010   Zero   RW         1250    .bss                inv_mpu_dmp_motion_driver.o
    0x200000c0        -       0x00000040   Zero   RW         1771    .bss                bsp_pid.o
    0x20000100        -       0x00000098   Zero   RW         1838    .bss                protocol.o
    0x20000198        -       0x00000060   Zero   RW         3247    .bss                c_w.l(libspace.o)
    0x200001f8        -       0x00000000   Zero   RW         1918    HEAP                startup_msp432p401r_uvision.o
    0x200001f8        -       0x00000200   Zero   RW         1917    STACK               startup_msp432p401r_uvision.o



  Load Region LR_IROM2 (Base: 0x00200000, Size: 0x00000000, Max: 0x00004000, ABSOLUTE)

    Execution Region ER_IROM2 (Exec base: 0x00200000, Load base: 0x00200000, Size: 0x00000000, Max: 0x00004000, ABSOLUTE)

    **** No section assigned to this execution region ****


==============================================================================

Image component sizes


      Code (inc. data)   RO Data    RW Data    ZI Data      Debug   Object Name

       328         16          0          0          0       2303   baudarte.o
       832         36          0          0         64       4827   bsp_encoder.o
       720        138          0          0          0       3658   bsp_motor.o
       650          0          0          0          0       7643   bsp_mpu6050.o
       218         24          0          0         64       4062   bsp_pid.o
       100          8          0          0          0        629   bsp_servo.o
        46          0          0          0          0       1130   delay.o
       544          0          0          0          0       4830   iic.o
       898         22         79         53          0       8403   inv_mpu.o
       448          8          0          0         16       7804   inv_mpu_dmp_motion_driver.o
       208         12          0          0         16       2770   key.o
        96         20          0          0          0       2481   led.o
       720        104          0         12          0      16762   main.o
       208         50          0          9          0       2619   myconfig.o
      1130         38       2314          0          0      10669   oled.o
       994         36          0          0        152      11719   protocol.o
        32         12          0          0          0       1132   reflectance.o
        60         22        324          0        512        960   startup_msp432p401r_uvision.o
       160         14          0          0          0        583   sysinit.o
        96         20          0          0          0        573   system_msp432p401r.o
        20         10          0          0          0        510   tim32.o
       260         24          0          4          0       1630   tima.o
       254         38         80          4          0       5451   usart.o

    ----------------------------------------------------------------------
      9034        652       2830         88        824     103148   Object Totals
         0          0         32          0          0          0   (incl. Generated)
        12          0          1          6          0          0   (incl. Padding)

    ----------------------------------------------------------------------

      Code (inc. data)   RO Data    RW Data    ZI Data      Debug   Library Member Name

         8          0          0          0          0         68   __main.o
       312          4         17          0          0         92   __printf_flags_wp.o
        14          0          0          0          0         68   __printf_wp.o
         0          0          0          0          0          0   __rtentry.o
        12          0          0          0          0          0   __rtentry2.o
         6          0          0          0          0          0   __rtentry4.o
        52          8          0          0          0          0   __scatter.o
        26          0          0          0          0          0   __scatter_copy.o
        28          0          0          0          0          0   __scatter_zi.o
        48          6          0          0          0         96   _printf_char_common.o
        36          4          0          0          0         80   _printf_char_file.o
        88          4         40          0          0         88   _printf_hex_int.o
       178          0          0          0          0         88   _printf_intcommon.o
         0          0          0          0          0          0   _printf_percent.o
         4          0          0          0          0          0   _printf_percent_end.o
         6          0          0          0          0          0   _printf_x.o
        22          0          0          0          0        100   _rserrno.o
        18          0          0          0          0         80   exit.o
         8          0          0          0          0         68   ferror.o
         6          0          0          0          0        152   heapauxi.o
         2          0          0          0          0          0   libinit.o
         6          0          0          0          0          0   libinit2.o
         2          0          0          0          0          0   libshutdown.o
         2          0          0          0          0          0   libshutdown2.o
         8          4          0          0         96         68   libspace.o
        24          4          0          0          0         84   noretval__2printf.o
         8          4          0          0          0         68   rt_errno_addr_intlibspace.o
       138          0          0          0          0         68   rt_memcpy_v6.o
       100          0          0          0          0         80   rt_memcpy_w.o
         2          0          0          0          0          0   rtexit.o
        10          0          0          0          0          0   rtexit2.o
        74          0          0          0          0         80   sys_stackheap_outer.o
         2          0          0          0          0         68   use_no_semi.o
         2          0          0          0          0         68   use_no_semi_2.o
        24          0          0          0          0        164   basic.o
        98          4          0          0          0        140   d2f.o
       826         16          0          0          0        492   daddsub_clz.o
       688        140          0          0          0        256   ddiv.o
       340         12          0          0          0        152   dmul.o
       156          4          0          0          0        140   dnaninf.o
        12          0          0          0          0        116   dretinf.o
       408         56          0          0          0        168   dsqrt_umaal.o
        86          4          0          0          0        132   f2d.o
       140          4          0          0          0        132   fnaninf.o
        10          0          0          0          0        116   fpinit.o
        10          0          0          0          0        116   fretinf.o
         0          0          0          0          0          0   usenofp.o
       864         94         80          0          0        280   asin.o
       744        106        152          0          0        352   atan.o
       496         64          0          0          0        192   atan2.o
       104         16          0          0          0        496   dunder.o
        24          0          0          0          0        124   fabs.o
        48          0          0          0          0        124   fpclassify.o
       248          0          0          0          0        152   poly.o
         0          0          8          0          0          0   qnan.o
       110          0          0          0          0        148   sqrt.o
        38          0          0          0          0        676   cpu.o
      1040        166          0          8          0      16000   cs.o
       128         26         76          0          0       4516   gpio.o
       106          8        144          0          0       2381   interrupt.o
       120         26          0          0          0       3378   sysctl_a.o
        32          0          0          0          0       1447   timer_a.o
       228          0          0          0          0       7376   uart.o

    ----------------------------------------------------------------------
      8400        784        520          8         96      41330   Library Totals
        20          0          3          0          0          0   (incl. Padding)

    ----------------------------------------------------------------------

      Code (inc. data)   RO Data    RW Data    ZI Data      Debug   Library Name

      1252         38         57          0         96       1564   c_w.l
      2798        240          0          0          0       2124   fz_wm.l
      2638        280        240          0          0       1868   m_wm.l
      1692        226        220          8          0      35774   msp432p4xx_driverlib.lib

    ----------------------------------------------------------------------
      8400        784        520          8         96      41330   Library Totals

    ----------------------------------------------------------------------

==============================================================================


      Code (inc. data)   RO Data    RW Data    ZI Data      Debug   

     17434       1436       3350         96        920     130298   Grand Totals
     17434       1436       3350         96        920     130298   ELF Image Totals
     17434       1436       3350         96          0          0   ROM Totals

==============================================================================

    Total RO  Size (Code + RO Data)                20784 (  20.30kB)
    Total RW  Size (RW Data + ZI Data)              1016 (   0.99kB)
    Total ROM Size (Code + RO Data + RW Data)      20880 (  20.39kB)

==============================================================================

