Component: ARM Compiler 5.06 update 1 (build 61) Tool: armlink [4d35a8]

==============================================================================

Section Cross References

    main.o(i.Menudisplay) refers to oled.o(i.OLED_ShowNum) for OLED_ShowNum
    main.o(i.Menudisplay) refers to oled.o(i.OLED_ShowString) for OLED_ShowString
    main.o(i.Menudisplay) refers to oled.o(i.OLED_Clear) for OLED_Clear
    main.o(i.Menudisplay) refers to myconfig.o(.data) for Key
    main.o(i.main) refers to sysinit.o(i.SysInit) for SysInit
    main.o(i.main) refers to key.o(i.KEY_Init) for KEY_Init
    main.o(i.main) refers to led.o(i.LED_Init) for LED_Init
    main.o(i.main) refers to oled.o(i.OLED_Init) for OLED_Init
    main.o(i.main) refers to reflectance.o(i.Reflectance_Init2) for Reflectance_Init2
    main.o(i.main) refers to tima.o(i.TimA0_Int_Init) for TimA0_Int_Init
    main.o(i.main) refers to bsp_servo.o(i.Servo_Init) for Servo_Init
    main.o(i.main) refers to bsp_motor.o(i.Motor_Init) for Motor_Init
    main.o(i.main) refers to bsp_encoder.o(i.Motor_Init_bianmaqi) for Motor_Init_bianmaqi
    main.o(i.main) refers to reflectance.o(i.Reflectance_Read2) for Reflectance_Read2
    main.o(i.main) refers to main.o(i.Menudisplay) for Menudisplay
    main.o(i.main) refers to myconfig.o(.data) for Reflectance_Data
    myconfig.o(i.TA0_0_IRQHandler) refers to key.o(i.Key_Scan) for Key_Scan
    myconfig.o(i.TA0_0_IRQHandler) refers to myconfig.o(.data) for .data
    myconfig.o(i.TA0_0_IRQHandler) refers to bsp_encoder.o(.data) for bianmaqi
    bsp_encoder.o(i.PORT4_IRQHandler) refers to bsp_encoder.o(.data) for .data
    key.o(i.KEY_Scan) refers to key.o(.data) for .data
    key.o(i.Key_Scan) refers to key.o(.data) for .data
    led.o(i.LED_C_On) refers to led.o(i.LED_R_Off) for LED_R_Off
    led.o(i.LED_C_On) refers to led.o(i.LED_G_On) for LED_G_On
    led.o(i.LED_C_On) refers to led.o(i.LED_B_On) for LED_B_On
    led.o(i.LED_Init) refers to led.o(i.LED_RED_Off) for LED_RED_Off
    led.o(i.LED_Init) refers to led.o(i.LED_R_Off) for LED_R_Off
    led.o(i.LED_Init) refers to led.o(i.LED_G_Off) for LED_G_Off
    led.o(i.LED_Init) refers to led.o(i.LED_B_Off) for LED_B_Off
    led.o(i.LED_P_On) refers to led.o(i.LED_R_On) for LED_R_On
    led.o(i.LED_P_On) refers to led.o(i.LED_G_Off) for LED_G_Off
    led.o(i.LED_P_On) refers to led.o(i.LED_B_On) for LED_B_On
    led.o(i.LED_W_Off) refers to led.o(i.LED_R_Off) for LED_R_Off
    led.o(i.LED_W_Off) refers to led.o(i.LED_G_Off) for LED_G_Off
    led.o(i.LED_W_Off) refers to led.o(i.LED_B_Off) for LED_B_Off
    led.o(i.LED_W_On) refers to led.o(i.LED_R_On) for LED_R_On
    led.o(i.LED_W_On) refers to led.o(i.LED_G_On) for LED_G_On
    led.o(i.LED_W_On) refers to led.o(i.LED_B_On) for LED_B_On
    led.o(i.LED_W_Tog) refers to led.o(i.LED_R_Tog) for LED_R_Tog
    led.o(i.LED_W_Tog) refers to led.o(i.LED_G_Tog) for LED_G_Tog
    led.o(i.LED_W_Tog) refers to led.o(i.LED_B_Tog) for LED_B_Tog
    led.o(i.LED_Y_On) refers to led.o(i.LED_R_On) for LED_R_On
    led.o(i.LED_Y_On) refers to led.o(i.LED_G_On) for LED_G_On
    led.o(i.LED_Y_On) refers to led.o(i.LED_B_Off) for LED_B_Off
    bsp_motor.o(i.Motor_Control) refers to timer_a.o(i.Timer_A_setCompareValue) for Timer_A_setCompareValue
    oled.o(i.OLED_Clear) refers to oled.o(i.OLED_WR_Byte) for OLED_WR_Byte
    oled.o(i.OLED_ColorTurn) refers to oled.o(i.OLED_WR_Byte) for OLED_WR_Byte
    oled.o(i.OLED_DisplayTurn) refers to oled.o(i.OLED_WR_Byte) for OLED_WR_Byte
    oled.o(i.OLED_Display_Off) refers to oled.o(i.OLED_WR_Byte) for OLED_WR_Byte
    oled.o(i.OLED_Display_On) refers to oled.o(i.OLED_WR_Byte) for OLED_WR_Byte
    oled.o(i.OLED_DrawBMP) refers to oled.o(i.OLED_Set_Pos) for OLED_Set_Pos
    oled.o(i.OLED_DrawBMP) refers to oled.o(i.OLED_WR_Byte) for OLED_WR_Byte
    oled.o(i.OLED_Init) refers to oled.o(i.I2C_SW_Configuration) for I2C_SW_Configuration
    oled.o(i.OLED_Init) refers to oled.o(i.OLED_WR_Byte) for OLED_WR_Byte
    oled.o(i.OLED_Init) refers to oled.o(i.OLED_Clear) for OLED_Clear
    oled.o(i.OLED_Set_Pos) refers to oled.o(i.OLED_WR_Byte) for OLED_WR_Byte
    oled.o(i.OLED_ShowBin) refers to oled.o(i.OLED_ShowChar) for OLED_ShowChar
    oled.o(i.OLED_ShowChar) refers to oled.o(i.OLED_Set_Pos) for OLED_Set_Pos
    oled.o(i.OLED_ShowChar) refers to oled.o(i.OLED_WR_Byte) for OLED_WR_Byte
    oled.o(i.OLED_ShowChar) refers to oled.o(.constdata) for .constdata
    oled.o(i.OLED_ShowChinese) refers to oled.o(i.OLED_Set_Pos) for OLED_Set_Pos
    oled.o(i.OLED_ShowChinese) refers to oled.o(i.OLED_WR_Byte) for OLED_WR_Byte
    oled.o(i.OLED_ShowChinese) refers to oled.o(.constdata) for .constdata
    oled.o(i.OLED_ShowNum) refers to oled.o(i.oled_pow) for oled_pow
    oled.o(i.OLED_ShowNum) refers to oled.o(i.OLED_ShowChar) for OLED_ShowChar
    oled.o(i.OLED_ShowString) refers to oled.o(i.OLED_ShowChar) for OLED_ShowChar
    oled.o(i.OLED_WR_Byte) refers to oled.o(i.I2C_Start) for I2C_Start
[...]
    cs.o(i.CS_getSMCLK) refers to cs.o(i._CSComputeCLKFrequency) for _CSComputeCLKFrequency
    cs.o(i.CS_registerInterrupt) refers to interrupt.o(i.Interrupt_registerInterrupt) for Interrupt_registerInterrupt
    cs.o(i.CS_registerInterrupt) refers to interrupt.o(i.Interrupt_enableInterrupt) for Interrupt_enableInterrupt
    cs.o(i.CS_setDCOFrequency) refers to sysctl_a.o(i.SysCtl_A_getTLVInfo) for SysCtl_A_getTLVInfo
    cs.o(i.CS_setDCOFrequency) refers to cs.o(i.CS_setDCOCenteredFrequency) for CS_setDCOCenteredFrequency
    cs.o(i.CS_setDCOFrequency) refers to cs.o(i.CS_tuneDCOFrequency) for CS_tuneDCOFrequency
    cs.o(i.CS_setExternalClockSourceFrequency) refers to cs.o(.data) for .data
    cs.o(i.CS_startHFXT) refers to cs.o(i.CS_startHFXTWithTimeout) for CS_startHFXTWithTimeout
    cs.o(i.CS_startHFXTWithTimeout) refers to sysctl_a.o(i.SysCtl_A_getNMISourceStatus) for SysCtl_A_getNMISourceStatus
    cs.o(i.CS_startHFXTWithTimeout) refers to sysctl_a.o(i.SysCtl_A_disableNMISource) for SysCtl_A_disableNMISource
    cs.o(i.CS_startHFXTWithTimeout) refers to cs.o(i._CSGetHFXTFrequency) for _CSGetHFXTFrequency
    cs.o(i.CS_startHFXTWithTimeout) refers to sysctl_a.o(i.SysCtl_A_enableNMISource) for SysCtl_A_enableNMISource
    cs.o(i.CS_startLFXT) refers to cs.o(i.CS_startLFXTWithTimeout) for CS_startLFXTWithTimeout
    cs.o(i.CS_startLFXTWithTimeout) refers to sysctl_a.o(i.SysCtl_A_getNMISourceStatus) for SysCtl_A_getNMISourceStatus
    cs.o(i.CS_startLFXTWithTimeout) refers to sysctl_a.o(i.SysCtl_A_disableNMISource) for SysCtl_A_disableNMISource
    cs.o(i.CS_startLFXTWithTimeout) refers to sysctl_a.o(i.SysCtl_A_enableNMISource) for SysCtl_A_enableNMISource
    cs.o(i.CS_unregisterInterrupt) refers to interrupt.o(i.Interrupt_disableInterrupt) for Interrupt_disableInterrupt
    cs.o(i.CS_unregisterInterrupt) refers to interrupt.o(i.Interrupt_unregisterInterrupt) for Interrupt_unregisterInterrupt
    cs.o(i._CSComputeCLKFrequency) refers to cs.o(i.CS_clearInterruptFlag) for CS_clearInterruptFlag
    cs.o(i._CSComputeCLKFrequency) refers to cs.o(i.CS_getDCOFrequency) for CS_getDCOFrequency
    cs.o(i._CSComputeCLKFrequency) refers to cs.o(.data) for .data
    cs.o(i._CSGetHFXTFrequency) refers to cs.o(.data) for .data
    interrupt.o(i.Interrupt_disableInterrupt) refers to interrupt.o(.constdata) for .constdata
    interrupt.o(i.Interrupt_disableMaster) refers to cpu.o(.emb_text) for CPU_cpsid
    interrupt.o(i.Interrupt_enableInterrupt) refers to interrupt.o(.constdata) for .constdata
    interrupt.o(i.Interrupt_enableMaster) refers to cpu.o(.emb_text) for CPU_cpsie
    interrupt.o(i.Interrupt_getPriority) refers to interrupt.o(.constdata) for .constdata
    interrupt.o(i.Interrupt_getPriorityGrouping) refers to interrupt.o(.constdata) for .constdata
    interrupt.o(i.Interrupt_getPriorityMask) refers to cpu.o(.emb_text) for CPU_basepriGet
    interrupt.o(i.Interrupt_isEnabled) refers to interrupt.o(.constdata) for .constdata
    interrupt.o(i.Interrupt_pendInterrupt) refers to interrupt.o(.constdata) for .constdata
    interrupt.o(i.Interrupt_registerInterrupt) refers to interrupt.o(vtable) for vtable
    interrupt.o(i.Interrupt_setPriority) refers to interrupt.o(.constdata) for .constdata
    interrupt.o(i.Interrupt_setPriorityGrouping) refers to interrupt.o(.constdata) for .constdata
    interrupt.o(i.Interrupt_setPriorityMask) refers to cpu.o(.emb_text) for CPU_basepriSet
    interrupt.o(i.Interrupt_unpendInterrupt) refers to interrupt.o(.constdata) for .constdata
    interrupt.o(i.Interrupt_unregisterInterrupt) refers to interrupt.o(i.IntDefaultHandler) for IntDefaultHandler
    interrupt.o(i.Interrupt_unregisterInterrupt) refers to interrupt.o(vtable) for vtable
    timer_a.o(i.Timer_A_configureContinuousMode) refers to timer_a.o(i.privateTimer_AProcessClockSourceDivider) for privateTimer_AProcessClockSourceDivider
    timer_a.o(i.Timer_A_configureUpDownMode) refers to timer_a.o(i.privateTimer_AProcessClockSourceDivider) for privateTimer_AProcessClockSourceDivider
    timer_a.o(i.Timer_A_configureUpMode) refers to timer_a.o(i.privateTimer_AProcessClockSourceDivider) for privateTimer_AProcessClockSourceDivider
    timer_a.o(i.Timer_A_generatePWM) refers to timer_a.o(i.privateTimer_AProcessClockSourceDivider) for privateTimer_AProcessClockSourceDivider
    timer_a.o(i.Timer_A_getCaptureCompareEnabledInterruptStatus) refers to timer_a.o(i.Timer_A_getCaptureCompareInterruptStatus) for Timer_A_getCaptureCompareInterruptStatus
    timer_a.o(i.Timer_A_registerInterrupt) refers to interrupt.o(i.Interrupt_registerInterrupt) for Interrupt_registerInterrupt
    timer_a.o(i.Timer_A_registerInterrupt) refers to interrupt.o(i.Interrupt_enableInterrupt) for Interrupt_enableInterrupt
    timer_a.o(i.Timer_A_unregisterInterrupt) refers to interrupt.o(i.Interrupt_disableInterrupt) for Interrupt_disableInterrupt
    timer_a.o(i.Timer_A_unregisterInterrupt) refers to interrupt.o(i.Interrupt_unregisterInterrupt) for Interrupt_unregisterInterrupt
    uart.o(i.UART_registerInterrupt) refers to interrupt.o(i.Interrupt_registerInterrupt) for Interrupt_registerInterrupt
    uart.o(i.UART_registerInterrupt) refers to interrupt.o(i.Interrupt_enableInterrupt) for Interrupt_enableInterrupt
    uart.o(i.UART_unregisterInterrupt) refers to interrupt.o(i.Interrupt_disableInterrupt) for Interrupt_disableInterrupt
    uart.o(i.UART_unregisterInterrupt) refers to interrupt.o(i.Interrupt_unregisterInterrupt) for Interrupt_unregisterInterrupt
    use_no_semi_2.o(.text) refers (Special) to use_no_semi.o(.text) for __use_no_semihosting_swi
    __2printf.o(.text) refers to _printf_char_file.o(.text) for _printf_char_file
    __2printf.o(.text) refers to usart.o(.data) for __stdout
    noretval__2printf.o(.text) refers to _printf_char_file.o(.text) for _printf_char_file
    noretval__2printf.o(.text) refers to usart.o(.data) for __stdout
    __main.o(!!!main) refers to __rtentry.o(.ARM.Collect$$rtentry$$00000000) for __rt_entry
    __rtentry.o(.ARM.Collect$$rtentry$$00000000) refers (Special) to __rtentry2.o(.ARM.Collect$$rtentry$$0000000A) for __rt_entry_li
    __rtentry.o(.ARM.Collect$$rtentry$$00000000) refers (Special) to __rtentry2.o(.ARM.Collect$$rtentry$$0000000D) for __rt_entry_main
    __rtentry.o(.ARM.Collect$$rtentry$$00000000) refers (Special) to __rtentry2.o(.ARM.Collect$$rtentry$$0000000C) for __rt_entry_postli_1
    __rtentry.o(.ARM.Collect$$rtentry$$00000000) refers (Special) to __rtentry2.o(.ARM.Collect$$rtentry$$00000009) for __rt_entry_postsh_1
    __rtentry.o(.ARM.Collect$$rtentry$$00000000) refers (Special) to __rtentry2.o(.ARM.Collect$$rtentry$$00000002) for __rt_entry_presh_1
    __rtentry.o(.ARM.Collect$$rtentry$$00000000) refers (Special) to __rtentry4.o(.ARM.Collect$$rtentry$$00000004) for __rt_entry_sh
    _printf_char_file.o(.text) refers to _printf_char_common.o(.text) for _printf_char_common
    _printf_char_file.o(.text) refers to ferror.o(.text) for ferror
    _printf_char_file.o(.text) refers to usart.o(i.fputc) for fputc
    __rtentry2.o(.ARM.Collect$$rtentry$$00000008) refers to boardinit2.o(.text) for _platform_post_stackheap_init
    __rtentry2.o(.ARM.Collect$$rtentry$$0000000A) refers to libinit.o(.ARM.Collect$$libinit$$00000000) for __rt_lib_init
    __rtentry2.o(.ARM.Collect$$rtentry$$0000000B) refers to boardinit3.o(.text) for _platform_post_lib_init
    __rtentry2.o(.ARM.Collect$$rtentry$$0000000D) refers to main.o(i.main) for main
    __rtentry2.o(.ARM.Collect$$rtentry$$0000000D) refers to exit.o(.text) for exit
    __rtentry2.o(.ARM.exidx) refers to __rtentry2.o(.ARM.Collect$$rtentry$$00000001) for .ARM.Collect$$rtentry$$00000001
    __rtentry2.o(.ARM.exidx) refers to __rtentry2.o(.ARM.Collect$$rtentry$$00000008) for .ARM.Collect$$rtentry$$00000008
    __rtentry2.o(.ARM.exidx) refers to __rtentry2.o(.ARM.Collect$$rtentry$$0000000A) for .ARM.Collect$$rtentry$$0000000A
    __rtentry2.o(.ARM.exidx) refers to __rtentry2.o(.ARM.Collect$$rtentry$$0000000B) for .ARM.Collect$$rtentry$$0000000B
    __rtentry2.o(.ARM.exidx) refers to __rtentry2.o(.ARM.Collect$$rtentry$$0000000D) for .ARM.Collect$$rtentry$$0000000D
    __rtentry4.o(.ARM.Collect$$rtentry$$00000004) refers to sys_stackheap_outer.o(.text) for __user_setup_stackheap
    __rtentry4.o(.ARM.exidx) refers to __rtentry4.o(.ARM.Collect$$rtentry$$00000004) for .ARM.Collect$$rtentry$$00000004
    _printf_char_common.o(.text) refers to __printf_nopercent.o(.text) for __printf
    sys_stackheap_outer.o(.text) refers to libspace.o(.text) for __user_perproc_libspace
    sys_stackheap_outer.o(.text) refers to startup_msp432p401r_uvision.o(.text) for __user_initial_stackheap
    exit.o(.text) refers to rtexit.o(.ARM.Collect$$rtexit$$00000000) for __rt_exit
    libinit.o(.ARM.Collect$$libinit$$00000000) refers (Special) to libinit2.o(.ARM.Collect$$libinit$$0000002E) for __rt_lib_init_alloca_1
    libinit.o(.ARM.Collect$$libinit$$00000000) refers (Special) to libinit2.o(.ARM.Collect$$libinit$$0000002C) for __rt_lib_init_argv_1
    libinit.o(.ARM.Collect$$libinit$$00000000) refers (Special) to libinit2.o(.ARM.Collect$$libinit$$0000001B) for __rt_lib_init_atexit_1
    libinit.o(.ARM.Collect$$libinit$$00000000) refers (Special) to libinit2.o(.ARM.Collect$$libinit$$00000021) for __rt_lib_init_clock_1
    libinit.o(.ARM.Collect$$libinit$$00000000) refers (Special) to libinit2.o(.ARM.Collect$$libinit$$00000032) for __rt_lib_init_cpp_1
    libinit.o(.ARM.Collect$$libinit$$00000000) refers (Special) to libinit2.o(.ARM.Collect$$libinit$$00000030) for __rt_lib_init_exceptions_1
    libinit.o(.ARM.Collect$$libinit$$00000000) refers (Special) to libinit2.o(.ARM.Collect$$libinit$$00000001) for __rt_lib_init_fp_1
    libinit.o(.ARM.Collect$$libinit$$00000000) refers (Special) to libinit2.o(.ARM.Collect$$libinit$$0000001F) for __rt_lib_init_fp_trap_1
    libinit.o(.ARM.Collect$$libinit$$00000000) refers (Special) to libinit2.o(.ARM.Collect$$libinit$$00000023) for __rt_lib_init_getenv_1
    libinit.o(.ARM.Collect$$libinit$$00000000) refers (Special) to libinit2.o(.ARM.Collect$$libinit$$0000000A) for __rt_lib_init_heap_1
    libinit.o(.ARM.Collect$$libinit$$00000000) refers (Special) to libinit2.o(.ARM.Collect$$libinit$$00000011) for __rt_lib_init_lc_collate_1
    libinit.o(.ARM.Collect$$libinit$$00000000) refers (Special) to libinit2.o(.ARM.Collect$$libinit$$00000013) for __rt_lib_init_lc_ctype_1
    libinit.o(.ARM.Collect$$libinit$$00000000) refers (Special) to libinit2.o(.ARM.Collect$$libinit$$00000015) for __rt_lib_init_lc_monetary_1
    libinit.o(.ARM.Collect$$libinit$$00000000) refers (Special) to libinit2.o(.ARM.Collect$$libinit$$00000017) for __rt_lib_init_lc_numeric_1
    libinit.o(.ARM.Collect$$libinit$$00000000) refers (Special) to libinit2.o(.ARM.Collect$$libinit$$00000019) for __rt_lib_init_lc_time_1
    libinit.o(.ARM.Collect$$libinit$$00000000) refers (Special) to libinit2.o(.ARM.Collect$$libinit$$00000004) for __rt_lib_init_preinit_1
    libinit.o(.ARM.Collect$$libinit$$00000000) refers (Special) to libinit2.o(.ARM.Collect$$libinit$$0000000E) for __rt_lib_init_rand_1
    libinit.o(.ARM.Collect$$libinit$$00000000) refers (Special) to libinit2.o(.ARM.Collect$$libinit$$00000033) for __rt_lib_init_return
    libinit.o(.ARM.Collect$$libinit$$00000000) refers (Special) to libinit2.o(.ARM.Collect$$libinit$$0000001D) for __rt_lib_init_signal_1
    libinit.o(.ARM.Collect$$libinit$$00000000) refers (Special) to libinit2.o(.ARM.Collect$$libinit$$00000025) for __rt_lib_init_stdio_1
    libinit.o(.ARM.Collect$$libinit$$00000000) refers (Special) to libinit2.o(.ARM.Collect$$libinit$$0000000C) for __rt_lib_init_user_alloc_1
    libspace.o(.text) refers to libspace.o(.bss) for __libspace_start
    rtexit.o(.ARM.Collect$$rtexit$$00000000) refers (Special) to rtexit2.o(.ARM.Collect$$rtexit$$00000004) for __rt_exit_exit
    rtexit.o(.ARM.Collect$$rtexit$$00000000) refers (Special) to rtexit2.o(.ARM.Collect$$rtexit$$00000003) for __rt_exit_ls
    rtexit.o(.ARM.Collect$$rtexit$$00000000) refers (Special) to rtexit2.o(.ARM.Collect$$rtexit$$00000002) for __rt_exit_prels_1
    rtexit.o(.ARM.exidx) refers (Special) to rtexit2.o(.ARM.Collect$$rtexit$$00000004) for __rt_exit_exit
    rtexit.o(.ARM.exidx) refers (Special) to rtexit2.o(.ARM.Collect$$rtexit$$00000003) for __rt_exit_ls
    rtexit.o(.ARM.exidx) refers (Special) to rtexit2.o(.ARM.Collect$$rtexit$$00000002) for __rt_exit_prels_1
    rtexit.o(.ARM.exidx) refers to rtexit.o(.ARM.Collect$$rtexit$$00000000) for .ARM.Collect$$rtexit$$00000000
    libinit2.o(.ARM.Collect$$libinit$$00000001) refers to fpinit.o(x$fpl$fpinit) for _fp_init
    libinit2.o(.ARM.Collect$$libinit$$00000010) refers to libinit2.o(.ARM.Collect$$libinit$$0000000F) for .ARM.Collect$$libinit$$0000000F
    libinit2.o(.ARM.Collect$$libinit$$00000012) refers to libinit2.o(.ARM.Collect$$libinit$$0000000F) for .ARM.Collect$$libinit$$0000000F
    libinit2.o(.ARM.Collect$$libinit$$00000014) refers to libinit2.o(.ARM.Collect$$libinit$$0000000F) for .ARM.Collect$$libinit$$0000000F
    libinit2.o(.ARM.Collect$$libinit$$00000016) refers to libinit2.o(.ARM.Collect$$libinit$$0000000F) for .ARM.Collect$$libinit$$0000000F
    libinit2.o(.ARM.Collect$$libinit$$00000018) refers to libinit2.o(.ARM.Collect$$libinit$$0000000F) for .ARM.Collect$$libinit$$0000000F
    libinit2.o(.ARM.Collect$$libinit$$00000026) refers to argv_veneer.o(.emb_text) for __ARM_argv_veneer
    libinit2.o(.ARM.Collect$$libinit$$00000027) refers to argv_veneer.o(.emb_text) for __ARM_argv_veneer
    rtexit2.o(.ARM.Collect$$rtexit$$00000003) refers to libshutdown.o(.ARM.Collect$$libshutdown$$00000000) for __rt_lib_shutdown
    rtexit2.o(.ARM.Collect$$rtexit$$00000004) refers to usart.o(i._sys_exit) for _sys_exit
    rtexit2.o(.ARM.exidx) refers to rtexit2.o(.ARM.Collect$$rtexit$$00000001) for .ARM.Collect$$rtexit$$00000001
    rtexit2.o(.ARM.exidx) refers to rtexit2.o(.ARM.Collect$$rtexit$$00000003) for .ARM.Collect$$rtexit$$00000003
    rtexit2.o(.ARM.exidx) refers to rtexit2.o(.ARM.Collect$$rtexit$$00000004) for .ARM.Collect$$rtexit$$00000004
    argv_veneer.o(.emb_text) refers to no_argv.o(.text) for __ARM_get_argv
    _get_argv_nomalloc.o(.text) refers (Special) to hrguard.o(.text) for __heap_region$guard
    _get_argv_nomalloc.o(.text) refers to defsig_rtmem_outer.o(.text) for __rt_SIGRTMEM
    _get_argv_nomalloc.o(.text) refers to sys_command.o(.text) for _sys_command_string
    libshutdown.o(.ARM.Collect$$libshutdown$$00000000) refers (Special) to libshutdown2.o(.ARM.Collect$$libshutdown$$00000002) for __rt_lib_shutdown_cpp_1
    libshutdown.o(.ARM.Collect$$libshutdown$$00000000) refers (Special) to libshutdown2.o(.ARM.Collect$$libshutdown$$00000007) for __rt_lib_shutdown_fp_trap_1
    libshutdown.o(.ARM.Collect$$libshutdown$$00000000) refers (Special) to libshutdown2.o(.ARM.Collect$$libshutdown$$0000000F) for __rt_lib_shutdown_heap_1
    libshutdown.o(.ARM.Collect$$libshutdown$$00000000) refers (Special) to libshutdown2.o(.ARM.Collect$$libshutdown$$00000010) for __rt_lib_shutdown_return
    libshutdown.o(.ARM.Collect$$libshutdown$$00000000) refers (Special) to libshutdown2.o(.ARM.Collect$$libshutdown$$0000000A) for __rt_lib_shutdown_signal_1
    libshutdown.o(.ARM.Collect$$libshutdown$$00000000) refers (Special) to libshutdown2.o(.ARM.Collect$$libshutdown$$00000004) for __rt_lib_shutdown_stdio_1
    libshutdown.o(.ARM.Collect$$libshutdown$$00000000) refers (Special) to libshutdown2.o(.ARM.Collect$$libshutdown$$0000000C) for __rt_lib_shutdown_user_alloc_1
    sys_command.o(.text) refers (Special) to use_no_semi.o(.text) for __I$use$semihosting
    sys_command.o(.text) refers (Special) to indicate_semi.o(.text) for __semihosting_library_function
    defsig_rtmem_outer.o(.text) refers to defsig_rtmem_inner.o(.text) for __rt_SIGRTMEM_inner
    defsig_rtmem_outer.o(.text) refers to defsig_exit.o(.text) for __sig_exit
    defsig_rtmem_formal.o(.text) refers to rt_raise.o(.text) for __rt_raise
    rt_raise.o(.text) refers to __raise.o(.text) for __raise
    rt_raise.o(.text) refers to usart.o(i._sys_exit) for _sys_exit
    defsig_exit.o(.text) refers to usart.o(i._sys_exit) for _sys_exit
    defsig_rtmem_inner.o(.text) refers to defsig_general.o(.text) for __default_signal_display
    __raise.o(.text) refers to defsig.o(CL$$defsig) for __default_signal_handler
    defsig_general.o(.text) refers to sys_wrch.o(.text) for _ttywrch
    sys_wrch.o(.text) refers (Special) to use_no_semi.o(.text) for __I$use$semihosting
    sys_wrch.o(.text) refers (Special) to indicate_semi.o(.text) for __semihosting_library_function
    defsig.o(CL$$defsig) refers to defsig_rtmem_inner.o(.text) for __rt_SIGRTMEM_inner
    defsig_abrt_inner.o(.text) refers to defsig_general.o(.text) for __default_signal_display
    defsig_fpe_inner.o(.text) refers to defsig_general.o(.text) for __default_signal_display
    defsig_rtred_inner.o(.text) refers to defsig_general.o(.text) for __default_signal_display
    defsig_stak_inner.o(.text) refers to defsig_general.o(.text) for __default_signal_display
    defsig_pvfn_inner.o(.text) refers to defsig_general.o(.text) for __default_signal_display
    defsig_cppl_inner.o(.text) refers to defsig_general.o(.text) for __default_signal_display
    defsig_segv_inner.o(.text) refers to defsig_general.o(.text) for __default_signal_display
    defsig_other.o(.text) refers to defsig_general.o(.text) for __default_signal_display


==============================================================================

Removing Unused input sections from the image.

    Removing main.o(.rev16_text), (4 bytes).
    Removing main.o(.revsh_text), (4 bytes).
    Removing main.o(.rrx_text), (6 bytes).
    Removing myconfig.o(.rev16_text), (4 bytes).
    Removing myconfig.o(.revsh_text), (4 bytes).
    Removing myconfig.o(.rrx_text), (6 bytes).
    Removing bsp_encoder.o(.rev16_text), (4 bytes).
    Removing bsp_encoder.o(.revsh_text), (4 bytes).
    Removing bsp_encoder.o(.rrx_text), (6 bytes).
    Removing key.o(.rev16_text), (4 bytes).
    Removing key.o(.revsh_text), (4 bytes).
    Removing key.o(.rrx_text), (6 bytes).
    Removing key.o(i.KEY_Scan), (88 bytes).
    Removing led.o(.rev16_text), (4 bytes).
    Removing led.o(.revsh_text), (4 bytes).
    Removing led.o(.rrx_text), (6 bytes).
    Removing led.o(i.LED_B_On), (12 bytes).
    Removing led.o(i.LED_B_Tog), (16 bytes).
    Removing led.o(i.LED_C_On), (18 bytes).
    Removing led.o(i.LED_G_On), (12 bytes).
    Removing led.o(i.LED_G_Tog), (16 bytes).
    Removing led.o(i.LED_P_On), (18 bytes).
    Removing led.o(i.LED_RED_On), (12 bytes).
    Removing led.o(i.LED_RED_Tog), (16 bytes).
    Removing led.o(i.LED_R_On), (12 bytes).
    Removing led.o(i.LED_R_Tog), (16 bytes).
    Removing led.o(i.LED_W_Off), (18 bytes).
    Removing led.o(i.LED_W_On), (18 bytes).
    Removing led.o(i.LED_W_Tog), (18 bytes).
    Removing led.o(i.LED_Y_On), (18 bytes).
    Removing bsp_motor.o(.rev16_text), (4 bytes).
    Removing bsp_motor.o(.revsh_text), (4 bytes).
    Removing bsp_motor.o(.rrx_text), (6 bytes).
    Removing bsp_motor.o(i.Motor_Control), (332 bytes).
    Removing oled.o(.rev16_text), (4 bytes).
    Removing oled.o(.revsh_text), (4 bytes).
    Removing oled.o(.rrx_text), (6 bytes).
    Removing oled.o(i.OLED_ColorTurn), (34 bytes).
    Removing oled.o(i.OLED_DisplayTurn), (50 bytes).
    Removing oled.o(i.OLED_Display_Off), (30 bytes).
    Removing oled.o(i.OLED_Display_On), (30 bytes).
    Removing oled.o(i.OLED_DrawBMP), (86 bytes).
    Removing oled.o(i.OLED_ShowBin), (68 bytes).
    Removing oled.o(i.OLED_ShowChinese), (88 bytes).
    Removing reflectance.o(.rev16_text), (4 bytes).
    Removing reflectance.o(.revsh_text), (4 bytes).
    Removing reflectance.o(.rrx_text), (6 bytes).
    Removing reflectance.o(i.Reflectance_Center), (52 bytes).
    Removing reflectance.o(i.Reflectance_End), (12 bytes).
    Removing reflectance.o(i.Reflectance_Init), (36 bytes).
    Removing reflectance.o(i.Reflectance_Position), (96 bytes).
    Removing reflectance.o(i.Reflectance_Read), (80 bytes).
    Removing reflectance.o(i.Reflectance_Start), (40 bytes).
    Removing reflectance.o(.constdata), (32 bytes).
    Removing reflectance.o(.data), (1 bytes).
    Removing bsp_servo.o(.rev16_text), (4 bytes).
    Removing bsp_servo.o(.revsh_text), (4 bytes).
    Removing bsp_servo.o(.rrx_text), (6 bytes).
    Removing bsp_servo.o(i.Servo_Control), (28 bytes).
    Removing tim32.o(.rev16_text), (4 bytes).
    Removing tim32.o(.revsh_text), (4 bytes).
    Removing tim32.o(.rrx_text), (6 bytes).
    Removing tim32.o(i.Tim32_0_Int_Init), (76 bytes).
    Removing tim32.o(i.Tim32_1_Int_Init), (76 bytes).
    Removing tima.o(.rev16_text), (4 bytes).
    Removing tima.o(.revsh_text), (4 bytes).
    Removing tima.o(.rrx_text), (6 bytes).
    Removing tima.o(i.TimA1_PWM_Init), (68 bytes).
    Removing tima.o(i.TimA2_Cap_Init), (128 bytes).
    Removing tima.o(.constdata), (40 bytes).
    Removing usart.o(.rev16_text), (4 bytes).
    Removing usart.o(.revsh_text), (4 bytes).
    Removing usart.o(.rrx_text), (6 bytes).
    Removing usart.o(i.AnoTc_SendUserTest), (144 bytes).
    Removing usart.o(i.USART_SendCharArr), (40 bytes).
    Removing usart.o(i.fputc), (20 bytes).
    Removing usart.o(i.uart_init), (96 bytes).
    Removing usart.o(.constdata), (40 bytes).
    Removing usart.o(.data), (4 bytes).
    Removing baudarte.o(.rev16_text), (4 bytes).
    Removing baudarte.o(.revsh_text), (4 bytes).
    Removing baudarte.o(.rrx_text), (6 bytes).
    Removing baudarte.o(i.bitPosition), (16 bytes).
    Removing baudarte.o(i.eusci_calcBaudDividers), (312 bytes).
    Removing sysinit.o(.rev16_text), (4 bytes).
    Removing sysinit.o(.revsh_text), (4 bytes).
    Removing sysinit.o(.rrx_text), (6 bytes).
    Removing delay.o(.rev16_text), (4 bytes).
    Removing delay.o(.revsh_text), (4 bytes).
    Removing delay.o(.rrx_text), (6 bytes).
    Removing delay.o(i.delay_init), (40 bytes).
    Removing delay.o(i.delay_ms), (24 bytes).
    Removing delay.o(i.delay_us), (52 bytes).
    Removing delay.o(.data), (1 bytes).
    Removing pid.o(i.PID1_Input_Data), (10 bytes).
    Removing pid.o(i.PID1_Param_Init), (96 bytes).
    Removing pid.o(i.PID1_Param_Input), (14 bytes).
    Removing pid.o(i.PID1_Run), (120 bytes).
    Removing pid.o(i.PID2_Input_Data), (10 bytes).
    Removing pid.o(i.PID2_Param_Init), (96 bytes).
    Removing pid.o(i.PID2_Param_Input), (14 bytes).
    Removing pid.o(i.PID2_Run), (132 bytes).
    Removing system_msp432p401r.o(.rev16_text), (4 bytes).
    Removing system_msp432p401r.o(.revsh_text), (4 bytes).
    Removing system_msp432p401r.o(.rrx_text), (6 bytes).
    Removing system_msp432p401r.o(i.SystemCoreClockUpdate), (508 bytes).
    Removing system_msp432p401r.o(.data), (4 bytes).
    Removing cs.o(.rev16_text), (4 bytes).
    Removing cs.o(.revsh_text), (4 bytes).
    Removing cs.o(.rrx_text), (6 bytes).
    Removing cs.o(i.CS_clearInterruptFlag), (36 bytes).
    Removing cs.o(i.CS_disableClockRequest), (36 bytes).
    Removing cs.o(i.CS_disableDCOExternalResistor), (32 bytes).
    Removing cs.o(i.CS_disableFaultCounter), (40 bytes).
    Removing cs.o(i.CS_disableInterrupt), (36 bytes).
    Removing cs.o(i.CS_enableClockRequest), (36 bytes).
    Removing cs.o(i.CS_enableDCOExternalResistor), (28 bytes).
    Removing cs.o(i.CS_enableFaultCounter), (40 bytes).
    Removing cs.o(i.CS_enableInterrupt), (36 bytes).
    Removing cs.o(i.CS_getACLK), (24 bytes).
    Removing cs.o(i.CS_getBCLK), (28 bytes).
    Removing cs.o(i.CS_getDCOFrequency), (268 bytes).
    Removing cs.o(i.CS_getEnabledInterruptStatus), (20 bytes).
    Removing cs.o(i.CS_getHSMCLK), (24 bytes).
    Removing cs.o(i.CS_getInterruptStatus), (12 bytes).
    Removing cs.o(i.CS_getMCLK), (24 bytes).
    Removing cs.o(i.CS_getSMCLK), (24 bytes).
    Removing cs.o(i.CS_initClockSignal), (232 bytes).
    Removing cs.o(i.CS_registerInterrupt), (20 bytes).
    Removing cs.o(i.CS_resetFaultCounter), (40 bytes).
    Removing cs.o(i.CS_setDCOCenteredFrequency), (36 bytes).
    Removing cs.o(i.CS_setDCOExternalResistorCalibration), (100 bytes).
    Removing cs.o(i.CS_setDCOFrequency), (300 bytes).
    Removing cs.o(i.CS_setReferenceOscillatorFrequency), (32 bytes).
    Removing cs.o(i.CS_startFaultCounter), (52 bytes).
    Removing cs.o(i.CS_tuneDCOFrequency), (52 bytes).
    Removing cs.o(i.CS_unregisterInterrupt), (18 bytes).
    Removing cs.o(i._CSComputeCLKFrequency), (192 bytes).
    Removing interrupt.o(.rev16_text), (4 bytes).
    Removing interrupt.o(.revsh_text), (4 bytes).
    Removing interrupt.o(.rrx_text), (6 bytes).
    Removing interrupt.o(i.IntDefaultHandler), (2 bytes).
    Removing interrupt.o(i.Interrupt_disableInterrupt), (92 bytes).
    Removing interrupt.o(i.Interrupt_disableMaster), (14 bytes).
    Removing interrupt.o(i.Interrupt_disableSleepOnIsrExit), (16 bytes).
    Removing interrupt.o(i.Interrupt_enableInterrupt), (92 bytes).
    Removing interrupt.o(i.Interrupt_enableMaster), (14 bytes).
    Removing interrupt.o(i.Interrupt_enableSleepOnIsrExit), (16 bytes).
    Removing interrupt.o(i.Interrupt_getPriority), (24 bytes).
    Removing interrupt.o(i.Interrupt_getPriorityGrouping), (36 bytes).
    Removing interrupt.o(i.Interrupt_getPriorityMask), (10 bytes).
    Removing interrupt.o(i.Interrupt_getVectorTableAddress), (12 bytes).
    Removing interrupt.o(i.Interrupt_isEnabled), (100 bytes).
    Removing interrupt.o(i.Interrupt_pendInterrupt), (76 bytes).
    Removing interrupt.o(i.Interrupt_registerInterrupt), (48 bytes).
    Removing interrupt.o(i.Interrupt_setPriority), (36 bytes).
    Removing interrupt.o(i.Interrupt_setPriorityGrouping), (40 bytes).
    Removing interrupt.o(i.Interrupt_setPriorityMask), (4 bytes).
    Removing interrupt.o(i.Interrupt_setVectorTableAddress), (12 bytes).
    Removing interrupt.o(i.Interrupt_unpendInterrupt), (64 bytes).
    Removing interrupt.o(i.Interrupt_unregisterInterrupt), (20 bytes).
    Removing interrupt.o(.constdata), (144 bytes).
    Removing interrupt.o(vtable), (232 bytes).
    Removing timer_a.o(.rev16_text), (4 bytes).
    Removing timer_a.o(.revsh_text), (4 bytes).
    Removing timer_a.o(.rrx_text), (6 bytes).
    Removing timer_a.o(i.Timer_A_clearCaptureCompareInterrupt), (26 bytes).
    Removing timer_a.o(i.Timer_A_clearInterruptFlag), (12 bytes).
    Removing timer_a.o(i.Timer_A_clearTimer), (12 bytes).
    Removing timer_a.o(i.Timer_A_configureContinuousMode), (40 bytes).
    Removing timer_a.o(i.Timer_A_configureUpDownMode), (70 bytes).
    Removing timer_a.o(i.Timer_A_configureUpMode), (70 bytes).
    Removing timer_a.o(i.Timer_A_disableCaptureCompareInterrupt), (26 bytes).
    Removing timer_a.o(i.Timer_A_disableInterrupt), (12 bytes).
    Removing timer_a.o(i.Timer_A_enableCaptureCompareInterrupt), (26 bytes).
    Removing timer_a.o(i.Timer_A_enableInterrupt), (12 bytes).
    Removing timer_a.o(i.Timer_A_generatePWM), (76 bytes).
    Removing timer_a.o(i.Timer_A_getCaptureCompareEnabledInterruptStatus), (34 bytes).
    Removing timer_a.o(i.Timer_A_getCaptureCompareInterruptStatus), (18 bytes).
    Removing timer_a.o(i.Timer_A_getCounterValue), (28 bytes).
    Removing timer_a.o(i.Timer_A_getEnabledInterruptStatus), (18 bytes).
    Removing timer_a.o(i.Timer_A_getInterruptStatus), (8 bytes).
    Removing timer_a.o(i.Timer_A_getOutputForOutputModeOutBitValue), (30 bytes).
    Removing timer_a.o(i.Timer_A_getSynchronizedCaptureCompareInput), (22 bytes).
    Removing timer_a.o(i.Timer_A_initCapture), (52 bytes).
    Removing timer_a.o(i.Timer_A_initCompare), (38 bytes).
    Removing timer_a.o(i.Timer_A_registerInterrupt), (164 bytes).
    Removing timer_a.o(i.Timer_A_setCompareValue), (16 bytes).
    Removing timer_a.o(i.Timer_A_setOutputForOutputModeOutBitValue), (24 bytes).
    Removing timer_a.o(i.Timer_A_startCounter), (8 bytes).
    Removing timer_a.o(i.Timer_A_stopTimer), (10 bytes).
    Removing timer_a.o(i.Timer_A_unregisterInterrupt), (140 bytes).
    Removing timer_a.o(i.privateTimer_AProcessClockSourceDivider), (180 bytes).
    Removing uart.o(.rev16_text), (4 bytes).
    Removing uart.o(.revsh_text), (4 bytes).
    Removing uart.o(.rrx_text), (6 bytes).
    Removing uart.o(i.UART_clearInterruptFlag), (8 bytes).
    Removing uart.o(i.UART_disableInterrupt), (22 bytes).
    Removing uart.o(i.UART_disableModule), (12 bytes).
    Removing uart.o(i.UART_enableInterrupt), (22 bytes).
    Removing uart.o(i.UART_enableModule), (12 bytes).
    Removing uart.o(i.UART_getEnabledInterruptStatus), (38 bytes).
    Removing uart.o(i.UART_getInterruptStatus), (6 bytes).
    Removing uart.o(i.UART_getReceiveBufferAddressForDMA), (4 bytes).
    Removing uart.o(i.UART_getTransmitBufferAddressForDMA), (4 bytes).
    Removing uart.o(i.UART_initModule), (146 bytes).
    Removing uart.o(i.UART_queryStatusFlags), (6 bytes).
    Removing uart.o(i.UART_receiveData), (24 bytes).
    Removing uart.o(i.UART_registerInterrupt), (80 bytes).
    Removing uart.o(i.UART_resetDormant), (12 bytes).
    Removing uart.o(i.UART_selectDeglitchTime), (12 bytes).
    Removing uart.o(i.UART_setDormant), (12 bytes).
    Removing uart.o(i.UART_transmitAddress), (14 bytes).
    Removing uart.o(i.UART_transmitBreak), (44 bytes).
    Removing uart.o(i.UART_transmitData), (22 bytes).
    Removing uart.o(i.UART_unregisterInterrupt), (80 bytes).
    Removing cpu.o(.rev16_text), (4 bytes).
    Removing cpu.o(.revsh_text), (4 bytes).
    Removing cpu.o(.rrx_text), (6 bytes).
    Removing cpu.o(.emb_text), (38 bytes).
    Removing sysctl_a.o(.rev16_text), (4 bytes).
    Removing sysctl_a.o(.revsh_text), (4 bytes).
    Removing sysctl_a.o(.rrx_text), (6 bytes).
    Removing sysctl_a.o(i.SysCtl_A_disableGlitchFilter), (16 bytes).
    Removing sysctl_a.o(i.SysCtl_A_disablePeripheralAtCPUHalt), (16 bytes).
    Removing sysctl_a.o(i.SysCtl_A_disableSRAM), (96 bytes).
    Removing sysctl_a.o(i.SysCtl_A_disableSRAMRetention), (272 bytes).
    Removing sysctl_a.o(i.SysCtl_A_enableGlitchFilter), (16 bytes).
    Removing sysctl_a.o(i.SysCtl_A_enablePeripheralAtCPUHalt), (16 bytes).
    Removing sysctl_a.o(i.SysCtl_A_enableSRAM), (96 bytes).
    Removing sysctl_a.o(i.SysCtl_A_enableSRAMRetention), (284 bytes).
    Removing sysctl_a.o(i.SysCtl_A_getFlashSize), (12 bytes).
    Removing sysctl_a.o(i.SysCtl_A_getInfoFlashSize), (12 bytes).
    Removing sysctl_a.o(i.SysCtl_A_getSRAMSize), (12 bytes).
    Removing sysctl_a.o(i.SysCtl_A_getTLVInfo), (72 bytes).
    Removing sysctl_a.o(i.SysCtl_A_getTempCalibrationConstant), (12 bytes).
    Removing sysctl_a.o(i.SysCtl_A_rebootDevice), (16 bytes).
    Removing sysctl_a.o(i.SysCtl_A_setWDTPasswordViolationResetType), (28 bytes).
    Removing sysctl_a.o(i.SysCtl_A_setWDTTimeoutResetType), (28 bytes).

239 unused section(s) (total 9608 bytes) removed from the image.

==============================================================================

Image Symbol Table

    Local Symbols

    Symbol Name                              Value     Ov Type        Size  Object(Section)

    RESET                                    0x00000000   Section      324  startup_msp432p401r_uvision.o(RESET)
    ../clib/angel/boardlib.s                 0x00000000   Number         0  boardinit3.o ABSOLUTE
    ../clib/angel/boardlib.s                 0x00000000   Number         0  boardshut.o ABSOLUTE
    ../clib/angel/boardlib.s                 0x00000000   Number         0  boardinit2.o ABSOLUTE
    ../clib/angel/boardlib.s                 0x00000000   Number         0  boardinit1.o ABSOLUTE
    ../clib/angel/handlers.s                 0x00000000   Number         0  __scatter_copy.o ABSOLUTE
    ../clib/angel/handlers.s                 0x00000000   Number         0  __scatter_zi.o ABSOLUTE
    ../clib/angel/kernel.s                   0x00000000   Number         0  rtexit.o ABSOLUTE
    ../clib/angel/kernel.s                   0x00000000   Number         0  rtexit2.o ABSOLUTE
    ../clib/angel/kernel.s                   0x00000000   Number         0  __rtentry.o ABSOLUTE
    ../clib/angel/kernel.s                   0x00000000   Number         0  __rtentry4.o ABSOLUTE
    ../clib/angel/kernel.s                   0x00000000   Number         0  __rtentry2.o ABSOLUTE
    ../clib/angel/rt.s                       0x00000000   Number         0  rt_raise.o ABSOLUTE
    ../clib/angel/scatter.s                  0x00000000   Number         0  __scatter.o ABSOLUTE
    ../clib/angel/startup.s                  0x00000000   Number         0  __main.o ABSOLUTE
    ../clib/angel/sys.s                      0x00000000   Number         0  sys_stackheap_outer.o ABSOLUTE
    ../clib/angel/sys.s                      0x00000000   Number         0  use_no_semi.o ABSOLUTE
    ../clib/angel/sys.s                      0x00000000   Number         0  libspace.o ABSOLUTE
    ../clib/angel/sys.s                      0x00000000   Number         0  indicate_semi.o ABSOLUTE
    ../clib/angel/sys.s                      0x00000000   Number         0  use_no_semi_2.o ABSOLUTE
    ../clib/angel/sysapp.c                   0x00000000   Number         0  sys_command.o ABSOLUTE
    ../clib/angel/sysapp.c                   0x00000000   Number         0  sys_wrch.o ABSOLUTE
    ../clib/armsys.c                         0x00000000   Number         0  argv_veneer.o ABSOLUTE
    ../clib/armsys.c                         0x00000000   Number         0  no_argv.o ABSOLUTE
    ../clib/armsys.c                         0x00000000   Number         0  argv_veneer.o ABSOLUTE
    ../clib/armsys.c                         0x00000000   Number         0  _get_argv_nomalloc.o ABSOLUTE
    ../clib/heapalloc.c                      0x00000000   Number         0  hrguard.o ABSOLUTE
    ../clib/heapaux.c                        0x00000000   Number         0  heapauxi.o ABSOLUTE
    ../clib/libinit.s                        0x00000000   Number         0  libinit.o ABSOLUTE
    ../clib/libinit.s                        0x00000000   Number         0  libinit2.o ABSOLUTE
    ../clib/libinit.s                        0x00000000   Number         0  libshutdown.o ABSOLUTE
    ../clib/libinit.s                        0x00000000   Number         0  libshutdown2.o ABSOLUTE
    ../clib/memcpset.s                       0x00000000   Number         0  rt_memclr_w.o ABSOLUTE
    ../clib/memcpset.s                       0x00000000   Number         0  rt_memcpy_w.o ABSOLUTE
    ../clib/printf.c                         0x00000000   Number         0  __printf_nopercent.o ABSOLUTE
    ../clib/printf.c                         0x00000000   Number         0  noretval__2printf.o ABSOLUTE
    ../clib/printf.c                         0x00000000   Number         0  __2printf.o ABSOLUTE
    ../clib/printf.c                         0x00000000   Number         0  _printf_char_common.o ABSOLUTE
    ../clib/printf.c                         0x00000000   Number         0  _printf_char_file.o ABSOLUTE
    ../clib/signal.c                         0x00000000   Number         0  defsig_other.o ABSOLUTE
    ../clib/signal.c                         0x00000000   Number         0  defsig_segv_inner.o ABSOLUTE
    ../clib/signal.c                         0x00000000   Number         0  defsig_cppl_inner.o ABSOLUTE
    ../clib/signal.c                         0x00000000   Number         0  defsig_pvfn_inner.o ABSOLUTE
    ../clib/signal.c                         0x00000000   Number         0  defsig_stak_inner.o ABSOLUTE
    ../clib/signal.c                         0x00000000   Number         0  defsig_rtred_inner.o ABSOLUTE
    ../clib/signal.c                         0x00000000   Number         0  defsig_fpe_inner.o ABSOLUTE
    ../clib/signal.c                         0x00000000   Number         0  defsig_abrt_inner.o ABSOLUTE
    ../clib/signal.c                         0x00000000   Number         0  defsig_general.o ABSOLUTE
    ../clib/signal.c                         0x00000000   Number         0  __raise.o ABSOLUTE
    ../clib/signal.c                         0x00000000   Number         0  defsig_rtmem_inner.o ABSOLUTE
    ../clib/signal.c                         0x00000000   Number         0  defsig_exit.o ABSOLUTE
    ../clib/signal.c                         0x00000000   Number         0  defsig_rtmem_formal.o ABSOLUTE
    ../clib/signal.c                         0x00000000   Number         0  defsig_rtmem_outer.o ABSOLUTE
    ../clib/signal.s                         0x00000000   Number         0  defsig.o ABSOLUTE
    ../clib/stdio.c                          0x00000000   Number         0  ferror.o ABSOLUTE
    ../clib/stdio.c                          0x00000000   Number         0  ferror_locked.o ABSOLUTE
    ../clib/stdlib.c                         0x00000000   Number         0  exit.o ABSOLUTE
    ../fplib/fpinit.s                        0x00000000   Number         0  fpinit.o ABSOLUTE
    ..\Doc\bsp_xx.c                          0x00000000   Number         0  bsp_xx.o ABSOLUTE
    ..\Hardware\encoder\bsp_encoder.c        0x00000000   Number         0  bsp_encoder.o ABSOLUTE
    ..\Hardware\key\key.c                    0x00000000   Number         0  key.o ABSOLUTE
    ..\Hardware\led\led.c                    0x00000000   Number         0  led.o ABSOLUTE
    ..\Hardware\motor\bsp_motor.c            0x00000000   Number         0  bsp_motor.o ABSOLUTE
    ..\Hardware\oled\oled.c                  0x00000000   Number         0  oled.o ABSOLUTE
    ..\Hardware\pid\PID.c                    0x00000000   Number         0  pid.o ABSOLUTE
    ..\Hardware\reflectance\Reflectance.c    0x00000000   Number         0  reflectance.o ABSOLUTE
    ..\Hardware\servo\bsp_Servo.c            0x00000000   Number         0  bsp_servo.o ABSOLUTE
    ..\Hardware\sys\baudarte.c               0x00000000   Number         0  baudarte.o ABSOLUTE
    ..\Hardware\sys\delay.c                  0x00000000   Number         0  delay.o ABSOLUTE
    ..\Hardware\sys\sysinit.c                0x00000000   Number         0  sysinit.o ABSOLUTE
    ..\Hardware\tim32\tim32.c                0x00000000   Number         0  tim32.o ABSOLUTE
    ..\Hardware\timA\timA.c                  0x00000000   Number         0  tima.o ABSOLUTE
    ..\Hardware\uart1\usart.c                0x00000000   Number         0  usart.o ABSOLUTE
    ..\Users\main.c                          0x00000000   Number         0  main.o ABSOLUTE
    ..\Users\myconfig.c                      0x00000000   Number         0  myconfig.o ABSOLUTE
    ..\\Hardware\\encoder\\bsp_encoder.c     0x00000000   Number         0  bsp_encoder.o ABSOLUTE
    ..\\Hardware\\key\\key.c                 0x00000000   Number         0  key.o ABSOLUTE
    ..\\Hardware\\led\\led.c                 0x00000000   Number         0  led.o ABSOLUTE
    ..\\Hardware\\motor\\bsp_motor.c         0x00000000   Number         0  bsp_motor.o ABSOLUTE
    ..\\Hardware\\oled\\oled.c               0x00000000   Number         0  oled.o ABSOLUTE
    ..\\Hardware\\reflectance\\Reflectance.c 0x00000000   Number         0  reflectance.o ABSOLUTE
    ..\\Hardware\\servo\\bsp_Servo.c         0x00000000   Number         0  bsp_servo.o ABSOLUTE
    ..\\Hardware\\sys\\baudarte.c            0x00000000   Number         0  baudarte.o ABSOLUTE
    ..\\Hardware\\sys\\delay.c               0x00000000   Number         0  delay.o ABSOLUTE
    ..\\Hardware\\sys\\sysinit.c             0x00000000   Number         0  sysinit.o ABSOLUTE
    ..\\Hardware\\tim32\\tim32.c             0x00000000   Number         0  tim32.o ABSOLUTE
    ..\\Hardware\\timA\\timA.c               0x00000000   Number         0  tima.o ABSOLUTE
    ..\\Hardware\\uart1\\usart.c             0x00000000   Number         0  usart.o ABSOLUTE
    ..\\Users\\main.c                        0x00000000   Number         0  main.o ABSOLUTE
    ..\\Users\\myconfig.c                    0x00000000   Number         0  myconfig.o ABSOLUTE
    RTE/Device/MSP432P401R/startup_msp432p401r_uvision.s 0x00000000   Number         0  startup_msp432p401r_uvision.o ABSOLUTE
    RTE/Device/MSP432P401R/system_msp432p401r.c 0x00000000   Number         0  system_msp432p401r.o ABSOLUTE
    RTE\Device\MSP432P401R\system_msp432p401r.c 0x00000000   Number         0  system_msp432p401r.o ABSOLUTE
    dc.s                                     0x00000000   Number         0  dc.o ABSOLUTE
    source/ti/devices/msp432p4xx/driverlib/cpu.c 0x00000000   Number         0  cpu.o ABSOLUTE
    source/ti/devices/msp432p4xx/driverlib/cpu.c 0x00000000   Number         0  cpu.o ABSOLUTE
    source/ti/devices/msp432p4xx/driverlib/cs.c 0x00000000   Number         0  cs.o ABSOLUTE
    source/ti/devices/msp432p4xx/driverlib/cs.c 0x00000000   Number         0  cs.o ABSOLUTE
    source/ti/devices/msp432p4xx/driverlib/interrupt.c 0x00000000   Number         0  interrupt.o ABSOLUTE
    source/ti/devices/msp432p4xx/driverlib/interrupt.c 0x00000000   Number         0  interrupt.o ABSOLUTE
    source/ti/devices/msp432p4xx/driverlib/sysctl_a.c 0x00000000   Number         0  sysctl_a.o ABSOLUTE
    source/ti/devices/msp432p4xx/driverlib/sysctl_a.c 0x00000000   Number         0  sysctl_a.o ABSOLUTE
    source/ti/devices/msp432p4xx/driverlib/timer_a.c 0x00000000   Number         0  timer_a.o ABSOLUTE
    source/ti/devices/msp432p4xx/driverlib/timer_a.c 0x00000000   Number         0  timer_a.o ABSOLUTE
    source/ti/devices/msp432p4xx/driverlib/uart.c 0x00000000   Number         0  uart.o ABSOLUTE
    source/ti/devices/msp432p4xx/driverlib/uart.c 0x00000000   Number         0  uart.o ABSOLUTE
    !!!main                                  0x00000144   Section        8  __main.o(!!!main)
    !!!scatter                               0x0000014c   Section       52  __scatter.o(!!!scatter)
    !!handler_copy                           0x00000180   Section       26  __scatter_copy.o(!!handler_copy)
    !!handler_zi                             0x0000019c   Section       28  __scatter_zi.o(!!handler_zi)
    .ARM.Collect$$libinit$$00000000          0x000001b8   Section        2  libinit.o(.ARM.Collect$$libinit$$00000000)
    .ARM.Collect$$libinit$$00000001          0x000001ba   Section        4  libinit2.o(.ARM.Collect$$libinit$$00000001)
    .ARM.Collect$$libinit$$00000004          0x000001be   Section        0  libinit2.o(.ARM.Collect$$libinit$$00000004)
    .ARM.Collect$$libinit$$0000000A          0x000001be   Section        0  libinit2.o(.ARM.Collect$$libinit$$0000000A)
    .ARM.Collect$$libinit$$0000000C          0x000001be   Section        0  libinit2.o(.ARM.Collect$$libinit$$0000000C)
    .ARM.Collect$$libinit$$0000000E          0x000001be   Section        0  libinit2.o(.ARM.Collect$$libinit$$0000000E)
    .ARM.Collect$$libinit$$00000011          0x000001be   Section        0  libinit2.o(.ARM.Collect$$libinit$$00000011)
    .ARM.Collect$$libinit$$00000013          0x000001be   Section        0  libinit2.o(.ARM.Collect$$libinit$$00000013)
    .ARM.Collect$$libinit$$00000015          0x000001be   Section        0  libinit2.o(.ARM.Collect$$libinit$$00000015)
    .ARM.Collect$$libinit$$00000017          0x000001be   Section        0  libinit2.o(.ARM.Collect$$libinit$$00000017)
    .ARM.Collect$$libinit$$00000019          0x000001be   Section        0  libinit2.o(.ARM.Collect$$libinit$$00000019)
    .ARM.Collect$$libinit$$0000001B          0x000001be   Section        0  libinit2.o(.ARM.Collect$$libinit$$0000001B)
    .ARM.Collect$$libinit$$0000001D          0x000001be   Section        0  libinit2.o(.ARM.Collect$$libinit$$0000001D)
    .ARM.Collect$$libinit$$0000001F          0x000001be   Section        0  libinit2.o(.ARM.Collect$$libinit$$0000001F)
    .ARM.Collect$$libinit$$00000021          0x000001be   Section        0  libinit2.o(.ARM.Collect$$libinit$$00000021)
    .ARM.Collect$$libinit$$00000023          0x000001be   Section        0  libinit2.o(.ARM.Collect$$libinit$$00000023)
    .ARM.Collect$$libinit$$00000025          0x000001be   Section        0  libinit2.o(.ARM.Collect$$libinit$$00000025)
    .ARM.Collect$$libinit$$0000002C          0x000001be   Section        0  libinit2.o(.ARM.Collect$$libinit$$0000002C)
    .ARM.Collect$$libinit$$0000002E          0x000001be   Section        0  libinit2.o(.ARM.Collect$$libinit$$0000002E)
    .ARM.Collect$$libinit$$00000030          0x000001be   Section        0  libinit2.o(.ARM.Collect$$libinit$$00000030)
    .ARM.Collect$$libinit$$00000032          0x000001be   Section        0  libinit2.o(.ARM.Collect$$libinit$$00000032)
    .ARM.Collect$$libinit$$00000033          0x000001be   Section        2  libinit2.o(.ARM.Collect$$libinit$$00000033)
    .ARM.Collect$$libshutdown$$00000000      0x000001c0   Section        2  libshutdown.o(.ARM.Collect$$libshutdown$$00000000)
    .ARM.Collect$$libshutdown$$00000002      0x000001c2   Section        0  libshutdown2.o(.ARM.Collect$$libshutdown$$00000002)
    .ARM.Collect$$libshutdown$$00000004      0x000001c2   Section        0  libshutdown2.o(.ARM.Collect$$libshutdown$$00000004)
    .ARM.Collect$$libshutdown$$00000007      0x000001c2   Section        0  libshutdown2.o(.ARM.Collect$$libshutdown$$00000007)
    .ARM.Collect$$libshutdown$$0000000A      0x000001c2   Section        0  libshutdown2.o(.ARM.Collect$$libshutdown$$0000000A)
    .ARM.Collect$$libshutdown$$0000000C      0x000001c2   Section        0  libshutdown2.o(.ARM.Collect$$libshutdown$$0000000C)
    .ARM.Collect$$libshutdown$$0000000F      0x000001c2   Section        0  libshutdown2.o(.ARM.Collect$$libshutdown$$0000000F)
    .ARM.Collect$$libshutdown$$00000010      0x000001c2   Section        2  libshutdown2.o(.ARM.Collect$$libshutdown$$00000010)
    .ARM.Collect$$rtentry$$00000000          0x000001c4   Section        0  __rtentry.o(.ARM.Collect$$rtentry$$00000000)
    .ARM.Collect$$rtentry$$00000002          0x000001c4   Section        0  __rtentry2.o(.ARM.Collect$$rtentry$$00000002)
    .ARM.Collect$$rtentry$$00000004          0x000001c4   Section        6  __rtentry4.o(.ARM.Collect$$rtentry$$00000004)
    .ARM.Collect$$rtentry$$00000009          0x000001ca   Section        0  __rtentry2.o(.ARM.Collect$$rtentry$$00000009)
    .ARM.Collect$$rtentry$$0000000A          0x000001ca   Section        4  __rtentry2.o(.ARM.Collect$$rtentry$$0000000A)
    .ARM.Collect$$rtentry$$0000000C          0x000001ce   Section        0  __rtentry2.o(.ARM.Collect$$rtentry$$0000000C)
    .ARM.Collect$$rtentry$$0000000D          0x000001ce   Section        8  __rtentry2.o(.ARM.Collect$$rtentry$$0000000D)
    .ARM.Collect$$rtexit$$00000000           0x000001d6   Section        2  rtexit.o(.ARM.Collect$$rtexit$$00000000)
    .ARM.Collect$$rtexit$$00000002           0x000001d8   Section        0  rtexit2.o(.ARM.Collect$$rtexit$$00000002)
    .ARM.Collect$$rtexit$$00000003           0x000001d8   Section        4  rtexit2.o(.ARM.Collect$$rtexit$$00000003)
    .ARM.Collect$$rtexit$$00000004           0x000001dc   Section        6  rtexit2.o(.ARM.Collect$$rtexit$$00000004)
    .text                                    0x000001e4   Section       60  startup_msp432p401r_uvision.o(.text)
    $v0                                      0x000001e4   Number         0  startup_msp432p401r_uvision.o(.text)
    .text                                    0x00000220   Section        2  use_no_semi_2.o(.text)
    .text                                    0x00000222   Section        0  heapauxi.o(.text)
    .text                                    0x00000228   Section        2  use_no_semi.o(.text)
    .text                                    0x0000022a   Section       74  sys_stackheap_outer.o(.text)
    .text                                    0x00000274   Section        0  exit.o(.text)
    .text                                    0x00000288   Section        8  libspace.o(.text)
    i.CS_setExternalClockSourceFrequency     0x00000290   Section        0  cs.o(i.CS_setExternalClockSourceFrequency)
    i.CS_startHFXT                           0x0000029c   Section        0  cs.o(i.CS_startHFXT)
    i.CS_startHFXTWithTimeout                0x000002a4   Section        0  cs.o(i.CS_startHFXTWithTimeout)
    i.CS_startLFXT                           0x00000344   Section        0  cs.o(i.CS_startLFXT)
    i.CS_startLFXTWithTimeout                0x0000034c   Section        0  cs.o(i.CS_startLFXTWithTimeout)
    i.I2C_SW_Configuration                   0x000003ec   Section        0  oled.o(i.I2C_SW_Configuration)
    i.I2C_Start                              0x000003fc   Section        0  oled.o(i.I2C_Start)
    i.I2C_Stop                               0x00000410   Section        0  oled.o(i.I2C_Stop)
    i.I2C_WaitAck                            0x00000424   Section        0  oled.o(i.I2C_WaitAck)
    i.KEY_Init                               0x00000438   Section        0  key.o(i.KEY_Init)
    i.Key_Scan                               0x00000448   Section        0  key.o(i.Key_Scan)
    i.LED_B_Off                              0x0000054c   Section        0  led.o(i.LED_B_Off)
    i.LED_G_Off                              0x00000558   Section        0  led.o(i.LED_G_Off)
    i.LED_Init                               0x00000564   Section        0  led.o(i.LED_Init)
    i.LED_RED_Off                            0x00000594   Section        0  led.o(i.LED_RED_Off)
    i.LED_R_Off                              0x000005a0   Section        0  led.o(i.LED_R_Off)
    i.Menudisplay                            0x000005ac   Section        0  main.o(i.Menudisplay)
    i.Motor_Init                             0x0000062c   Section        0  bsp_motor.o(i.Motor_Init)
    i.Motor_Init_bianmaqi                    0x00000700   Section        0  bsp_encoder.o(i.Motor_Init_bianmaqi)
    i.OLED_Clear                             0x00000874   Section        0  oled.o(i.OLED_Clear)
    i.OLED_Init                              0x000008b0   Section        0  oled.o(i.OLED_Init)
    i.OLED_Set_Pos                           0x0000099e   Section        0  oled.o(i.OLED_Set_Pos)
    i.OLED_ShowChar                          0x000009c8   Section        0  oled.o(i.OLED_ShowChar)
    i.OLED_ShowNum                           0x00000a5c   Section        0  oled.o(i.OLED_ShowNum)
    i.OLED_ShowString                        0x00000adc   Section        0  oled.o(i.OLED_ShowString)
    i.OLED_WR_Byte                           0x00000b18   Section        0  oled.o(i.OLED_WR_Byte)
    i.PORT4_IRQHandler                       0x00000b54   Section        0  bsp_encoder.o(i.PORT4_IRQHandler)
    i.Reflectance_Init2                      0x00000c9c   Section        0  reflectance.o(i.Reflectance_Init2)
    i.Reflectance_Read2                      0x00000cac   Section        0  reflectance.o(i.Reflectance_Read2)
    i.Send_Byte                              0x00000cbc   Section        0  oled.o(i.Send_Byte)
    i.Servo_Init                             0x00000cf4   Section        0  bsp_servo.o(i.Servo_Init)
    i.SysCtl_A_disableNMISource              0x00000d58   Section        0  sysctl_a.o(i.SysCtl_A_disableNMISource)
    i.SysCtl_A_enableNMISource               0x00000d68   Section        0  sysctl_a.o(i.SysCtl_A_enableNMISource)
    i.SysCtl_A_getNMISourceStatus            0x00000d78   Section        0  sysctl_a.o(i.SysCtl_A_getNMISourceStatus)
    i.SysInit                                0x00000d88   Section        0  sysinit.o(i.SysInit)
    i.SystemInit                             0x00000e28   Section        0  system_msp432p401r.o(i.SystemInit)
    i.T32_INT1_IRQHandler                    0x00000e88   Section        0  tim32.o(i.T32_INT1_IRQHandler)
    i.T32_INT2_IRQHandler                    0x00000e9c   Section        0  myconfig.o(i.T32_INT2_IRQHandler)
    i.TA0_0_IRQHandler                       0x00000eb0   Section        0  myconfig.o(i.TA0_0_IRQHandler)
    i.TA2_N_IRQHandler                       0x00000f10   Section        0  tima.o(i.TA2_N_IRQHandler)
    i.TimA0_Int_Init                         0x00000fc0   Section        0  tima.o(i.TimA0_Int_Init)
    i.Timer_A_getCaptureCompareCount         0x00001014   Section        0  timer_a.o(i.Timer_A_getCaptureCompareCount)
    i._CSGetHFXTFrequency                    0x00001024   Section        0  cs.o(i._CSGetHFXTFrequency)
    _CSGetHFXTFrequency                      0x00001025   Thumb Code   106  cs.o(i._CSGetHFXTFrequency)
    i._sys_exit                              0x000010bc   Section        0  usart.o(i._sys_exit)
    i.main                                   0x000010c0   Section        0  main.o(i.main)
    i.oled_pow                               0x000010fc   Section        0  oled.o(i.oled_pow)
    x$fpl$fpinit                             0x0000110c   Section       10  fpinit.o(x$fpl$fpinit)
    $v0                                      0x0000110c   Number         0  fpinit.o(x$fpl$fpinit)
    .constdata                               0x00001116   Section     2314  oled.o(.constdata)
    .data                                    0x20000000   Section        6  myconfig.o(.data)
    .data                                    0x20000006   Section        1  myconfig.o(.data)
    .data                                    0x20000007   Section        4  bsp_encoder.o(.data)
    .data                                    0x2000000b   Section        4  key.o(.data)
    key_up                                   0x2000000b   Data           1  key.o(.data)
    Key_State_Flag                           0x2000000c   Data           1  key.o(.data)
    Key_Value                                0x2000000d   Data           2  key.o(.data)
    .data                                    0x20000010   Section        4  tima.o(.data)
    .data                                    0x20000014   Section        8  cs.o(.data)
    hfxtFreq                                 0x20000014   Data           4  cs.o(.data)
    lfxtFreq                                 0x20000018   Data           4  cs.o(.data)
    .bss                                     0x2000001c   Section       96  libspace.o(.bss)
    HEAP                                     0x20000080   Section        0  startup_msp432p401r_uvision.o(HEAP)
    STACK                                    0x20000080   Section      512  startup_msp432p401r_uvision.o(STACK)
    Heap_Mem                                 0x20000080   Data           0  startup_msp432p401r_uvision.o(HEAP)
    Stack_Mem                                0x20000080   Data         512  startup_msp432p401r_uvision.o(STACK)
    __initial_sp                             0x20000280   Data           0  startup_msp432p401r_uvision.o(STACK)

    Global Symbols

    Symbol Name                              Value     Ov Type        Size  Object(Section)

    BuildAttributes$$THM_ISAv4$E$P$D$K$B$S$7EM$VFPi3$EXTD16$VFPS$VFMA$PE$A:L22UL41UL21$X:L11$S22US41US21$IEEE1$IW$USESV6$~STKCKD$USESV7$~SHL$OSPACE$ROPI$EBA8$UX$STANDARDLIB$REQ8$PRES8$EABIv2 0x00000000   Number         0  anon$$obj.o ABSOLUTE
    __ARM_use_no_argv                        0x00000000   Number         0  main.o ABSOLUTE
    __Vectors                                0x00000000   Data           4  startup_msp432p401r_uvision.o(RESET)
    __ARM_exceptions_init                     - Undefined Weak Reference
    __alloca_initialize                       - Undefined Weak Reference
    __arm_preinit_                            - Undefined Weak Reference
    __cpp_initialize__aeabi_                  - Undefined Weak Reference
    __cxa_finalize                            - Undefined Weak Reference
    __rt_locale                               - Undefined Weak Reference
    __sigvec_lookup                           - Undefined Weak Reference
    _atexit_init                              - Undefined Weak Reference
    _call_atexit_fns                          - Undefined Weak Reference
    _clock_init                               - Undefined Weak Reference
    _fp_trap_init                             - Undefined Weak Reference
    _fp_trap_shutdown                         - Undefined Weak Reference
    _get_lc_collate                           - Undefined Weak Reference
    _get_lc_ctype                             - Undefined Weak Reference
    _get_lc_monetary                          - Undefined Weak Reference
    _get_lc_numeric                           - Undefined Weak Reference
    _get_lc_time                              - Undefined Weak Reference
    _getenv_init                              - Undefined Weak Reference
    _handle_redirection                       - Undefined Weak Reference
    _init_alloc                               - Undefined Weak Reference
    _init_user_alloc                          - Undefined Weak Reference
    _initio                                   - Undefined Weak Reference
    _mutex_acquire                            - Undefined Weak Reference
    _mutex_release                            - Undefined Weak Reference
    _rand_init                                - Undefined Weak Reference
    _signal_finish                            - Undefined Weak Reference
    _signal_init                              - Undefined Weak Reference
    _terminate_alloc                          - Undefined Weak Reference
    _terminate_user_alloc                     - Undefined Weak Reference
    _terminateio                              - Undefined Weak Reference
    __Vectors_End                            0x00000144   Data           0  startup_msp432p401r_uvision.o(RESET)
    __Vectors_Size                           0x00000144   Number         0  startup_msp432p401r_uvision.o ABSOLUTE
    __main                                   0x00000145   Thumb Code     8  __main.o(!!!main)
    __scatterload                            0x0000014d   Thumb Code     0  __scatter.o(!!!scatter)
    __scatterload_rt2                        0x0000014d   Thumb Code    44  __scatter.o(!!!scatter)
    __scatterload_rt2_thumb_only             0x0000014d   Thumb Code     0  __scatter.o(!!!scatter)
    __scatterload_null                       0x0000015b   Thumb Code     0  __scatter.o(!!!scatter)
    __scatterload_copy                       0x00000181   Thumb Code    26  __scatter_copy.o(!!handler_copy)
    __scatterload_zeroinit                   0x0000019d   Thumb Code    28  __scatter_zi.o(!!handler_zi)
    __rt_lib_init                            0x000001b9   Thumb Code     0  libinit.o(.ARM.Collect$$libinit$$00000000)
    __rt_lib_init_fp_1                       0x000001bb   Thumb Code     0  libinit2.o(.ARM.Collect$$libinit$$00000001)
    __rt_lib_init_alloca_1                   0x000001bf   Thumb Code     0  libinit2.o(.ARM.Collect$$libinit$$0000002E)
    __rt_lib_init_argv_1                     0x000001bf   Thumb Code     0  libinit2.o(.ARM.Collect$$libinit$$0000002C)
    __rt_lib_init_atexit_1                   0x000001bf   Thumb Code     0  libinit2.o(.ARM.Collect$$libinit$$0000001B)
    __rt_lib_init_clock_1                    0x000001bf   Thumb Code     0  libinit2.o(.ARM.Collect$$libinit$$00000021)
    __rt_lib_init_cpp_1                      0x000001bf   Thumb Code     0  libinit2.o(.ARM.Collect$$libinit$$00000032)
    __rt_lib_init_exceptions_1               0x000001bf   Thumb Code     0  libinit2.o(.ARM.Collect$$libinit$$00000030)
    __rt_lib_init_fp_trap_1                  0x000001bf   Thumb Code     0  libinit2.o(.ARM.Collect$$libinit$$0000001F)
    __rt_lib_init_getenv_1                   0x000001bf   Thumb Code     0  libinit2.o(.ARM.Collect$$libinit$$00000023)
    __rt_lib_init_heap_1                     0x000001bf   Thumb Code     0  libinit2.o(.ARM.Collect$$libinit$$0000000A)
    __rt_lib_init_lc_collate_1               0x000001bf   Thumb Code     0  libinit2.o(.ARM.Collect$$libinit$$00000011)
    __rt_lib_init_lc_ctype_1                 0x000001bf   Thumb Code     0  libinit2.o(.ARM.Collect$$libinit$$00000013)
    __rt_lib_init_lc_monetary_1              0x000001bf   Thumb Code     0  libinit2.o(.ARM.Collect$$libinit$$00000015)
    __rt_lib_init_lc_numeric_1               0x000001bf   Thumb Code     0  libinit2.o(.ARM.Collect$$libinit$$00000017)
    __rt_lib_init_lc_time_1                  0x000001bf   Thumb Code     0  libinit2.o(.ARM.Collect$$libinit$$00000019)
    __rt_lib_init_preinit_1                  0x000001bf   Thumb Code     0  libinit2.o(.ARM.Collect$$libinit$$00000004)
    __rt_lib_init_rand_1                     0x000001bf   Thumb Code     0  libinit2.o(.ARM.Collect$$libinit$$0000000E)
    __rt_lib_init_return                     0x000001bf   Thumb Code     0  libinit2.o(.ARM.Collect$$libinit$$00000033)
    __rt_lib_init_signal_1                   0x000001bf   Thumb Code     0  libinit2.o(.ARM.Collect$$libinit$$0000001D)
    __rt_lib_init_stdio_1                    0x000001bf   Thumb Code     0  libinit2.o(.ARM.Collect$$libinit$$00000025)
    __rt_lib_init_user_alloc_1               0x000001bf   Thumb Code     0  libinit2.o(.ARM.Collect$$libinit$$0000000C)
    __rt_lib_shutdown                        0x000001c1   Thumb Code     0  libshutdown.o(.ARM.Collect$$libshutdown$$00000000)
    __rt_lib_shutdown_cpp_1                  0x000001c3   Thumb Code     0  libshutdown2.o(.ARM.Collect$$libshutdown$$00000002)
    __rt_lib_shutdown_fp_trap_1              0x000001c3   Thumb Code     0  libshutdown2.o(.ARM.Collect$$libshutdown$$00000007)
    __rt_lib_shutdown_heap_1                 0x000001c3   Thumb Code     0  libshutdown2.o(.ARM.Collect$$libshutdown$$0000000F)
    __rt_lib_shutdown_return                 0x000001c3   Thumb Code     0  libshutdown2.o(.ARM.Collect$$libshutdown$$00000010)
    __rt_lib_shutdown_signal_1               0x000001c3   Thumb Code     0  libshutdown2.o(.ARM.Collect$$libshutdown$$0000000A)
    __rt_lib_shutdown_stdio_1                0x000001c3   Thumb Code     0  libshutdown2.o(.ARM.Collect$$libshutdown$$00000004)
    __rt_lib_shutdown_user_alloc_1           0x000001c3   Thumb Code     0  libshutdown2.o(.ARM.Collect$$libshutdown$$0000000C)
    __rt_entry                               0x000001c5   Thumb Code     0  __rtentry.o(.ARM.Collect$$rtentry$$00000000)
    __rt_entry_presh_1                       0x000001c5   Thumb Code     0  __rtentry2.o(.ARM.Collect$$rtentry$$00000002)
    __rt_entry_sh                            0x000001c5   Thumb Code     0  __rtentry4.o(.ARM.Collect$$rtentry$$00000004)
    __rt_entry_li                            0x000001cb   Thumb Code     0  __rtentry2.o(.ARM.Collect$$rtentry$$0000000A)
    __rt_entry_postsh_1                      0x000001cb   Thumb Code     0  __rtentry2.o(.ARM.Collect$$rtentry$$00000009)
    __rt_entry_main                          0x000001cf   Thumb Code     0  __rtentry2.o(.ARM.Collect$$rtentry$$0000000D)
    __rt_entry_postli_1                      0x000001cf   Thumb Code     0  __rtentry2.o(.ARM.Collect$$rtentry$$0000000C)
    __rt_exit                                0x000001d7   Thumb Code     0  rtexit.o(.ARM.Collect$$rtexit$$00000000)
    __rt_exit_ls                             0x000001d9   Thumb Code     0  rtexit2.o(.ARM.Collect$$rtexit$$00000003)
    __rt_exit_prels_1                        0x000001d9   Thumb Code     0  rtexit2.o(.ARM.Collect$$rtexit$$00000002)
    __rt_exit_exit                           0x000001dd   Thumb Code     0  rtexit2.o(.ARM.Collect$$rtexit$$00000004)
    Reset_Handler                            0x000001e5   Thumb Code     8  startup_msp432p401r_uvision.o(.text)
    NMI_Handler                              0x000001ed   Thumb Code     2  startup_msp432p401r_uvision.o(.text)
    HardFault_Handler                        0x000001ef   Thumb Code     2  startup_msp432p401r_uvision.o(.text)
    MemManage_Handler                        0x000001f1   Thumb Code     2  startup_msp432p401r_uvision.o(.text)
    BusFault_Handler                         0x000001f3   Thumb Code     2  startup_msp432p401r_uvision.o(.text)
    UsageFault_Handler                       0x000001f5   Thumb Code     2  startup_msp432p401r_uvision.o(.text)
    SVC_Handler                              0x000001f7   Thumb Code     2  startup_msp432p401r_uvision.o(.text)
    DebugMon_Handler                         0x000001f9   Thumb Code     2  startup_msp432p401r_uvision.o(.text)
    PendSV_Handler                           0x000001fb   Thumb Code     2  startup_msp432p401r_uvision.o(.text)
    SysTick_Handler                          0x000001fd   Thumb Code     2  startup_msp432p401r_uvision.o(.text)
    ADC14_IRQHandler                         0x000001ff   Thumb Code     0  startup_msp432p401r_uvision.o(.text)
    AES256_IRQHandler                        0x000001ff   Thumb Code     0  startup_msp432p401r_uvision.o(.text)
    COMP_E0_IRQHandler                       0x000001ff   Thumb Code     0  startup_msp432p401r_uvision.o(.text)
    COMP_E1_IRQHandler                       0x000001ff   Thumb Code     0  startup_msp432p401r_uvision.o(.text)
    CS_IRQHandler                            0x000001ff   Thumb Code     0  startup_msp432p401r_uvision.o(.text)
    DMA_ERR_IRQHandler                       0x000001ff   Thumb Code     0  startup_msp432p401r_uvision.o(.text)
    DMA_INT0_IRQHandler                      0x000001ff   Thumb Code     0  startup_msp432p401r_uvision.o(.text)
    DMA_INT1_IRQHandler                      0x000001ff   Thumb Code     0  startup_msp432p401r_uvision.o(.text)
    DMA_INT2_IRQHandler                      0x000001ff   Thumb Code     0  startup_msp432p401r_uvision.o(.text)
    DMA_INT3_IRQHandler                      0x000001ff   Thumb Code     0  startup_msp432p401r_uvision.o(.text)
    EUSCIA0_IRQHandler                       0x000001ff   Thumb Code     0  startup_msp432p401r_uvision.o(.text)
    EUSCIA1_IRQHandler                       0x000001ff   Thumb Code     0  startup_msp432p401r_uvision.o(.text)
    EUSCIA2_IRQHandler                       0x000001ff   Thumb Code     0  startup_msp432p401r_uvision.o(.text)
    EUSCIA3_IRQHandler                       0x000001ff   Thumb Code     0  startup_msp432p401r_uvision.o(.text)
    EUSCIB0_IRQHandler                       0x000001ff   Thumb Code     0  startup_msp432p401r_uvision.o(.text)
    EUSCIB1_IRQHandler                       0x000001ff   Thumb Code     0  startup_msp432p401r_uvision.o(.text)
    EUSCIB2_IRQHandler                       0x000001ff   Thumb Code     0  startup_msp432p401r_uvision.o(.text)
    EUSCIB3_IRQHandler                       0x000001ff   Thumb Code     0  startup_msp432p401r_uvision.o(.text)
    FLCTL_IRQHandler                         0x000001ff   Thumb Code     0  startup_msp432p401r_uvision.o(.text)
    FPU_IRQHandler                           0x000001ff   Thumb Code     0  startup_msp432p401r_uvision.o(.text)
    PCM_IRQHandler                           0x000001ff   Thumb Code     0  startup_msp432p401r_uvision.o(.text)
    PORT1_IRQHandler                         0x000001ff   Thumb Code     0  startup_msp432p401r_uvision.o(.text)
    PORT2_IRQHandler                         0x000001ff   Thumb Code     0  startup_msp432p401r_uvision.o(.text)
    PORT3_IRQHandler                         0x000001ff   Thumb Code     0  startup_msp432p401r_uvision.o(.text)
    PORT5_IRQHandler                         0x000001ff   Thumb Code     0  startup_msp432p401r_uvision.o(.text)
    PORT6_IRQHandler                         0x000001ff   Thumb Code     0  startup_msp432p401r_uvision.o(.text)
    PSS_IRQHandler                           0x000001ff   Thumb Code     0  startup_msp432p401r_uvision.o(.text)
    RTC_C_IRQHandler                         0x000001ff   Thumb Code     0  startup_msp432p401r_uvision.o(.text)
    T32_INTC_IRQHandler                      0x000001ff   Thumb Code     0  startup_msp432p401r_uvision.o(.text)
    TA0_N_IRQHandler                         0x000001ff   Thumb Code     0  startup_msp432p401r_uvision.o(.text)
    TA1_0_IRQHandler                         0x000001ff   Thumb Code     0  startup_msp432p401r_uvision.o(.text)
    TA1_N_IRQHandler                         0x000001ff   Thumb Code     0  startup_msp432p401r_uvision.o(.text)
    TA2_0_IRQHandler                         0x000001ff   Thumb Code     0  startup_msp432p401r_uvision.o(.text)
    TA3_0_IRQHandler                         0x000001ff   Thumb Code     0  startup_msp432p401r_uvision.o(.text)
    TA3_N_IRQHandler                         0x000001ff   Thumb Code     0  startup_msp432p401r_uvision.o(.text)
    WDT_A_IRQHandler                         0x000001ff   Thumb Code     0  startup_msp432p401r_uvision.o(.text)
    __user_initial_stackheap                 0x00000201   Thumb Code    10  startup_msp432p401r_uvision.o(.text)
    __use_no_semihosting                     0x00000221   Thumb Code     2  use_no_semi_2.o(.text)
    __use_two_region_memory                  0x00000223   Thumb Code     2  heapauxi.o(.text)
    __rt_heap_escrow$2region                 0x00000225   Thumb Code     2  heapauxi.o(.text)
    __rt_heap_expand$2region                 0x00000227   Thumb Code     2  heapauxi.o(.text)
    __I$use$semihosting                      0x00000229   Thumb Code     0  use_no_semi.o(.text)
    __use_no_semihosting_swi                 0x00000229   Thumb Code     2  use_no_semi.o(.text)
    __user_setup_stackheap                   0x0000022b   Thumb Code    74  sys_stackheap_outer.o(.text)
    exit                                     0x00000275   Thumb Code    18  exit.o(.text)
    __user_libspace                          0x00000289   Thumb Code     8  libspace.o(.text)
    __user_perproc_libspace                  0x00000289   Thumb Code     0  libspace.o(.text)
    __user_perthread_libspace                0x00000289   Thumb Code     0  libspace.o(.text)
    CS_setExternalClockSourceFrequency       0x00000291   Thumb Code     8  cs.o(i.CS_setExternalClockSourceFrequency)
    CS_startHFXT                             0x0000029d   Thumb Code     6  cs.o(i.CS_startHFXT)
    CS_startHFXTWithTimeout                  0x000002a5   Thumb Code   144  cs.o(i.CS_startHFXTWithTimeout)
    CS_startLFXT                             0x00000345   Thumb Code     6  cs.o(i.CS_startLFXT)
    CS_startLFXTWithTimeout                  0x0000034d   Thumb Code   144  cs.o(i.CS_startLFXTWithTimeout)
    I2C_SW_Configuration                     0x000003ed   Thumb Code    10  oled.o(i.I2C_SW_Configuration)
    I2C_Start                                0x000003fd   Thumb Code    16  oled.o(i.I2C_Start)
    I2C_Stop                                 0x00000411   Thumb Code    14  oled.o(i.I2C_Stop)
    I2C_WaitAck                              0x00000425   Thumb Code    14  oled.o(i.I2C_WaitAck)
    KEY_Init                                 0x00000439   Thumb Code    12  key.o(i.KEY_Init)
    Key_Scan                                 0x00000449   Thumb Code   250  key.o(i.Key_Scan)
    LED_B_Off                                0x0000054d   Thumb Code     8  led.o(i.LED_B_Off)
    LED_G_Off                                0x00000559   Thumb Code     8  led.o(i.LED_G_Off)
    LED_Init                                 0x00000565   Thumb Code    44  led.o(i.LED_Init)
    LED_RED_Off                              0x00000595   Thumb Code     8  led.o(i.LED_RED_Off)
    LED_R_Off                                0x000005a1   Thumb Code     8  led.o(i.LED_R_Off)
    Menudisplay                              0x000005ad   Thumb Code    86  main.o(i.Menudisplay)
    Motor_Init                               0x0000062d   Thumb Code   202  bsp_motor.o(i.Motor_Init)
    Motor_Init_bianmaqi                      0x00000701   Thumb Code   368  bsp_encoder.o(i.Motor_Init_bianmaqi)
    OLED_Clear                               0x00000875   Thumb Code    60  oled.o(i.OLED_Clear)
    OLED_Init                                0x000008b1   Thumb Code   238  oled.o(i.OLED_Init)
    OLED_Set_Pos                             0x0000099f   Thumb Code    40  oled.o(i.OLED_Set_Pos)
    OLED_ShowChar                            0x000009c9   Thumb Code   138  oled.o(i.OLED_ShowChar)
    OLED_ShowNum                             0x00000a5d   Thumb Code   128  oled.o(i.OLED_ShowNum)
    OLED_ShowString                          0x00000add   Thumb Code    60  oled.o(i.OLED_ShowString)
    OLED_WR_Byte                             0x00000b19   Thumb Code    58  oled.o(i.OLED_WR_Byte)
    PORT4_IRQHandler                         0x00000b55   Thumb Code   314  bsp_encoder.o(i.PORT4_IRQHandler)
    Reflectance_Init2                        0x00000c9d   Thumb Code    10  reflectance.o(i.Reflectance_Init2)
    Reflectance_Read2                        0x00000cad   Thumb Code    10  reflectance.o(i.Reflectance_Read2)
    Send_Byte                                0x00000cbd   Thumb Code    50  oled.o(i.Send_Byte)
    Servo_Init                               0x00000cf5   Thumb Code    92  bsp_servo.o(i.Servo_Init)
    SysCtl_A_disableNMISource                0x00000d59   Thumb Code    10  sysctl_a.o(i.SysCtl_A_disableNMISource)
    SysCtl_A_enableNMISource                 0x00000d69   Thumb Code    10  sysctl_a.o(i.SysCtl_A_enableNMISource)
    SysCtl_A_getNMISourceStatus              0x00000d79   Thumb Code    10  sysctl_a.o(i.SysCtl_A_getNMISourceStatus)
    SysInit                                  0x00000d89   Thumb Code   146  sysinit.o(i.SysInit)
    SystemInit                               0x00000e29   Thumb Code    76  system_msp432p401r.o(i.SystemInit)
    T32_INT1_IRQHandler                      0x00000e89   Thumb Code    10  tim32.o(i.T32_INT1_IRQHandler)
    T32_INT2_IRQHandler                      0x00000e9d   Thumb Code    10  myconfig.o(i.T32_INT2_IRQHandler)
    TA0_0_IRQHandler                         0x00000eb1   Thumb Code    84  myconfig.o(i.TA0_0_IRQHandler)
    TA2_N_IRQHandler                         0x00000f11   Thumb Code   158  tima.o(i.TA2_N_IRQHandler)
    TimA0_Int_Init                           0x00000fc1   Thumb Code    78  tima.o(i.TimA0_Int_Init)
    Timer_A_getCaptureCompareCount           0x00001015   Thumb Code    16  timer_a.o(i.Timer_A_getCaptureCompareCount)
    _sys_exit                                0x000010bd   Thumb Code     2  usart.o(i._sys_exit)
    main                                     0x000010c1   Thumb Code    56  main.o(i.main)
    oled_pow                                 0x000010fd   Thumb Code    16  oled.o(i.oled_pow)
    _fp_init                                 0x0000110d   Thumb Code    10  fpinit.o(x$fpl$fpinit)
    __fplib_config_fpu_vfp                   0x00001115   Thumb Code     0  fpinit.o(x$fpl$fpinit)
    __fplib_config_pureend_doubles           0x00001115   Thumb Code     0  fpinit.o(x$fpl$fpinit)
    asc2_0806                                0x00001116   Data         570  oled.o(.constdata)
    asc2_1608                                0x00001350   Data        1520  oled.o(.constdata)
    Hzk                                      0x00001940   Data         224  oled.o(.constdata)
    Region$$Table$$Base                      0x00001a20   Number         0  anon$$obj.o(Region$$Table)
    Region$$Table$$Limit                     0x00001a40   Number         0  anon$$obj.o(Region$$Table)
    Delay10msCnt                             0x20000000   Data           1  myconfig.o(.data)
    Key                                      0x20000001   Data           1  myconfig.o(.data)
    Encoder                                  0x20000002   Data           4  myconfig.o(.data)
    Reflectance_Data                         0x20000006   Data           1  myconfig.o(.data)
    bianmaqi                                 0x20000007   Data           4  bsp_encoder.o(.data)
    TIMA2_CAP_STA                            0x20000010   Data           1  tima.o(.data)
    TIMA2_CAP_VAL                            0x20000012   Data           2  tima.o(.data)
    __libspace_start                         0x2000001c   Data          96  libspace.o(.bss)
    __temporary_stack_top$libspace           0x2000007c   Data           0  libspace.o(.bss)



==============================================================================

Memory Map of the image

  Image Entry point : 0x00000145

  Load Region LR_IROM1 (Base: 0x00000000, Size: 0x00001a5c, Max: 0x00040000, ABSOLUTE)

    Execution Region ER_IROM1 (Exec base: 0x00000000, Load base: 0x00000000, Size: 0x00001a40, Max: 0x00040000, ABSOLUTE)

    Exec Addr    Load Addr    Size         Type   Attr      Idx    E Section Name        Object

    0x00000000   0x00000000   0x00000144   Data   RO         1019    RESET               startup_msp432p401r_uvision.o
    0x00000144   0x00000144   0x00000008   Code   RO         1985  * !!!main             c_w.l(__main.o)
    0x0000014c   0x0000014c   0x00000034   Code   RO         2150    !!!scatter          c_w.l(__scatter.o)
    0x00000180   0x00000180   0x0000001a   Code   RO         2152    !!handler_copy      c_w.l(__scatter_copy.o)
    0x0000019a   0x0000019a   0x00000002   PAD
    0x0000019c   0x0000019c   0x0000001c   Code   RO         2154    !!handler_zi        c_w.l(__scatter_zi.o)
    0x000001b8   0x000001b8   0x00000002   Code   RO         2024    .ARM.Collect$$libinit$$00000000  c_w.l(libinit.o)
    0x000001ba   0x000001ba   0x00000004   Code   RO         2030    .ARM.Collect$$libinit$$00000001  c_w.l(libinit2.o)
    0x000001be   0x000001be   0x00000000   Code   RO         2033    .ARM.Collect$$libinit$$00000004  c_w.l(libinit2.o)
    0x000001be   0x000001be   0x00000000   Code   RO         2036    .ARM.Collect$$libinit$$0000000A  c_w.l(libinit2.o)
    0x000001be   0x000001be   0x00000000   Code   RO         2038    .ARM.Collect$$libinit$$0000000C  c_w.l(libinit2.o)
    0x000001be   0x000001be   0x00000000   Code   RO         2040    .ARM.Collect$$libinit$$0000000E  c_w.l(libinit2.o)
    0x000001be   0x000001be   0x00000000   Code   RO         2043    .ARM.Collect$$libinit$$00000011  c_w.l(libinit2.o)
    0x000001be   0x000001be   0x00000000   Code   RO         2045    .ARM.Collect$$libinit$$00000013  c_w.l(libinit2.o)
    0x000001be   0x000001be   0x00000000   Code   RO         2047    .ARM.Collect$$libinit$$00000015  c_w.l(libinit2.o)
    0x000001be   0x000001be   0x00000000   Code   RO         2049    .ARM.Collect$$libinit$$00000017  c_w.l(libinit2.o)
    0x000001be   0x000001be   0x00000000   Code   RO         2051    .ARM.Collect$$libinit$$00000019  c_w.l(libinit2.o)
    0x000001be   0x000001be   0x00000000   Code   RO         2053    .ARM.Collect$$libinit$$0000001B  c_w.l(libinit2.o)
    0x000001be   0x000001be   0x00000000   Code   RO         2055    .ARM.Collect$$libinit$$0000001D  c_w.l(libinit2.o)
    0x000001be   0x000001be   0x00000000   Code   RO         2057    .ARM.Collect$$libinit$$0000001F  c_w.l(libinit2.o)
    0x000001be   0x000001be   0x00000000   Code   RO         2059    .ARM.Collect$$libinit$$00000021  c_w.l(libinit2.o)
    0x000001be   0x000001be   0x00000000   Code   RO         2061    .ARM.Collect$$libinit$$00000023  c_w.l(libinit2.o)
    0x000001be   0x000001be   0x00000000   Code   RO         2063    .ARM.Collect$$libinit$$00000025  c_w.l(libinit2.o)
    0x000001be   0x000001be   0x00000000   Code   RO         2067    .ARM.Collect$$libinit$$0000002C  c_w.l(libinit2.o)
    0x000001be   0x000001be   0x00000000   Code   RO         2069    .ARM.Collect$$libinit$$0000002E  c_w.l(libinit2.o)
    0x000001be   0x000001be   0x00000000   Code   RO         2071    .ARM.Collect$$libinit$$00000030  c_w.l(libinit2.o)
    0x000001be   0x000001be   0x00000000   Code   RO         2073    .ARM.Collect$$libinit$$00000032  c_w.l(libinit2.o)
    0x000001be   0x000001be   0x00000002   Code   RO         2074    .ARM.Collect$$libinit$$00000033  c_w.l(libinit2.o)
    0x000001c0   0x000001c0   0x00000002   Code   RO         2092    .ARM.Collect$$libshutdown$$00000000  c_w.l(libshutdown.o)
    0x000001c2   0x000001c2   0x00000000   Code   RO         2102    .ARM.Collect$$libshutdown$$00000002  c_w.l(libshutdown2.o)
    0x000001c2   0x000001c2   0x00000000   Code   RO         2104    .ARM.Collect$$libshutdown$$00000004  c_w.l(libshutdown2.o)
    0x000001c2   0x000001c2   0x00000000   Code   RO         2107    .ARM.Collect$$libshutdown$$00000007  c_w.l(libshutdown2.o)
    0x000001c2   0x000001c2   0x00000000   Code   RO         2110    .ARM.Collect$$libshutdown$$0000000A  c_w.l(libshutdown2.o)
    0x000001c2   0x000001c2   0x00000000   Code   RO         2112    .ARM.Collect$$libshutdown$$0000000C  c_w.l(libshutdown2.o)
    0x000001c2   0x000001c2   0x00000000   Code   RO         2115    .ARM.Collect$$libshutdown$$0000000F  c_w.l(libshutdown2.o)
    0x000001c2   0x000001c2   0x00000002   Code   RO         2116    .ARM.Collect$$libshutdown$$00000010  c_w.l(libshutdown2.o)
    0x000001c4   0x000001c4   0x00000000   Code   RO         1989    .ARM.Collect$$rtentry$$00000000  c_w.l(__rtentry.o)
    0x000001c4   0x000001c4   0x00000000   Code   RO         1993    .ARM.Collect$$rtentry$$00000002  c_w.l(__rtentry2.o)
    0x000001c4   0x000001c4   0x00000006   Code   RO         2005    .ARM.Collect$$rtentry$$00000004  c_w.l(__rtentry4.o)
    0x000001ca   0x000001ca   0x00000000   Code   RO         1995    .ARM.Collect$$rtentry$$00000009  c_w.l(__rtentry2.o)
    0x000001ca   0x000001ca   0x00000004   Code   RO         1996    .ARM.Collect$$rtentry$$0000000A  c_w.l(__rtentry2.o)
    0x000001ce   0x000001ce   0x00000000   Code   RO         1998    .ARM.Collect$$rtentry$$0000000C  c_w.l(__rtentry2.o)
    0x000001ce   0x000001ce   0x00000008   Code   RO         1999    .ARM.Collect$$rtentry$$0000000D  c_w.l(__rtentry2.o)
    0x000001d6   0x000001d6   0x00000002   Code   RO         2028    .ARM.Collect$$rtexit$$00000000  c_w.l(rtexit.o)
    0x000001d8   0x000001d8   0x00000000   Code   RO         2076    .ARM.Collect$$rtexit$$00000002  c_w.l(rtexit2.o)
    0x000001d8   0x000001d8   0x00000004   Code   RO         2077    .ARM.Collect$$rtexit$$00000003  c_w.l(rtexit2.o)
    0x000001dc   0x000001dc   0x00000006   Code   RO         2078    .ARM.Collect$$rtexit$$00000004  c_w.l(rtexit2.o)
    0x000001e2   0x000001e2   0x00000002   PAD
    0x000001e4   0x000001e4   0x0000003c   Code   RO         1020    .text               startup_msp432p401r_uvision.o
    0x00000220   0x00000220   0x00000002   Code   RO         1973    .text               c_w.l(use_no_semi_2.o)
    0x00000222   0x00000222   0x00000006   Code   RO         1983    .text               c_w.l(heapauxi.o)
    0x00000228   0x00000228   0x00000002   Code   RO         1987    .text               c_w.l(use_no_semi.o)
    0x0000022a   0x0000022a   0x0000004a   Code   RO         2013    .text               c_w.l(sys_stackheap_outer.o)
    0x00000274   0x00000274   0x00000012   Code   RO         2017    .text               c_w.l(exit.o)
    0x00000286   0x00000286   0x00000002   PAD
    0x00000288   0x00000288   0x00000008   Code   RO         2025    .text               c_w.l(libspace.o)
    0x00000290   0x00000290   0x0000000c   Code   RO         1102    i.CS_setExternalClockSourceFrequency  msp432p4xx_driverlib.lib(cs.o)
    0x0000029c   0x0000029c   0x00000006   Code   RO         1105    i.CS_startHFXT      msp432p4xx_driverlib.lib(cs.o)
    0x000002a2   0x000002a2   0x00000002   PAD
    0x000002a4   0x000002a4   0x000000a0   Code   RO         1106    i.CS_startHFXTWithTimeout  msp432p4xx_driverlib.lib(cs.o)
    0x00000344   0x00000344   0x00000006   Code   RO         1107    i.CS_startLFXT      msp432p4xx_driverlib.lib(cs.o)
    0x0000034a   0x0000034a   0x00000002   PAD
    0x0000034c   0x0000034c   0x000000a0   Code   RO         1108    i.CS_startLFXTWithTimeout  msp432p4xx_driverlib.lib(cs.o)
    0x000003ec   0x000003ec   0x00000010   Code   RO          470    i.I2C_SW_Configuration  oled.o
    0x000003fc   0x000003fc   0x00000014   Code   RO          471    i.I2C_Start         oled.o
    0x00000410   0x00000410   0x00000014   Code   RO          472    i.I2C_Stop          oled.o
    0x00000424   0x00000424   0x00000014   Code   RO          473    i.I2C_WaitAck       oled.o
    0x00000438   0x00000438   0x00000010   Code   RO          271    i.KEY_Init          key.o
    0x00000448   0x00000448   0x00000104   Code   RO          273    i.Key_Scan          key.o
    0x0000054c   0x0000054c   0x0000000c   Code   RO          308    i.LED_B_Off         led.o
    0x00000558   0x00000558   0x0000000c   Code   RO          312    i.LED_G_Off         led.o
    0x00000564   0x00000564   0x00000030   Code   RO          315    i.LED_Init          led.o
    0x00000594   0x00000594   0x0000000c   Code   RO          317    i.LED_RED_Off       led.o
    0x000005a0   0x000005a0   0x0000000c   Code   RO          320    i.LED_R_Off         led.o
    0x000005ac   0x000005ac   0x00000080   Code   RO            4    i.Menudisplay       main.o
    0x0000062c   0x0000062c   0x000000d4   Code   RO          441    i.Motor_Init        bsp_motor.o
    0x00000700   0x00000700   0x00000174   Code   RO          235    i.Motor_Init_bianmaqi  bsp_encoder.o
    0x00000874   0x00000874   0x0000003c   Code   RO          474    i.OLED_Clear        oled.o
    0x000008b0   0x000008b0   0x000000ee   Code   RO          480    i.OLED_Init         oled.o
    0x0000099e   0x0000099e   0x00000028   Code   RO          481    i.OLED_Set_Pos      oled.o
    0x000009c6   0x000009c6   0x00000002   PAD
    0x000009c8   0x000009c8   0x00000094   Code   RO          483    i.OLED_ShowChar     oled.o
    0x00000a5c   0x00000a5c   0x00000080   Code   RO          485    i.OLED_ShowNum      oled.o
    0x00000adc   0x00000adc   0x0000003c   Code   RO          486    i.OLED_ShowString   oled.o
    0x00000b18   0x00000b18   0x0000003a   Code   RO          487    i.OLED_WR_Byte      oled.o
    0x00000b52   0x00000b52   0x00000002   PAD
    0x00000b54   0x00000b54   0x00000148   Code   RO          236    i.PORT4_IRQHandler  bsp_encoder.o
    0x00000c9c   0x00000c9c   0x00000010   Code   RO          620    i.Reflectance_Init2  reflectance.o
    0x00000cac   0x00000cac   0x00000010   Code   RO          623    i.Reflectance_Read2  reflectance.o
    0x00000cbc   0x00000cbc   0x00000038   Code   RO          488    i.Send_Byte         oled.o
    0x00000cf4   0x00000cf4   0x00000064   Code   RO          686    i.Servo_Init        bsp_servo.o
    0x00000d58   0x00000d58   0x00000010   Code   RO         1843    i.SysCtl_A_disableNMISource  msp432p4xx_driverlib.lib(sysctl_a.o)
    0x00000d68   0x00000d68   0x00000010   Code   RO         1848    i.SysCtl_A_enableNMISource  msp432p4xx_driverlib.lib(sysctl_a.o)
    0x00000d78   0x00000d78   0x00000010   Code   RO         1854    i.SysCtl_A_getNMISourceStatus  msp432p4xx_driverlib.lib(sysctl_a.o)
    0x00000d88   0x00000d88   0x000000a0   Code   RO          892    i.SysInit           sysinit.o
    0x00000e28   0x00000e28   0x00000060   Code   RO         1028    i.SystemInit        system_msp432p401r.o
    0x00000e88   0x00000e88   0x00000014   Code   RO          715    i.T32_INT1_IRQHandler  tim32.o
    0x00000e9c   0x00000e9c   0x00000014   Code   RO          198    i.T32_INT2_IRQHandler  myconfig.o
    0x00000eb0   0x00000eb0   0x00000060   Code   RO          199    i.TA0_0_IRQHandler  myconfig.o
    0x00000f10   0x00000f10   0x000000b0   Code   RO          754    i.TA2_N_IRQHandler  tima.o
    0x00000fc0   0x00000fc0   0x00000054   Code   RO          755    i.TimA0_Int_Init    tima.o
    0x00001014   0x00001014   0x00000010   Code   RO         1500    i.Timer_A_getCaptureCompareCount  msp432p4xx_driverlib.lib(timer_a.o)
    0x00001024   0x00001024   0x00000098   Code   RO         1112    i._CSGetHFXTFrequency  msp432p4xx_driverlib.lib(cs.o)
    0x000010bc   0x000010bc   0x00000002   Code   RO          805    i._sys_exit         usart.o
    0x000010be   0x000010be   0x00000002   PAD
    0x000010c0   0x000010c0   0x0000003c   Code   RO            5    i.main              main.o
    0x000010fc   0x000010fc   0x00000010   Code   RO          489    i.oled_pow          oled.o
    0x0000110c   0x0000110c   0x0000000a   Code   RO         2084    x$fpl$fpinit        fz_wm.l(fpinit.o)
    0x00001116   0x00001116   0x0000090a   Data   RO          490    .constdata          oled.o
    0x00001a20   0x00001a20   0x00000020   Data   RO         2148    Region$$Table       anon$$obj.o


    Execution Region RW_IRAM1 (Exec base: 0x20000000, Load base: 0x00001a40, Size: 0x00000280, Max: 0x00010000, ABSOLUTE)

    Exec Addr    Load Addr    Size         Type   Attr      Idx    E Section Name        Object

    0x20000000   0x00001a40   0x00000006   Data   RW          200    .data               myconfig.o
    0x20000006   0x00001a46   0x00000001   Data   RW          201    .data               myconfig.o
    0x20000007   0x00001a47   0x00000004   Data   RW          237    .data               bsp_encoder.o
    0x2000000b   0x00001a4b   0x00000004   Data   RW          274    .data               key.o
    0x2000000f   0x00001a4f   0x00000001   PAD
    0x20000010   0x00001a50   0x00000004   Data   RW          759    .data               tima.o
    0x20000014   0x00001a54   0x00000008   Data   RW         1113    .data               msp432p4xx_driverlib.lib(cs.o)
    0x2000001c        -       0x00000060   Zero   RW         2026    .bss                c_w.l(libspace.o)
    0x2000007c   0x00001a5c   0x00000004   PAD
    0x20000080        -       0x00000000   Zero   RW         1018    HEAP                startup_msp432p401r_uvision.o
    0x20000080        -       0x00000200   Zero   RW         1017    STACK               startup_msp432p401r_uvision.o



  Load Region LR_IROM2 (Base: 0x00200000, Size: 0x00000000, Max: 0x00004000, ABSOLUTE)

    Execution Region ER_IROM2 (Exec base: 0x00200000, Load base: 0x00200000, Size: 0x00000000, Max: 0x00004000, ABSOLUTE)

    **** No section assigned to this execution region ****


==============================================================================

Image component sizes


      Code (inc. data)   RO Data    RW Data    ZI Data      Debug   Object Name

       700         18          0          4          0       2360   bsp_encoder.o
       212         10          0          0          0        677   bsp_motor.o
       100          8          0          0          0        629   bsp_servo.o
       276         14          0          4          0       2257   key.o
        96         20          0          0          0       2481   led.o
       188         46          0          0          0      11389   main.o
       116         22          0          7          0       1857   myconfig.o
       880         38       2314          0          0       9553   oled.o
        32         12          0          0          0       1132   reflectance.o
        60         22        324          0        512        960   startup_msp432p401r_uvision.o
       160         14          0          0          0        582   sysinit.o
        96         20          0          0          0        573   system_msp432p401r.o
        20         10          0          0          0        510   tim32.o
       260         24          0          4          0       1630   tima.o
         2          0          0          0          0        528   usart.o

    ----------------------------------------------------------------------
      3204        278       2670         20        512      37118   Object Totals
         0          0         32          0          0          0   (incl. Generated)
         6          0          0          1          0          0   (incl. Padding)

    ----------------------------------------------------------------------

      Code (inc. data)   RO Data    RW Data    ZI Data      Debug   Library Member Name

         8          0          0          0          0         68   __main.o
         0          0          0          0          0          0   __rtentry.o
        12          0          0          0          0          0   __rtentry2.o
         6          0          0          0          0          0   __rtentry4.o
        52          8          0          0          0          0   __scatter.o
        26          0          0          0          0          0   __scatter_copy.o
        28          0          0          0          0          0   __scatter_zi.o
        18          0          0          0          0         80   exit.o
         6          0          0          0          0        152   heapauxi.o
         2          0          0          0          0          0   libinit.o
         6          0          0          0          0          0   libinit2.o
         2          0          0          0          0          0   libshutdown.o
         2          0          0          0          0          0   libshutdown2.o
         8          4          0          0         96         68   libspace.o
         2          0          0          0          0          0   rtexit.o
        10          0          0          0          0          0   rtexit2.o
        74          0          0          0          0         80   sys_stackheap_outer.o
         2          0          0          0          0         68   use_no_semi.o
         2          0          0          0          0         68   use_no_semi_2.o
        10          0          0          0          0        116   fpinit.o
       496         82          0          8          0      12196   cs.o
        48         18          0          0          0       1841   sysctl_a.o
        16          0          0          0          0        725   timer_a.o

    ----------------------------------------------------------------------
       846        112          0          8        100      15462   Library Totals
        10          0          0          0          4          0   (incl. Padding)

    ----------------------------------------------------------------------

      Code (inc. data)   RO Data    RW Data    ZI Data      Debug   Library Name

       266         12          0          0         96        584   c_w.l
        10          0          0          0          0        116   fz_wm.l
       560        100          0          8          0      14762   msp432p4xx_driverlib.lib

    ----------------------------------------------------------------------
       846        112          0          8        100      15462   Library Totals

    ----------------------------------------------------------------------

==============================================================================


      Code (inc. data)   RO Data    RW Data    ZI Data      Debug   

      4050        390       2670         28        612      48524   Grand Totals
      4050        390       2670         28        612      48524   ELF Image Totals
      4050        390       2670         28          0          0   ROM Totals

==============================================================================

    Total RO  Size (Code + RO Data)                 6720 (   6.56kB)
    Total RW  Size (RW Data + ZI Data)               640 (   0.63kB)
    Total ROM Size (Code + RO Data + RW Data)       6748 (   6.59kB)

==============================================================================

