Component: ARM Compiler 5.06 update 1 (build 61) Tool: armlink [4d35a8]

==============================================================================

Section Cross References

    main.o(i.Menudisplay) refers to oled.o(i.OLED_Clear) for OLED_Clear
    main.o(i.Menudisplay) refers to bsp_motor.o(i.set_motor_disable) for set_motor_disable
    main.o(i.Menudisplay) refers to bsp_mpu6050.o(i.MPU_Get_Gyroscope) for MPU_Get_Gyroscope
    main.o(i.Menudisplay) refers to inv_mpu.o(i.mpu_dmp_get_data) for mpu_dmp_get_data
    main.o(i.Menudisplay) refers to oled.o(i.OLED_ShowString) for OLED_ShowString
    main.o(i.Menudisplay) refers to oled.o(i.OLED_ShowBNum) for OLED_ShowBNum
    main.o(i.Menudisplay) refers to bsp_motor.o(i.set_motor_enable) for set_motor_enable
    main.o(i.Menudisplay) refers to oled.o(i.OLED_ShowBin) for OLED_ShowBin
    main.o(i.Menudisplay) refers to oled.o(i.OLED_ShowNum) for OLED_ShowNum
    main.o(i.Menudisplay) refers to control.o(i.Car_Go) for Car_Go
    main.o(i.Menudisplay) refers to control.o(i.Car_Spin) for Car_Spin
    main.o(i.Menudisplay) refers to led.o(i.LED_G_On) for LED_G_On
    main.o(i.Menudisplay) refers to main.o(.data) for .data
    main.o(i.Menudisplay) refers to key.o(.bss) for Keys
    main.o(i.Menudisplay) refers to myconfig.o(.data) for Reflectance_Data
    main.o(i.Menudisplay) refers to bsp_encoder.o(.bss) for Encoder
    main.o(i.Menudisplay) refers to myconfig.o(.bss) for Flag
    main.o(i.Menudisplay) refers to k210.o(.data) for SensorData1
    main.o(i.PID_Data_Send) refers to protocol.o(i.receiving_process) for receiving_process
    main.o(i.PID_Data_Send) refers to protocol.o(i.set_computer_value) for set_computer_value
    main.o(i.PID_Data_Send) refers to bsp_encoder.o(.bss) for Encoder
    main.o(i.PID_Data_Send) refers to myconfig.o(.bss) for Flag
    main.o(i.main) refers to _printf_percent.o(.ARM.Collect$$_printf_percent$$00000000) for _printf_percent
    main.o(i.main) refers to _printf_x.o(.ARM.Collect$$_printf_percent$$0000000C) for _printf_x
    main.o(i.main) refers to _printf_hex_int.o(.text) for _printf_longlong_hex
    main.o(i.main) refers to sysinit.o(i.SysInit1) for SysInit1
    main.o(i.main) refers to delay.o(i.delay_init) for delay_init
    main.o(i.main) refers to usart.o(i.uart_init0) for uart_init0
    main.o(i.main) refers to usart.o(i.uart_init) for uart_init
    main.o(i.main) refers to usart.o(i.uart_init2) for uart_init2
    main.o(i.main) refers to key.o(i.KEY_Init) for KEY_Init
    main.o(i.main) refers to led.o(i.LED_Init) for LED_Init
    main.o(i.main) refers to oled.o(i.OLED_Init) for OLED_Init
    main.o(i.main) refers to reflectance.o(i.Reflectance_Init2) for Reflectance_Init2
    main.o(i.main) refers to tima.o(i.TimA0_Int_Init) for TimA0_Int_Init
    main.o(i.main) refers to bsp_servo.o(i.Servo_Init) for Servo_Init
    main.o(i.main) refers to bsp_motor.o(i.Motor_Init) for Motor_Init
    main.o(i.main) refers to bsp_encoder.o(i.Motor_Init_bianmaqi) for Motor_Init_bianmaqi
    main.o(i.main) refers to bsp_mpu6050.o(i.MPU_Init) for MPU_Init
    main.o(i.main) refers to protocol.o(i.protocol_init) for protocol_init
    main.o(i.main) refers to bsp_pid.o(i.PID_param_init) for PID_param_init
    main.o(i.main) refers to bsp_servo.o(i.Servo_Control2) for Servo_Control2
    main.o(i.main) refers to bsp_pid.o(i.set_p_i_d) for set_p_i_d
    main.o(i.main) refers to bsp_pid.o(i.set_pid_target) for set_pid_target
    main.o(i.main) refers to protocol.o(i.set_computer_value) for set_computer_value
    main.o(i.main) refers to noretval__2printf.o(.text) for __2printf
    main.o(i.main) refers to main.o(i.Menudisplay) for Menudisplay
    main.o(i.main) refers to control.o(i.Car_Go) for Car_Go
    main.o(i.main) refers to led.o(i.LED_G_On) for LED_G_On
    main.o(i.main) refers to control.o(i.Car_Spin) for Car_Spin
    main.o(i.main) refers to led.o(i.LED_B_On) for LED_B_On
    main.o(i.main) refers to bsp_pid.o(.bss) for move_pid
    main.o(i.main) refers to bsp_pid.o(.bss) for move_pid2
    main.o(i.main) refers to bsp_pid.o(.bss) for move_pid3
    main.o(i.main) refers to bsp_pid.o(.bss) for move_pid4
    main.o(i.main) refers to bsp_pid.o(.bss) for speed_pid
    main.o(i.main) refers to bsp_pid.o(.bss) for speed_pid2
    main.o(i.main) refers to bsp_pid.o(.bss) for speed_pid3
    main.o(i.main) refers to bsp_pid.o(.bss) for speed_pid4
    main.o(i.main) refers to bsp_pid.o(.bss) for Dir_pid
    main.o(i.main) refers to bsp_pid.o(.bss) for Dir_pid2
    main.o(i.main) refers to main.o(.data) for .data
    main.o(i.main) refers to key.o(.bss) for Keys
    main.o(i.main) refers to myconfig.o(.data) for Reflectance_Data
    main.o(i.main) refers to myconfig.o(.bss) for Flag
    main.o(i.main) refers to k210.o(.data) for SensorData1
    main.o(i.main) refers to led.o(i.LED_B_Off) for LED_B_Off
    main.o(i.main) refers to delay.o(i.delay_ms) for delay_ms
    main.o(i.main) refers to led.o(i.LED_G_Off) for LED_G_Off
[...]
    i.mpu_reset_fifo                         0x00005430   Section        0  inv_mpu.o(i.mpu_reset_fifo)
    i.oled_pow                               0x0000559c   Section        0  oled.o(i.oled_pow)
    i.protocol_data_recv                     0x000055ac   Section        0  protocol.o(i.protocol_data_recv)
    i.protocol_init                          0x000055d0   Section        0  protocol.o(i.protocol_init)
    i.recvbuf_put_data                       0x000055e8   Section        0  protocol.o(i.recvbuf_put_data)
    recvbuf_put_data                         0x000055e9   Thumb Code    56  protocol.o(i.recvbuf_put_data)
    i.set_computer_value                     0x00005620   Section        0  protocol.o(i.set_computer_value)
    i.set_motor_disable                      0x00005678   Section        0  bsp_motor.o(i.set_motor_disable)
    i.set_motor_enable                       0x00005684   Section        0  bsp_motor.o(i.set_motor_enable)
    i.set_p_i_d                              0x00005690   Section        0  bsp_pid.o(i.set_p_i_d)
    i.set_pid_target                         0x0000569e   Section        0  bsp_pid.o(i.set_pid_target)
    i.sqrt                                   0x000056a4   Section        0  sqrt.o(i.sqrt)
    i.uart_init                              0x00005714   Section        0  usart.o(i.uart_init)
    i.uart_init0                             0x00005774   Section        0  usart.o(i.uart_init0)
    i.uart_init2                             0x000057d4   Section        0  usart.o(i.uart_init2)
    x$fpl$basic                              0x00005834   Section       24  basic.o(x$fpl$basic)
    $v0                                      0x00005834   Number         0  basic.o(x$fpl$basic)
    x$fpl$d2f                                0x0000584c   Section       98  d2f.o(x$fpl$d2f)
    $v0                                      0x0000584c   Number         0  d2f.o(x$fpl$d2f)
    x$fpl$dadd                               0x000058b0   Section      336  daddsub_clz.o(x$fpl$dadd)
    $v0                                      0x000058b0   Number         0  daddsub_clz.o(x$fpl$dadd)
    _dadd1                                   0x000058c1   Thumb Code     0  daddsub_clz.o(x$fpl$dadd)
    x$fpl$dcmpinf                            0x00005a00   Section       24  dcmpi.o(x$fpl$dcmpinf)
    $v0                                      0x00005a00   Number         0  dcmpi.o(x$fpl$dcmpinf)
    x$fpl$ddiv                               0x00005a18   Section      688  ddiv.o(x$fpl$ddiv)
    $v0                                      0x00005a18   Number         0  ddiv.o(x$fpl$ddiv)
    ddiv_entry                               0x00005a1f   Thumb Code     0  ddiv.o(x$fpl$ddiv)
    x$fpl$dleqf                              0x00005cc8   Section      120  dleqf.o(x$fpl$dleqf)
    $v0                                      0x00005cc8   Number         0  dleqf.o(x$fpl$dleqf)
    x$fpl$dmul                               0x00005d40   Section      340  dmul.o(x$fpl$dmul)
    $v0                                      0x00005d40   Number         0  dmul.o(x$fpl$dmul)
    x$fpl$dnaninf                            0x00005e94   Section      156  dnaninf.o(x$fpl$dnaninf)
    $v0                                      0x00005e94   Number         0  dnaninf.o(x$fpl$dnaninf)
    x$fpl$dretinf                            0x00005f30   Section       12  dretinf.o(x$fpl$dretinf)
    $v0                                      0x00005f30   Number         0  dretinf.o(x$fpl$dretinf)
    x$fpl$drleqf                             0x00005f3c   Section      108  drleqf.o(x$fpl$drleqf)
    $v0                                      0x00005f3c   Number         0  drleqf.o(x$fpl$drleqf)
    x$fpl$drsb                               0x00005fa8   Section       22  daddsub_clz.o(x$fpl$drsb)
    $v0                                      0x00005fa8   Number         0  daddsub_clz.o(x$fpl$drsb)
    x$fpl$dsqrt                              0x00005fc0   Section      408  dsqrt_umaal.o(x$fpl$dsqrt)
    $v0                                      0x00005fc0   Number         0  dsqrt_umaal.o(x$fpl$dsqrt)
    x$fpl$dsub                               0x00006158   Section      468  daddsub_clz.o(x$fpl$dsub)
    $v0                                      0x00006158   Number         0  daddsub_clz.o(x$fpl$dsub)
    _dsub1                                   0x00006169   Thumb Code     0  daddsub_clz.o(x$fpl$dsub)
    x$fpl$f2d                                0x0000632c   Section       86  f2d.o(x$fpl$f2d)
    $v0                                      0x0000632c   Number         0  f2d.o(x$fpl$f2d)
    x$fpl$fnaninf                            0x00006382   Section      140  fnaninf.o(x$fpl$fnaninf)
    $v0                                      0x00006382   Number         0  fnaninf.o(x$fpl$fnaninf)
    x$fpl$fpinit                             0x0000640e   Section       10  fpinit.o(x$fpl$fpinit)
    $v0                                      0x0000640e   Number         0  fpinit.o(x$fpl$fpinit)
    x$fpl$fretinf                            0x00006418   Section       10  fretinf.o(x$fpl$fretinf)
    $v0                                      0x00006418   Number         0  fretinf.o(x$fpl$fretinf)
    .constdata                               0x00006422   Section     2314  oled.o(.constdata)
    x$fpl$usenofp                            0x00006422   Section        0  usenofp.o(x$fpl$usenofp)
    .constdata                               0x00006d2c   Section      120  usart.o(.constdata)
    .constdata                               0x00006da4   Section       27  inv_mpu.o(.constdata)
    .constdata                               0x00006dc0   Section       12  inv_mpu.o(.constdata)
    .constdata                               0x00006dcc   Section       40  inv_mpu.o(.constdata)
    .constdata                               0x00006df4   Section       76  gpio.o(.constdata)
    GPIO_PORT_TO_INT                         0x00006df4   Data          28  gpio.o(.constdata)
    GPIO_PORT_TO_BASE                        0x00006e10   Data          48  gpio.o(.constdata)
    .constdata                               0x00006e40   Section      144  interrupt.o(.constdata)
    g_pulEnRegs                              0x00006e40   Data           8  interrupt.o(.constdata)
    g_pulDisRegs                             0x00006e48   Data           8  interrupt.o(.constdata)
    g_pulPendRegs                            0x00006e50   Data           8  interrupt.o(.constdata)
    g_pulUnpendRegs                          0x00006e58   Data           8  interrupt.o(.constdata)
    g_pulPriority                            0x00006e60   Data          32  interrupt.o(.constdata)
    g_pulRegs                                0x00006e80   Data          80  interrupt.o(.constdata)
    .constdata                               0x00006ed0   Section       40  _printf_hex_int.o(.constdata)
    uc_hextab                                0x00006ed0   Data          20  _printf_hex_int.o(.constdata)
    lc_hextab                                0x00006ee4   Data          20  _printf_hex_int.o(.constdata)
    .constdata                               0x00006ef8   Section       17  __printf_flags_wp.o(.constdata)
    maptable                                 0x00006ef8   Data          17  __printf_flags_wp.o(.constdata)
    .constdata                               0x00006f10   Section       80  asin.o(.constdata)
    pS                                       0x00006f10   Data          48  asin.o(.constdata)
    qS                                       0x00006f40   Data          32  asin.o(.constdata)
    .constdata                               0x00006f60   Section      152  atan.o(.constdata)
    atanhi                                   0x00006f60   Data          32  atan.o(.constdata)
    atanlo                                   0x00006f80   Data          32  atan.o(.constdata)
    aTodd                                    0x00006fa0   Data          40  atan.o(.constdata)
    aTeven                                   0x00006fc8   Data          48  atan.o(.constdata)
    .constdata                               0x00006ff8   Section        8  qnan.o(.constdata)
    .data                                    0x20000000   Section        6  main.o(.data)
    Last_Num2                                0x20000000   Data           1  main.o(.data)
    Temp_Num2                                0x20000001   Data           1  main.o(.data)
    Last_Num                                 0x20000002   Data           1  main.o(.data)
    Temp_Num                                 0x20000003   Data           1  main.o(.data)
    State                                    0x20000004   Data           1  main.o(.data)
    New_State                                0x20000005   Data           1  main.o(.data)
    .data                                    0x20000008   Section       44  myconfig.o(.data)
    Last_Num2                                0x2000000b   Data           1  myconfig.o(.data)
    Temp_Num2                                0x2000000c   Data           1  myconfig.o(.data)
    Last_Num3                                0x2000000d   Data           1  myconfig.o(.data)
    Temp_Num3                                0x2000000e   Data           1  myconfig.o(.data)
    Last_Num4                                0x2000000f   Data           1  myconfig.o(.data)
    Temp_Num4                                0x20000010   Data           1  myconfig.o(.data)
    .data                                    0x20000034   Section        1  bsp_motor.o(.data)
    .data                                    0x20000035   Section        1  bsp_servo.o(.data)
    i                                        0x20000035   Data           1  bsp_servo.o(.data)
    .data                                    0x20000036   Section        4  tima.o(.data)
    .data                                    0x2000003c   Section        4  usart.o(.data)
    .data                                    0x20000040   Section        1  delay.o(.data)
    fac_us                                   0x20000040   Data           1  delay.o(.data)
    .data                                    0x20000044   Section       53  inv_mpu.o(.data)
    st                                       0x20000044   Data          44  inv_mpu.o(.data)
    gyro_orientation                         0x20000070   Data           9  inv_mpu.o(.data)
    .data                                    0x2000007c   Section       12  k210.o(.data)
    Rec_State                                0x2000007c   Data           1  k210.o(.data)
    .data                                    0x20000088   Section        8  cs.o(.data)
    hfxtFreq                                 0x20000088   Data           4  cs.o(.data)
    lfxtFreq                                 0x2000008c   Data           4  cs.o(.data)
    .bss                                     0x20000090   Section      104  myconfig.o(.bss)
    .bss                                     0x200000f8   Section       64  bsp_encoder.o(.bss)
    .bss                                     0x20000138   Section       16  key.o(.bss)
    .bss                                     0x20000148   Section       16  inv_mpu_dmp_motion_driver.o(.bss)
    dmp                                      0x20000148   Data          16  inv_mpu_dmp_motion_driver.o(.bss)
    .bss                                     0x20000158   Section       40  bsp_pid.o(.bss)
    .bss                                     0x20000180   Section       40  bsp_pid.o(.bss)
    .bss                                     0x200001a8   Section       40  bsp_pid.o(.bss)
    .bss                                     0x200001d0   Section       40  bsp_pid.o(.bss)
    .bss                                     0x200001f8   Section       40  bsp_pid.o(.bss)
    .bss                                     0x20000220   Section       40  bsp_pid.o(.bss)
    .bss                                     0x20000248   Section       40  bsp_pid.o(.bss)
    .bss                                     0x20000270   Section       40  bsp_pid.o(.bss)
    .bss                                     0x20000298   Section       40  bsp_pid.o(.bss)
    .bss                                     0x200002c0   Section       40  bsp_pid.o(.bss)
    .bss                                     0x200002e8   Section      152  protocol.o(.bss)
    set_packet                               0x200002e8   Data          10  protocol.o(.bss)
    parser                                   0x200002f4   Data          12  protocol.o(.bss)
    recv_buf                                 0x20000300   Data         128  protocol.o(.bss)
    .bss                                     0x20000380   Section       12  k210.o(.bss)
    Rec_Buff                                 0x20000380   Data          12  k210.o(.bss)
    .bss                                     0x2000038c   Section       96  libspace.o(.bss)
    HEAP                                     0x200003f0   Section        0  startup_msp432p401r_uvision.o(HEAP)
    STACK                                    0x200003f0   Section      512  startup_msp432p401r_uvision.o(STACK)
    Heap_Mem                                 0x200003f0   Data           0  startup_msp432p401r_uvision.o(HEAP)
    Stack_Mem                                0x200003f0   Data         512  startup_msp432p401r_uvision.o(STACK)
    __initial_sp                             0x200005f0   Data           0  startup_msp432p401r_uvision.o(STACK)

    Global Symbols

    Symbol Name                              Value     Ov Type        Size  Object(Section)

    BuildAttributes$$THM_ISAv4$E$P$D$K$B$S$7EM$VFPi3$EXTD16$VFPS$VFMA$PE$A:L22UL41UL21$X:L11$S22US41US21$IEEE1$IW$USESV6$~STKCKD$USESV7$~SHL$OTIME$ROPI$IEEEX$EBA8$UX$STANDARDLIB$REQ8$PRES8$EABIv2 0x00000000   Number         0  anon$$obj.o ABSOLUTE
    __ARM_use_no_argv                        0x00000000   Number         0  main.o ABSOLUTE
    __Vectors                                0x00000000   Data           4  startup_msp432p401r_uvision.o(RESET)
    _printf_flags                            0x00000000   Number         0  printf_stubs.o ABSOLUTE
    _printf_return_value                     0x00000000   Number         0  printf_stubs.o ABSOLUTE
    _printf_sizespec                         0x00000000   Number         0  printf_stubs.o ABSOLUTE
    _printf_widthprec                        0x00000000   Number         0  printf_stubs.o ABSOLUTE
    __ARM_exceptions_init                     - Undefined Weak Reference
    __alloca_initialize                       - Undefined Weak Reference
    __arm_preinit_                            - Undefined Weak Reference
    __cpp_initialize__aeabi_                  - Undefined Weak Reference
    __cxa_finalize                            - Undefined Weak Reference
    __rt_locale                               - Undefined Weak Reference
    __sigvec_lookup                           - Undefined Weak Reference
    _atexit_init                              - Undefined Weak Reference
    _call_atexit_fns                          - Undefined Weak Reference
    _clock_init                               - Undefined Weak Reference
    _fp_trap_init                             - Undefined Weak Reference
    _fp_trap_shutdown                         - Undefined Weak Reference
    _get_lc_collate                           - Undefined Weak Reference
    _get_lc_ctype                             - Undefined Weak Reference
    _get_lc_monetary                          - Undefined Weak Reference
    _get_lc_numeric                           - Undefined Weak Reference
    _get_lc_time                              - Undefined Weak Reference
    _getenv_init                              - Undefined Weak Reference
    _handle_redirection                       - Undefined Weak Reference
    _init_alloc                               - Undefined Weak Reference
    _init_user_alloc                          - Undefined Weak Reference
    _initio                                   - Undefined Weak Reference
    _mutex_acquire                            - Undefined Weak Reference
    _mutex_release                            - Undefined Weak Reference
    _printf_truncate_signed                   - Undefined Weak Reference
    _printf_truncate_unsigned                 - Undefined Weak Reference
    _rand_init                                - Undefined Weak Reference
    _signal_finish                            - Undefined Weak Reference
    _signal_init                              - Undefined Weak Reference
    _terminate_alloc                          - Undefined Weak Reference
    _terminate_user_alloc                     - Undefined Weak Reference
    _terminateio                              - Undefined Weak Reference
    __Vectors_End                            0x00000144   Data           0  startup_msp432p401r_uvision.o(RESET)
    __Vectors_Size                           0x00000144   Number         0  startup_msp432p401r_uvision.o ABSOLUTE
    __main                                   0x00000145   Thumb Code     8  __main.o(!!!main)
    __scatterload                            0x0000014d   Thumb Code     0  __scatter.o(!!!scatter)
    __scatterload_rt2                        0x0000014d   Thumb Code    44  __scatter.o(!!!scatter)
    __scatterload_rt2_thumb_only             0x0000014d   Thumb Code     0  __scatter.o(!!!scatter)
    __scatterload_null                       0x0000015b   Thumb Code     0  __scatter.o(!!!scatter)
    __scatterload_copy                       0x00000181   Thumb Code    26  __scatter_copy.o(!!handler_copy)
    __scatterload_zeroinit                   0x0000019d   Thumb Code    28  __scatter_zi.o(!!handler_zi)
    _printf_percent                          0x000001b9   Thumb Code     0  _printf_percent.o(.ARM.Collect$$_printf_percent$$00000000)
    _printf_x                                0x000001b9   Thumb Code     0  _printf_x.o(.ARM.Collect$$_printf_percent$$0000000C)
    _printf_percent_end                      0x000001bf   Thumb Code     0  _printf_percent_end.o(.ARM.Collect$$_printf_percent$$00000017)
    __rt_lib_init                            0x000001c3   Thumb Code     0  libinit.o(.ARM.Collect$$libinit$$00000000)
    __rt_lib_init_fp_1                       0x000001c5   Thumb Code     0  libinit2.o(.ARM.Collect$$libinit$$00000001)
    __rt_lib_init_alloca_1                   0x000001c9   Thumb Code     0  libinit2.o(.ARM.Collect$$libinit$$0000002E)
    __rt_lib_init_argv_1                     0x000001c9   Thumb Code     0  libinit2.o(.ARM.Collect$$libinit$$0000002C)
    __rt_lib_init_atexit_1                   0x000001c9   Thumb Code     0  libinit2.o(.ARM.Collect$$libinit$$0000001B)
    __rt_lib_init_clock_1                    0x000001c9   Thumb Code     0  libinit2.o(.ARM.Collect$$libinit$$00000021)
    __rt_lib_init_cpp_1                      0x000001c9   Thumb Code     0  libinit2.o(.ARM.Collect$$libinit$$00000032)
    __rt_lib_init_exceptions_1               0x000001c9   Thumb Code     0  libinit2.o(.ARM.Collect$$libinit$$00000030)
    __rt_lib_init_fp_trap_1                  0x000001c9   Thumb Code     0  libinit2.o(.ARM.Collect$$libinit$$0000001F)
    __rt_lib_init_getenv_1                   0x000001c9   Thumb Code     0  libinit2.o(.ARM.Collect$$libinit$$00000023)
    __rt_lib_init_heap_1                     0x000001c9   Thumb Code     0  libinit2.o(.ARM.Collect$$libinit$$0000000A)
    __rt_lib_init_lc_collate_1               0x000001c9   Thumb Code     0  libinit2.o(.ARM.Collect$$libinit$$00000011)
    __rt_lib_init_lc_ctype_1                 0x000001c9   Thumb Code     0  libinit2.o(.ARM.Collect$$libinit$$00000013)
    __rt_lib_init_lc_monetary_1              0x000001c9   Thumb Code     0  libinit2.o(.ARM.Collect$$libinit$$00000015)
    __rt_lib_init_lc_numeric_1               0x000001c9   Thumb Code     0  libinit2.o(.ARM.Collect$$libinit$$00000017)
    __rt_lib_init_lc_time_1                  0x000001c9   Thumb Code     0  libinit2.o(.ARM.Collect$$libinit$$00000019)
    __rt_lib_init_preinit_1                  0x000001c9   Thumb Code     0  libinit2.o(.ARM.Collect$$libinit$$00000004)
    __rt_lib_init_rand_1                     0x000001c9   Thumb Code     0  libinit2.o(.ARM.Collect$$libinit$$0000000E)
    __rt_lib_init_return                     0x000001c9   Thumb Code     0  libinit2.o(.ARM.Collect$$libinit$$00000033)
    __rt_lib_init_signal_1                   0x000001c9   Thumb Code     0  libinit2.o(.ARM.Collect$$libinit$$0000001D)
    __rt_lib_init_stdio_1                    0x000001c9   Thumb Code     0  libinit2.o(.ARM.Collect$$libinit$$00000025)
    __rt_lib_init_user_alloc_1               0x000001c9   Thumb Code     0  libinit2.o(.ARM.Collect$$libinit$$0000000C)
    __rt_lib_shutdown                        0x000001cb   Thumb Code     0  libshutdown.o(.ARM.Collect$$libshutdown$$00000000)
    __rt_lib_shutdown_cpp_1                  0x000001cd   Thumb Code     0  libshutdown2.o(.ARM.Collect$$libshutdown$$00000002)
    __rt_lib_shutdown_fp_trap_1              0x000001cd   Thumb Code     0  libshutdown2.o(.ARM.Collect$$libshutdown$$00000007)
    __rt_lib_shutdown_heap_1                 0x000001cd   Thumb Code     0  libshutdown2.o(.ARM.Collect$$libshutdown$$0000000F)
    __rt_lib_shutdown_return                 0x000001cd   Thumb Code     0  libshutdown2.o(.ARM.Collect$$libshutdown$$00000010)
    __rt_lib_shutdown_signal_1               0x000001cd   Thumb Code     0  libshutdown2.o(.ARM.Collect$$libshutdown$$0000000A)
    __rt_lib_shutdown_stdio_1                0x000001cd   Thumb Code     0  libshutdown2.o(.ARM.Collect$$libshutdown$$00000004)
    __rt_lib_shutdown_user_alloc_1           0x000001cd   Thumb Code     0  libshutdown2.o(.ARM.Collect$$libshutdown$$0000000C)
    __rt_entry                               0x000001cf   Thumb Code     0  __rtentry.o(.ARM.Collect$$rtentry$$00000000)
    __rt_entry_presh_1                       0x000001cf   Thumb Code     0  __rtentry2.o(.ARM.Collect$$rtentry$$00000002)
    __rt_entry_sh                            0x000001cf   Thumb Code     0  __rtentry4.o(.ARM.Collect$$rtentry$$00000004)
    __rt_entry_li                            0x000001d5   Thumb Code     0  __rtentry2.o(.ARM.Collect$$rtentry$$0000000A)
    __rt_entry_postsh_1                      0x000001d5   Thumb Code     0  __rtentry2.o(.ARM.Collect$$rtentry$$00000009)
    __rt_entry_main                          0x000001d9   Thumb Code     0  __rtentry2.o(.ARM.Collect$$rtentry$$0000000D)
    __rt_entry_postli_1                      0x000001d9   Thumb Code     0  __rtentry2.o(.ARM.Collect$$rtentry$$0000000C)
    __rt_exit                                0x000001e1   Thumb Code     0  rtexit.o(.ARM.Collect$$rtexit$$00000000)
    __rt_exit_ls                             0x000001e3   Thumb Code     0  rtexit2.o(.ARM.Collect$$rtexit$$00000003)
    __rt_exit_prels_1                        0x000001e3   Thumb Code     0  rtexit2.o(.ARM.Collect$$rtexit$$00000002)
    __rt_exit_exit                           0x000001e7   Thumb Code     0  rtexit2.o(.ARM.Collect$$rtexit$$00000004)
    CPU_cpsid                                0x000001ed   Thumb Code     8  cpu.o(.emb_text)
    CPU_primask                              0x000001f5   Thumb Code     6  cpu.o(.emb_text)
    CPU_cpsie                                0x000001fb   Thumb Code     8  cpu.o(.emb_text)
    CPU_wfi                                  0x00000203   Thumb Code     4  cpu.o(.emb_text)
    CPU_basepriSet                           0x00000207   Thumb Code     6  cpu.o(.emb_text)
    CPU_basepriGet                           0x0000020d   Thumb Code     6  cpu.o(.emb_text)
    Reset_Handler                            0x00000215   Thumb Code     8  startup_msp432p401r_uvision.o(.text)
    NMI_Handler                              0x0000021d   Thumb Code     2  startup_msp432p401r_uvision.o(.text)
    HardFault_Handler                        0x0000021f   Thumb Code     2  startup_msp432p401r_uvision.o(.text)
    MemManage_Handler                        0x00000221   Thumb Code     2  startup_msp432p401r_uvision.o(.text)
    BusFault_Handler                         0x00000223   Thumb Code     2  startup_msp432p401r_uvision.o(.text)
    UsageFault_Handler                       0x00000225   Thumb Code     2  startup_msp432p401r_uvision.o(.text)
    SVC_Handler                              0x00000227   Thumb Code     2  startup_msp432p401r_uvision.o(.text)
    DebugMon_Handler                         0x00000229   Thumb Code     2  startup_msp432p401r_uvision.o(.text)
    PendSV_Handler                           0x0000022b   Thumb Code     2  startup_msp432p401r_uvision.o(.text)
    SysTick_Handler                          0x0000022d   Thumb Code     2  startup_msp432p401r_uvision.o(.text)
    ADC14_IRQHandler                         0x0000022f   Thumb Code     0  startup_msp432p401r_uvision.o(.text)
    AES256_IRQHandler                        0x0000022f   Thumb Code     0  startup_msp432p401r_uvision.o(.text)
    COMP_E0_IRQHandler                       0x0000022f   Thumb Code     0  startup_msp432p401r_uvision.o(.text)
    COMP_E1_IRQHandler                       0x0000022f   Thumb Code     0  startup_msp432p401r_uvision.o(.text)
    CS_IRQHandler                            0x0000022f   Thumb Code     0  startup_msp432p401r_uvision.o(.text)
    DMA_ERR_IRQHandler                       0x0000022f   Thumb Code     0  startup_msp432p401r_uvision.o(.text)
    DMA_INT0_IRQHandler                      0x0000022f   Thumb Code     0  startup_msp432p401r_uvision.o(.text)
    DMA_INT1_IRQHandler                      0x0000022f   Thumb Code     0  startup_msp432p401r_uvision.o(.text)
    DMA_INT2_IRQHandler                      0x0000022f   Thumb Code     0  startup_msp432p401r_uvision.o(.text)
    DMA_INT3_IRQHandler                      0x0000022f   Thumb Code     0  startup_msp432p401r_uvision.o(.text)
    EUSCIA1_IRQHandler                       0x0000022f   Thumb Code     0  startup_msp432p401r_uvision.o(.text)
    EUSCIB0_IRQHandler                       0x0000022f   Thumb Code     0  startup_msp432p401r_uvision.o(.text)
    EUSCIB1_IRQHandler                       0x0000022f   Thumb Code     0  startup_msp432p401r_uvision.o(.text)
    EUSCIB2_IRQHandler                       0x0000022f   Thumb Code     0  startup_msp432p401r_uvision.o(.text)
    EUSCIB3_IRQHandler                       0x0000022f   Thumb Code     0  startup_msp432p401r_uvision.o(.text)
    FLCTL_IRQHandler                         0x0000022f   Thumb Code     0  startup_msp432p401r_uvision.o(.text)
    FPU_IRQHandler                           0x0000022f   Thumb Code     0  startup_msp432p401r_uvision.o(.text)
    PCM_IRQHandler                           0x0000022f   Thumb Code     0  startup_msp432p401r_uvision.o(.text)
    PORT1_IRQHandler                         0x0000022f   Thumb Code     0  startup_msp432p401r_uvision.o(.text)
    PORT2_IRQHandler                         0x0000022f   Thumb Code     0  startup_msp432p401r_uvision.o(.text)
    PORT3_IRQHandler                         0x0000022f   Thumb Code     0  startup_msp432p401r_uvision.o(.text)
    PORT5_IRQHandler                         0x0000022f   Thumb Code     0  startup_msp432p401r_uvision.o(.text)
    PORT6_IRQHandler                         0x0000022f   Thumb Code     0  startup_msp432p401r_uvision.o(.text)
    PSS_IRQHandler                           0x0000022f   Thumb Code     0  startup_msp432p401r_uvision.o(.text)
    RTC_C_IRQHandler                         0x0000022f   Thumb Code     0  startup_msp432p401r_uvision.o(.text)
    T32_INT2_IRQHandler                      0x0000022f   Thumb Code     0  startup_msp432p401r_uvision.o(.text)
    T32_INTC_IRQHandler                      0x0000022f   Thumb Code     0  startup_msp432p401r_uvision.o(.text)
    TA0_N_IRQHandler                         0x0000022f   Thumb Code     0  startup_msp432p401r_uvision.o(.text)
    TA1_0_IRQHandler                         0x0000022f   Thumb Code     0  startup_msp432p401r_uvision.o(.text)
    TA1_N_IRQHandler                         0x0000022f   Thumb Code     0  startup_msp432p401r_uvision.o(.text)
    TA2_0_IRQHandler                         0x0000022f   Thumb Code     0  startup_msp432p401r_uvision.o(.text)
    TA3_0_IRQHandler                         0x0000022f   Thumb Code     0  startup_msp432p401r_uvision.o(.text)
    TA3_N_IRQHandler                         0x0000022f   Thumb Code     0  startup_msp432p401r_uvision.o(.text)
    WDT_A_IRQHandler                         0x0000022f   Thumb Code     0  startup_msp432p401r_uvision.o(.text)
    __user_initial_stackheap                 0x00000231   Thumb Code    10  startup_msp432p401r_uvision.o(.text)
    __use_no_semihosting                     0x00000251   Thumb Code     2  use_no_semi_2.o(.text)
    __2printf                                0x00000255   Thumb Code    20  noretval__2printf.o(.text)
    _printf_int_hex                          0x0000026d   Thumb Code    84  _printf_hex_int.o(.text)
    _printf_longlong_hex                     0x0000026d   Thumb Code     0  _printf_hex_int.o(.text)
    __printf                                 0x000002c5   Thumb Code   308  __printf_flags_wp.o(.text)
    __aeabi_memcpy                           0x000003fd   Thumb Code     0  rt_memcpy_v6.o(.text)
    __rt_memcpy                              0x000003fd   Thumb Code   138  rt_memcpy_v6.o(.text)
    _memcpy_lastbytes                        0x00000463   Thumb Code     0  rt_memcpy_v6.o(.text)
    __aeabi_memcpy4                          0x00000487   Thumb Code     0  rt_memcpy_w.o(.text)
    __aeabi_memcpy8                          0x00000487   Thumb Code     0  rt_memcpy_w.o(.text)
    __rt_memcpy_w                            0x00000487   Thumb Code   100  rt_memcpy_w.o(.text)
    _memcpy_lastbytes_aligned                0x000004cf   Thumb Code     0  rt_memcpy_w.o(.text)
    __use_two_region_memory                  0x000004eb   Thumb Code     2  heapauxi.o(.text)
    __rt_heap_escrow$2region                 0x000004ed   Thumb Code     2  heapauxi.o(.text)
    __rt_heap_expand$2region                 0x000004ef   Thumb Code     2  heapauxi.o(.text)
    __I$use$semihosting                      0x000004f1   Thumb Code     0  use_no_semi.o(.text)
    __use_no_semihosting_swi                 0x000004f1   Thumb Code     2  use_no_semi.o(.text)
    __read_errno                             0x000004f3   Thumb Code    10  _rserrno.o(.text)
    __set_errno                              0x000004fd   Thumb Code    12  _rserrno.o(.text)
    _printf_int_common                       0x00000509   Thumb Code   178  _printf_intcommon.o(.text)
    _printf_char_file                        0x000005bd   Thumb Code    32  _printf_char_file.o(.text)
    __aeabi_errno_addr                       0x000005e1   Thumb Code     8  rt_errno_addr_intlibspace.o(.text)
    __errno$intlibspace                      0x000005e1   Thumb Code     0  rt_errno_addr_intlibspace.o(.text)
    __rt_errno_addr$intlibspace              0x000005e1   Thumb Code     0  rt_errno_addr_intlibspace.o(.text)
    _printf_char_common                      0x000005f3   Thumb Code    32  _printf_char_common.o(.text)
    ferror                                   0x00000619   Thumb Code     8  ferror.o(.text)
    __user_libspace                          0x00000621   Thumb Code     8  libspace.o(.text)
    __user_perproc_libspace                  0x00000621   Thumb Code     0  libspace.o(.text)
    __user_perthread_libspace                0x00000621   Thumb Code     0  libspace.o(.text)
    __user_setup_stackheap                   0x00000629   Thumb Code    74  sys_stackheap_outer.o(.text)
    exit                                     0x00000673   Thumb Code    18  exit.o(.text)
    CS_clearInterruptFlag                    0x00000685   Thumb Code    26  cs.o(i.CS_clearInterruptFlag)
    CS_getACLK                               0x000006a9   Thumb Code    20  cs.o(i.CS_getACLK)
    CS_getDCOFrequency                       0x000006c1   Thumb Code   234  cs.o(i.CS_getDCOFrequency)
    CS_getMCLK                               0x000007cd   Thumb Code    20  cs.o(i.CS_getMCLK)
    CS_getSMCLK                              0x000007e5   Thumb Code    18  cs.o(i.CS_getSMCLK)
    CS_setExternalClockSourceFrequency       0x000007fd   Thumb Code     8  cs.o(i.CS_setExternalClockSourceFrequency)
    CS_startHFXT                             0x00000809   Thumb Code     6  cs.o(i.CS_startHFXT)
    CS_startHFXTWithTimeout                  0x00000811   Thumb Code   144  cs.o(i.CS_startHFXTWithTimeout)
    CS_startLFXT                             0x000008b1   Thumb Code     6  cs.o(i.CS_startLFXT)
    CS_startLFXTWithTimeout                  0x000008b9   Thumb Code   144  cs.o(i.CS_startLFXTWithTimeout)
    CTRL_compute_Direction                   0x00000959   Thumb Code   104  control.o(i.CTRL_compute_Direction)
    CTRL_compute_Position                    0x000009d9   Thumb Code   282  control.o(i.CTRL_compute_Position)
    CTRL_compute_Speed                       0x00000b29   Thumb Code   172  control.o(i.CTRL_compute_Speed)
    Car_Go                                   0x00000bf9   Thumb Code   100  control.o(i.Car_Go)
    Car_Spin                                 0x00000c79   Thumb Code   176  control.o(i.Car_Spin)
    EUSCIA0_IRQHandler                       0x00000d45   Thumb Code    36  myconfig.o(i.EUSCIA0_IRQHandler)
    EUSCIA2_IRQHandler                       0x00000d71   Thumb Code    30  myconfig.o(i.EUSCIA2_IRQHandler)
    EUSCIA3_IRQHandler                       0x00000d9d   Thumb Code    38  myconfig.o(i.EUSCIA3_IRQHandler)
    Encoder_Scan                             0x00000dd1   Thumb Code   114  bsp_encoder.o(i.Encoder_Scan)
    GPIO_getInputPinValue                    0x00000e55   Thumb Code    16  gpio.o(i.GPIO_getInputPinValue)
    GPIO_setAsInputPin                       0x00000e69   Thumb Code    32  gpio.o(i.GPIO_setAsInputPin)
    GPIO_setAsOutputPin                      0x00000e8d   Thumb Code    26  gpio.o(i.GPIO_setAsOutputPin)
    GPIO_setOutputHighOnPin                  0x00000ead   Thumb Code    14  gpio.o(i.GPIO_setOutputHighOnPin)
    GPIO_setOutputLowOnPin                   0x00000ec1   Thumb Code    14  gpio.o(i.GPIO_setOutputLowOnPin)
    Get_Data_To_Array                        0x00000ed5   Thumb Code   160  k210.o(i.Get_Data_To_Array)
    I2C_SW_Configuration                     0x00000f7d   Thumb Code    10  oled.o(i.I2C_SW_Configuration)
    I2C_Start                                0x00000f8d   Thumb Code    16  oled.o(i.I2C_Start)
    I2C_Stop                                 0x00000fa1   Thumb Code    14  oled.o(i.I2C_Stop)
    I2C_WaitAck                              0x00000fb5   Thumb Code    14  oled.o(i.I2C_WaitAck)
    IIC_Ack                                  0x00000fc9   Thumb Code    58  iic.o(i.IIC_Ack)
    IIC_Init                                 0x00001003   Thumb Code    38  iic.o(i.IIC_Init)
    IIC_NAck                                 0x00001029   Thumb Code    58  iic.o(i.IIC_NAck)
    IIC_Read_Byte                            0x00001063   Thumb Code    86  iic.o(i.IIC_Read_Byte)
    IIC_Send_Byte                            0x000010b9   Thumb Code   112  iic.o(i.IIC_Send_Byte)
    IIC_Start                                0x00001129   Thumb Code    58  iic.o(i.IIC_Start)
    IIC_Stop                                 0x00001163   Thumb Code    58  iic.o(i.IIC_Stop)
    IIC_Wait_Ack                             0x0000119d   Thumb Code    76  iic.o(i.IIC_Wait_Ack)
    Interrupt_enableInterrupt                0x000011e9   Thumb Code    84  interrupt.o(i.Interrupt_enableInterrupt)
    Interrupt_enableMaster                   0x00001245   Thumb Code    14  interrupt.o(i.Interrupt_enableMaster)
    KEY_Init                                 0x00001255   Thumb Code    12  key.o(i.KEY_Init)
    Key_Scan2                                0x00001265   Thumb Code   184  key.o(i.Key_Scan2)
    LED_B_Off                                0x00001325   Thumb Code     8  led.o(i.LED_B_Off)
    LED_B_On                                 0x00001331   Thumb Code     8  led.o(i.LED_B_On)
    LED_G_Off                                0x0000133d   Thumb Code     8  led.o(i.LED_G_Off)
    LED_G_On                                 0x00001349   Thumb Code     8  led.o(i.LED_G_On)
    LED_Init                                 0x00001355   Thumb Code    44  led.o(i.LED_Init)
    LED_RED_Off                              0x00001385   Thumb Code     8  led.o(i.LED_RED_Off)
    LED_R_Off                                0x00001391   Thumb Code     8  led.o(i.LED_R_Off)
    MPU_Get_Gyroscope                        0x0000139d   Thumb Code    68  bsp_mpu6050.o(i.MPU_Get_Gyroscope)
    MPU_Init                                 0x000013e1   Thumb Code   150  bsp_mpu6050.o(i.MPU_Init)
    MPU_Read_Byte                            0x00001477   Thumb Code    58  bsp_mpu6050.o(i.MPU_Read_Byte)
    MPU_Read_Len                             0x000014b1   Thumb Code    98  bsp_mpu6050.o(i.MPU_Read_Len)
    MPU_Set_Accel_Fsr                        0x00001513   Thumb Code    10  bsp_mpu6050.o(i.MPU_Set_Accel_Fsr)
    MPU_Set_Gyro_Fsr                         0x0000151d   Thumb Code    10  bsp_mpu6050.o(i.MPU_Set_Gyro_Fsr)
    MPU_Set_LPF                              0x00001527   Thumb Code    48  bsp_mpu6050.o(i.MPU_Set_LPF)
    MPU_Set_Rate                             0x00001557   Thumb Code    44  bsp_mpu6050.o(i.MPU_Set_Rate)
    MPU_Write_Byte                           0x00001583   Thumb Code    74  bsp_mpu6050.o(i.MPU_Write_Byte)
    MPU_Write_Len                            0x000015cd   Thumb Code    90  bsp_mpu6050.o(i.MPU_Write_Len)
    Menudisplay                              0x00001629   Thumb Code   772  main.o(i.Menudisplay)
    Motor_Control                            0x00001985   Thumb Code   332  bsp_motor.o(i.Motor_Control)
    Motor_Init                               0x00001ad9   Thumb Code   202  bsp_motor.o(i.Motor_Init)
    Motor_Init_bianmaqi                      0x00001bad   Thumb Code   368  bsp_encoder.o(i.Motor_Init_bianmaqi)
    OLED_Clear                               0x00001d21   Thumb Code    60  oled.o(i.OLED_Clear)
    OLED_Init                                0x00001d5d   Thumb Code   238  oled.o(i.OLED_Init)
    OLED_Set_Pos                             0x00001e4b   Thumb Code    40  oled.o(i.OLED_Set_Pos)
    OLED_ShowBNum                            0x00001e73   Thumb Code   250  oled.o(i.OLED_ShowBNum)
    OLED_ShowBin                             0x00001f6d   Thumb Code    68  oled.o(i.OLED_ShowBin)
    OLED_ShowChar                            0x00001fb1   Thumb Code   138  oled.o(i.OLED_ShowChar)
    OLED_ShowNum                             0x00002045   Thumb Code   128  oled.o(i.OLED_ShowNum)
    OLED_ShowString                          0x000020c5   Thumb Code    60  oled.o(i.OLED_ShowString)
    OLED_WR_Byte                             0x00002101   Thumb Code    58  oled.o(i.OLED_WR_Byte)
    PID_Clear                                0x0000213d   Thumb Code    22  bsp_pid.o(i.PID_Clear)
    PID_param_init                           0x00002159   Thumb Code    46  bsp_pid.o(i.PID_param_init)
    PID_realize                              0x0000218d   Thumb Code    66  bsp_pid.o(i.PID_realize)
    PORT4_IRQHandler                         0x000021d1   Thumb Code   314  bsp_encoder.o(i.PORT4_IRQHandler)
    Reflectance_Init2                        0x00002319   Thumb Code    10  reflectance.o(i.Reflectance_Init2)
    Reflectance_Read2                        0x00002329   Thumb Code    10  reflectance.o(i.Reflectance_Read2)
    Send_Byte                                0x00002339   Thumb Code    50  oled.o(i.Send_Byte)
    Servo_Control2                           0x00002371   Thumb Code    90  bsp_servo.o(i.Servo_Control2)
    Servo_Init                               0x000023d9   Thumb Code    92  bsp_servo.o(i.Servo_Init)
    Servo_Scan2                              0x0000243d   Thumb Code    68  bsp_servo.o(i.Servo_Scan2)
    Set_PWM                                  0x00002485   Thumb Code   164  bsp_motor.o(i.Set_PWM)
    Set_PWM2                                 0x0000252d   Thumb Code   164  bsp_motor.o(i.Set_PWM2)
    SysCtl_A_disableNMISource                0x000025d5   Thumb Code    10  sysctl_a.o(i.SysCtl_A_disableNMISource)
    SysCtl_A_enableNMISource                 0x000025e5   Thumb Code    10  sysctl_a.o(i.SysCtl_A_enableNMISource)
    SysCtl_A_getNMISourceStatus              0x000025f5   Thumb Code    10  sysctl_a.o(i.SysCtl_A_getNMISourceStatus)
    SysCtl_A_getTLVInfo                      0x00002605   Thumb Code    64  sysctl_a.o(i.SysCtl_A_getTLVInfo)
    SysInit1                                 0x0000264d   Thumb Code   146  sysinit.o(i.SysInit1)
    SystemInit                               0x000026ed   Thumb Code    76  system_msp432p401r.o(i.SystemInit)
    T32_INT1_IRQHandler                      0x0000274d   Thumb Code    10  myconfig.o(i.T32_INT1_IRQHandler)
    TA0_0_IRQHandler                         0x00002761   Thumb Code  1938  myconfig.o(i.TA0_0_IRQHandler)
    TA2_N_IRQHandler                         0x00002f21   Thumb Code   158  tima.o(i.TA2_N_IRQHandler)
    TimA0_Int_Init                           0x00002fd1   Thumb Code    78  tima.o(i.TimA0_Int_Init)
    Timer_A_getCaptureCompareCount           0x00003025   Thumb Code    16  timer_a.o(i.Timer_A_getCaptureCompareCount)
    Timer_A_setCompareValue                  0x00003035   Thumb Code    16  timer_a.o(i.Timer_A_setCompareValue)
    UART_enableInterrupt                     0x00003045   Thumb Code    22  uart.o(i.UART_enableInterrupt)
    UART_getEnabledInterruptStatus           0x0000305b   Thumb Code    38  uart.o(i.UART_getEnabledInterruptStatus)
    UART_initModule                          0x00003081   Thumb Code   146  uart.o(i.UART_initModule)
    UART_transmitData                        0x00003113   Thumb Code    22  uart.o(i.UART_transmitData)
    USART_SendCharArr                        0x00003129   Thumb Code    34  usart.o(i.USART_SendCharArr)
    __ARM_fpclassify                         0x000032a9   Thumb Code    48  fpclassify.o(i.__ARM_fpclassify)
    __hardfp_asin                            0x000032d9   Thumb Code   770  asin.o(i.__hardfp_asin)
    __hardfp_atan                            0x00003639   Thumb Code   622  atan.o(i.__hardfp_atan)
    __hardfp_atan2                           0x00003911   Thumb Code   432  atan2.o(i.__hardfp_atan2)
    __hardfp_fabs                            0x00003b01   Thumb Code    20  fabs.o(i.__hardfp_fabs)
    __kernel_poly                            0x00003b15   Thumb Code   248  poly.o(i.__kernel_poly)
    __mathlib_dbl_infnan                     0x00003c0d   Thumb Code    20  dunder.o(i.__mathlib_dbl_infnan)
    __mathlib_dbl_infnan2                    0x00003c21   Thumb Code    20  dunder.o(i.__mathlib_dbl_infnan2)
    __mathlib_dbl_invalid                    0x00003c39   Thumb Code    24  dunder.o(i.__mathlib_dbl_invalid)
    __mathlib_dbl_underflow                  0x00003c59   Thumb Code    24  dunder.o(i.__mathlib_dbl_underflow)
    _is_digit                                0x00003c79   Thumb Code    14  __printf_wp.o(i._is_digit)
    _sys_exit                                0x00003c87   Thumb Code     2  usart.o(i._sys_exit)
    atan                                     0x00003c89   Thumb Code    16  atan.o(i.atan)
    bitPosition                              0x00003c99   Thumb Code    16  baudarte.o(i.bitPosition)
    check_sum                                0x00003ca9   Thumb Code    18  protocol.o(i.check_sum)
    delay_init                               0x00003cf9   Thumb Code    30  delay.o(i.delay_init)
    delay_ms                                 0x00003d21   Thumb Code    24  delay.o(i.delay_ms)
    delay_us                                 0x00003d39   Thumb Code    22  delay.o(i.delay_us)
    dmp_read_fifo                            0x00003d51   Thumb Code   384  inv_mpu_dmp_motion_driver.o(i.dmp_read_fifo)
    eusci_calcBaudDividers                   0x00003ed5   Thumb Code   296  baudarte.o(i.eusci_calcBaudDividers)
    fabs                                     0x0000400d   Thumb Code    24  fabs.o(i.fabs)
    fputc                                    0x00004025   Thumb Code    16  usart.o(i.fputc)
    main                                     0x00004039   Thumb Code  4568  main.o(i.main)
    mget_ms                                  0x00005219   Thumb Code     6  inv_mpu.o(i.mget_ms)
    mpu_dmp_get_data                         0x00005221   Thumb Code   344  inv_mpu.o(i.mpu_dmp_get_data)
    mpu_read_fifo_stream                     0x00005385   Thumb Code   166  inv_mpu.o(i.mpu_read_fifo_stream)
    mpu_reset_fifo                           0x00005431   Thumb Code   360  inv_mpu.o(i.mpu_reset_fifo)
    oled_pow                                 0x0000559d   Thumb Code    16  oled.o(i.oled_pow)
    protocol_data_recv                       0x000055ad   Thumb Code    32  protocol.o(i.protocol_data_recv)
    protocol_init                            0x000055d1   Thumb Code    20  protocol.o(i.protocol_init)
    set_computer_value                       0x00005621   Thumb Code    80  protocol.o(i.set_computer_value)
    set_motor_disable                        0x00005679   Thumb Code     8  bsp_motor.o(i.set_motor_disable)
    set_motor_enable                         0x00005685   Thumb Code     8  bsp_motor.o(i.set_motor_enable)
    set_p_i_d                                0x00005691   Thumb Code    14  bsp_pid.o(i.set_p_i_d)
    set_pid_target                           0x0000569f   Thumb Code     6  bsp_pid.o(i.set_pid_target)
    sqrt                                     0x000056a5   Thumb Code   110  sqrt.o(i.sqrt)
    uart_init                                0x00005715   Thumb Code    82  usart.o(i.uart_init)
    uart_init0                               0x00005775   Thumb Code    82  usart.o(i.uart_init0)
    uart_init2                               0x000057d5   Thumb Code    82  usart.o(i.uart_init2)
    __aeabi_dneg                             0x00005835   Thumb Code     0  basic.o(x$fpl$basic)
    _dneg                                    0x00005835   Thumb Code     6  basic.o(x$fpl$basic)
    __aeabi_fneg                             0x0000583b   Thumb Code     0  basic.o(x$fpl$basic)
    _fneg                                    0x0000583b   Thumb Code     6  basic.o(x$fpl$basic)
    _dabs                                    0x00005841   Thumb Code     6  basic.o(x$fpl$basic)
    _fabs                                    0x00005847   Thumb Code     6  basic.o(x$fpl$basic)
    __aeabi_d2f                              0x0000584d   Thumb Code     0  d2f.o(x$fpl$d2f)
    _d2f                                     0x0000584d   Thumb Code    98  d2f.o(x$fpl$d2f)
    __aeabi_dadd                             0x000058b1   Thumb Code     0  daddsub_clz.o(x$fpl$dadd)
    _dadd                                    0x000058b1   Thumb Code   332  daddsub_clz.o(x$fpl$dadd)
    __fpl_dcmp_Inf                           0x00005a01   Thumb Code    24  dcmpi.o(x$fpl$dcmpinf)
    __aeabi_ddiv                             0x00005a19   Thumb Code     0  ddiv.o(x$fpl$ddiv)
    _ddiv                                    0x00005a19   Thumb Code   552  ddiv.o(x$fpl$ddiv)
    __aeabi_cdcmple                          0x00005cc9   Thumb Code     0  dleqf.o(x$fpl$dleqf)
    _dcmple                                  0x00005cc9   Thumb Code   120  dleqf.o(x$fpl$dleqf)
    __fpl_dcmple_InfNaN                      0x00005d2b   Thumb Code     0  dleqf.o(x$fpl$dleqf)
    __aeabi_dmul                             0x00005d41   Thumb Code     0  dmul.o(x$fpl$dmul)
    _dmul                                    0x00005d41   Thumb Code   332  dmul.o(x$fpl$dmul)
    __fpl_dnaninf                            0x00005e95   Thumb Code   156  dnaninf.o(x$fpl$dnaninf)
    __fpl_dretinf                            0x00005f31   Thumb Code    12  dretinf.o(x$fpl$dretinf)
    __aeabi_cdrcmple                         0x00005f3d   Thumb Code     0  drleqf.o(x$fpl$drleqf)
    _drcmple                                 0x00005f3d   Thumb Code   108  drleqf.o(x$fpl$drleqf)
    __aeabi_drsub                            0x00005fa9   Thumb Code     0  daddsub_clz.o(x$fpl$drsb)
    _drsb                                    0x00005fa9   Thumb Code    22  daddsub_clz.o(x$fpl$drsb)
    _dsqrt                                   0x00005fc1   Thumb Code   404  dsqrt_umaal.o(x$fpl$dsqrt)
    __aeabi_dsub                             0x00006159   Thumb Code     0  daddsub_clz.o(x$fpl$dsub)
    _dsub                                    0x00006159   Thumb Code   464  daddsub_clz.o(x$fpl$dsub)
    __aeabi_f2d                              0x0000632d   Thumb Code     0  f2d.o(x$fpl$f2d)
    _f2d                                     0x0000632d   Thumb Code    86  f2d.o(x$fpl$f2d)
    __fpl_fnaninf                            0x00006383   Thumb Code   140  fnaninf.o(x$fpl$fnaninf)
    _fp_init                                 0x0000640f   Thumb Code    10  fpinit.o(x$fpl$fpinit)
    __fplib_config_fpu_vfp                   0x00006417   Thumb Code     0  fpinit.o(x$fpl$fpinit)
    __fplib_config_pureend_doubles           0x00006417   Thumb Code     0  fpinit.o(x$fpl$fpinit)
    __fpl_fretinf                            0x00006419   Thumb Code    10  fretinf.o(x$fpl$fretinf)
    __I$use$fp                               0x00006422   Number         0  usenofp.o(x$fpl$usenofp)
    asc2_0806                                0x00006422   Data         570  oled.o(.constdata)
    asc2_1608                                0x0000665c   Data        1520  oled.o(.constdata)
    Hzk                                      0x00006c4c   Data         224  oled.o(.constdata)
    reg                                      0x00006da4   Data          27  inv_mpu.o(.constdata)
    hw                                       0x00006dc0   Data          12  inv_mpu.o(.constdata)
    test                                     0x00006dcc   Data          40  inv_mpu.o(.constdata)
    __mathlib_zero                           0x00006ff8   Data           8  qnan.o(.constdata)
    Region$$Table$$Base                      0x00007000   Number         0  anon$$obj.o(Region$$Table)
    Region$$Table$$Limit                     0x00007020   Number         0  anon$$obj.o(Region$$Table)
    Num_Count                                0x20000008   Data           1  myconfig.o(.data)
    Num_Count2                               0x20000009   Data           1  myconfig.o(.data)
    Num_Count3                               0x2000000a   Data           1  myconfig.o(.data)
    Reflectance_Data                         0x20000011   Data           1  myconfig.o(.data)
    Last_Reflectance_Data                    0x20000012   Data           1  myconfig.o(.data)
    Recive_Byte                              0x20000013   Data           1  myconfig.o(.data)
    TempData                                 0x20000014   Data           1  myconfig.o(.data)
    Temp_Angle                               0x20000015   Data           1  myconfig.o(.data)
    Delay10msCnt                             0x20000016   Data           2  myconfig.o(.data)
    PWMtemp1                                 0x20000018   Data           4  myconfig.o(.data)
    PWMtemp2                                 0x2000001c   Data           4  myconfig.o(.data)
    PWMtemp3                                 0x20000020   Data           4  myconfig.o(.data)
    PWMtemp4                                 0x20000024   Data           4  myconfig.o(.data)
    Temp_Num                                 0x20000028   Data           4  myconfig.o(.data)
    Sensor_Num_Temp                          0x2000002c   Data           4  myconfig.o(.data)
    Last_Num                                 0x20000030   Data           4  myconfig.o(.data)
    Motor_enable_Flag                        0x20000034   Data           1  bsp_motor.o(.data)
    TIMA2_CAP_STA                            0x20000036   Data           1  tima.o(.data)
    TIMA2_CAP_VAL                            0x20000038   Data           2  tima.o(.data)
    __stdout                                 0x2000003c   Data           4  usart.o(.data)
    SensorData1                              0x20000080   Data           8  k210.o(.data)
    Flag                                     0x20000090   Data         104  myconfig.o(.bss)
    Encoder                                  0x200000f8   Data          64  bsp_encoder.o(.bss)
    Keys                                     0x20000138   Data          16  key.o(.bss)
    speed_pid                                0x20000158   Data          40  bsp_pid.o(.bss)
    move_pid                                 0x20000180   Data          40  bsp_pid.o(.bss)
    speed_pid2                               0x200001a8   Data          40  bsp_pid.o(.bss)
    move_pid2                                0x200001d0   Data          40  bsp_pid.o(.bss)
    speed_pid3                               0x200001f8   Data          40  bsp_pid.o(.bss)
    move_pid3                                0x20000220   Data          40  bsp_pid.o(.bss)
    speed_pid4                               0x20000248   Data          40  bsp_pid.o(.bss)
    move_pid4                                0x20000270   Data          40  bsp_pid.o(.bss)
    Dir_pid                                  0x20000298   Data          40  bsp_pid.o(.bss)
    Dir_pid2                                 0x200002c0   Data          40  bsp_pid.o(.bss)
    __libspace_start                         0x2000038c   Data          96  libspace.o(.bss)
    __temporary_stack_top$libspace           0x200003ec   Data           0  libspace.o(.bss)



==============================================================================

Memory Map of the image

  Image Entry point : 0x00000145

  Load Region LR_IROM1 (Base: 0x00000000, Size: 0x000070b0, Max: 0x00040000, ABSOLUTE)

    Execution Region ER_IROM1 (Exec base: 0x00000000, Load base: 0x00000000, Size: 0x00007020, Max: 0x00040000, ABSOLUTE)

    Exec Addr    Load Addr    Size         Type   Attr      Idx    E Section Name        Object

    0x00000000   0x00000000   0x00000144   Data   RO         2094    RESET               startup_msp432p401r_uvision.o
    0x00000144   0x00000144   0x00000008   Code   RO         3261  * !!!main             c_w.l(__main.o)
    0x0000014c   0x0000014c   0x00000034   Code   RO         3568    !!!scatter          c_w.l(__scatter.o)
    0x00000180   0x00000180   0x0000001a   Code   RO         3570    !!handler_copy      c_w.l(__scatter_copy.o)
    0x0000019a   0x0000019a   0x00000002   PAD
    0x0000019c   0x0000019c   0x0000001c   Code   RO         3572    !!handler_zi        c_w.l(__scatter_zi.o)
    0x000001b8   0x000001b8   0x00000000   Code   RO         3248    .ARM.Collect$$_printf_percent$$00000000  c_w.l(_printf_percent.o)
    0x000001b8   0x000001b8   0x00000006   Code   RO         3246    .ARM.Collect$$_printf_percent$$0000000C  c_w.l(_printf_x.o)
    0x000001be   0x000001be   0x00000004   Code   RO         3330    .ARM.Collect$$_printf_percent$$00000017  c_w.l(_printf_percent_end.o)
    0x000001c2   0x000001c2   0x00000002   Code   RO         3441    .ARM.Collect$$libinit$$00000000  c_w.l(libinit.o)
    0x000001c4   0x000001c4   0x00000004   Code   RO         3448    .ARM.Collect$$libinit$$00000001  c_w.l(libinit2.o)
    0x000001c8   0x000001c8   0x00000000   Code   RO         3451    .ARM.Collect$$libinit$$00000004  c_w.l(libinit2.o)
    0x000001c8   0x000001c8   0x00000000   Code   RO         3454    .ARM.Collect$$libinit$$0000000A  c_w.l(libinit2.o)
    0x000001c8   0x000001c8   0x00000000   Code   RO         3456    .ARM.Collect$$libinit$$0000000C  c_w.l(libinit2.o)
    0x000001c8   0x000001c8   0x00000000   Code   RO         3458    .ARM.Collect$$libinit$$0000000E  c_w.l(libinit2.o)
    0x000001c8   0x000001c8   0x00000000   Code   RO         3461    .ARM.Collect$$libinit$$00000011  c_w.l(libinit2.o)
    0x000001c8   0x000001c8   0x00000000   Code   RO         3463    .ARM.Collect$$libinit$$00000013  c_w.l(libinit2.o)
    0x000001c8   0x000001c8   0x00000000   Code   RO         3465    .ARM.Collect$$libinit$$00000015  c_w.l(libinit2.o)
    0x000001c8   0x000001c8   0x00000000   Code   RO         3467    .ARM.Collect$$libinit$$00000017  c_w.l(libinit2.o)
    0x000001c8   0x000001c8   0x00000000   Code   RO         3469    .ARM.Collect$$libinit$$00000019  c_w.l(libinit2.o)
    0x000001c8   0x000001c8   0x00000000   Code   RO         3471    .ARM.Collect$$libinit$$0000001B  c_w.l(libinit2.o)
    0x000001c8   0x000001c8   0x00000000   Code   RO         3473    .ARM.Collect$$libinit$$0000001D  c_w.l(libinit2.o)
    0x000001c8   0x000001c8   0x00000000   Code   RO         3475    .ARM.Collect$$libinit$$0000001F  c_w.l(libinit2.o)
    0x000001c8   0x000001c8   0x00000000   Code   RO         3477    .ARM.Collect$$libinit$$00000021  c_w.l(libinit2.o)
    0x000001c8   0x000001c8   0x00000000   Code   RO         3479    .ARM.Collect$$libinit$$00000023  c_w.l(libinit2.o)
    0x000001c8   0x000001c8   0x00000000   Code   RO         3481    .ARM.Collect$$libinit$$00000025  c_w.l(libinit2.o)
    0x000001c8   0x000001c8   0x00000000   Code   RO         3485    .ARM.Collect$$libinit$$0000002C  c_w.l(libinit2.o)
    0x000001c8   0x000001c8   0x00000000   Code   RO         3487    .ARM.Collect$$libinit$$0000002E  c_w.l(libinit2.o)
    0x000001c8   0x000001c8   0x00000000   Code   RO         3489    .ARM.Collect$$libinit$$00000030  c_w.l(libinit2.o)
    0x000001c8   0x000001c8   0x00000000   Code   RO         3491    .ARM.Collect$$libinit$$00000032  c_w.l(libinit2.o)
    0x000001c8   0x000001c8   0x00000002   Code   RO         3492    .ARM.Collect$$libinit$$00000033  c_w.l(libinit2.o)
    0x000001ca   0x000001ca   0x00000002   Code   RO         3520    .ARM.Collect$$libshutdown$$00000000  c_w.l(libshutdown.o)
    0x000001cc   0x000001cc   0x00000000   Code   RO         3534    .ARM.Collect$$libshutdown$$00000002  c_w.l(libshutdown2.o)
    0x000001cc   0x000001cc   0x00000000   Code   RO         3536    .ARM.Collect$$libshutdown$$00000004  c_w.l(libshutdown2.o)
    0x000001cc   0x000001cc   0x00000000   Code   RO         3539    .ARM.Collect$$libshutdown$$00000007  c_w.l(libshutdown2.o)
    0x000001cc   0x000001cc   0x00000000   Code   RO         3542    .ARM.Collect$$libshutdown$$0000000A  c_w.l(libshutdown2.o)
    0x000001cc   0x000001cc   0x00000000   Code   RO         3544    .ARM.Collect$$libshutdown$$0000000C  c_w.l(libshutdown2.o)
    0x000001cc   0x000001cc   0x00000000   Code   RO         3547    .ARM.Collect$$libshutdown$$0000000F  c_w.l(libshutdown2.o)
    0x000001cc   0x000001cc   0x00000002   Code   RO         3548    .ARM.Collect$$libshutdown$$00000010  c_w.l(libshutdown2.o)
    0x000001ce   0x000001ce   0x00000000   Code   RO         3321    .ARM.Collect$$rtentry$$00000000  c_w.l(__rtentry.o)
    0x000001ce   0x000001ce   0x00000000   Code   RO         3392    .ARM.Collect$$rtentry$$00000002  c_w.l(__rtentry2.o)
    0x000001ce   0x000001ce   0x00000006   Code   RO         3404    .ARM.Collect$$rtentry$$00000004  c_w.l(__rtentry4.o)
    0x000001d4   0x000001d4   0x00000000   Code   RO         3394    .ARM.Collect$$rtentry$$00000009  c_w.l(__rtentry2.o)
    0x000001d4   0x000001d4   0x00000004   Code   RO         3395    .ARM.Collect$$rtentry$$0000000A  c_w.l(__rtentry2.o)
    0x000001d8   0x000001d8   0x00000000   Code   RO         3397    .ARM.Collect$$rtentry$$0000000C  c_w.l(__rtentry2.o)
    0x000001d8   0x000001d8   0x00000008   Code   RO         3398    .ARM.Collect$$rtentry$$0000000D  c_w.l(__rtentry2.o)
    0x000001e0   0x000001e0   0x00000002   Code   RO         3442    .ARM.Collect$$rtexit$$00000000  c_w.l(rtexit.o)
    0x000001e2   0x000001e2   0x00000000   Code   RO         3494    .ARM.Collect$$rtexit$$00000002  c_w.l(rtexit2.o)
    0x000001e2   0x000001e2   0x00000004   Code   RO         3495    .ARM.Collect$$rtexit$$00000003  c_w.l(rtexit2.o)
    0x000001e6   0x000001e6   0x00000006   Code   RO         3496    .ARM.Collect$$rtexit$$00000004  c_w.l(rtexit2.o)
    0x000001ec   0x000001ec   0x00000026   Code   RO         3038    .emb_text           msp432p4xx_driverlib.lib(cpu.o)
    0x00000212   0x00000212   0x00000002   PAD
    0x00000214   0x00000214   0x0000003c   Code   RO         2095    .text               startup_msp432p401r_uvision.o
    0x00000250   0x00000250   0x00000002   Code   RO         3191    .text               c_w.l(use_no_semi_2.o)
    0x00000252   0x00000252   0x00000002   PAD
    0x00000254   0x00000254   0x00000018   Code   RO         3197    .text               c_w.l(noretval__2printf.o)
    0x0000026c   0x0000026c   0x00000058   Code   RO         3208    .text               c_w.l(_printf_hex_int.o)
    0x000002c4   0x000002c4   0x00000138   Code   RO         3238    .text               c_w.l(__printf_flags_wp.o)
    0x000003fc   0x000003fc   0x0000008a   Code   RO         3251    .text               c_w.l(rt_memcpy_v6.o)
    0x00000486   0x00000486   0x00000064   Code   RO         3253    .text               c_w.l(rt_memcpy_w.o)
    0x000004ea   0x000004ea   0x00000006   Code   RO         3259    .text               c_w.l(heapauxi.o)
    0x000004f0   0x000004f0   0x00000002   Code   RO         3319    .text               c_w.l(use_no_semi.o)
    0x000004f2   0x000004f2   0x00000016   Code   RO         3324    .text               c_w.l(_rserrno.o)
    0x00000508   0x00000508   0x000000b2   Code   RO         3326    .text               c_w.l(_printf_intcommon.o)
    0x000005ba   0x000005ba   0x00000002   PAD
    0x000005bc   0x000005bc   0x00000024   Code   RO         3328    .text               c_w.l(_printf_char_file.o)
    0x000005e0   0x000005e0   0x00000008   Code   RO         3413    .text               c_w.l(rt_errno_addr_intlibspace.o)
    0x000005e8   0x000005e8   0x00000030   Code   RO         3415    .text               c_w.l(_printf_char_common.o)
    0x00000618   0x00000618   0x00000008   Code   RO         3417    .text               c_w.l(ferror.o)
    0x00000620   0x00000620   0x00000008   Code   RO         3425    .text               c_w.l(libspace.o)
    0x00000628   0x00000628   0x0000004a   Code   RO         3428    .text               c_w.l(sys_stackheap_outer.o)
    0x00000672   0x00000672   0x00000012   Code   RO         3434    .text               c_w.l(exit.o)
    0x00000684   0x00000684   0x00000024   Code   RO         2154    i.CS_clearInterruptFlag  msp432p4xx_driverlib.lib(cs.o)
    0x000006a8   0x000006a8   0x00000018   Code   RO         2163    i.CS_getACLK        msp432p4xx_driverlib.lib(cs.o)
    0x000006c0   0x000006c0   0x0000010c   Code   RO         2165    i.CS_getDCOFrequency  msp432p4xx_driverlib.lib(cs.o)
    0x000007cc   0x000007cc   0x00000018   Code   RO         2169    i.CS_getMCLK        msp432p4xx_driverlib.lib(cs.o)
    0x000007e4   0x000007e4   0x00000018   Code   RO         2170    i.CS_getSMCLK       msp432p4xx_driverlib.lib(cs.o)
    0x000007fc   0x000007fc   0x0000000c   Code   RO         2177    i.CS_setExternalClockSourceFrequency  msp432p4xx_driverlib.lib(cs.o)
    0x00000808   0x00000808   0x00000006   Code   RO         2180    i.CS_startHFXT      msp432p4xx_driverlib.lib(cs.o)
    0x0000080e   0x0000080e   0x00000002   PAD
    0x00000810   0x00000810   0x000000a0   Code   RO         2181    i.CS_startHFXTWithTimeout  msp432p4xx_driverlib.lib(cs.o)
    0x000008b0   0x000008b0   0x00000006   Code   RO         2182    i.CS_startLFXT      msp432p4xx_driverlib.lib(cs.o)
    0x000008b6   0x000008b6   0x00000002   PAD
    0x000008b8   0x000008b8   0x000000a0   Code   RO         2183    i.CS_startLFXTWithTimeout  msp432p4xx_driverlib.lib(cs.o)
    0x00000958   0x00000958   0x00000080   Code   RO         1990    i.CTRL_compute_Direction  control.o
    0x000009d8   0x000009d8   0x00000150   Code   RO         1991    i.CTRL_compute_Position  control.o
    0x00000b28   0x00000b28   0x000000d0   Code   RO         1993    i.CTRL_compute_Speed  control.o
    0x00000bf8   0x00000bf8   0x00000080   Code   RO         1994    i.Car_Go            control.o
    0x00000c78   0x00000c78   0x000000cc   Code   RO         1996    i.Car_Spin          control.o
    0x00000d44   0x00000d44   0x0000002c   Code   RO          249    i.EUSCIA0_IRQHandler  myconfig.o
    0x00000d70   0x00000d70   0x0000002c   Code   RO          250    i.EUSCIA2_IRQHandler  myconfig.o
    0x00000d9c   0x00000d9c   0x00000034   Code   RO          251    i.EUSCIA3_IRQHandler  myconfig.o
    0x00000dd0   0x00000dd0   0x00000084   Code   RO          314    i.Encoder_Scan      bsp_encoder.o
    0x00000e54   0x00000e54   0x00000014   Code   RO         2425    i.GPIO_getInputPinValue  msp432p4xx_driverlib.lib(gpio.o)
    0x00000e68   0x00000e68   0x00000024   Code   RO         2429    i.GPIO_setAsInputPin  msp432p4xx_driverlib.lib(gpio.o)
    0x00000e8c   0x00000e8c   0x00000020   Code   RO         2432    i.GPIO_setAsOutputPin  msp432p4xx_driverlib.lib(gpio.o)
    0x00000eac   0x00000eac   0x00000014   Code   RO         2437    i.GPIO_setOutputHighOnPin  msp432p4xx_driverlib.lib(gpio.o)
    0x00000ec0   0x00000ec0   0x00000014   Code   RO         2438    i.GPIO_setOutputLowOnPin  msp432p4xx_driverlib.lib(gpio.o)
    0x00000ed4   0x00000ed4   0x000000a8   Code   RO         2067    i.Get_Data_To_Array  k210.o
    0x00000f7c   0x00000f7c   0x00000010   Code   RO          601    i.I2C_SW_Configuration  oled.o
    0x00000f8c   0x00000f8c   0x00000014   Code   RO          602    i.I2C_Start         oled.o
    0x00000fa0   0x00000fa0   0x00000014   Code   RO          603    i.I2C_Stop          oled.o
    0x00000fb4   0x00000fb4   0x00000014   Code   RO          604    i.I2C_WaitAck       oled.o
    0x00000fc8   0x00000fc8   0x0000003a   Code   RO         1121    i.IIC_Ack           iic.o
    0x00001002   0x00001002   0x00000026   Code   RO         1122    i.IIC_Init          iic.o
    0x00001028   0x00001028   0x0000003a   Code   RO         1123    i.IIC_NAck          iic.o
    0x00001062   0x00001062   0x00000056   Code   RO         1124    i.IIC_Read_Byte     iic.o
    0x000010b8   0x000010b8   0x00000070   Code   RO         1125    i.IIC_Send_Byte     iic.o
    0x00001128   0x00001128   0x0000003a   Code   RO         1126    i.IIC_Start         iic.o
    0x00001162   0x00001162   0x0000003a   Code   RO         1127    i.IIC_Stop          iic.o
    0x0000119c   0x0000119c   0x0000004c   Code   RO         1128    i.IIC_Wait_Ack      iic.o
    0x000011e8   0x000011e8   0x0000005c   Code   RO         2568    i.Interrupt_enableInterrupt  msp432p4xx_driverlib.lib(interrupt.o)
    0x00001244   0x00001244   0x0000000e   Code   RO         2569    i.Interrupt_enableMaster  msp432p4xx_driverlib.lib(interrupt.o)
    0x00001252   0x00001252   0x00000002   PAD
    0x00001254   0x00001254   0x00000010   Code   RO          357    i.KEY_Init          key.o
    0x00001264   0x00001264   0x000000c0   Code   RO          360    i.Key_Scan2         key.o
    0x00001324   0x00001324   0x0000000c   Code   RO          406    i.LED_B_Off         led.o
    0x00001330   0x00001330   0x0000000c   Code   RO          407    i.LED_B_On          led.o
    0x0000133c   0x0000133c   0x0000000c   Code   RO          410    i.LED_G_Off         led.o
    0x00001348   0x00001348   0x0000000c   Code   RO          411    i.LED_G_On          led.o
    0x00001354   0x00001354   0x00000030   Code   RO          413    i.LED_Init          led.o
    0x00001384   0x00001384   0x0000000c   Code   RO          415    i.LED_RED_Off       led.o
    0x00001390   0x00001390   0x0000000c   Code   RO          418    i.LED_R_Off         led.o
    0x0000139c   0x0000139c   0x00000044   Code   RO         1188    i.MPU_Get_Gyroscope  bsp_mpu6050.o
    0x000013e0   0x000013e0   0x00000096   Code   RO         1190    i.MPU_Init          bsp_mpu6050.o
    0x00001476   0x00001476   0x0000003a   Code   RO         1191    i.MPU_Read_Byte     bsp_mpu6050.o
    0x000014b0   0x000014b0   0x00000062   Code   RO         1192    i.MPU_Read_Len      bsp_mpu6050.o
    0x00001512   0x00001512   0x0000000a   Code   RO         1193    i.MPU_Set_Accel_Fsr  bsp_mpu6050.o
    0x0000151c   0x0000151c   0x0000000a   Code   RO         1194    i.MPU_Set_Gyro_Fsr  bsp_mpu6050.o
    0x00001526   0x00001526   0x00000030   Code   RO         1195    i.MPU_Set_LPF       bsp_mpu6050.o
    0x00001556   0x00001556   0x0000002c   Code   RO         1196    i.MPU_Set_Rate      bsp_mpu6050.o
    0x00001582   0x00001582   0x0000004a   Code   RO         1197    i.MPU_Write_Byte    bsp_mpu6050.o
    0x000015cc   0x000015cc   0x0000005a   Code   RO         1198    i.MPU_Write_Len     bsp_mpu6050.o
    0x00001626   0x00001626   0x00000002   PAD
    0x00001628   0x00001628   0x0000035c   Code   RO            4    i.Menudisplay       main.o
    0x00001984   0x00001984   0x00000154   Code   RO          538    i.Motor_Control     bsp_motor.o
    0x00001ad8   0x00001ad8   0x000000d4   Code   RO          540    i.Motor_Init        bsp_motor.o
    0x00001bac   0x00001bac   0x00000174   Code   RO          315    i.Motor_Init_bianmaqi  bsp_encoder.o
    0x00001d20   0x00001d20   0x0000003c   Code   RO          605    i.OLED_Clear        oled.o
    0x00001d5c   0x00001d5c   0x000000ee   Code   RO          611    i.OLED_Init         oled.o
    0x00001e4a   0x00001e4a   0x00000028   Code   RO          612    i.OLED_Set_Pos      oled.o
    0x00001e72   0x00001e72   0x000000fa   Code   RO          613    i.OLED_ShowBNum     oled.o
    0x00001f6c   0x00001f6c   0x00000044   Code   RO          614    i.OLED_ShowBin      oled.o
    0x00001fb0   0x00001fb0   0x00000094   Code   RO          615    i.OLED_ShowChar     oled.o
    0x00002044   0x00002044   0x00000080   Code   RO          617    i.OLED_ShowNum      oled.o
    0x000020c4   0x000020c4   0x0000003c   Code   RO          618    i.OLED_ShowString   oled.o
    0x00002100   0x00002100   0x0000003a   Code   RO          620    i.OLED_WR_Byte      oled.o
    0x0000213a   0x0000213a   0x00000002   PAD
    0x0000213c   0x0000213c   0x0000001c   Code   RO         1821    i.PID_Clear         bsp_pid.o
    0x00002158   0x00002158   0x00000034   Code   RO         1822    i.PID_param_init    bsp_pid.o
    0x0000218c   0x0000218c   0x00000042   Code   RO         1823    i.PID_realize       bsp_pid.o
    0x000021ce   0x000021ce   0x00000002   PAD
    0x000021d0   0x000021d0   0x00000148   Code   RO          316    i.PORT4_IRQHandler  bsp_encoder.o
    0x00002318   0x00002318   0x00000010   Code   RO          760    i.Reflectance_Init2  reflectance.o
    0x00002328   0x00002328   0x00000010   Code   RO          763    i.Reflectance_Read2  reflectance.o
    0x00002338   0x00002338   0x00000038   Code   RO          621    i.Send_Byte         oled.o
    0x00002370   0x00002370   0x00000068   Code   RO          826    i.Servo_Control2    bsp_servo.o
    0x000023d8   0x000023d8   0x00000064   Code   RO          827    i.Servo_Init        bsp_servo.o
    0x0000243c   0x0000243c   0x00000048   Code   RO          829    i.Servo_Scan2       bsp_servo.o
    0x00002484   0x00002484   0x000000a8   Code   RO          541    i.Set_PWM           bsp_motor.o
    0x0000252c   0x0000252c   0x000000a8   Code   RO          542    i.Set_PWM2          bsp_motor.o
    0x000025d4   0x000025d4   0x00000010   Code   RO         3061    i.SysCtl_A_disableNMISource  msp432p4xx_driverlib.lib(sysctl_a.o)
    0x000025e4   0x000025e4   0x00000010   Code   RO         3066    i.SysCtl_A_enableNMISource  msp432p4xx_driverlib.lib(sysctl_a.o)
    0x000025f4   0x000025f4   0x00000010   Code   RO         3072    i.SysCtl_A_getNMISourceStatus  msp432p4xx_driverlib.lib(sysctl_a.o)
    0x00002604   0x00002604   0x00000048   Code   RO         3074    i.SysCtl_A_getTLVInfo  msp432p4xx_driverlib.lib(sysctl_a.o)
    0x0000264c   0x0000264c   0x000000a0   Code   RO         1054    i.SysInit1          sysinit.o
    0x000026ec   0x000026ec   0x00000060   Code   RO         2103    i.SystemInit        system_msp432p401r.o
    0x0000274c   0x0000274c   0x00000014   Code   RO          252    i.T32_INT1_IRQHandler  myconfig.o
    0x00002760   0x00002760   0x000007c0   Code   RO          253    i.TA0_0_IRQHandler  myconfig.o
    0x00002f20   0x00002f20   0x000000b0   Code   RO          904    i.TA2_N_IRQHandler  tima.o
    0x00002fd0   0x00002fd0   0x00000054   Code   RO          905    i.TimA0_Int_Init    tima.o
    0x00003024   0x00003024   0x00000010   Code   RO         2718    i.Timer_A_getCaptureCompareCount  msp432p4xx_driverlib.lib(timer_a.o)
    0x00003034   0x00003034   0x00000010   Code   RO         2729    i.Timer_A_setCompareValue  msp432p4xx_driverlib.lib(timer_a.o)
    0x00003044   0x00003044   0x00000016   Code   RO         2897    i.UART_enableInterrupt  msp432p4xx_driverlib.lib(uart.o)
    0x0000305a   0x0000305a   0x00000026   Code   RO         2899    i.UART_getEnabledInterruptStatus  msp432p4xx_driverlib.lib(uart.o)
    0x00003080   0x00003080   0x00000092   Code   RO         2903    i.UART_initModule   msp432p4xx_driverlib.lib(uart.o)
    0x00003112   0x00003112   0x00000016   Code   RO         2912    i.UART_transmitData  msp432p4xx_driverlib.lib(uart.o)
    0x00003128   0x00003128   0x00000028   Code   RO          954    i.USART_SendCharArr  usart.o
    0x00003150   0x00003150   0x000000c0   Code   RO         2186    i._CSComputeCLKFrequency  msp432p4xx_driverlib.lib(cs.o)
    0x00003210   0x00003210   0x00000098   Code   RO         2187    i._CSGetHFXTFrequency  msp432p4xx_driverlib.lib(cs.o)
    0x000032a8   0x000032a8   0x00000030   Code   RO         3374    i.__ARM_fpclassify  m_wm.l(fpclassify.o)
    0x000032d8   0x000032d8   0x00000360   Code   RO         3287    i.__hardfp_asin     m_wm.l(asin.o)
    0x00003638   0x00003638   0x000002d8   Code   RO         3346    i.__hardfp_atan     m_wm.l(atan.o)
    0x00003910   0x00003910   0x000001f0   Code   RO         3301    i.__hardfp_atan2    m_wm.l(atan2.o)
    0x00003b00   0x00003b00   0x00000014   Code   RO         3313    i.__hardfp_fabs     m_wm.l(fabs.o)
    0x00003b14   0x00003b14   0x000000f8   Code   RO         3376    i.__kernel_poly     m_wm.l(poly.o)
    0x00003c0c   0x00003c0c   0x00000014   Code   RO         3361    i.__mathlib_dbl_infnan  m_wm.l(dunder.o)
    0x00003c20   0x00003c20   0x00000014   Code   RO         3362    i.__mathlib_dbl_infnan2  m_wm.l(dunder.o)
    0x00003c34   0x00003c34   0x00000004   PAD
    0x00003c38   0x00003c38   0x00000020   Code   RO         3363    i.__mathlib_dbl_invalid  m_wm.l(dunder.o)
    0x00003c58   0x00003c58   0x00000020   Code   RO         3366    i.__mathlib_dbl_underflow  m_wm.l(dunder.o)
    0x00003c78   0x00003c78   0x0000000e   Code   RO         3236    i._is_digit         c_w.l(__printf_wp.o)
    0x00003c86   0x00003c86   0x00000002   Code   RO          955    i._sys_exit         usart.o
    0x00003c88   0x00003c88   0x00000010   Code   RO         3348    i.atan              m_wm.l(atan.o)
    0x00003c98   0x00003c98   0x00000010   Code   RO         1024    i.bitPosition       baudarte.o
    0x00003ca8   0x00003ca8   0x00000012   Code   RO         1896    i.check_sum         protocol.o
    0x00003cba   0x00003cba   0x00000002   PAD
    0x00003cbc   0x00003cbc   0x0000003c   Code   RO         1277    i.decode_gesture    inv_mpu_dmp_motion_driver.o
    0x00003cf8   0x00003cf8   0x00000028   Code   RO         1078    i.delay_init        delay.o
    0x00003d20   0x00003d20   0x00000018   Code   RO         1079    i.delay_ms          delay.o
    0x00003d38   0x00003d38   0x00000016   Code   RO         1080    i.delay_us          delay.o
    0x00003d4e   0x00003d4e   0x00000002   PAD
    0x00003d50   0x00003d50   0x00000184   Code   RO         1287    i.dmp_read_fifo     inv_mpu_dmp_motion_driver.o
    0x00003ed4   0x00003ed4   0x00000138   Code   RO         1025    i.eusci_calcBaudDividers  baudarte.o
    0x0000400c   0x0000400c   0x00000018   Code   RO         3315    i.fabs              m_wm.l(fabs.o)
    0x00004024   0x00004024   0x00000014   Code   RO          956    i.fputc             usart.o
    0x00004038   0x00004038   0x000011e0   Code   RO            6    i.main              main.o
    0x00005218   0x00005218   0x00000006   Code   RO         1487    i.mget_ms           inv_mpu.o
    0x0000521e   0x0000521e   0x00000002   PAD
    0x00005220   0x00005220   0x00000164   Code   RO         1489    i.mpu_dmp_get_data  inv_mpu.o
    0x00005384   0x00005384   0x000000ac   Code   RO         1512    i.mpu_read_fifo_stream  inv_mpu.o
    0x00005430   0x00005430   0x0000016c   Code   RO         1516    i.mpu_reset_fifo    inv_mpu.o
    0x0000559c   0x0000559c   0x00000010   Code   RO          622    i.oled_pow          oled.o
    0x000055ac   0x000055ac   0x00000024   Code   RO         1900    i.protocol_data_recv  protocol.o
    0x000055d0   0x000055d0   0x00000018   Code   RO         1902    i.protocol_init     protocol.o
    0x000055e8   0x000055e8   0x00000038   Code   RO         1906    i.recvbuf_put_data  protocol.o
    0x00005620   0x00005620   0x00000058   Code   RO         1907    i.set_computer_value  protocol.o
    0x00005678   0x00005678   0x0000000c   Code   RO          543    i.set_motor_disable  bsp_motor.o
    0x00005684   0x00005684   0x0000000c   Code   RO          544    i.set_motor_enable  bsp_motor.o
    0x00005690   0x00005690   0x0000000e   Code   RO         1825    i.set_p_i_d         bsp_pid.o
    0x0000569e   0x0000569e   0x00000006   Code   RO         1826    i.set_pid_target    bsp_pid.o
    0x000056a4   0x000056a4   0x0000006e   Code   RO         3381    i.sqrt              m_wm.l(sqrt.o)
    0x00005712   0x00005712   0x00000002   PAD
    0x00005714   0x00005714   0x00000060   Code   RO          957    i.uart_init         usart.o
    0x00005774   0x00005774   0x00000060   Code   RO          958    i.uart_init0        usart.o
    0x000057d4   0x000057d4   0x00000060   Code   RO          959    i.uart_init2        usart.o
    0x00005834   0x00005834   0x00000018   Code   RO         3333    x$fpl$basic         fz_wm.l(basic.o)
    0x0000584c   0x0000584c   0x00000062   Code   RO         3263    x$fpl$d2f           fz_wm.l(d2f.o)
    0x000058ae   0x000058ae   0x00000002   PAD
    0x000058b0   0x000058b0   0x00000150   Code   RO         3265    x$fpl$dadd          fz_wm.l(daddsub_clz.o)
    0x00005a00   0x00005a00   0x00000018   Code   RO         3421    x$fpl$dcmpinf       fz_wm.l(dcmpi.o)
    0x00005a18   0x00005a18   0x000002b0   Code   RO         3272    x$fpl$ddiv          fz_wm.l(ddiv.o)
    0x00005cc8   0x00005cc8   0x00000078   Code   RO         3335    x$fpl$dleqf         fz_wm.l(dleqf.o)
    0x00005d40   0x00005d40   0x00000154   Code   RO         3281    x$fpl$dmul          fz_wm.l(dmul.o)
    0x00005e94   0x00005e94   0x0000009c   Code   RO         3337    x$fpl$dnaninf       fz_wm.l(dnaninf.o)
    0x00005f30   0x00005f30   0x0000000c   Code   RO         3339    x$fpl$dretinf       fz_wm.l(dretinf.o)
    0x00005f3c   0x00005f3c   0x0000006c   Code   RO         3283    x$fpl$drleqf        fz_wm.l(drleqf.o)
    0x00005fa8   0x00005fa8   0x00000016   Code   RO         3266    x$fpl$drsb          fz_wm.l(daddsub_clz.o)
    0x00005fbe   0x00005fbe   0x00000002   PAD
    0x00005fc0   0x00005fc0   0x00000198   Code   RO         3423    x$fpl$dsqrt         fz_wm.l(dsqrt_umaal.o)
    0x00006158   0x00006158   0x000001d4   Code   RO         3267    x$fpl$dsub          fz_wm.l(daddsub_clz.o)
    0x0000632c   0x0000632c   0x00000056   Code   RO         3285    x$fpl$f2d           fz_wm.l(f2d.o)
    0x00006382   0x00006382   0x0000008c   Code   RO         3341    x$fpl$fnaninf       fz_wm.l(fnaninf.o)
    0x0000640e   0x0000640e   0x0000000a   Code   RO         3508    x$fpl$fpinit        fz_wm.l(fpinit.o)
    0x00006418   0x00006418   0x0000000a   Code   RO         3343    x$fpl$fretinf       fz_wm.l(fretinf.o)
    0x00006422   0x00006422   0x00000000   Code   RO         3345    x$fpl$usenofp       fz_wm.l(usenofp.o)
    0x00006422   0x00006422   0x0000090a   Data   RO          623    .constdata          oled.o
    0x00006d2c   0x00006d2c   0x00000078   Data   RO          960    .constdata          usart.o
    0x00006da4   0x00006da4   0x0000001b   Data   RO         1533    .constdata          inv_mpu.o
    0x00006dbf   0x00006dbf   0x00000001   PAD
    0x00006dc0   0x00006dc0   0x0000000c   Data   RO         1534    .constdata          inv_mpu.o
    0x00006dcc   0x00006dcc   0x00000028   Data   RO         1535    .constdata          inv_mpu.o
    0x00006df4   0x00006df4   0x0000004c   Data   RO         2441    .constdata          msp432p4xx_driverlib.lib(gpio.o)
    0x00006e40   0x00006e40   0x00000090   Data   RO         2584    .constdata          msp432p4xx_driverlib.lib(interrupt.o)
    0x00006ed0   0x00006ed0   0x00000028   Data   RO         3209    .constdata          c_w.l(_printf_hex_int.o)
    0x00006ef8   0x00006ef8   0x00000011   Data   RO         3239    .constdata          c_w.l(__printf_flags_wp.o)
    0x00006f09   0x00006f09   0x00000007   PAD
    0x00006f10   0x00006f10   0x00000050   Data   RO         3290    .constdata          m_wm.l(asin.o)
    0x00006f60   0x00006f60   0x00000098   Data   RO         3349    .constdata          m_wm.l(atan.o)
    0x00006ff8   0x00006ff8   0x00000008   Data   RO         3378    .constdata          m_wm.l(qnan.o)
    0x00007000   0x00007000   0x00000020   Data   RO         3566    Region$$Table       anon$$obj.o


    Execution Region RW_IRAM1 (Exec base: 0x20000000, Load base: 0x00007020, Size: 0x000005f0, Max: 0x00010000, ABSOLUTE)

    Exec Addr    Load Addr    Size         Type   Attr      Idx    E Section Name        Object

    0x20000000   0x00007020   0x00000006   Data   RW            7    .data               main.o
    0x20000006   0x00007026   0x00000002   PAD
    0x20000008   0x00007028   0x0000002c   Data   RW          255    .data               myconfig.o
    0x20000034   0x00007054   0x00000001   Data   RW          545    .data               bsp_motor.o
    0x20000035   0x00007055   0x00000001   Data   RW          830    .data               bsp_servo.o
    0x20000036   0x00007056   0x00000004   Data   RW          909    .data               tima.o
    0x2000003a   0x0000705a   0x00000002   PAD
    0x2000003c   0x0000705c   0x00000004   Data   RW          961    .data               usart.o
    0x20000040   0x00007060   0x00000001   Data   RW         1081    .data               delay.o
    0x20000041   0x00007061   0x00000003   PAD
    0x20000044   0x00007064   0x00000035   Data   RW         1537    .data               inv_mpu.o
    0x20000079   0x00007099   0x00000003   PAD
    0x2000007c   0x0000709c   0x0000000c   Data   RW         2069    .data               k210.o
    0x20000088   0x000070a8   0x00000008   Data   RW         2188    .data               msp432p4xx_driverlib.lib(cs.o)
    0x20000090        -       0x00000068   Zero   RW          254    .bss                myconfig.o
    0x200000f8        -       0x00000040   Zero   RW          317    .bss                bsp_encoder.o
    0x20000138        -       0x00000010   Zero   RW          361    .bss                key.o
    0x20000148        -       0x00000010   Zero   RW         1305    .bss                inv_mpu_dmp_motion_driver.o
    0x20000158        -       0x00000028   Zero   RW         1827    .bss                bsp_pid.o
    0x20000180        -       0x00000028   Zero   RW         1828    .bss                bsp_pid.o
    0x200001a8        -       0x00000028   Zero   RW         1829    .bss                bsp_pid.o
    0x200001d0        -       0x00000028   Zero   RW         1830    .bss                bsp_pid.o
    0x200001f8        -       0x00000028   Zero   RW         1831    .bss                bsp_pid.o
    0x20000220        -       0x00000028   Zero   RW         1832    .bss                bsp_pid.o
    0x20000248        -       0x00000028   Zero   RW         1833    .bss                bsp_pid.o
    0x20000270        -       0x00000028   Zero   RW         1834    .bss                bsp_pid.o
    0x20000298        -       0x00000028   Zero   RW         1835    .bss                bsp_pid.o
    0x200002c0        -       0x00000028   Zero   RW         1836    .bss                bsp_pid.o
    0x200002e8        -       0x00000098   Zero   RW         1908    .bss                protocol.o
    0x20000380        -       0x0000000c   Zero   RW         2068    .bss                k210.o
    0x2000038c        -       0x00000060   Zero   RW         3426    .bss                c_w.l(libspace.o)
    0x200003ec   0x000070b0   0x00000004   PAD
    0x200003f0        -       0x00000000   Zero   RW         2093    HEAP                startup_msp432p401r_uvision.o
    0x200003f0        -       0x00000200   Zero   RW         2092    STACK               startup_msp432p401r_uvision.o



  Load Region LR_IROM2 (Base: 0x00200000, Size: 0x00000000, Max: 0x00004000, ABSOLUTE)

    Execution Region ER_IROM2 (Exec base: 0x00200000, Load base: 0x00200000, Size: 0x00000000, Max: 0x00004000, ABSOLUTE)

    **** No section assigned to this execution region ****


==============================================================================

Image component sizes


      Code (inc. data)   RO Data    RW Data    ZI Data      Debug   Object Name

       328         16          0          0          0       2307   baudarte.o
       832         36          0          0         64       4353   bsp_encoder.o
       912        134          0          1          0       4877   bsp_motor.o
       650          0          0          0          0       7659   bsp_mpu6050.o
       166         12          0          0        400       4858   bsp_pid.o
       276         26          0          1          0       2076   bsp_servo.o
      1004        170          0          0          0       3526   control.o
        86         10          0          1          0       1871   delay.o
       544          0          0          0          0       4838   iic.o
       898         22         79         53          0       8399   inv_mpu.o
       448          8          0          0         16       7812   inv_mpu_dmp_motion_driver.o
       168         20          0         12         12       1182   k210.o
       208         12          0          0         16       2782   key.o
       120         28          0          0          0       3459   led.o
      5436        380          0          6          0      20161   main.o
      2144        112          0         44        104       7624   myconfig.o
      1198         38       2314          0          0      11476   oled.o
       222         16          0          0        152       5983   protocol.o
        32         12          0          0          0       1136   reflectance.o
        60         22        324          0        512        960   startup_msp432p401r_uvision.o
       160         14          0          0          0        583   sysinit.o
        96         20          0          0          0        577   system_msp432p401r.o
       260         24          0          4          0       1630   tima.o
       350         52        120          4          0       6128   usart.o

    ----------------------------------------------------------------------
     16610       1184       2870        136       1276     116257   Object Totals
         0          0         32          0          0          0   (incl. Generated)
        12          0          1         10          0          0   (incl. Padding)

    ----------------------------------------------------------------------

      Code (inc. data)   RO Data    RW Data    ZI Data      Debug   Library Member Name

         8          0          0          0          0         68   __main.o
       312          4         17          0          0         92   __printf_flags_wp.o
        14          0          0          0          0         68   __printf_wp.o
         0          0          0          0          0          0   __rtentry.o
        12          0          0          0          0          0   __rtentry2.o
         6          0          0          0          0          0   __rtentry4.o
        52          8          0          0          0          0   __scatter.o
        26          0          0          0          0          0   __scatter_copy.o
        28          0          0          0          0          0   __scatter_zi.o
        48          6          0          0          0         96   _printf_char_common.o
        36          4          0          0          0         80   _printf_char_file.o
        88          4         40          0          0         88   _printf_hex_int.o
       178          0          0          0          0         88   _printf_intcommon.o
         0          0          0          0          0          0   _printf_percent.o
         4          0          0          0          0          0   _printf_percent_end.o
         6          0          0          0          0          0   _printf_x.o
        22          0          0          0          0        100   _rserrno.o
        18          0          0          0          0         80   exit.o
         8          0          0          0          0         68   ferror.o
         6          0          0          0          0        152   heapauxi.o
         2          0          0          0          0          0   libinit.o
         6          0          0          0          0          0   libinit2.o
         2          0          0          0          0          0   libshutdown.o
         2          0          0          0          0          0   libshutdown2.o
         8          4          0          0         96         68   libspace.o
        24          4          0          0          0         84   noretval__2printf.o
         8          4          0          0          0         68   rt_errno_addr_intlibspace.o
       138          0          0          0          0         68   rt_memcpy_v6.o
       100          0          0          0          0         80   rt_memcpy_w.o
         2          0          0          0          0          0   rtexit.o
        10          0          0          0          0          0   rtexit2.o
        74          0          0          0          0         80   sys_stackheap_outer.o
         2          0          0          0          0         68   use_no_semi.o
         2          0          0          0          0         68   use_no_semi_2.o
        24          0          0          0          0        164   basic.o
        98          4          0          0          0        140   d2f.o
       826         16          0          0          0        492   daddsub_clz.o
        24          0          0          0          0        116   dcmpi.o
       688        140          0          0          0        256   ddiv.o
       120          4          0          0          0        140   dleqf.o
       340         12          0          0          0        152   dmul.o
       156          4          0          0          0        140   dnaninf.o
        12          0          0          0          0        116   dretinf.o
       108          0          0          0          0        128   drleqf.o
       408         56          0          0          0        168   dsqrt_umaal.o
        86          4          0          0          0        132   f2d.o
       140          4          0          0          0        132   fnaninf.o
        10          0          0          0          0        116   fpinit.o
        10          0          0          0          0        116   fretinf.o
         0          0          0          0          0          0   usenofp.o
       864         94         80          0          0        280   asin.o
       744        106        152          0          0        352   atan.o
       496         64          0          0          0        192   atan2.o
       104         16          0          0          0        496   dunder.o
        44          0          0          0          0        248   fabs.o
        48          0          0          0          0        124   fpclassify.o
       248          0          0          0          0        152   poly.o
         0          0          8          0          0          0   qnan.o
       110          0          0          0          0        148   sqrt.o
        38          0          0          0          0        676   cpu.o
      1064        170          0          8          0      16601   cs.o
       128         26         76          0          0       4516   gpio.o
       106          8        144          0          0       2381   interrupt.o
       120         26          0          0          0       3378   sysctl_a.o
        32          0          0          0          0       1447   timer_a.o
       228          0          0          0          0       7376   uart.o

    ----------------------------------------------------------------------
      8700        792        524          8        100      42439   Library Totals
        24          0          7          0          4          0   (incl. Padding)

    ----------------------------------------------------------------------

      Code (inc. data)   RO Data    RW Data    ZI Data      Debug   Library Name

      1252         38         57          0         96       1564   c_w.l
      3050        244          0          0          0       2508   fz_wm.l
      2658        280        240          0          0       1992   m_wm.l
      1716        230        220          8          0      36375   msp432p4xx_driverlib.lib

    ----------------------------------------------------------------------
      8700        792        524          8        100      42439   Library Totals

    ----------------------------------------------------------------------

==============================================================================


      Code (inc. data)   RO Data    RW Data    ZI Data      Debug   

     25310       1976       3394        144       1376     143216   Grand Totals
     25310       1976       3394        144       1376     143216   ELF Image Totals
     25310       1976       3394        144          0          0   ROM Totals

==============================================================================

    Total RO  Size (Code + RO Data)                28704 (  28.03kB)
    Total RW  Size (RW Data + ZI Data)              1520 (   1.48kB)
    Total ROM Size (Code + RO Data + RW Data)      28848 (  28.17kB)

==============================================================================

