Component: Arm Compiler for Embedded 6.19 Tool: armlink [5e73cb00]

==============================================================================

Section Cross References

    main.o(.text.main) refers to sysinit.o(.text.SysInit1) for SysInit1
    main.o(.text.main) refers to delay.o(.text.delay_init) for delay_init
    main.o(.text.main) refers to usart.o(.text.uart_init0) for uart_init0
    main.o(.text.main) refers to usart.o(.text.uart_init) for uart_init
    main.o(.text.main) refers to usart.o(.text.uart_init2) for uart_init2
    main.o(.text.main) refers to key.o(.text.KEY_Init) for KEY_Init
    main.o(.text.main) refers to led.o(.text.LED_Init) for LED_Init
    main.o(.text.main) refers to oled.o(.text.OLED_Init) for OLED_Init
    main.o(.text.main) refers to reflectance.o(.text.Reflectance_Init2) for Reflectance_Init2
    main.o(.text.main) refers to tima.o(.text.TimA0_Int_Init) for TimA0_Int_Init
    main.o(.text.main) refers to bsp_servo.o(.text.Servo_Init) for Servo_Init
    main.o(.text.main) refers to bsp_motor.o(.text.Motor_Init) for Motor_Init
    main.o(.text.main) refers to bsp_encoder.o(.text.Motor_Init_bianmaqi) for Motor_Init_bianmaqi
    main.o(.text.main) refers to bsp_mpu6050.o(.text.MPU_Init) for MPU_Init
    main.o(.text.main) refers to protocol.o(.text.protocol_init) for protocol_init
    main.o(.text.main) refers to bsp_pid.o(.bss.move_pid) for move_pid
    main.o(.text.main) refers to bsp_pid.o(.text.PID_param_init) for PID_param_init
    main.o(.text.main) refers to bsp_pid.o(.bss.move_pid2) for move_pid2
    main.o(.text.main) refers to bsp_pid.o(.bss.move_pid3) for move_pid3
    main.o(.text.main) refers to bsp_pid.o(.bss.move_pid4) for move_pid4
    main.o(.text.main) refers to bsp_pid.o(.bss.speed_pid) for speed_pid
    main.o(.text.main) refers to bsp_pid.o(.bss.speed_pid2) for speed_pid2
    main.o(.text.main) refers to bsp_pid.o(.bss.speed_pid3) for speed_pid3
    main.o(.text.main) refers to bsp_pid.o(.bss.speed_pid4) for speed_pid4
    main.o(.text.main) refers to bsp_pid.o(.bss.Dir_pid) for Dir_pid
    main.o(.text.main) refers to bsp_pid.o(.bss.Dir_pid2) for Dir_pid2
    main.o(.text.main) refers to bsp_servo.o(.text.Servo_Control2) for Servo_Control2
    main.o(.text.main) refers to bsp_pid.o(.text.set_p_i_d) for set_p_i_d
    main.o(.text.main) refers to bsp_pid.o(.text.set_pid_target) for set_pid_target
    main.o(.text.main) refers to protocol.o(.text.set_computer_value) for set_computer_value
    main.o(.text.main) refers to printf8.o(i.__0printf$8) for __2printf
    main.o(.text.main) refers to main.o(.text.Menudisplay) for Menudisplay
    main.o(.text.main) refers to main.o(.text.track_car_task) for track_car_task
    main.o(.text.main) refers to main.o(.text.Send_medicine_car_task) for Send_medicine_car_task
    main.o(.ARM.exidx.text.main) refers to main.o(.text.main) for [Anonymous Symbol]
    main.o(.text.Menudisplay) refers to main.o(.bss.Menudisplay.State) for Menudisplay.State
    main.o(.text.Menudisplay) refers to main.o(.bss.Menudisplay.New_State) for Menudisplay.New_State
    main.o(.text.Menudisplay) refers to oled.o(.text.OLED_Clear) for OLED_Clear
    main.o(.text.Menudisplay) refers to oled.o(.text.OLED_ShowString) for OLED_ShowString
    main.o(.text.Menudisplay) refers to key.o(.bss.Keys) for Keys
    main.o(.text.Menudisplay) refers to bsp_motor.o(.text.set_motor_enable) for set_motor_enable
    main.o(.text.Menudisplay) refers to myconfig.o(.bss.Reflectance_Data) for Reflectance_Data
    main.o(.text.Menudisplay) refers to oled.o(.text.OLED_ShowBin) for OLED_ShowBin
    main.o(.text.Menudisplay) refers to bsp_encoder.o(.bss.Encoder) for Encoder
    main.o(.text.Menudisplay) refers to oled.o(.text.OLED_ShowBNum) for OLED_ShowBNum
    main.o(.text.Menudisplay) refers to myconfig.o(.bss.Flag) for Flag
    main.o(.text.Menudisplay) refers to oled.o(.text.OLED_ShowNum) for OLED_ShowNum
    main.o(.text.Menudisplay) refers to k210.o(.bss.SensorData1) for SensorData1
    main.o(.text.Menudisplay) refers to control.o(.text.Car_Go) for Car_Go
    main.o(.text.Menudisplay) refers to control.o(.text.Car_Spin) for Car_Spin
    main.o(.text.Menudisplay) refers to led.o(.text.LED_G_On) for LED_G_On
    main.o(.text.Menudisplay) refers to bsp_motor.o(.text.set_motor_disable) for set_motor_disable
    main.o(.text.Menudisplay) refers to bsp_mpu6050.o(.text.MPU_Get_Gyroscope) for MPU_Get_Gyroscope
    main.o(.text.Menudisplay) refers to inv_mpu.o(.text.mpu_dmp_get_data) for mpu_dmp_get_data
    main.o(.text.Menudisplay) refers to myconfig.o(.bss.flag_car1_task1) for flag_car1_task1
    main.o(.ARM.exidx.text.Menudisplay) refers to main.o(.text.Menudisplay) for [Anonymous Symbol]
    main.o(.text.track_car_task) refers to myconfig.o(.bss.Flag) for Flag
    main.o(.text.track_car_task) refers to myconfig.o(.bss.flag_car1_task1) for flag_car1_task1
    main.o(.text.track_car_task) refers to control.o(.text.Car_Go) for Car_Go
[...]
    key.c                                    0x00000000   Number         0  key.o ABSOLUTE
    led.c                                    0x00000000   Number         0  led.o ABSOLUTE
    main.c                                   0x00000000   Number         0  main.o ABSOLUTE
    myconfig.c                               0x00000000   Number         0  myconfig.o ABSOLUTE
    oled.c                                   0x00000000   Number         0  oled.o ABSOLUTE
    protocol.c                               0x00000000   Number         0  protocol.o ABSOLUTE
    source/ti/devices/msp432p4xx/driverlib/cpu.c 0x00000000   Number         0  cpu.o ABSOLUTE
    source/ti/devices/msp432p4xx/driverlib/cpu.c 0x00000000   Number         0  cpu.o ABSOLUTE
    source/ti/devices/msp432p4xx/driverlib/cs.c 0x00000000   Number         0  cs.o ABSOLUTE
    source/ti/devices/msp432p4xx/driverlib/cs.c 0x00000000   Number         0  cs.o ABSOLUTE
    source/ti/devices/msp432p4xx/driverlib/gpio.c 0x00000000   Number         0  gpio.o ABSOLUTE
    source/ti/devices/msp432p4xx/driverlib/gpio.c 0x00000000   Number         0  gpio.o ABSOLUTE
    source/ti/devices/msp432p4xx/driverlib/interrupt.c 0x00000000   Number         0  interrupt.o ABSOLUTE
    source/ti/devices/msp432p4xx/driverlib/interrupt.c 0x00000000   Number         0  interrupt.o ABSOLUTE
    source/ti/devices/msp432p4xx/driverlib/sysctl_a.c 0x00000000   Number         0  sysctl_a.o ABSOLUTE
    source/ti/devices/msp432p4xx/driverlib/sysctl_a.c 0x00000000   Number         0  sysctl_a.o ABSOLUTE
    source/ti/devices/msp432p4xx/driverlib/timer_a.c 0x00000000   Number         0  timer_a.o ABSOLUTE
    source/ti/devices/msp432p4xx/driverlib/timer_a.c 0x00000000   Number         0  timer_a.o ABSOLUTE
    source/ti/devices/msp432p4xx/driverlib/uart.c 0x00000000   Number         0  uart.o ABSOLUTE
    source/ti/devices/msp432p4xx/driverlib/uart.c 0x00000000   Number         0  uart.o ABSOLUTE
    sysinit.c                                0x00000000   Number         0  sysinit.o ABSOLUTE
    system_msp432p401r.c                     0x00000000   Number         0  system_msp432p401r.o ABSOLUTE
    tim32.c                                  0x00000000   Number         0  tim32.o ABSOLUTE
    timA.c                                   0x00000000   Number         0  tima.o ABSOLUTE
    usart.c                                  0x00000000   Number         0  usart.o ABSOLUTE
    RESET                                    0x00000000   Section      324  startup_msp432p401r_uvision.o(RESET)
    .ARM.Collect$$$$00000000                 0x00000144   Section        0  entry.o(.ARM.Collect$$$$00000000)
    .ARM.Collect$$$$00000001                 0x00000144   Section        4  entry2.o(.ARM.Collect$$$$00000001)
    .ARM.Collect$$$$00000004                 0x00000148   Section        4  entry5.o(.ARM.Collect$$$$00000004)
    .ARM.Collect$$$$00000008                 0x0000014c   Section        0  entry7b.o(.ARM.Collect$$$$00000008)
    .ARM.Collect$$$$0000000A                 0x0000014c   Section        0  entry8b.o(.ARM.Collect$$$$0000000A)
    .ARM.Collect$$$$0000000B                 0x0000014c   Section        8  entry9a.o(.ARM.Collect$$$$0000000B)
    __lit__00000000                          0x00000154   Data           4  entry2.o(.ARM.Collect$$$$00002712)
    .ARM.Collect$$$$0000000D                 0x00000154   Section        0  entry10a.o(.ARM.Collect$$$$0000000D)
    .ARM.Collect$$$$0000000F                 0x00000154   Section        0  entry11a.o(.ARM.Collect$$$$0000000F)
    .ARM.Collect$$$$00002712                 0x00000154   Section        4  entry2.o(.ARM.Collect$$$$00002712)
    $v0                                      0x00000158   Number         0  cpu.o(.emb_text)
    .emb_text                                0x00000158   Section       38  cpu.o(.emb_text)
    $v0                                      0x00000180   Number         0  startup_msp432p401r_uvision.o(.text)
    .text                                    0x00000180   Section       36  startup_msp432p401r_uvision.o(.text)
    .text                                    0x000001a4   Section        0  memcpya.o(.text)
    .text                                    0x000001c8   Section        0  memseta.o(.text)
    .text                                    0x000001ec   Section        0  dadd.o(.text)
    .text                                    0x0000033a   Section        0  dmul.o(.text)
    .text                                    0x0000041e   Section        0  ddiv.o(.text)
    .text                                    0x000004fc   Section        0  f2d.o(.text)
    .text                                    0x00000522   Section        0  d2f.o(.text)
    .text                                    0x0000055a   Section        0  uldiv.o(.text)
    .text                                    0x000005bc   Section        0  llshl.o(.text)
    .text                                    0x000005da   Section        0  llsshr.o(.text)
    .text                                    0x000005fe   Section        0  iusefp.o(.text)
    .text                                    0x000005fe   Section        0  fepilogue.o(.text)
    .text                                    0x0000066c   Section        0  depilogue.o(.text)
    .text                                    0x00000728   Section       48  cdcmple.o(.text)
    .text                                    0x00000758   Section       36  init.o(.text)
    .text                                    0x0000077c   Section        0  llushr.o(.text)
    .text                                    0x0000079c   Section        0  dsqrt.o(.text)
    [Anonymous Symbol]                       0x00000840   Section        0  control.o(.text.CTRL_compute_Direction)
    [Anonymous Symbol]                       0x000008dc   Section        0  control.o(.text.CTRL_compute_Position)
    [Anonymous Symbol]                       0x00000a64   Section        0  control.o(.text.CTRL_compute_Speed)
    [Anonymous Symbol]                       0x00000b88   Section        0  control.o(.text.Car_Go)
    [Anonymous Symbol]                       0x00000bfc   Section        0  control.o(.text.Car_Spin)
    [Anonymous Symbol]                       0x00000cb8   Section        0  myconfig.o(.text.EUSCIA0_IRQHandler)
    [Anonymous Symbol]                       0x00000cf0   Section        0  myconfig.o(.text.EUSCIA2_IRQHandler)
    [Anonymous Symbol]                       0x00000d24   Section        0  myconfig.o(.text.EUSCIA3_IRQHandler)
    [Anonymous Symbol]                       0x00000d5c   Section        0  bsp_encoder.o(.text.Encoder_Scan)
    [Anonymous Symbol]                       0x00000dd0   Section        0  k210.o(.text.Get_Data_To_Array)
    [Anonymous Symbol]                       0x00000e98   Section        0  iic.o(.text.IIC_Init)
    [Anonymous Symbol]                       0x00000ec0   Section        0  iic.o(.text.IIC_Read_Byte)
    [Anonymous Symbol]                       0x00000f48   Section        0  iic.o(.text.IIC_Send_Byte)
    [Anonymous Symbol]                       0x00000fb8   Section        0  iic.o(.text.IIC_Start)
    [Anonymous Symbol]                       0x00000ff4   Section        0  iic.o(.text.IIC_Stop)
    [Anonymous Symbol]                       0x00001030   Section        0  iic.o(.text.IIC_Wait_Ack)
    [Anonymous Symbol]                       0x00001078   Section        0  key.o(.text.KEY_Init)
    [Anonymous Symbol]                       0x0000108c   Section        0  key.o(.text.Key_Scan2)
    [Anonymous Symbol]                       0x0000115c   Section        0  led.o(.text.LED_B_Off)
    [Anonymous Symbol]                       0x0000116c   Section        0  led.o(.text.LED_B_On)
    [Anonymous Symbol]                       0x0000117c   Section        0  led.o(.text.LED_G_Off)
    [Anonymous Symbol]                       0x0000118c   Section        0  led.o(.text.LED_G_On)
    [Anonymous Symbol]                       0x0000119c   Section        0  led.o(.text.LED_Init)
    [Anonymous Symbol]                       0x000011d4   Section        0  led.o(.text.LED_R_On)
    [Anonymous Symbol]                       0x000011e4   Section        0  bsp_mpu6050.o(.text.MPU_Get_Gyroscope)
    [Anonymous Symbol]                       0x00001224   Section        0  bsp_mpu6050.o(.text.MPU_Init)
    [Anonymous Symbol]                       0x00001300   Section        0  bsp_mpu6050.o(.text.MPU_Read_Len)
    [Anonymous Symbol]                       0x00001358   Section        0  bsp_mpu6050.o(.text.MPU_Write_Byte)
    [Anonymous Symbol]                       0x000013a0   Section        0  bsp_mpu6050.o(.text.MPU_Write_Len)
    [Anonymous Symbol]                       0x000013f8   Section        0  main.o(.text.Menudisplay)
    [Anonymous Symbol]                       0x00001984   Section        0  bsp_motor.o(.text.Motor_Init)
    [Anonymous Symbol]                       0x00001a5c   Section        0  bsp_encoder.o(.text.Motor_Init_bianmaqi)
    [Anonymous Symbol]                       0x00001bcc   Section        0  oled.o(.text.OLED_Clear)
    [Anonymous Symbol]                       0x00001df8   Section        0  oled.o(.text.OLED_Init)
    [Anonymous Symbol]                       0x00002d4c   Section        0  oled.o(.text.OLED_Set_Pos)
    [Anonymous Symbol]                       0x00002f2c   Section        0  oled.o(.text.OLED_ShowBNum)
    [Anonymous Symbol]                       0x00003080   Section        0  oled.o(.text.OLED_ShowBin)
    [Anonymous Symbol]                       0x000030cc   Section        0  oled.o(.text.OLED_ShowChar)
    [Anonymous Symbol]                       0x0000329c   Section        0  oled.o(.text.OLED_ShowNum)
    [Anonymous Symbol]                       0x0000334c   Section        0  oled.o(.text.OLED_ShowString)
    [Anonymous Symbol]                       0x00003388   Section        0  bsp_pid.o(.text.PID_Clear)
    [Anonymous Symbol]                       0x00003394   Section        0  bsp_pid.o(.text.PID_param_init)
    [Anonymous Symbol]                       0x000033b4   Section        0  bsp_pid.o(.text.PID_realize)
    [Anonymous Symbol]                       0x00003400   Section        0  bsp_encoder.o(.text.PORT4_IRQHandler)
    [Anonymous Symbol]                       0x000035d0   Section        0  reflectance.o(.text.Reflectance_Init2)
    [Anonymous Symbol]                       0x000035e0   Section        0  reflectance.o(.text.Reflectance_Read2)
    [Anonymous Symbol]                       0x000035f0   Section        0  main.o(.text.Send_medicine_car_task)
    __arm_cp.3_11                            0x00003bdc   Number         4  main.o(.text.Send_medicine_car_task)
    __arm_cp.3_15                            0x00003bec   Number         4  main.o(.text.Send_medicine_car_task)
    [Anonymous Symbol]                       0x00004068   Section        0  bsp_servo.o(.text.Servo_Control2)
    [Anonymous Symbol]                       0x000040bc   Section        0  bsp_servo.o(.text.Servo_Init)
    [Anonymous Symbol]                       0x00004124   Section        0  bsp_servo.o(.text.Servo_Scan2)
    [Anonymous Symbol]                       0x00004190   Section        0  bsp_motor.o(.text.Set_PWM)
    [Anonymous Symbol]                       0x000042f4   Section        0  bsp_motor.o(.text.Set_PWM2)
    [Anonymous Symbol]                       0x00004458   Section        0  sysinit.o(.text.SysInit1)
    [Anonymous Symbol]                       0x000044f0   Section        0  system_msp432p401r.o(.text.SystemInit)
    [Anonymous Symbol]                       0x0000455c   Section        0  myconfig.o(.text.T32_INT1_IRQHandler)
    [Anonymous Symbol]                       0x00004574   Section        0  myconfig.o(.text.TA0_0_IRQHandler)
    [Anonymous Symbol]                       0x00004f5c   Section        0  tima.o(.text.TA2_N_IRQHandler)
    [Anonymous Symbol]                       0x0000502c   Section        0  tima.o(.text.TimA0_Int_Init)
    [Anonymous Symbol]                       0x00005080   Section        0  usart.o(.text.USART_SendCharArr)
    [Anonymous Symbol]                       0x000050a4   Section        0  delay.o(.text.delay_init)
    [Anonymous Symbol]                       0x000050bc   Section        0  delay.o(.text.delay_ms)
    [Anonymous Symbol]                       0x000050c0   Section        0  delay.o(.text.delay_us)
    [Anonymous Symbol]                       0x000050c4   Section        0  inv_mpu_dmp_motion_driver.o(.text.dmp_read_fifo)
    [Anonymous Symbol]                       0x000052a0   Section        0  baudarte.o(.text.eusci_calcBaudDividers)
    [Anonymous Symbol]                       0x000053ac   Section        0  usart.o(.text.fputc)
    [Anonymous Symbol]                       0x000053c4   Section        0  main.o(.text.main)
    [Anonymous Symbol]                       0x000055ec   Section        0  inv_mpu.o(.text.mget_ms)
    [Anonymous Symbol]                       0x000055f8   Section        0  inv_mpu.o(.text.mpu_dmp_get_data)
    [Anonymous Symbol]                       0x00005784   Section        0  inv_mpu.o(.text.mpu_read_fifo_stream)
    [Anonymous Symbol]                       0x00005830   Section        0  inv_mpu.o(.text.mpu_reset_fifo)
    [Anonymous Symbol]                       0x000059b0   Section        0  protocol.o(.text.protocol_data_recv)
    [Anonymous Symbol]                       0x00005a10   Section        0  protocol.o(.text.protocol_init)
    [Anonymous Symbol]                       0x00005a2c   Section        0  protocol.o(.text.set_computer_value)
    [Anonymous Symbol]                       0x00005aac   Section        0  bsp_motor.o(.text.set_motor_disable)
    [Anonymous Symbol]                       0x00005abc   Section        0  bsp_motor.o(.text.set_motor_enable)
    [Anonymous Symbol]                       0x00005acc   Section        0  bsp_pid.o(.text.set_p_i_d)
    [Anonymous Symbol]                       0x00005ad4   Section        0  bsp_pid.o(.text.set_pid_target)
    [Anonymous Symbol]                       0x00005adc   Section        0  main.o(.text.track_car_task)
    [Anonymous Symbol]                       0x00005b6c   Section        0  usart.o(.text.uart_init)
    [Anonymous Symbol]                       0x00005bd8   Section        0  usart.o(.text.uart_init0)
    [Anonymous Symbol]                       0x00005c44   Section        0  usart.o(.text.uart_init2)
    i.CS_clearInterruptFlag                  0x00005cb0   Section        0  cs.o(i.CS_clearInterruptFlag)
    i.CS_getACLK                             0x00005cd4   Section        0  cs.o(i.CS_getACLK)
    i.CS_getDCOFrequency                     0x00005cec   Section        0  cs.o(i.CS_getDCOFrequency)
    i.CS_getMCLK                             0x00005df8   Section        0  cs.o(i.CS_getMCLK)
    i.CS_getSMCLK                            0x00005e10   Section        0  cs.o(i.CS_getSMCLK)
    i.CS_setExternalClockSourceFrequency     0x00005e28   Section        0  cs.o(i.CS_setExternalClockSourceFrequency)
    i.CS_startHFXT                           0x00005e34   Section        0  cs.o(i.CS_startHFXT)
    i.CS_startHFXTWithTimeout                0x00005e3c   Section        0  cs.o(i.CS_startHFXTWithTimeout)
    i.CS_startLFXT                           0x00005edc   Section        0  cs.o(i.CS_startLFXT)
    i.CS_startLFXTWithTimeout                0x00005ee4   Section        0  cs.o(i.CS_startLFXTWithTimeout)
    i.GPIO_getInputPinValue                  0x00005f84   Section        0  gpio.o(i.GPIO_getInputPinValue)
    i.GPIO_setAsInputPin                     0x00005f98   Section        0  gpio.o(i.GPIO_setAsInputPin)
    i.GPIO_setAsOutputPin                    0x00005fbc   Section        0  gpio.o(i.GPIO_setAsOutputPin)
    i.GPIO_setOutputHighOnPin                0x00005fdc   Section        0  gpio.o(i.GPIO_setOutputHighOnPin)
    i.GPIO_setOutputLowOnPin                 0x00005ff0   Section        0  gpio.o(i.GPIO_setOutputLowOnPin)
    i.Interrupt_enableInterrupt              0x00006004   Section        0  interrupt.o(i.Interrupt_enableInterrupt)
    i.Interrupt_enableMaster                 0x00006060   Section        0  interrupt.o(i.Interrupt_enableMaster)
    i.SysCtl_A_disableNMISource              0x00006070   Section        0  sysctl_a.o(i.SysCtl_A_disableNMISource)
    i.SysCtl_A_enableNMISource               0x00006080   Section        0  sysctl_a.o(i.SysCtl_A_enableNMISource)
    i.SysCtl_A_getNMISourceStatus            0x00006090   Section        0  sysctl_a.o(i.SysCtl_A_getNMISourceStatus)
    i.SysCtl_A_getTLVInfo                    0x000060a0   Section        0  sysctl_a.o(i.SysCtl_A_getTLVInfo)
    i.Timer_A_getCaptureCompareCount         0x000060e8   Section        0  timer_a.o(i.Timer_A_getCaptureCompareCount)
    i.Timer_A_setCompareValue                0x000060f8   Section        0  timer_a.o(i.Timer_A_setCompareValue)
    i.UART_enableInterrupt                   0x00006108   Section        0  uart.o(i.UART_enableInterrupt)
    i.UART_getEnabledInterruptStatus         0x0000611e   Section        0  uart.o(i.UART_getEnabledInterruptStatus)
    i.UART_initModule                        0x00006144   Section        0  uart.o(i.UART_initModule)
    i.UART_transmitData                      0x000061d6   Section        0  uart.o(i.UART_transmitData)
    _CSComputeCLKFrequency                   0x000061ed   Thumb Code   176  cs.o(i._CSComputeCLKFrequency)
    i._CSComputeCLKFrequency                 0x000061ec   Section        0  cs.o(i._CSComputeCLKFrequency)
    _CSGetHFXTFrequency                      0x000062ad   Thumb Code   106  cs.o(i._CSGetHFXTFrequency)
    i._CSGetHFXTFrequency                    0x000062ac   Section        0  cs.o(i._CSGetHFXTFrequency)
    i.__0printf$8                            0x00006344   Section        0  printf8.o(i.__0printf$8)
    i.__ARM_fpclassify                       0x00006364   Section        0  fpclassify.o(i.__ARM_fpclassify)
    i.__hardfp_asin                          0x00006398   Section        0  asin.o(i.__hardfp_asin)
    i.__hardfp_atan                          0x000066f8   Section        0  atan.o(i.__hardfp_atan)
    i.__hardfp_atan2                         0x000069d0   Section        0  atan2.o(i.__hardfp_atan2)
    i.__kernel_poly                          0x00006bd0   Section        0  poly.o(i.__kernel_poly)
    i.__mathlib_dbl_infnan                   0x00006cc8   Section        0  dunder.o(i.__mathlib_dbl_infnan)
    i.__mathlib_dbl_infnan2                  0x00006cdc   Section        0  dunder.o(i.__mathlib_dbl_infnan2)
    i.__mathlib_dbl_invalid                  0x00006cf0   Section        0  dunder.o(i.__mathlib_dbl_invalid)
    i.__mathlib_dbl_underflow                0x00006d10   Section        0  dunder.o(i.__mathlib_dbl_underflow)
    i.__scatterload_copy                     0x00006d30   Section       14  handlers.o(i.__scatterload_copy)
    i.__scatterload_null                     0x00006d3e   Section        2  handlers.o(i.__scatterload_null)
    i.__scatterload_zeroinit                 0x00006d40   Section       14  handlers.o(i.__scatterload_zeroinit)
    i.__set_errno                            0x00006d50   Section        0  errno.o(i.__set_errno)
    _printf_core                             0x00006d5d   Thumb Code   996  printf8.o(i._printf_core)
    i._printf_core                           0x00006d5c   Section        0  printf8.o(i._printf_core)
    _printf_post_padding                     0x0000716d   Thumb Code    36  printf8.o(i._printf_post_padding)
    i._printf_post_padding                   0x0000716c   Section        0  printf8.o(i._printf_post_padding)
    _printf_pre_padding                      0x00007191   Thumb Code    46  printf8.o(i._printf_pre_padding)
    i._printf_pre_padding                    0x00007190   Section        0  printf8.o(i._printf_pre_padding)
    i.atan                                   0x000071be   Section        0  atan.o(i.atan)
    i.fabs                                   0x000071ce   Section        0  fabs.o(i.fabs)
    i.sqrt                                   0x000071e6   Section        0  sqrt.o(i.sqrt)
    GPIO_PORT_TO_INT                         0x00007254   Data          28  gpio.o(.constdata)
    .constdata                               0x00007254   Section       76  gpio.o(.constdata)
    GPIO_PORT_TO_BASE                        0x00007270   Data          48  gpio.o(.constdata)
    g_pulEnRegs                              0x000072a0   Data           8  interrupt.o(.constdata)
    .constdata                               0x000072a0   Section      144  interrupt.o(.constdata)
    g_pulDisRegs                             0x000072a8   Data           8  interrupt.o(.constdata)
    g_pulPendRegs                            0x000072b0   Data           8  interrupt.o(.constdata)
    g_pulUnpendRegs                          0x000072b8   Data           8  interrupt.o(.constdata)
    g_pulPriority                            0x000072c0   Data          32  interrupt.o(.constdata)
    g_pulRegs                                0x000072e0   Data          80  interrupt.o(.constdata)
    pS                                       0x00007330   Data          48  asin.o(.constdata)
    .constdata                               0x00007330   Section       80  asin.o(.constdata)
    qS                                       0x00007360   Data          32  asin.o(.constdata)
    atanhi                                   0x00007380   Data          32  atan.o(.constdata)
    .constdata                               0x00007380   Section      152  atan.o(.constdata)
    atanlo                                   0x000073a0   Data          32  atan.o(.constdata)
    aTodd                                    0x000073c0   Data          40  atan.o(.constdata)
    aTeven                                   0x000073e8   Data          48  atan.o(.constdata)
    .constdata                               0x00007418   Section        8  qnan.o(.constdata)
    hfxtFreq                                 0x20000000   Data           4  cs.o(.data)
    .data                                    0x20000000   Section        8  cs.o(.data)
    lfxtFreq                                 0x20000004   Data           4  cs.o(.data)
    .data                                    0x20000008   Section        4  stdout.o(.data)
    _errno                                   0x2000000c   Data           4  errno.o(.data)
    .data                                    0x2000000c   Section        4  errno.o(.data)
    st                                       0x20000010   Data          44  inv_mpu.o(.data.st)
    [Anonymous Symbol]                       0x20000010   Section        0  inv_mpu.o(.data.st)
    Get_Data_To_Array.Rec_Buff               0x20000148   Data          12  k210.o(.bss.Get_Data_To_Array.Rec_Buff)
    [Anonymous Symbol]                       0x20000148   Section        0  k210.o(.bss.Get_Data_To_Array.Rec_Buff)
    Get_Data_To_Array.Rec_State              0x20000154   Data           1  k210.o(.bss.Get_Data_To_Array.Rec_State)
    [Anonymous Symbol]                       0x20000154   Section        0  k210.o(.bss.Get_Data_To_Array.Rec_State)
    Menudisplay.New_State                    0x2000016d   Data           1  main.o(.bss.Menudisplay.New_State)
    [Anonymous Symbol]                       0x2000016d   Section        0  main.o(.bss.Menudisplay.New_State)
    Menudisplay.State                        0x2000016e   Data           1  main.o(.bss.Menudisplay.State)
    [Anonymous Symbol]                       0x2000016e   Section        0  main.o(.bss.Menudisplay.State)
    Send_medicine_car_task.Last_Num          0x20000186   Data           1  main.o(.bss.Send_medicine_car_task.Last_Num)
    [Anonymous Symbol]                       0x20000186   Section        0  main.o(.bss.Send_medicine_car_task.Last_Num)
    Send_medicine_car_task.Last_Num2         0x20000187   Data           1  main.o(.bss.Send_medicine_car_task.Last_Num2)
    [Anonymous Symbol]                       0x20000187   Section        0  main.o(.bss.Send_medicine_car_task.Last_Num2)
    Servo_Scan2.i                            0x20000194   Data           1  bsp_servo.o(.bss.Servo_Scan2.i)
    [Anonymous Symbol]                       0x20000194   Section        0  bsp_servo.o(.bss.Servo_Scan2.i)
    TA0_0_IRQHandler.Last_Num2               0x20000195   Data           1  myconfig.o(.bss.TA0_0_IRQHandler.Last_Num2)
    [Anonymous Symbol]                       0x20000195   Section        0  myconfig.o(.bss.TA0_0_IRQHandler.Last_Num2)
    TA0_0_IRQHandler.Last_Num3               0x20000196   Data           1  myconfig.o(.bss.TA0_0_IRQHandler.Last_Num3)
    [Anonymous Symbol]                       0x20000196   Section        0  myconfig.o(.bss.TA0_0_IRQHandler.Last_Num3)
    TA0_0_IRQHandler.Last_Num4               0x20000197   Data           1  myconfig.o(.bss.TA0_0_IRQHandler.Last_Num4)
    [Anonymous Symbol]                       0x20000197   Section        0  myconfig.o(.bss.TA0_0_IRQHandler.Last_Num4)
    dmp.0                                    0x200001a4   Data           4  inv_mpu_dmp_motion_driver.o(.bss.dmp.0)
    [Anonymous Symbol]                       0x200001a4   Section        0  inv_mpu_dmp_motion_driver.o(.bss.dmp.0)
    dmp.1                                    0x200001a8   Data           4  inv_mpu_dmp_motion_driver.o(.bss.dmp.1)
    [Anonymous Symbol]                       0x200001a8   Section        0  inv_mpu_dmp_motion_driver.o(.bss.dmp.1)
    dmp.3                                    0x200001ac   Data           2  inv_mpu_dmp_motion_driver.o(.bss.dmp.3)
    [Anonymous Symbol]                       0x200001ac   Section        0  inv_mpu_dmp_motion_driver.o(.bss.dmp.3)
    dmp.5                                    0x200001ae   Data           1  inv_mpu_dmp_motion_driver.o(.bss.dmp.5)
    [Anonymous Symbol]                       0x200001ae   Section        0  inv_mpu_dmp_motion_driver.o(.bss.dmp.5)
    parser                                   0x20000250   Data          12  protocol.o(.bss.parser)
    [Anonymous Symbol]                       0x20000250   Section        0  protocol.o(.bss.parser)
    recv_buf                                 0x2000025c   Data         128  protocol.o(.bss.recv_buf)
    [Anonymous Symbol]                       0x2000025c   Section        0  protocol.o(.bss.recv_buf)
    set_computer_value.set_packet            0x200002dc   Data          16  protocol.o(.bss.set_computer_value.set_packet)
    [Anonymous Symbol]                       0x200002dc   Section        0  protocol.o(.bss.set_computer_value.set_packet)
    STACK                                    0x20000390   Section      512  startup_msp432p401r_uvision.o(STACK)

    Global Symbols

    Symbol Name                              Value     Ov Type        Size  Object(Section)

    BuildAttributes$$THM_ISAv4$E$P$D$K$B$S$7EM$VFPi3$EXTD16$VFPS$VFMA$PE$A:L22UL41UL21$X:L11$S22US41US21$IEEE1$IW$~IW$USESV6$~STKCKD$USESV7$~SHL$OTIME$ROPI$IEEEX$EBA8$MICROLIB$REQ8$PRES8$EABIv2 0x00000000   Number         0  anon$$obj.o ABSOLUTE
    __Vectors                                0x00000000   Data           4  startup_msp432p401r_uvision.o(RESET)
    _printf_a                                0x00000000   Number         0  printfstubs.o ABSOLUTE
    _printf_c                                0x00000000   Number         0  printfstubs.o ABSOLUTE
    _printf_charcount                        0x00000000   Number         0  printfstubs.o ABSOLUTE
    _printf_d                                0x00000000   Number         0  printfstubs.o ABSOLUTE
    _printf_e                                0x00000000   Number         0  printfstubs.o ABSOLUTE
    _printf_f                                0x00000000   Number         0  printfstubs.o ABSOLUTE
    _printf_flags                            0x00000000   Number         0  printfstubs.o ABSOLUTE
    _printf_fp_dec                           0x00000000   Number         0  printfstubs.o ABSOLUTE
    _printf_fp_hex                           0x00000000   Number         0  printfstubs.o ABSOLUTE
    _printf_g                                0x00000000   Number         0  printfstubs.o ABSOLUTE
    _printf_i                                0x00000000   Number         0  printfstubs.o ABSOLUTE
    _printf_int_dec                          0x00000000   Number         0  printfstubs.o ABSOLUTE
    _printf_l                                0x00000000   Number         0  printfstubs.o ABSOLUTE
    _printf_lc                               0x00000000   Number         0  printfstubs.o ABSOLUTE
    _printf_ll                               0x00000000   Number         0  printfstubs.o ABSOLUTE
    _printf_lld                              0x00000000   Number         0  printfstubs.o ABSOLUTE
    _printf_lli                              0x00000000   Number         0  printfstubs.o ABSOLUTE
    _printf_llo                              0x00000000   Number         0  printfstubs.o ABSOLUTE
    _printf_llu                              0x00000000   Number         0  printfstubs.o ABSOLUTE
    _printf_llx                              0x00000000   Number         0  printfstubs.o ABSOLUTE
    _printf_longlong_dec                     0x00000000   Number         0  printfstubs.o ABSOLUTE
    _printf_longlong_hex                     0x00000000   Number         0  printfstubs.o ABSOLUTE
    _printf_longlong_oct                     0x00000000   Number         0  printfstubs.o ABSOLUTE
    _printf_ls                               0x00000000   Number         0  printfstubs.o ABSOLUTE
    _printf_mbtowc                           0x00000000   Number         0  printfstubs.o ABSOLUTE
    _printf_n                                0x00000000   Number         0  printfstubs.o ABSOLUTE
    _printf_o                                0x00000000   Number         0  printfstubs.o ABSOLUTE
    _printf_p                                0x00000000   Number         0  printfstubs.o ABSOLUTE
    _printf_percent                          0x00000000   Number         0  printfstubs.o ABSOLUTE
    _printf_pre_padding                      0x00000000   Number         0  printfstubs.o ABSOLUTE
    _printf_return_value                     0x00000000   Number         0  printfstubs.o ABSOLUTE
    _printf_s                                0x00000000   Number         0  printfstubs.o ABSOLUTE
    _printf_sizespec                         0x00000000   Number         0  printfstubs.o ABSOLUTE
    _printf_str                              0x00000000   Number         0  printfstubs.o ABSOLUTE
    _printf_truncate_signed                  0x00000000   Number         0  printfstubs.o ABSOLUTE
    _printf_truncate_unsigned                0x00000000   Number         0  printfstubs.o ABSOLUTE
    _printf_u                                0x00000000   Number         0  printfstubs.o ABSOLUTE
    _printf_wc                               0x00000000   Number         0  printfstubs.o ABSOLUTE
    _printf_wctomb                           0x00000000   Number         0  printfstubs.o ABSOLUTE
    _printf_widthprec                        0x00000000   Number         0  printfstubs.o ABSOLUTE
    _printf_x                                0x00000000   Number         0  printfstubs.o ABSOLUTE
    __cpp_initialize__aeabi_                  - Undefined Weak Reference
    __cxa_finalize                            - Undefined Weak Reference
    __decompress                              - Undefined Weak Reference
    _clock_init                               - Undefined Weak Reference
    _microlib_exit                            - Undefined Weak Reference
    __Vectors_End                            0x00000144   Data           0  startup_msp432p401r_uvision.o(RESET)
    __Vectors_Size                           0x00000144   Number         0  startup_msp432p401r_uvision.o ABSOLUTE
    __main                                   0x00000145   Thumb Code     0  entry.o(.ARM.Collect$$$$00000000)
    _main_stk                                0x00000145   Thumb Code     0  entry2.o(.ARM.Collect$$$$00000001)
    _main_scatterload                        0x00000149   Thumb Code     0  entry5.o(.ARM.Collect$$$$00000004)
    __main_after_scatterload                 0x0000014d   Thumb Code     0  entry5.o(.ARM.Collect$$$$00000004)
    _main_clock                              0x0000014d   Thumb Code     0  entry7b.o(.ARM.Collect$$$$00000008)
    _main_cpp_init                           0x0000014d   Thumb Code     0  entry8b.o(.ARM.Collect$$$$0000000A)
    _main_init                               0x0000014d   Thumb Code     0  entry9a.o(.ARM.Collect$$$$0000000B)
    __rt_final_cpp                           0x00000155   Thumb Code     0  entry10a.o(.ARM.Collect$$$$0000000D)
    __rt_final_exit                          0x00000155   Thumb Code     0  entry11a.o(.ARM.Collect$$$$0000000F)
    CPU_cpsid                                0x00000159   Thumb Code     8  cpu.o(.emb_text)
    CPU_primask                              0x00000161   Thumb Code     6  cpu.o(.emb_text)
    CPU_cpsie                                0x00000167   Thumb Code     8  cpu.o(.emb_text)
    CPU_wfi                                  0x0000016f   Thumb Code     4  cpu.o(.emb_text)
    CPU_basepriSet                           0x00000173   Thumb Code     6  cpu.o(.emb_text)
    CPU_basepriGet                           0x00000179   Thumb Code     6  cpu.o(.emb_text)
    Reset_Handler                            0x00000181   Thumb Code     8  startup_msp432p401r_uvision.o(.text)
    NMI_Handler                              0x00000189   Thumb Code     2  startup_msp432p401r_uvision.o(.text)
    HardFault_Handler                        0x0000018b   Thumb Code     2  startup_msp432p401r_uvision.o(.text)
    MemManage_Handler                        0x0000018d   Thumb Code     2  startup_msp432p401r_uvision.o(.text)
    BusFault_Handler                         0x0000018f   Thumb Code     2  startup_msp432p401r_uvision.o(.text)
    UsageFault_Handler                       0x00000191   Thumb Code     2  startup_msp432p401r_uvision.o(.text)
    SVC_Handler                              0x00000193   Thumb Code     2  startup_msp432p401r_uvision.o(.text)
    DebugMon_Handler                         0x00000195   Thumb Code     2  startup_msp432p401r_uvision.o(.text)
    PendSV_Handler                           0x00000197   Thumb Code     2  startup_msp432p401r_uvision.o(.text)
    SysTick_Handler                          0x00000199   Thumb Code     2  startup_msp432p401r_uvision.o(.text)
    ADC14_IRQHandler                         0x0000019b   Thumb Code     0  startup_msp432p401r_uvision.o(.text)
    AES256_IRQHandler                        0x0000019b   Thumb Code     0  startup_msp432p401r_uvision.o(.text)
    COMP_E0_IRQHandler                       0x0000019b   Thumb Code     0  startup_msp432p401r_uvision.o(.text)
    COMP_E1_IRQHandler                       0x0000019b   Thumb Code     0  startup_msp432p401r_uvision.o(.text)
    CS_IRQHandler                            0x0000019b   Thumb Code     0  startup_msp432p401r_uvision.o(.text)
    DMA_ERR_IRQHandler                       0x0000019b   Thumb Code     0  startup_msp432p401r_uvision.o(.text)
    DMA_INT0_IRQHandler                      0x0000019b   Thumb Code     0  startup_msp432p401r_uvision.o(.text)
    DMA_INT1_IRQHandler                      0x0000019b   Thumb Code     0  startup_msp432p401r_uvision.o(.text)
    DMA_INT2_IRQHandler                      0x0000019b   Thumb Code     0  startup_msp432p401r_uvision.o(.text)
    DMA_INT3_IRQHandler                      0x0000019b   Thumb Code     0  startup_msp432p401r_uvision.o(.text)
    EUSCIA1_IRQHandler                       0x0000019b   Thumb Code     0  startup_msp432p401r_uvision.o(.text)
    EUSCIB0_IRQHandler                       0x0000019b   Thumb Code     0  startup_msp432p401r_uvision.o(.text)
    EUSCIB1_IRQHandler                       0x0000019b   Thumb Code     0  startup_msp432p401r_uvision.o(.text)
    EUSCIB2_IRQHandler                       0x0000019b   Thumb Code     0  startup_msp432p401r_uvision.o(.text)
    EUSCIB3_IRQHandler                       0x0000019b   Thumb Code     0  startup_msp432p401r_uvision.o(.text)
    FLCTL_IRQHandler                         0x0000019b   Thumb Code     0  startup_msp432p401r_uvision.o(.text)
    FPU_IRQHandler                           0x0000019b   Thumb Code     0  startup_msp432p401r_uvision.o(.text)
    PCM_IRQHandler                           0x0000019b   Thumb Code     0  startup_msp432p401r_uvision.o(.text)
    PORT1_IRQHandler                         0x0000019b   Thumb Code     0  startup_msp432p401r_uvision.o(.text)
    PORT2_IRQHandler                         0x0000019b   Thumb Code     0  startup_msp432p401r_uvision.o(.text)
    PORT3_IRQHandler                         0x0000019b   Thumb Code     0  startup_msp432p401r_uvision.o(.text)
    PORT5_IRQHandler                         0x0000019b   Thumb Code     0  startup_msp432p401r_uvision.o(.text)
    PORT6_IRQHandler                         0x0000019b   Thumb Code     0  startup_msp432p401r_uvision.o(.text)
    PSS_IRQHandler                           0x0000019b   Thumb Code     0  startup_msp432p401r_uvision.o(.text)
    RTC_C_IRQHandler                         0x0000019b   Thumb Code     0  startup_msp432p401r_uvision.o(.text)
    T32_INT2_IRQHandler                      0x0000019b   Thumb Code     0  startup_msp432p401r_uvision.o(.text)
    T32_INTC_IRQHandler                      0x0000019b   Thumb Code     0  startup_msp432p401r_uvision.o(.text)
    TA0_N_IRQHandler                         0x0000019b   Thumb Code     0  startup_msp432p401r_uvision.o(.text)
    TA1_0_IRQHandler                         0x0000019b   Thumb Code     0  startup_msp432p401r_uvision.o(.text)
    TA1_N_IRQHandler                         0x0000019b   Thumb Code     0  startup_msp432p401r_uvision.o(.text)
    TA2_0_IRQHandler                         0x0000019b   Thumb Code     0  startup_msp432p401r_uvision.o(.text)
    TA3_0_IRQHandler                         0x0000019b   Thumb Code     0  startup_msp432p401r_uvision.o(.text)
    TA3_N_IRQHandler                         0x0000019b   Thumb Code     0  startup_msp432p401r_uvision.o(.text)
    WDT_A_IRQHandler                         0x0000019b   Thumb Code     0  startup_msp432p401r_uvision.o(.text)
    __aeabi_memcpy                           0x000001a5   Thumb Code    36  memcpya.o(.text)
    __aeabi_memcpy4                          0x000001a5   Thumb Code     0  memcpya.o(.text)
    __aeabi_memcpy8                          0x000001a5   Thumb Code     0  memcpya.o(.text)
    __aeabi_memset                           0x000001c9   Thumb Code    14  memseta.o(.text)
    __aeabi_memset4                          0x000001c9   Thumb Code     0  memseta.o(.text)
    __aeabi_memset8                          0x000001c9   Thumb Code     0  memseta.o(.text)
    __aeabi_memclr                           0x000001d7   Thumb Code     4  memseta.o(.text)
    __aeabi_memclr4                          0x000001d7   Thumb Code     0  memseta.o(.text)
    __aeabi_memclr8                          0x000001d7   Thumb Code     0  memseta.o(.text)
    _memset$wrapper                          0x000001db   Thumb Code    18  memseta.o(.text)
    __aeabi_dadd                             0x000001ed   Thumb Code   322  dadd.o(.text)
    __aeabi_dsub                             0x0000032f   Thumb Code     6  dadd.o(.text)
    __aeabi_drsub                            0x00000335   Thumb Code     6  dadd.o(.text)
    __aeabi_dmul                             0x0000033b   Thumb Code   228  dmul.o(.text)
    __aeabi_ddiv                             0x0000041f   Thumb Code   222  ddiv.o(.text)
    __aeabi_f2d                              0x000004fd   Thumb Code    38  f2d.o(.text)
    __aeabi_d2f                              0x00000523   Thumb Code    56  d2f.o(.text)
    __aeabi_uldivmod                         0x0000055b   Thumb Code    98  uldiv.o(.text)
    __aeabi_llsl                             0x000005bd   Thumb Code    30  llshl.o(.text)
    _ll_shift_l                              0x000005bd   Thumb Code     0  llshl.o(.text)
    __aeabi_lasr                             0x000005db   Thumb Code    36  llsshr.o(.text)
    _ll_sshift_r                             0x000005db   Thumb Code     0  llsshr.o(.text)
    __I$use$fp                               0x000005ff   Thumb Code     0  iusefp.o(.text)
    _float_round                             0x000005ff   Thumb Code    18  fepilogue.o(.text)
    _float_epilogue                          0x00000611   Thumb Code    92  fepilogue.o(.text)
    _double_round                            0x0000066d   Thumb Code    30  depilogue.o(.text)
    _double_epilogue                         0x0000068b   Thumb Code   156  depilogue.o(.text)
    __aeabi_cdcmpeq                          0x00000729   Thumb Code     0  cdcmple.o(.text)
    __aeabi_cdcmple                          0x00000729   Thumb Code    48  cdcmple.o(.text)
    __scatterload                            0x00000759   Thumb Code    28  init.o(.text)
    __scatterload_rt2                        0x00000759   Thumb Code     0  init.o(.text)
    __aeabi_llsr                             0x0000077d   Thumb Code    32  llushr.o(.text)
    _ll_ushift_r                             0x0000077d   Thumb Code     0  llushr.o(.text)
    _dsqrt                                   0x0000079d   Thumb Code   162  dsqrt.o(.text)
    CTRL_compute_Direction                   0x00000841   Thumb Code   156  control.o(.text.CTRL_compute_Direction)
    CTRL_compute_Position                    0x000008dd   Thumb Code   392  control.o(.text.CTRL_compute_Position)
    CTRL_compute_Speed                       0x00000a65   Thumb Code   292  control.o(.text.CTRL_compute_Speed)
    Car_Go                                   0x00000b89   Thumb Code   114  control.o(.text.Car_Go)
    Car_Spin                                 0x00000bfd   Thumb Code   188  control.o(.text.Car_Spin)
    EUSCIA0_IRQHandler                       0x00000cb9   Thumb Code    56  myconfig.o(.text.EUSCIA0_IRQHandler)
    EUSCIA2_IRQHandler                       0x00000cf1   Thumb Code    50  myconfig.o(.text.EUSCIA2_IRQHandler)
    EUSCIA3_IRQHandler                       0x00000d25   Thumb Code    56  myconfig.o(.text.EUSCIA3_IRQHandler)
    Encoder_Scan                             0x00000d5d   Thumb Code   116  bsp_encoder.o(.text.Encoder_Scan)
    Get_Data_To_Array                        0x00000dd1   Thumb Code   200  k210.o(.text.Get_Data_To_Array)
    IIC_Init                                 0x00000e99   Thumb Code    38  iic.o(.text.IIC_Init)
    IIC_Read_Byte                            0x00000ec1   Thumb Code   134  iic.o(.text.IIC_Read_Byte)
    IIC_Send_Byte                            0x00000f49   Thumb Code   112  iic.o(.text.IIC_Send_Byte)
    IIC_Start                                0x00000fb9   Thumb Code    58  iic.o(.text.IIC_Start)
    IIC_Stop                                 0x00000ff5   Thumb Code    58  iic.o(.text.IIC_Stop)
    IIC_Wait_Ack                             0x00001031   Thumb Code    70  iic.o(.text.IIC_Wait_Ack)
    KEY_Init                                 0x00001079   Thumb Code    18  key.o(.text.KEY_Init)
    Key_Scan2                                0x0000108d   Thumb Code   208  key.o(.text.Key_Scan2)
    LED_B_Off                                0x0000115d   Thumb Code    14  led.o(.text.LED_B_Off)
    LED_B_On                                 0x0000116d   Thumb Code    14  led.o(.text.LED_B_On)
    LED_G_Off                                0x0000117d   Thumb Code    14  led.o(.text.LED_G_Off)
    LED_G_On                                 0x0000118d   Thumb Code    14  led.o(.text.LED_G_On)
    LED_Init                                 0x0000119d   Thumb Code    56  led.o(.text.LED_Init)
    LED_R_On                                 0x000011d5   Thumb Code    14  led.o(.text.LED_R_On)
    MPU_Get_Gyroscope                        0x000011e5   Thumb Code    64  bsp_mpu6050.o(.text.MPU_Get_Gyroscope)
    MPU_Init                                 0x00001225   Thumb Code   218  bsp_mpu6050.o(.text.MPU_Init)
    MPU_Read_Len                             0x00001301   Thumb Code    86  bsp_mpu6050.o(.text.MPU_Read_Len)
    MPU_Write_Byte                           0x00001359   Thumb Code    72  bsp_mpu6050.o(.text.MPU_Write_Byte)
    MPU_Write_Len                            0x000013a1   Thumb Code    88  bsp_mpu6050.o(.text.MPU_Write_Len)
    Menudisplay                              0x000013f9   Thumb Code  1328  main.o(.text.Menudisplay)
    Motor_Init                               0x00001985   Thumb Code   214  bsp_motor.o(.text.Motor_Init)
    Motor_Init_bianmaqi                      0x00001a5d   Thumb Code   366  bsp_encoder.o(.text.Motor_Init_bianmaqi)
    OLED_Clear                               0x00001bcd   Thumb Code   554  oled.o(.text.OLED_Clear)
    OLED_Init                                0x00001df9   Thumb Code  3924  oled.o(.text.OLED_Init)
    OLED_Set_Pos                             0x00002d4d   Thumb Code   480  oled.o(.text.OLED_Set_Pos)
    OLED_ShowBNum                            0x00002f2d   Thumb Code   340  oled.o(.text.OLED_ShowBNum)
    OLED_ShowBin                             0x00003081   Thumb Code    76  oled.o(.text.OLED_ShowBin)
    OLED_ShowChar                            0x000030cd   Thumb Code   462  oled.o(.text.OLED_ShowChar)
    OLED_ShowNum                             0x0000329d   Thumb Code   174  oled.o(.text.OLED_ShowNum)
    OLED_ShowString                          0x0000334d   Thumb Code    60  oled.o(.text.OLED_ShowString)
    PID_Clear                                0x00003389   Thumb Code    12  bsp_pid.o(.text.PID_Clear)
    PID_param_init                           0x00003395   Thumb Code    30  bsp_pid.o(.text.PID_param_init)
    PID_realize                              0x000033b5   Thumb Code    74  bsp_pid.o(.text.PID_realize)
    PORT4_IRQHandler                         0x00003401   Thumb Code   462  bsp_encoder.o(.text.PORT4_IRQHandler)
    Reflectance_Init2                        0x000035d1   Thumb Code    16  reflectance.o(.text.Reflectance_Init2)
    Reflectance_Read2                        0x000035e1   Thumb Code    16  reflectance.o(.text.Reflectance_Read2)
    Send_medicine_car_task                   0x000035f1   Thumb Code  2680  main.o(.text.Send_medicine_car_task)
    Servo_Control2                           0x00004069   Thumb Code    84  bsp_servo.o(.text.Servo_Control2)
    Servo_Init                               0x000040bd   Thumb Code   104  bsp_servo.o(.text.Servo_Init)
    Servo_Scan2                              0x00004125   Thumb Code   108  bsp_servo.o(.text.Servo_Scan2)
    Set_PWM                                  0x00004191   Thumb Code   356  bsp_motor.o(.text.Set_PWM)
    Set_PWM2                                 0x000042f5   Thumb Code   356  bsp_motor.o(.text.Set_PWM2)
    SysInit1                                 0x00004459   Thumb Code   152  sysinit.o(.text.SysInit1)
    SystemInit                               0x000044f1   Thumb Code   106  system_msp432p401r.o(.text.SystemInit)
    T32_INT1_IRQHandler                      0x0000455d   Thumb Code    22  myconfig.o(.text.T32_INT1_IRQHandler)
    TA0_0_IRQHandler                         0x00004575   Thumb Code  2536  myconfig.o(.text.TA0_0_IRQHandler)
    TA2_N_IRQHandler                         0x00004f5d   Thumb Code   208  tima.o(.text.TA2_N_IRQHandler)
    TimA0_Int_Init                           0x0000502d   Thumb Code    84  tima.o(.text.TimA0_Int_Init)
    USART_SendCharArr                        0x00005081   Thumb Code    36  usart.o(.text.USART_SendCharArr)
    delay_init                               0x000050a5   Thumb Code    24  delay.o(.text.delay_init)
    delay_ms                                 0x000050bd   Thumb Code     2  delay.o(.text.delay_ms)
    delay_us                                 0x000050c1   Thumb Code     2  delay.o(.text.delay_us)
    dmp_read_fifo                            0x000050c5   Thumb Code   476  inv_mpu_dmp_motion_driver.o(.text.dmp_read_fifo)
    eusci_calcBaudDividers                   0x000052a1   Thumb Code   268  baudarte.o(.text.eusci_calcBaudDividers)
    fputc                                    0x000053ad   Thumb Code    22  usart.o(.text.fputc)
    main                                     0x000053c5   Thumb Code   524  main.o(.text.main)
    mget_ms                                  0x000055ed   Thumb Code     6  inv_mpu.o(.text.mget_ms)
    mpu_dmp_get_data                         0x000055f9   Thumb Code   396  inv_mpu.o(.text.mpu_dmp_get_data)
    mpu_read_fifo_stream                     0x00005785   Thumb Code   170  inv_mpu.o(.text.mpu_read_fifo_stream)
    mpu_reset_fifo                           0x00005831   Thumb Code   384  inv_mpu.o(.text.mpu_reset_fifo)
    protocol_data_recv                       0x000059b1   Thumb Code    94  protocol.o(.text.protocol_data_recv)
    protocol_init                            0x00005a11   Thumb Code    28  protocol.o(.text.protocol_init)
    set_computer_value                       0x00005a2d   Thumb Code   128  protocol.o(.text.set_computer_value)
    set_motor_disable                        0x00005aad   Thumb Code    14  bsp_motor.o(.text.set_motor_disable)
    set_motor_enable                         0x00005abd   Thumb Code    14  bsp_motor.o(.text.set_motor_enable)
    set_p_i_d                                0x00005acd   Thumb Code     8  bsp_pid.o(.text.set_p_i_d)
    set_pid_target                           0x00005ad5   Thumb Code     6  bsp_pid.o(.text.set_pid_target)
    track_car_task                           0x00005add   Thumb Code   144  main.o(.text.track_car_task)
    uart_init                                0x00005b6d   Thumb Code   106  usart.o(.text.uart_init)
    uart_init0                               0x00005bd9   Thumb Code   106  usart.o(.text.uart_init0)
    uart_init2                               0x00005c45   Thumb Code   106  usart.o(.text.uart_init2)
    CS_clearInterruptFlag                    0x00005cb1   Thumb Code    26  cs.o(i.CS_clearInterruptFlag)
    CS_getACLK                               0x00005cd5   Thumb Code    20  cs.o(i.CS_getACLK)
    CS_getDCOFrequency                       0x00005ced   Thumb Code   234  cs.o(i.CS_getDCOFrequency)
    CS_getMCLK                               0x00005df9   Thumb Code    20  cs.o(i.CS_getMCLK)
    CS_getSMCLK                              0x00005e11   Thumb Code    18  cs.o(i.CS_getSMCLK)
    CS_setExternalClockSourceFrequency       0x00005e29   Thumb Code     8  cs.o(i.CS_setExternalClockSourceFrequency)
    CS_startHFXT                             0x00005e35   Thumb Code     6  cs.o(i.CS_startHFXT)
    CS_startHFXTWithTimeout                  0x00005e3d   Thumb Code   144  cs.o(i.CS_startHFXTWithTimeout)
    CS_startLFXT                             0x00005edd   Thumb Code     6  cs.o(i.CS_startLFXT)
    CS_startLFXTWithTimeout                  0x00005ee5   Thumb Code   144  cs.o(i.CS_startLFXTWithTimeout)
    GPIO_getInputPinValue                    0x00005f85   Thumb Code    16  gpio.o(i.GPIO_getInputPinValue)
    GPIO_setAsInputPin                       0x00005f99   Thumb Code    32  gpio.o(i.GPIO_setAsInputPin)
    GPIO_setAsOutputPin                      0x00005fbd   Thumb Code    26  gpio.o(i.GPIO_setAsOutputPin)
    GPIO_setOutputHighOnPin                  0x00005fdd   Thumb Code    14  gpio.o(i.GPIO_setOutputHighOnPin)
    GPIO_setOutputLowOnPin                   0x00005ff1   Thumb Code    14  gpio.o(i.GPIO_setOutputLowOnPin)
    Interrupt_enableInterrupt                0x00006005   Thumb Code    84  interrupt.o(i.Interrupt_enableInterrupt)
    Interrupt_enableMaster                   0x00006061   Thumb Code    14  interrupt.o(i.Interrupt_enableMaster)
    SysCtl_A_disableNMISource                0x00006071   Thumb Code    10  sysctl_a.o(i.SysCtl_A_disableNMISource)
    SysCtl_A_enableNMISource                 0x00006081   Thumb Code    10  sysctl_a.o(i.SysCtl_A_enableNMISource)
    SysCtl_A_getNMISourceStatus              0x00006091   Thumb Code    10  sysctl_a.o(i.SysCtl_A_getNMISourceStatus)
    SysCtl_A_getTLVInfo                      0x000060a1   Thumb Code    64  sysctl_a.o(i.SysCtl_A_getTLVInfo)
    Timer_A_getCaptureCompareCount           0x000060e9   Thumb Code    16  timer_a.o(i.Timer_A_getCaptureCompareCount)
    Timer_A_setCompareValue                  0x000060f9   Thumb Code    16  timer_a.o(i.Timer_A_setCompareValue)
    UART_enableInterrupt                     0x00006109   Thumb Code    22  uart.o(i.UART_enableInterrupt)
    UART_getEnabledInterruptStatus           0x0000611f   Thumb Code    38  uart.o(i.UART_getEnabledInterruptStatus)
    UART_initModule                          0x00006145   Thumb Code   146  uart.o(i.UART_initModule)
    UART_transmitData                        0x000061d7   Thumb Code    22  uart.o(i.UART_transmitData)
    __0printf$8                              0x00006345   Thumb Code    22  printf8.o(i.__0printf$8)
    __1printf$8                              0x00006345   Thumb Code     0  printf8.o(i.__0printf$8)
    __2printf                                0x00006345   Thumb Code     0  printf8.o(i.__0printf$8)
    __ARM_fpclassify                         0x00006365   Thumb Code    48  fpclassify.o(i.__ARM_fpclassify)
    __hardfp_asin                            0x00006399   Thumb Code   770  asin.o(i.__hardfp_asin)
    __hardfp_atan                            0x000066f9   Thumb Code   622  atan.o(i.__hardfp_atan)
    __hardfp_atan2                           0x000069d1   Thumb Code   448  atan2.o(i.__hardfp_atan2)
    __kernel_poly                            0x00006bd1   Thumb Code   248  poly.o(i.__kernel_poly)
    __mathlib_dbl_infnan                     0x00006cc9   Thumb Code    20  dunder.o(i.__mathlib_dbl_infnan)
    __mathlib_dbl_infnan2                    0x00006cdd   Thumb Code    20  dunder.o(i.__mathlib_dbl_infnan2)
    __mathlib_dbl_invalid                    0x00006cf1   Thumb Code    24  dunder.o(i.__mathlib_dbl_invalid)
    __mathlib_dbl_underflow                  0x00006d11   Thumb Code    24  dunder.o(i.__mathlib_dbl_underflow)
    __scatterload_copy                       0x00006d31   Thumb Code    14  handlers.o(i.__scatterload_copy)
    __scatterload_null                       0x00006d3f   Thumb Code     2  handlers.o(i.__scatterload_null)
    __scatterload_zeroinit                   0x00006d41   Thumb Code    14  handlers.o(i.__scatterload_zeroinit)
    __set_errno                              0x00006d51   Thumb Code     6  errno.o(i.__set_errno)
    atan                                     0x000071bf   Thumb Code    16  atan.o(i.atan)
    fabs                                     0x000071cf   Thumb Code    24  fabs.o(i.fabs)
    sqrt                                     0x000071e7   Thumb Code   110  sqrt.o(i.sqrt)
    __mathlib_zero                           0x00007418   Data           8  qnan.o(.constdata)
    asc2_0806                                0x00007420   Data         570  oled.o(.rodata.asc2_0806)
    asc2_1608                                0x0000765a   Data        1520  oled.o(.rodata.asc2_1608)
    hw                                       0x00007c4a   Data          12  inv_mpu.o(.rodata.hw)
    reg                                      0x00007c56   Data          27  inv_mpu.o(.rodata.reg)
    test                                     0x00007c74   Data          40  inv_mpu.o(.rodata.test)
    Region$$Table$$Base                      0x00007c9c   Number         0  anon$$obj.o(Region$$Table)
    Region$$Table$$Limit                     0x00007cbc   Number         0  anon$$obj.o(Region$$Table)
    __stdout                                 0x20000008   Data           4  stdout.o(.data)
    Delay10msCnt                             0x20000040   Data           2  myconfig.o(.bss.Delay10msCnt)
    Dir_pid                                  0x20000044   Data          40  bsp_pid.o(.bss.Dir_pid)
    Dir_pid2                                 0x2000006c   Data          40  bsp_pid.o(.bss.Dir_pid2)
    Encoder                                  0x20000094   Data          64  bsp_encoder.o(.bss.Encoder)
    Flag                                     0x200000d4   Data         116  myconfig.o(.bss.Flag)
    Keys                                     0x20000155   Data          16  key.o(.bss.Keys)
    Last_Num                                 0x20000168   Data           4  myconfig.o(.bss.Last_Num)
    Last_Reflectance_Data                    0x2000016c   Data           1  myconfig.o(.bss.Last_Reflectance_Data)
    Motor_enable_Flag                        0x2000016f   Data           1  bsp_motor.o(.bss.Motor_enable_Flag)
    Num_Count                                0x20000170   Data           1  myconfig.o(.bss.Num_Count)
    Num_Count2                               0x20000171   Data           1  myconfig.o(.bss.Num_Count2)
    Num_Count3                               0x20000172   Data           1  myconfig.o(.bss.Num_Count3)
    PWMtemp1                                 0x20000174   Data           4  myconfig.o(.bss.PWMtemp1)
    PWMtemp2                                 0x20000178   Data           4  myconfig.o(.bss.PWMtemp2)
    PWMtemp3                                 0x2000017c   Data           4  myconfig.o(.bss.PWMtemp3)
    PWMtemp4                                 0x20000180   Data           4  myconfig.o(.bss.PWMtemp4)
    Recive_Byte                              0x20000184   Data           1  myconfig.o(.bss.Recive_Byte)
    Reflectance_Data                         0x20000185   Data           1  myconfig.o(.bss.Reflectance_Data)
    SensorData1                              0x20000188   Data           8  k210.o(.bss.SensorData1)
    Sensor_Num_Temp                          0x20000190   Data           4  myconfig.o(.bss.Sensor_Num_Temp)
    TIMA2_CAP_STA                            0x20000198   Data           1  tima.o(.bss.TIMA2_CAP_STA)
    TIMA2_CAP_VAL                            0x2000019a   Data           2  tima.o(.bss.TIMA2_CAP_VAL)
    TempData                                 0x2000019c   Data           1  myconfig.o(.bss.TempData)
    Temp_Angle                               0x2000019d   Data           1  myconfig.o(.bss.Temp_Angle)
    Temp_Num                                 0x200001a0   Data           4  myconfig.o(.bss.Temp_Num)
    flag_car1_task1                          0x200001af   Data           1  myconfig.o(.bss.flag_car1_task1)
    move_pid                                 0x200001b0   Data          40  bsp_pid.o(.bss.move_pid)
    move_pid2                                0x200001d8   Data          40  bsp_pid.o(.bss.move_pid2)
    move_pid3                                0x20000200   Data          40  bsp_pid.o(.bss.move_pid3)
    move_pid4                                0x20000228   Data          40  bsp_pid.o(.bss.move_pid4)
    speed_pid                                0x200002ec   Data          40  bsp_pid.o(.bss.speed_pid)
    speed_pid2                               0x20000314   Data          40  bsp_pid.o(.bss.speed_pid2)
    speed_pid3                               0x2000033c   Data          40  bsp_pid.o(.bss.speed_pid3)
    speed_pid4                               0x20000364   Data          40  bsp_pid.o(.bss.speed_pid4)
    __initial_sp                             0x20000590   Data           0  startup_msp432p401r_uvision.o(STACK)



==============================================================================

Memory Map of the image

  Image Entry point : 0x00000145

  Load Region LR_IROM1 (Base: 0x00000000, Size: 0x00007d00, Max: 0x00040000, ABSOLUTE)

    Execution Region ER_IROM1 (Exec base: 0x00000000, Load base: 0x00000000, Size: 0x00007cbc, Max: 0x00040000, ABSOLUTE)

    Exec Addr    Load Addr    Size         Type   Attr      Idx    E Section Name        Object

    0x00000000   0x00000000   0x00000144   Data   RO          699    RESET               startup_msp432p401r_uvision.o
    0x00000144   0x00000144   0x00000000   Code   RO         1771  * .ARM.Collect$$$$00000000  mc_w.l(entry.o)
    0x00000144   0x00000144   0x00000004   Code   RO         2099    .ARM.Collect$$$$00000001  mc_w.l(entry2.o)
    0x00000148   0x00000148   0x00000004   Code   RO         2102    .ARM.Collect$$$$00000004  mc_w.l(entry5.o)
    0x0000014c   0x0000014c   0x00000000   Code   RO         2104    .ARM.Collect$$$$00000008  mc_w.l(entry7b.o)
    0x0000014c   0x0000014c   0x00000000   Code   RO         2106    .ARM.Collect$$$$0000000A  mc_w.l(entry8b.o)
    0x0000014c   0x0000014c   0x00000008   Code   RO         2107    .ARM.Collect$$$$0000000B  mc_w.l(entry9a.o)
    0x00000154   0x00000154   0x00000000   Code   RO         2109    .ARM.Collect$$$$0000000D  mc_w.l(entry10a.o)
    0x00000154   0x00000154   0x00000000   Code   RO         2111    .ARM.Collect$$$$0000000F  mc_w.l(entry11a.o)
    0x00000154   0x00000154   0x00000004   Code   RO         2100    .ARM.Collect$$$$00002712  mc_w.l(entry2.o)
    0x00000158   0x00000158   0x00000026   Code   RO         1607    .emb_text           msp432p4xx_driverlib.lib(cpu.o)
    0x0000017e   0x0000017e   0x00000002   PAD
    0x00000180   0x00000180   0x00000024   Code   RO          700    .text               startup_msp432p401r_uvision.o
    0x000001a4   0x000001a4   0x00000024   Code   RO         1780    .text               mc_w.l(memcpya.o)
    0x000001c8   0x000001c8   0x00000024   Code   RO         1782    .text               mc_w.l(memseta.o)
    0x000001ec   0x000001ec   0x0000014e   Code   RO         2049    .text               mf_w.l(dadd.o)
    0x0000033a   0x0000033a   0x000000e4   Code   RO         2051    .text               mf_w.l(dmul.o)
    0x0000041e   0x0000041e   0x000000de   Code   RO         2053    .text               mf_w.l(ddiv.o)
    0x000004fc   0x000004fc   0x00000026   Code   RO         2057    .text               mf_w.l(f2d.o)
    0x00000522   0x00000522   0x00000038   Code   RO         2059    .text               mf_w.l(d2f.o)
    0x0000055a   0x0000055a   0x00000062   Code   RO         2125    .text               mc_w.l(uldiv.o)
    0x000005bc   0x000005bc   0x0000001e   Code   RO         2127    .text               mc_w.l(llshl.o)
    0x000005da   0x000005da   0x00000024   Code   RO         2129    .text               mc_w.l(llsshr.o)
    0x000005fe   0x000005fe   0x00000000   Code   RO         2138    .text               mc_w.l(iusefp.o)
    0x000005fe   0x000005fe   0x0000006e   Code   RO         2139    .text               mf_w.l(fepilogue.o)
    0x0000066c   0x0000066c   0x000000ba   Code   RO         2141    .text               mf_w.l(depilogue.o)
    0x00000726   0x00000726   0x00000002   PAD
    0x00000728   0x00000728   0x00000030   Code   RO         2147    .text               mf_w.l(cdcmple.o)
    0x00000758   0x00000758   0x00000024   Code   RO         2151    .text               mc_w.l(init.o)
    0x0000077c   0x0000077c   0x00000020   Code   RO         2153    .text               mc_w.l(llushr.o)
    0x0000079c   0x0000079c   0x000000a2   Code   RO         2155    .text               mf_w.l(dsqrt.o)
    0x0000083e   0x0000083e   0x00000002   PAD
    0x00000840   0x00000840   0x0000009c   Code   RO          662    .text.CTRL_compute_Direction  control.o
    0x000008dc   0x000008dc   0x00000188   Code   RO          664    .text.CTRL_compute_Position  control.o
    0x00000a64   0x00000a64   0x00000124   Code   RO          666    .text.CTRL_compute_Speed  control.o
    0x00000b88   0x00000b88   0x00000072   Code   RO          668    .text.Car_Go        control.o
    0x00000bfa   0x00000bfa   0x00000002   PAD
    0x00000bfc   0x00000bfc   0x000000bc   Code   RO          670    .text.Car_Spin      control.o
    0x00000cb8   0x00000cb8   0x00000038   Code   RO           29    .text.EUSCIA0_IRQHandler  myconfig.o
    0x00000cf0   0x00000cf0   0x00000032   Code   RO           31    .text.EUSCIA2_IRQHandler  myconfig.o
    0x00000d22   0x00000d22   0x00000002   PAD
    0x00000d24   0x00000d24   0x00000038   Code   RO           33    .text.EUSCIA3_IRQHandler  myconfig.o
    0x00000d5c   0x00000d5c   0x00000074   Code   RO           71    .text.Encoder_Scan  bsp_encoder.o
    0x00000dd0   0x00000dd0   0x000000c8   Code   RO          686    .text.Get_Data_To_Array  k210.o
    0x00000e98   0x00000e98   0x00000026   Code   RO          360    .text.IIC_Init      iic.o
    0x00000ebe   0x00000ebe   0x00000002   PAD
    0x00000ec0   0x00000ec0   0x00000086   Code   RO          374    .text.IIC_Read_Byte  iic.o
    0x00000f46   0x00000f46   0x00000002   PAD
    0x00000f48   0x00000f48   0x00000070   Code   RO          372    .text.IIC_Send_Byte  iic.o
    0x00000fb8   0x00000fb8   0x0000003a   Code   RO          362    .text.IIC_Start     iic.o
    0x00000ff2   0x00000ff2   0x00000002   PAD
    0x00000ff4   0x00000ff4   0x0000003a   Code   RO          364    .text.IIC_Stop      iic.o
    0x0000102e   0x0000102e   0x00000002   PAD
    0x00001030   0x00001030   0x00000046   Code   RO          366    .text.IIC_Wait_Ack  iic.o
    0x00001076   0x00001076   0x00000002   PAD
    0x00001078   0x00001078   0x00000012   Code   RO           84    .text.KEY_Init      key.o
    0x0000108a   0x0000108a   0x00000002   PAD
    0x0000108c   0x0000108c   0x000000d0   Code   RO           90    .text.Key_Scan2     key.o
    0x0000115c   0x0000115c   0x0000000e   Code   RO          112    .text.LED_B_Off     led.o
    0x0000116a   0x0000116a   0x00000002   PAD
    0x0000116c   0x0000116c   0x0000000e   Code   RO          122    .text.LED_B_On      led.o
    0x0000117a   0x0000117a   0x00000002   PAD
    0x0000117c   0x0000117c   0x0000000e   Code   RO          110    .text.LED_G_Off     led.o
    0x0000118a   0x0000118a   0x00000002   PAD
    0x0000118c   0x0000118c   0x0000000e   Code   RO          120    .text.LED_G_On      led.o
    0x0000119a   0x0000119a   0x00000002   PAD
    0x0000119c   0x0000119c   0x00000038   Code   RO          104    .text.LED_Init      led.o
    0x000011d4   0x000011d4   0x0000000e   Code   RO          118    .text.LED_R_On      led.o
    0x000011e2   0x000011e2   0x00000002   PAD
    0x000011e4   0x000011e4   0x00000040   Code   RO          402    .text.MPU_Get_Gyroscope  bsp_mpu6050.o
    0x00001224   0x00001224   0x000000da   Code   RO          384    .text.MPU_Init      bsp_mpu6050.o
    0x000012fe   0x000012fe   0x00000002   PAD
    0x00001300   0x00001300   0x00000056   Code   RO          400    .text.MPU_Read_Len  bsp_mpu6050.o
    0x00001356   0x00001356   0x00000002   PAD
    0x00001358   0x00001358   0x00000048   Code   RO          386    .text.MPU_Write_Byte  bsp_mpu6050.o
    0x000013a0   0x000013a0   0x00000058   Code   RO          406    .text.MPU_Write_Len  bsp_mpu6050.o
    0x000013f8   0x000013f8   0x0000058c   Code   RO            4    .text.Menudisplay   main.o
    0x00001984   0x00001984   0x000000d6   Code   RO          149    .text.Motor_Init    bsp_motor.o
    0x00001a5a   0x00001a5a   0x00000002   PAD
    0x00001a5c   0x00001a5c   0x0000016e   Code   RO           69    .text.Motor_Init_bianmaqi  bsp_encoder.o
    0x00001bca   0x00001bca   0x00000002   PAD
    0x00001bcc   0x00001bcc   0x0000022a   Code   RO          195    .text.OLED_Clear    oled.o
    0x00001df6   0x00001df6   0x00000002   PAD
    0x00001df8   0x00001df8   0x00000f54   Code   RO          215    .text.OLED_Init     oled.o
    0x00002d4c   0x00002d4c   0x000001e0   Code   RO          189    .text.OLED_Set_Pos  oled.o
    0x00002f2c   0x00002f2c   0x00000154   Code   RO          205    .text.OLED_ShowBNum  oled.o
    0x00003080   0x00003080   0x0000004c   Code   RO          207    .text.OLED_ShowBin  oled.o
    0x000030cc   0x000030cc   0x000001ce   Code   RO          197    .text.OLED_ShowChar  oled.o
    0x0000329a   0x0000329a   0x00000002   PAD
    0x0000329c   0x0000329c   0x000000ae   Code   RO          201    .text.OLED_ShowNum  oled.o
    0x0000334a   0x0000334a   0x00000002   PAD
    0x0000334c   0x0000334c   0x0000003c   Code   RO          209    .text.OLED_ShowString  oled.o
    0x00003388   0x00003388   0x0000000c   Code   RO          616    .text.PID_Clear     bsp_pid.o
    0x00003394   0x00003394   0x0000001e   Code   RO          606    .text.PID_param_init  bsp_pid.o
    0x000033b2   0x000033b2   0x00000002   PAD
    0x000033b4   0x000033b4   0x0000004a   Code   RO          614    .text.PID_realize   bsp_pid.o
    0x000033fe   0x000033fe   0x00000002   PAD
    0x00003400   0x00003400   0x000001ce   Code   RO           73    .text.PORT4_IRQHandler  bsp_encoder.o
    0x000035ce   0x000035ce   0x00000002   PAD
    0x000035d0   0x000035d0   0x00000010   Code   RO          228    .text.Reflectance_Init2  reflectance.o
    0x000035e0   0x000035e0   0x00000010   Code   RO          230    .text.Reflectance_Read2  reflectance.o
    0x000035f0   0x000035f0   0x00000a78   Code   RO            8    .text.Send_medicine_car_task  main.o
    0x00004068   0x00004068   0x00000054   Code   RO          258    .text.Servo_Control2  bsp_servo.o
    0x000040bc   0x000040bc   0x00000068   Code   RO          254    .text.Servo_Init    bsp_servo.o
    0x00004124   0x00004124   0x0000006c   Code   RO          262    .text.Servo_Scan2   bsp_servo.o
    0x00004190   0x00004190   0x00000164   Code   RO          155    .text.Set_PWM       bsp_motor.o
    0x000042f4   0x000042f4   0x00000164   Code   RO          157    .text.Set_PWM2      bsp_motor.o
    0x00004458   0x00004458   0x00000098   Code   RO          338    .text.SysInit1      sysinit.o
    0x000044f0   0x000044f0   0x0000006a   Code   RO          709    .text.SystemInit    system_msp432p401r.o
    0x0000455a   0x0000455a   0x00000002   PAD
    0x0000455c   0x0000455c   0x00000016   Code   RO           27    .text.T32_INT1_IRQHandler  myconfig.o
    0x00004572   0x00004572   0x00000002   PAD
    0x00004574   0x00004574   0x000009e8   Code   RO           25    .text.TA0_0_IRQHandler  myconfig.o
    0x00004f5c   0x00004f5c   0x000000d0   Code   RO          287    .text.TA2_N_IRQHandler  tima.o
    0x0000502c   0x0000502c   0x00000054   Code   RO          291    .text.TimA0_Int_Init  tima.o
    0x00005080   0x00005080   0x00000024   Code   RO          314    .text.USART_SendCharArr  usart.o
    0x000050a4   0x000050a4   0x00000018   Code   RO          346    .text.delay_init    delay.o
    0x000050bc   0x000050bc   0x00000002   Code   RO          350    .text.delay_ms      delay.o
    0x000050be   0x000050be   0x00000002   PAD
    0x000050c0   0x000050c0   0x00000002   Code   RO          348    .text.delay_us      delay.o
    0x000050c2   0x000050c2   0x00000002   PAD
    0x000050c4   0x000050c4   0x000001dc   Code   RO          464    .text.dmp_read_fifo  inv_mpu_dmp_motion_driver.o
    0x000052a0   0x000052a0   0x0000010c   Code   RO          328    .text.eusci_calcBaudDividers  baudarte.o
    0x000053ac   0x000053ac   0x00000016   Code   RO          306    .text.fputc         usart.o
    0x000053c2   0x000053c2   0x00000002   PAD
    0x000053c4   0x000053c4   0x00000228   Code   RO            2    .text.main          main.o
    0x000055ec   0x000055ec   0x00000006   Code   RO          520    .text.mget_ms       inv_mpu.o
    0x000055f2   0x000055f2   0x00000006   PAD
    0x000055f8   0x000055f8   0x0000018c   Code   RO          588    .text.mpu_dmp_get_data  inv_mpu.o
    0x00005784   0x00005784   0x000000aa   Code   RO          554    .text.mpu_read_fifo_stream  inv_mpu.o
    0x0000582e   0x0000582e   0x00000002   PAD
    0x00005830   0x00005830   0x00000180   Code   RO          528    .text.mpu_reset_fifo  inv_mpu.o
    0x000059b0   0x000059b0   0x0000005e   Code   RO          640    .text.protocol_data_recv  protocol.o
    0x00005a0e   0x00005a0e   0x00000002   PAD
    0x00005a10   0x00005a10   0x0000001c   Code   RO          642    .text.protocol_init  protocol.o
    0x00005a2c   0x00005a2c   0x00000080   Code   RO          646    .text.set_computer_value  protocol.o
    0x00005aac   0x00005aac   0x0000000e   Code   RO          161    .text.set_motor_disable  bsp_motor.o
    0x00005aba   0x00005aba   0x00000002   PAD
    0x00005abc   0x00005abc   0x0000000e   Code   RO          159    .text.set_motor_enable  bsp_motor.o
    0x00005aca   0x00005aca   0x00000002   PAD
    0x00005acc   0x00005acc   0x00000008   Code   RO          612    .text.set_p_i_d     bsp_pid.o
    0x00005ad4   0x00005ad4   0x00000006   Code   RO          608    .text.set_pid_target  bsp_pid.o
    0x00005ada   0x00005ada   0x00000002   PAD
    0x00005adc   0x00005adc   0x00000090   Code   RO            6    .text.track_car_task  main.o
    0x00005b6c   0x00005b6c   0x0000006a   Code   RO          310    .text.uart_init     usart.o
    0x00005bd6   0x00005bd6   0x00000002   PAD
    0x00005bd8   0x00005bd8   0x0000006a   Code   RO          308    .text.uart_init0    usart.o
    0x00005c42   0x00005c42   0x00000002   PAD
    0x00005c44   0x00005c44   0x0000006a   Code   RO          312    .text.uart_init2    usart.o
    0x00005cae   0x00005cae   0x00000002   PAD
    0x00005cb0   0x00005cb0   0x00000024   Code   RO          722    i.CS_clearInterruptFlag  msp432p4xx_driverlib.lib(cs.o)
    0x00005cd4   0x00005cd4   0x00000018   Code   RO          731    i.CS_getACLK        msp432p4xx_driverlib.lib(cs.o)
    0x00005cec   0x00005cec   0x0000010c   Code   RO          733    i.CS_getDCOFrequency  msp432p4xx_driverlib.lib(cs.o)
    0x00005df8   0x00005df8   0x00000018   Code   RO          737    i.CS_getMCLK        msp432p4xx_driverlib.lib(cs.o)
    0x00005e10   0x00005e10   0x00000018   Code   RO          738    i.CS_getSMCLK       msp432p4xx_driverlib.lib(cs.o)
    0x00005e28   0x00005e28   0x0000000c   Code   RO          745    i.CS_setExternalClockSourceFrequency  msp432p4xx_driverlib.lib(cs.o)
    0x00005e34   0x00005e34   0x00000006   Code   RO          748    i.CS_startHFXT      msp432p4xx_driverlib.lib(cs.o)
    0x00005e3a   0x00005e3a   0x00000002   PAD
    0x00005e3c   0x00005e3c   0x000000a0   Code   RO          749    i.CS_startHFXTWithTimeout  msp432p4xx_driverlib.lib(cs.o)
    0x00005edc   0x00005edc   0x00000006   Code   RO          750    i.CS_startLFXT      msp432p4xx_driverlib.lib(cs.o)
    0x00005ee2   0x00005ee2   0x00000002   PAD
    0x00005ee4   0x00005ee4   0x000000a0   Code   RO          751    i.CS_startLFXTWithTimeout  msp432p4xx_driverlib.lib(cs.o)
    0x00005f84   0x00005f84   0x00000014   Code   RO          994    i.GPIO_getInputPinValue  msp432p4xx_driverlib.lib(gpio.o)
    0x00005f98   0x00005f98   0x00000024   Code   RO          998    i.GPIO_setAsInputPin  msp432p4xx_driverlib.lib(gpio.o)
    0x00005fbc   0x00005fbc   0x00000020   Code   RO         1001    i.GPIO_setAsOutputPin  msp432p4xx_driverlib.lib(gpio.o)
    0x00005fdc   0x00005fdc   0x00000014   Code   RO         1006    i.GPIO_setOutputHighOnPin  msp432p4xx_driverlib.lib(gpio.o)
    0x00005ff0   0x00005ff0   0x00000014   Code   RO         1007    i.GPIO_setOutputLowOnPin  msp432p4xx_driverlib.lib(gpio.o)
    0x00006004   0x00006004   0x0000005c   Code   RO         1137    i.Interrupt_enableInterrupt  msp432p4xx_driverlib.lib(interrupt.o)
    0x00006060   0x00006060   0x0000000e   Code   RO         1138    i.Interrupt_enableMaster  msp432p4xx_driverlib.lib(interrupt.o)
    0x0000606e   0x0000606e   0x00000002   PAD
    0x00006070   0x00006070   0x00000010   Code   RO         1630    i.SysCtl_A_disableNMISource  msp432p4xx_driverlib.lib(sysctl_a.o)
    0x00006080   0x00006080   0x00000010   Code   RO         1635    i.SysCtl_A_enableNMISource  msp432p4xx_driverlib.lib(sysctl_a.o)
    0x00006090   0x00006090   0x00000010   Code   RO         1641    i.SysCtl_A_getNMISourceStatus  msp432p4xx_driverlib.lib(sysctl_a.o)
    0x000060a0   0x000060a0   0x00000048   Code   RO         1643    i.SysCtl_A_getTLVInfo  msp432p4xx_driverlib.lib(sysctl_a.o)
    0x000060e8   0x000060e8   0x00000010   Code   RO         1287    i.Timer_A_getCaptureCompareCount  msp432p4xx_driverlib.lib(timer_a.o)
    0x000060f8   0x000060f8   0x00000010   Code   RO         1298    i.Timer_A_setCompareValue  msp432p4xx_driverlib.lib(timer_a.o)
    0x00006108   0x00006108   0x00000016   Code   RO         1466    i.UART_enableInterrupt  msp432p4xx_driverlib.lib(uart.o)
    0x0000611e   0x0000611e   0x00000026   Code   RO         1468    i.UART_getEnabledInterruptStatus  msp432p4xx_driverlib.lib(uart.o)
    0x00006144   0x00006144   0x00000092   Code   RO         1472    i.UART_initModule   msp432p4xx_driverlib.lib(uart.o)
    0x000061d6   0x000061d6   0x00000016   Code   RO         1481    i.UART_transmitData  msp432p4xx_driverlib.lib(uart.o)
    0x000061ec   0x000061ec   0x000000c0   Code   RO          754    i._CSComputeCLKFrequency  msp432p4xx_driverlib.lib(cs.o)
    0x000062ac   0x000062ac   0x00000098   Code   RO          755    i._CSGetHFXTFrequency  msp432p4xx_driverlib.lib(cs.o)
    0x00006344   0x00006344   0x00000020   Code   RO         1995    i.__0printf$8       mc_w.l(printf8.o)
    0x00006364   0x00006364   0x00000030   Code   RO         2088    i.__ARM_fpclassify  m_wm.l(fpclassify.o)
    0x00006394   0x00006394   0x00000004   PAD
    0x00006398   0x00006398   0x00000360   Code   RO         1758    i.__hardfp_asin     m_wm.l(asin.o)
    0x000066f8   0x000066f8   0x000002d8   Code   RO         2061    i.__hardfp_atan     m_wm.l(atan.o)
    0x000069d0   0x000069d0   0x00000200   Code   RO         1765    i.__hardfp_atan2    m_wm.l(atan2.o)
    0x00006bd0   0x00006bd0   0x000000f8   Code   RO         2090    i.__kernel_poly     m_wm.l(poly.o)
    0x00006cc8   0x00006cc8   0x00000014   Code   RO         2069    i.__mathlib_dbl_infnan  m_wm.l(dunder.o)
    0x00006cdc   0x00006cdc   0x00000014   Code   RO         2070    i.__mathlib_dbl_infnan2  m_wm.l(dunder.o)
    0x00006cf0   0x00006cf0   0x00000020   Code   RO         2071    i.__mathlib_dbl_invalid  m_wm.l(dunder.o)
    0x00006d10   0x00006d10   0x00000020   Code   RO         2074    i.__mathlib_dbl_underflow  m_wm.l(dunder.o)
    0x00006d30   0x00006d30   0x0000000e   Code   RO         2159    i.__scatterload_copy  mc_w.l(handlers.o)
    0x00006d3e   0x00006d3e   0x00000002   Code   RO         2160    i.__scatterload_null  mc_w.l(handlers.o)
    0x00006d40   0x00006d40   0x0000000e   Code   RO         2161    i.__scatterload_zeroinit  mc_w.l(handlers.o)
    0x00006d4e   0x00006d4e   0x00000002   PAD
    0x00006d50   0x00006d50   0x0000000c   Code   RO         2133    i.__set_errno       mc_w.l(errno.o)
    0x00006d5c   0x00006d5c   0x00000410   Code   RO         2002    i._printf_core      mc_w.l(printf8.o)
    0x0000716c   0x0000716c   0x00000024   Code   RO         2003    i._printf_post_padding  mc_w.l(printf8.o)
    0x00007190   0x00007190   0x0000002e   Code   RO         2004    i._printf_pre_padding  mc_w.l(printf8.o)
    0x000071be   0x000071be   0x00000010   Code   RO         2063    i.atan              m_wm.l(atan.o)
    0x000071ce   0x000071ce   0x00000018   Code   RO         2084    i.fabs              m_wm.l(fabs.o)
    0x000071e6   0x000071e6   0x0000006e   Code   RO         2095    i.sqrt              m_wm.l(sqrt.o)
    0x00007254   0x00007254   0x0000004c   Data   RO         1010    .constdata          msp432p4xx_driverlib.lib(gpio.o)
    0x000072a0   0x000072a0   0x00000090   Data   RO         1153    .constdata          msp432p4xx_driverlib.lib(interrupt.o)
    0x00007330   0x00007330   0x00000050   Data   RO         1761    .constdata          m_wm.l(asin.o)
    0x00007380   0x00007380   0x00000098   Data   RO         2064    .constdata          m_wm.l(atan.o)
    0x00007418   0x00007418   0x00000008   Data   RO         2092    .constdata          m_wm.l(qnan.o)
    0x00007420   0x00007420   0x0000023a   Data   RO          217    .rodata.asc2_0806   oled.o
    0x0000765a   0x0000765a   0x000005f0   Data   RO          218    .rodata.asc2_1608   oled.o
    0x00007c4a   0x00007c4a   0x0000000c   Data   RO          591    .rodata.hw          inv_mpu.o
    0x00007c56   0x00007c56   0x0000001b   Data   RO          590    .rodata.reg         inv_mpu.o
    0x00007c71   0x00007c71   0x00000003   PAD
    0x00007c74   0x00007c74   0x00000028   Data   RO          592    .rodata.test        inv_mpu.o
    0x00007c9c   0x00007c9c   0x00000020   Data   RO         2158    Region$$Table       anon$$obj.o


    Execution Region RW_IRAM1 (Exec base: 0x20000000, Load base: 0x00007cc0, Size: 0x00000590, Max: 0x00010000, ABSOLUTE)

    Exec Addr    Load Addr    Size         Type   Attr      Idx    E Section Name        Object

    0x20000000   0x00007cc0   0x00000008   Data   RW          756    .data               msp432p4xx_driverlib.lib(cs.o)
    0x20000008   0x00007cc8   0x00000004   Data   RW         2113    .data               mc_w.l(stdout.o)
    0x2000000c   0x00007ccc   0x00000004   Data   RW         2134    .data               mc_w.l(errno.o)
    0x20000010   0x00007cd0   0x0000002c   Data   RW          593    .data.st            inv_mpu.o
    0x2000003c   0x00007cfc   0x00000004   PAD
    0x20000040        -       0x00000002   Zero   RW           35    .bss.Delay10msCnt   myconfig.o
    0x20000042   0x00007cfc   0x00000002   PAD
    0x20000044        -       0x00000028   Zero   RW          628    .bss.Dir_pid        bsp_pid.o
    0x2000006c        -       0x00000028   Zero   RW          629    .bss.Dir_pid2       bsp_pid.o
    0x20000094        -       0x00000040   Zero   RW           75    .bss.Encoder        bsp_encoder.o
    0x200000d4        -       0x00000074   Zero   RW           44    .bss.Flag           myconfig.o
    0x20000148        -       0x0000000c   Zero   RW          689    .bss.Get_Data_To_Array.Rec_Buff  k210.o
    0x20000154        -       0x00000001   Zero   RW          688    .bss.Get_Data_To_Array.Rec_State  k210.o
    0x20000155        -       0x00000010   Zero   RW           92    .bss.Keys           key.o
    0x20000165   0x00007cfc   0x00000003   PAD
    0x20000168        -       0x00000004   Zero   RW           50    .bss.Last_Num       myconfig.o
    0x2000016c        -       0x00000001   Zero   RW           45    .bss.Last_Reflectance_Data  myconfig.o
    0x2000016d        -       0x00000001   Zero   RW           15    .bss.Menudisplay.New_State  main.o
    0x2000016e        -       0x00000001   Zero   RW           14    .bss.Menudisplay.State  main.o
    0x2000016f        -       0x00000001   Zero   RW          163    .bss.Motor_enable_Flag  bsp_motor.o
    0x20000170        -       0x00000001   Zero   RW           40    .bss.Num_Count      myconfig.o
    0x20000171        -       0x00000001   Zero   RW           41    .bss.Num_Count2     myconfig.o
    0x20000172        -       0x00000001   Zero   RW           42    .bss.Num_Count3     myconfig.o
    0x20000173   0x00007cfc   0x00000001   PAD
    0x20000174        -       0x00000004   Zero   RW           53    .bss.PWMtemp1       myconfig.o
    0x20000178        -       0x00000004   Zero   RW           54    .bss.PWMtemp2       myconfig.o
    0x2000017c        -       0x00000004   Zero   RW           55    .bss.PWMtemp3       myconfig.o
    0x20000180        -       0x00000004   Zero   RW           56    .bss.PWMtemp4       myconfig.o
    0x20000184        -       0x00000001   Zero   RW           57    .bss.Recive_Byte    myconfig.o
    0x20000185        -       0x00000001   Zero   RW           43    .bss.Reflectance_Data  myconfig.o
    0x20000186        -       0x00000001   Zero   RW           13    .bss.Send_medicine_car_task.Last_Num  main.o
    0x20000187        -       0x00000001   Zero   RW           12    .bss.Send_medicine_car_task.Last_Num2  main.o
    0x20000188        -       0x00000008   Zero   RW          690    .bss.SensorData1    k210.o
    0x20000190        -       0x00000004   Zero   RW           48    .bss.Sensor_Num_Temp  myconfig.o
    0x20000194        -       0x00000001   Zero   RW          264    .bss.Servo_Scan2.i  bsp_servo.o
    0x20000195        -       0x00000001   Zero   RW           49    .bss.TA0_0_IRQHandler.Last_Num2  myconfig.o
    0x20000196        -       0x00000001   Zero   RW           51    .bss.TA0_0_IRQHandler.Last_Num3  myconfig.o
    0x20000197        -       0x00000001   Zero   RW           52    .bss.TA0_0_IRQHandler.Last_Num4  myconfig.o
    0x20000198        -       0x00000001   Zero   RW          294    .bss.TIMA2_CAP_STA  tima.o
    0x20000199   0x00007cfc   0x00000001   PAD
    0x2000019a        -       0x00000002   Zero   RW          295    .bss.TIMA2_CAP_VAL  tima.o
    0x2000019c        -       0x00000001   Zero   RW           58    .bss.TempData       myconfig.o
    0x2000019d        -       0x00000001   Zero   RW           47    .bss.Temp_Angle     myconfig.o
    0x2000019e   0x00007cfc   0x00000002   PAD
    0x200001a0        -       0x00000004   Zero   RW           46    .bss.Temp_Num       myconfig.o
    0x200001a4        -       0x00000004   Zero   RW          475    .bss.dmp.0          inv_mpu_dmp_motion_driver.o
    0x200001a8        -       0x00000004   Zero   RW          476    .bss.dmp.1          inv_mpu_dmp_motion_driver.o
    0x200001ac        -       0x00000002   Zero   RW          478    .bss.dmp.3          inv_mpu_dmp_motion_driver.o
    0x200001ae        -       0x00000001   Zero   RW          480    .bss.dmp.5          inv_mpu_dmp_motion_driver.o
    0x200001af        -       0x00000001   Zero   RW           38    .bss.flag_car1_task1  myconfig.o
    0x200001b0        -       0x00000028   Zero   RW          621    .bss.move_pid       bsp_pid.o
    0x200001d8        -       0x00000028   Zero   RW          623    .bss.move_pid2      bsp_pid.o
    0x20000200        -       0x00000028   Zero   RW          625    .bss.move_pid3      bsp_pid.o
    0x20000228        -       0x00000028   Zero   RW          627    .bss.move_pid4      bsp_pid.o
    0x20000250        -       0x0000000c   Zero   RW          648    .bss.parser         protocol.o
    0x2000025c        -       0x00000080   Zero   RW          649    .bss.recv_buf       protocol.o
    0x200002dc        -       0x00000010   Zero   RW          650    .bss.set_computer_value.set_packet  protocol.o
    0x200002ec        -       0x00000028   Zero   RW          620    .bss.speed_pid      bsp_pid.o
    0x20000314        -       0x00000028   Zero   RW          622    .bss.speed_pid2     bsp_pid.o
    0x2000033c        -       0x00000028   Zero   RW          624    .bss.speed_pid3     bsp_pid.o
    0x20000364        -       0x00000028   Zero   RW          626    .bss.speed_pid4     bsp_pid.o
    0x2000038c   0x00007cfc   0x00000004   PAD
    0x20000390        -       0x00000200   Zero   RW          697    STACK               startup_msp432p401r_uvision.o



  Load Region LR_IROM2 (Base: 0x00200000, Size: 0x00000000, Max: 0x00004000, ABSOLUTE)

    Execution Region ER_IROM2 (Exec base: 0x00200000, Load base: 0x00200000, Size: 0x00000000, Max: 0x00004000, ABSOLUTE)

    **** No section assigned to this execution region ****


==============================================================================

Image component sizes


      Code (inc. data)   RO Data    RW Data    ZI Data      Debug   Object Name

       268         16          0          0          0       2306   baudarte.o
       944        140          0          0         64       2006   bsp_encoder.o
       954          0          0          0          1       6677   bsp_motor.o
       528          0          0          0          0       4920   bsp_mpu6050.o
       130          0          0          0        400       2085   bsp_pid.o
       296         16          0          0          1       2602   bsp_servo.o
      1142         60          0          0          0       3374   control.o
        28          0          0          0          0       1083   delay.o
       470          0          0          0          0       2332   iic.o
       956         12         79         44          0      30803   inv_mpu.o
       476          0          0          0         11      10795   inv_mpu_dmp_motion_driver.o
       200         12          0          0         21       1336   k210.o
       226          0          0          0         16       2528   key.o
       126          0          0          0          0       2645   led.o
      4796        440          0          0          4       5471   main.o
      2720        152          0          0        158       5876   myconfig.o
      6070          0       2090          0          0      28573   oled.o
       250          0          0          0        156       7329   protocol.o
        32          0          0          0          0       3794   reflectance.o
        36          8        324          0        512        928   startup_msp432p401r_uvision.o
       152          0          0          0          0        876   sysinit.o
       106          0          0          0          0       7151   system_msp432p401r.o
       292          0          0          0          3       3362   tima.o
       376          0          0          0          0       3670   usart.o

    ----------------------------------------------------------------------
     21652        856       2528         44       1364     142522   Object Totals
         0          0         32          0          0          0   (incl. Generated)
        78          0          3          0         17          0   (incl. Padding)

    ----------------------------------------------------------------------

      Code (inc. data)   RO Data    RW Data    ZI Data      Debug   Library Member Name

       864         94         80          0          0        280   asin.o
       744        106        152          0          0        352   atan.o
       512         64          0          0          0        208   atan2.o
       104         16          0          0          0        496   dunder.o
        24          0          0          0          0        124   fabs.o
        48          0          0          0          0        124   fpclassify.o
       248          0          0          0          0        152   poly.o
         0          0          8          0          0          0   qnan.o
       110          0          0          0          0        148   sqrt.o
         0          0          0          0          0          0   entry.o
         0          0          0          0          0          0   entry10a.o
         0          0          0          0          0          0   entry11a.o
         8          4          0          0          0          0   entry2.o
         4          0          0          0          0          0   entry5.o
         0          0          0          0          0          0   entry7b.o
         0          0          0          0          0          0   entry8b.o
         8          4          0          0          0          0   entry9a.o
        12          6          0          4          0         68   errno.o
        30          0          0          0          0          0   handlers.o
        36          8          0          0          0         68   init.o
         0          0          0          0          0          0   iusefp.o
        30          0          0          0          0         68   llshl.o
        36          0          0          0          0         68   llsshr.o
        32          0          0          0          0         68   llushr.o
        36          0          0          0          0         68   memcpya.o
        36          0          0          0          0        108   memseta.o
      1154         54          0          0          0        352   printf8.o
         0          0          0          4          0          0   stdout.o
        98          0          0          0          0         92   uldiv.o
        48          0          0          0          0         68   cdcmple.o
        56          0          0          0          0         88   d2f.o
       334          0          0          0          0        148   dadd.o
       222          0          0          0          0        100   ddiv.o
       186          0          0          0          0        176   depilogue.o
       228          0          0          0          0         96   dmul.o
       162          0          0          0          0        100   dsqrt.o
        38          0          0          0          0         68   f2d.o
       110          0          0          0          0        168   fepilogue.o
        38          0          0          0          0        676   cpu.o
      1064        170          0          8          0      18045   cs.o
       128         26         76          0          0       4516   gpio.o
       106          8        144          0          0       2381   interrupt.o
       120         26          0          0          0       3378   sysctl_a.o
        32          0          0          0          0       1447   timer_a.o
       228          0          0          0          0       7376   uart.o

    ----------------------------------------------------------------------
      7292        586        460         16          0      41675   Library Totals
        18          0          0          0          0          0   (incl. Padding)

    ----------------------------------------------------------------------

      Code (inc. data)   RO Data    RW Data    ZI Data      Debug   Library Name

      2654        280        240          0          0       1884   m_wm.l
      1520         76          0          8          0        960   mc_w.l
      1384          0          0          0          0       1012   mf_w.l
      1716        230        220          8          0      37819   msp432p4xx_driverlib.lib

    ----------------------------------------------------------------------
      7292        586        460         16          0      41675   Library Totals

    ----------------------------------------------------------------------

==============================================================================


      Code (inc. data)   RO Data    RW Data    ZI Data      Debug   

     28944       1442       2988         60       1364     179225   Grand Totals
     28944       1442       2988         60       1364     179225   ELF Image Totals
     28944       1442       2988         60          0          0   ROM Totals

==============================================================================

    Total RO  Size (Code + RO Data)                31932 (  31.18kB)
    Total RW  Size (RW Data + ZI Data)              1424 (   1.39kB)
    Total ROM Size (Code + RO Data + RW Data)      31992 (  31.24kB)

==============================================================================

