Component: ARM Compiler 5.06 update 1 (build 61) Tool: armlink [4d35a8]

==============================================================================

Section Cross References

    main.o(i.Menudisplay) refers to oled.o(i.OLED_Clear) for OLED_Clear
    main.o(i.Menudisplay) refers to bsp_mpu6050.o(i.MPU_Get_Gyroscope) for MPU_Get_Gyroscope
    main.o(i.Menudisplay) refers to inv_mpu.o(i.mpu_dmp_get_data) for mpu_dmp_get_data
    main.o(i.Menudisplay) refers to oled.o(i.OLED_ShowString) for OLED_ShowString
    main.o(i.Menudisplay) refers to oled.o(i.OLED_ShowBNum) for OLED_ShowBNum
    main.o(i.Menudisplay) refers to main.o(.data) for .data
    main.o(i.Menudisplay) refers to key.o(.bss) for Keys
    main.o(i.Menudisplay) refers to bsp_encoder.o(.bss) for Encoder
    main.o(i.main) refers to sysinit.o(i.SysInit) for SysInit
    main.o(i.main) refers to key.o(i.KEY_Init) for KEY_Init
    main.o(i.main) refers to led.o(i.LED_Init) for LED_Init
    main.o(i.main) refers to oled.o(i.OLED_Init) for OLED_Init
    main.o(i.main) refers to reflectance.o(i.Reflectance_Init2) for Reflectance_Init2
    main.o(i.main) refers to tima.o(i.TimA0_Int_Init) for TimA0_Int_Init
    main.o(i.main) refers to bsp_servo.o(i.Servo_Init) for Servo_Init
    main.o(i.main) refers to bsp_motor.o(i.Motor_Init) for Motor_Init
    main.o(i.main) refers to bsp_encoder.o(i.Motor_Init_bianmaqi) for Motor_Init_bianmaqi
    main.o(i.main) refers to bsp_mpu6050.o(i.MPU_Init) for MPU_Init
    main.o(i.main) refers to inv_mpu.o(i.mpu_dmp_init) for mpu_dmp_init
    main.o(i.main) refers to reflectance.o(i.Reflectance_Read2) for Reflectance_Read2
    main.o(i.main) refers to main.o(i.Menudisplay) for Menudisplay
    main.o(i.main) refers to myconfig.o(.data) for Reflectance_Data
    myconfig.o(i.TA0_0_IRQHandler) refers to key.o(i.Key_Scan2) for Key_Scan2
    myconfig.o(i.TA0_0_IRQHandler) refers to bsp_encoder.o(i.Encoder_Scan) for Encoder_Scan
    myconfig.o(i.TA0_0_IRQHandler) refers to myconfig.o(.data) for .data
    bsp_encoder.o(i.Encoder_Scan) refers to bsp_encoder.o(.bss) for .bss
    bsp_encoder.o(i.PORT4_IRQHandler) refers to bsp_encoder.o(.bss) for .bss
    key.o(i.KEY_Scan) refers to key.o(.data) for .data
    key.o(i.Key_Scan) refers to key.o(.data) for .data
    key.o(i.Key_Scan2) refers to key.o(.bss) for .bss
    led.o(i.LED_C_On) refers to led.o(i.LED_R_Off) for LED_R_Off
    led.o(i.LED_C_On) refers to led.o(i.LED_G_On) for LED_G_On
    led.o(i.LED_C_On) refers to led.o(i.LED_B_On) for LED_B_On
    led.o(i.LED_Init) refers to led.o(i.LED_RED_Off) for LED_RED_Off
    led.o(i.LED_Init) refers to led.o(i.LED_R_Off) for LED_R_Off
    led.o(i.LED_Init) refers to led.o(i.LED_G_Off) for LED_G_Off
    led.o(i.LED_Init) refers to led.o(i.LED_B_Off) for LED_B_Off
    led.o(i.LED_P_On) refers to led.o(i.LED_R_On) for LED_R_On
    led.o(i.LED_P_On) refers to led.o(i.LED_G_Off) for LED_G_Off
    led.o(i.LED_P_On) refers to led.o(i.LED_B_On) for LED_B_On
    led.o(i.LED_W_Off) refers to led.o(i.LED_R_Off) for LED_R_Off
    led.o(i.LED_W_Off) refers to led.o(i.LED_G_Off) for LED_G_Off
    led.o(i.LED_W_Off) refers to led.o(i.LED_B_Off) for LED_B_Off
    led.o(i.LED_W_On) refers to led.o(i.LED_R_On) for LED_R_On
    led.o(i.LED_W_On) refers to led.o(i.LED_G_On) for LED_G_On
    led.o(i.LED_W_On) refers to led.o(i.LED_B_On) for LED_B_On
    led.o(i.LED_W_Tog) refers to led.o(i.LED_R_Tog) for LED_R_Tog
    led.o(i.LED_W_Tog) refers to led.o(i.LED_G_Tog) for LED_G_Tog
    led.o(i.LED_W_Tog) refers to led.o(i.LED_B_Tog) for LED_B_Tog
    led.o(i.LED_Y_On) refers to led.o(i.LED_R_On) for LED_R_On
    led.o(i.LED_Y_On) refers to led.o(i.LED_G_On) for LED_G_On
    led.o(i.LED_Y_On) refers to led.o(i.LED_B_Off) for LED_B_Off
    bsp_motor.o(i.Motor_Control) refers to timer_a.o(i.Timer_A_setCompareValue) for Timer_A_setCompareValue
    oled.o(i.OLED_Clear) refers to oled.o(i.OLED_WR_Byte) for OLED_WR_Byte
    oled.o(i.OLED_ColorTurn) refers to oled.o(i.OLED_WR_Byte) for OLED_WR_Byte
    oled.o(i.OLED_DisplayTurn) refers to oled.o(i.OLED_WR_Byte) for OLED_WR_Byte
    oled.o(i.OLED_Display_Off) refers to oled.o(i.OLED_WR_Byte) for OLED_WR_Byte
    oled.o(i.OLED_Display_On) refers to oled.o(i.OLED_WR_Byte) for OLED_WR_Byte
    oled.o(i.OLED_DrawBMP) refers to oled.o(i.OLED_Set_Pos) for OLED_Set_Pos
    oled.o(i.OLED_DrawBMP) refers to oled.o(i.OLED_WR_Byte) for OLED_WR_Byte
    oled.o(i.OLED_Init) refers to oled.o(i.I2C_SW_Configuration) for I2C_SW_Configuration
    oled.o(i.OLED_Init) refers to oled.o(i.OLED_WR_Byte) for OLED_WR_Byte
    oled.o(i.OLED_Init) refers to oled.o(i.OLED_Clear) for OLED_Clear
    oled.o(i.OLED_Set_Pos) refers to oled.o(i.OLED_WR_Byte) for OLED_WR_Byte
    oled.o(i.OLED_ShowBNum) refers to oled.o(i.oled_pow) for oled_pow
    oled.o(i.OLED_ShowBNum) refers to oled.o(i.OLED_ShowChar) for OLED_ShowChar
    oled.o(i.OLED_ShowBin) refers to oled.o(i.OLED_ShowChar) for OLED_ShowChar
[...]
    .text                                    0x000002c2   Section       16  aeabi_memset.o(.text)
    .text                                    0x000002d2   Section       78  rt_memclr_w.o(.text)
    .text                                    0x00000320   Section        0  heapauxi.o(.text)
    .text                                    0x00000326   Section        2  use_no_semi.o(.text)
    .text                                    0x00000328   Section      238  lludivv7m.o(.text)
    .text                                    0x00000416   Section        0  _rserrno.o(.text)
    .text                                    0x0000042c   Section       68  rt_memclr.o(.text)
    .text                                    0x00000470   Section        8  rt_errno_addr_intlibspace.o(.text)
    .text                                    0x00000478   Section        8  libspace.o(.text)
    .text                                    0x00000480   Section       74  sys_stackheap_outer.o(.text)
    .text                                    0x000004ca   Section        0  exit.o(.text)
    i.CS_setExternalClockSourceFrequency     0x000004dc   Section        0  cs.o(i.CS_setExternalClockSourceFrequency)
    i.CS_startHFXT                           0x000004e8   Section        0  cs.o(i.CS_startHFXT)
    i.CS_startHFXTWithTimeout                0x000004f0   Section        0  cs.o(i.CS_startHFXTWithTimeout)
    i.CS_startLFXT                           0x00000590   Section        0  cs.o(i.CS_startLFXT)
    i.CS_startLFXTWithTimeout                0x00000598   Section        0  cs.o(i.CS_startLFXTWithTimeout)
    i.Encoder_Scan                           0x00000638   Section        0  bsp_encoder.o(i.Encoder_Scan)
    i.GPIO_getInputPinValue                  0x000006bc   Section        0  gpio.o(i.GPIO_getInputPinValue)
    i.GPIO_setAsInputPin                     0x000006d0   Section        0  gpio.o(i.GPIO_setAsInputPin)
    i.GPIO_setAsOutputPin                    0x000006f4   Section        0  gpio.o(i.GPIO_setAsOutputPin)
    i.GPIO_setOutputHighOnPin                0x00000714   Section        0  gpio.o(i.GPIO_setOutputHighOnPin)
    i.GPIO_setOutputLowOnPin                 0x00000728   Section        0  gpio.o(i.GPIO_setOutputLowOnPin)
    i.I2C_SW_Configuration                   0x0000073c   Section        0  oled.o(i.I2C_SW_Configuration)
    i.I2C_Start                              0x0000074c   Section        0  oled.o(i.I2C_Start)
    i.I2C_Stop                               0x00000760   Section        0  oled.o(i.I2C_Stop)
    i.I2C_WaitAck                            0x00000774   Section        0  oled.o(i.I2C_WaitAck)
    i.IIC_Ack                                0x00000788   Section        0  iic.o(i.IIC_Ack)
    i.IIC_Init                               0x000007c2   Section        0  iic.o(i.IIC_Init)
    i.IIC_NAck                               0x000007e8   Section        0  iic.o(i.IIC_NAck)
    i.IIC_Read_Byte                          0x00000822   Section        0  iic.o(i.IIC_Read_Byte)
    i.IIC_Send_Byte                          0x00000878   Section        0  iic.o(i.IIC_Send_Byte)
    i.IIC_Start                              0x000008e8   Section        0  iic.o(i.IIC_Start)
    i.IIC_Stop                               0x00000922   Section        0  iic.o(i.IIC_Stop)
    i.IIC_Wait_Ack                           0x0000095c   Section        0  iic.o(i.IIC_Wait_Ack)
    i.KEY_Init                               0x000009a8   Section        0  key.o(i.KEY_Init)
    i.Key_Scan2                              0x000009b8   Section        0  key.o(i.Key_Scan2)
    i.LED_B_Off                              0x00000a78   Section        0  led.o(i.LED_B_Off)
    i.LED_G_Off                              0x00000a84   Section        0  led.o(i.LED_G_Off)
    i.LED_Init                               0x00000a90   Section        0  led.o(i.LED_Init)
    i.LED_RED_Off                            0x00000ac0   Section        0  led.o(i.LED_RED_Off)
    i.LED_R_Off                              0x00000acc   Section        0  led.o(i.LED_R_Off)
    i.MPU_Get_Gyroscope                      0x00000ad8   Section        0  bsp_mpu6050.o(i.MPU_Get_Gyroscope)
    i.MPU_Init                               0x00000b1c   Section        0  bsp_mpu6050.o(i.MPU_Init)
    i.MPU_Read_Byte                          0x00000bb2   Section        0  bsp_mpu6050.o(i.MPU_Read_Byte)
    i.MPU_Read_Len                           0x00000bec   Section        0  bsp_mpu6050.o(i.MPU_Read_Len)
    i.MPU_Set_Accel_Fsr                      0x00000c4e   Section        0  bsp_mpu6050.o(i.MPU_Set_Accel_Fsr)
    i.MPU_Set_Gyro_Fsr                       0x00000c58   Section        0  bsp_mpu6050.o(i.MPU_Set_Gyro_Fsr)
    i.MPU_Set_LPF                            0x00000c62   Section        0  bsp_mpu6050.o(i.MPU_Set_LPF)
    i.MPU_Set_Rate                           0x00000c92   Section        0  bsp_mpu6050.o(i.MPU_Set_Rate)
    i.MPU_Write_Byte                         0x00000cbe   Section        0  bsp_mpu6050.o(i.MPU_Write_Byte)
    i.MPU_Write_Len                          0x00000d08   Section        0  bsp_mpu6050.o(i.MPU_Write_Len)
    i.Menudisplay                            0x00000d64   Section        0  main.o(i.Menudisplay)
    i.Motor_Init                             0x00000f68   Section        0  bsp_motor.o(i.Motor_Init)
    i.Motor_Init_bianmaqi                    0x0000103c   Section        0  bsp_encoder.o(i.Motor_Init_bianmaqi)
    i.OLED_Clear                             0x000011b0   Section        0  oled.o(i.OLED_Clear)
    i.OLED_Init                              0x000011ec   Section        0  oled.o(i.OLED_Init)
    i.OLED_Set_Pos                           0x000012da   Section        0  oled.o(i.OLED_Set_Pos)
    i.OLED_ShowBNum                          0x00001302   Section        0  oled.o(i.OLED_ShowBNum)
    i.OLED_ShowChar                          0x000013fc   Section        0  oled.o(i.OLED_ShowChar)
    i.OLED_ShowString                        0x00001490   Section        0  oled.o(i.OLED_ShowString)
    i.OLED_WR_Byte                           0x000014cc   Section        0  oled.o(i.OLED_WR_Byte)
    i.PORT4_IRQHandler                       0x00001508   Section        0  bsp_encoder.o(i.PORT4_IRQHandler)
    i.Reflectance_Init2                      0x00001650   Section        0  reflectance.o(i.Reflectance_Init2)
    i.Reflectance_Read2                      0x00001660   Section        0  reflectance.o(i.Reflectance_Read2)
    i.Send_Byte                              0x00001670   Section        0  oled.o(i.Send_Byte)
    i.Servo_Init                             0x000016a8   Section        0  bsp_servo.o(i.Servo_Init)
    i.SysCtl_A_disableNMISource              0x0000170c   Section        0  sysctl_a.o(i.SysCtl_A_disableNMISource)
    i.SysCtl_A_enableNMISource               0x0000171c   Section        0  sysctl_a.o(i.SysCtl_A_enableNMISource)
    i.SysCtl_A_getNMISourceStatus            0x0000172c   Section        0  sysctl_a.o(i.SysCtl_A_getNMISourceStatus)
    i.SysInit                                0x0000173c   Section        0  sysinit.o(i.SysInit)
    i.SystemInit                             0x000017dc   Section        0  system_msp432p401r.o(i.SystemInit)
    i.T32_INT1_IRQHandler                    0x0000183c   Section        0  tim32.o(i.T32_INT1_IRQHandler)
    i.T32_INT2_IRQHandler                    0x00001850   Section        0  myconfig.o(i.T32_INT2_IRQHandler)
    i.TA0_0_IRQHandler                       0x00001864   Section        0  myconfig.o(i.TA0_0_IRQHandler)
    i.TA2_N_IRQHandler                       0x000018a8   Section        0  tima.o(i.TA2_N_IRQHandler)
    i.TimA0_Int_Init                         0x00001958   Section        0  tima.o(i.TimA0_Int_Init)
    i.Timer_A_getCaptureCompareCount         0x000019ac   Section        0  timer_a.o(i.Timer_A_getCaptureCompareCount)
    i._CSGetHFXTFrequency                    0x000019bc   Section        0  cs.o(i._CSGetHFXTFrequency)
    _CSGetHFXTFrequency                      0x000019bd   Thumb Code   106  cs.o(i._CSGetHFXTFrequency)
    i.__ARM_fpclassify                       0x00001a54   Section        0  fpclassify.o(i.__ARM_fpclassify)
    i.__hardfp_asin                          0x00001a88   Section        0  asin.o(i.__hardfp_asin)
    i.__hardfp_atan                          0x00001de8   Section        0  atan.o(i.__hardfp_atan)
    i.__hardfp_atan2                         0x000020c0   Section        0  atan2.o(i.__hardfp_atan2)
    i.__kernel_poly                          0x000022b0   Section        0  poly.o(i.__kernel_poly)
    i.__mathlib_dbl_infnan                   0x000023a8   Section        0  dunder.o(i.__mathlib_dbl_infnan)
    i.__mathlib_dbl_infnan2                  0x000023bc   Section        0  dunder.o(i.__mathlib_dbl_infnan2)
    i.__mathlib_dbl_invalid                  0x000023d0   Section        0  dunder.o(i.__mathlib_dbl_invalid)
    i.__mathlib_dbl_underflow                0x000023f0   Section        0  dunder.o(i.__mathlib_dbl_underflow)
    i._sys_exit                              0x00002410   Section        0  usart.o(i._sys_exit)
    i.accel_self_test                        0x00002414   Section        0  inv_mpu.o(i.accel_self_test)
    accel_self_test                          0x00002415   Thumb Code   132  inv_mpu.o(i.accel_self_test)
    i.atan                                   0x000024a8   Section        0  atan.o(i.atan)
    i.decode_gesture                         0x000024b8   Section        0  inv_mpu_dmp_motion_driver.o(i.decode_gesture)
    decode_gesture                           0x000024b9   Thumb Code    56  inv_mpu_dmp_motion_driver.o(i.decode_gesture)
    i.delay_ms                               0x000024f4   Section        0  delay.o(i.delay_ms)
    i.delay_us                               0x0000250c   Section        0  delay.o(i.delay_us)
    i.dmp_enable_6x_lp_quat                  0x00002522   Section        0  inv_mpu_dmp_motion_driver.o(i.dmp_enable_6x_lp_quat)
    i.dmp_enable_feature                     0x00002560   Section        0  inv_mpu_dmp_motion_driver.o(i.dmp_enable_feature)
    i.dmp_enable_gyro_cal                    0x0000274c   Section        0  inv_mpu_dmp_motion_driver.o(i.dmp_enable_gyro_cal)
    i.dmp_enable_lp_quat                     0x000027a4   Section        0  inv_mpu_dmp_motion_driver.o(i.dmp_enable_lp_quat)
    i.dmp_load_motion_driver_firmware        0x000027e0   Section        0  inv_mpu_dmp_motion_driver.o(i.dmp_load_motion_driver_firmware)
    i.dmp_read_fifo                          0x000027f4   Section        0  inv_mpu_dmp_motion_driver.o(i.dmp_read_fifo)
    i.dmp_set_accel_bias                     0x00002978   Section        0  inv_mpu_dmp_motion_driver.o(i.dmp_set_accel_bias)
    i.dmp_set_fifo_rate                      0x00002a84   Section        0  inv_mpu_dmp_motion_driver.o(i.dmp_set_fifo_rate)
    i.dmp_set_gyro_bias                      0x00002af4   Section        0  inv_mpu_dmp_motion_driver.o(i.dmp_set_gyro_bias)
    i.dmp_set_orientation                    0x00002bfc   Section        0  inv_mpu_dmp_motion_driver.o(i.dmp_set_orientation)
    i.dmp_set_shake_reject_thresh            0x00002d14   Section        0  inv_mpu_dmp_motion_driver.o(i.dmp_set_shake_reject_thresh)
    i.dmp_set_shake_reject_time              0x00002d44   Section        0  inv_mpu_dmp_motion_driver.o(i.dmp_set_shake_reject_time)
    i.dmp_set_shake_reject_timeout           0x00002d64   Section        0  inv_mpu_dmp_motion_driver.o(i.dmp_set_shake_reject_timeout)
    i.dmp_set_tap_axes                       0x00002d84   Section        0  inv_mpu_dmp_motion_driver.o(i.dmp_set_tap_axes)
    i.dmp_set_tap_count                      0x00002dbc   Section        0  inv_mpu_dmp_motion_driver.o(i.dmp_set_tap_count)
    i.dmp_set_tap_thresh                     0x00002de0   Section        0  inv_mpu_dmp_motion_driver.o(i.dmp_set_tap_thresh)
    i.dmp_set_tap_time                       0x00002f7c   Section        0  inv_mpu_dmp_motion_driver.o(i.dmp_set_tap_time)
    i.dmp_set_tap_time_multi                 0x00002f9c   Section        0  inv_mpu_dmp_motion_driver.o(i.dmp_set_tap_time_multi)
    i.fabs                                   0x00002fbc   Section        0  fabs.o(i.fabs)
    i.get_accel_prod_shift                   0x00002fd4   Section        0  inv_mpu.o(i.get_accel_prod_shift)
    get_accel_prod_shift                     0x00002fd5   Thumb Code   166  inv_mpu.o(i.get_accel_prod_shift)
    i.get_st_biases                          0x0000308c   Section        0  inv_mpu.o(i.get_st_biases)
    get_st_biases                            0x0000308d   Thumb Code   980  inv_mpu.o(i.get_st_biases)
    i.gyro_self_test                         0x00003464   Section        0  inv_mpu.o(i.gyro_self_test)
    gyro_self_test                           0x00003465   Thumb Code   196  inv_mpu.o(i.gyro_self_test)
    i.inv_orientation_matrix_to_scalar       0x0000353c   Section        0  inv_mpu.o(i.inv_orientation_matrix_to_scalar)
    i.inv_row_2_scale                        0x00003560   Section        0  inv_mpu.o(i.inv_row_2_scale)
    i.main                                   0x000035a8   Section        0  main.o(i.main)
    i.mget_ms                                0x000035ec   Section        0  inv_mpu.o(i.mget_ms)
    i.mpu_configure_fifo                     0x000035f4   Section        0  inv_mpu.o(i.mpu_configure_fifo)
    i.mpu_dmp_get_data                       0x00003654   Section        0  inv_mpu.o(i.mpu_dmp_get_data)
    i.mpu_dmp_init                           0x000037b8   Section        0  inv_mpu.o(i.mpu_dmp_init)
    i.mpu_get_accel_fsr                      0x00003844   Section        0  inv_mpu.o(i.mpu_get_accel_fsr)
    i.mpu_get_accel_sens                     0x00003888   Section        0  inv_mpu.o(i.mpu_get_accel_sens)
    i.mpu_get_fifo_config                    0x000038d4   Section        0  inv_mpu.o(i.mpu_get_fifo_config)
    i.mpu_get_gyro_fsr                       0x000038e4   Section        0  inv_mpu.o(i.mpu_get_gyro_fsr)
    i.mpu_get_gyro_sens                      0x00003924   Section        0  inv_mpu.o(i.mpu_get_gyro_sens)
    i.mpu_get_lpf                            0x0000397c   Section        0  inv_mpu.o(i.mpu_get_lpf)
    i.mpu_get_sample_rate                    0x000039c0   Section        0  inv_mpu.o(i.mpu_get_sample_rate)
    i.mpu_load_firmware                      0x000039dc   Section        0  inv_mpu.o(i.mpu_load_firmware)
    i.mpu_lp_accel_mode                      0x00003a90   Section        0  inv_mpu.o(i.mpu_lp_accel_mode)
    i.mpu_read_fifo_stream                   0x00003b60   Section        0  inv_mpu.o(i.mpu_read_fifo_stream)
    i.mpu_read_mem                           0x00003c0c   Section        0  inv_mpu.o(i.mpu_read_mem)
    i.mpu_reset_fifo                         0x00003c7c   Section        0  inv_mpu.o(i.mpu_reset_fifo)
    i.mpu_run_self_test                      0x00003de8   Section        0  inv_mpu.o(i.mpu_run_self_test)
    i.mpu_set_accel_fsr                      0x00003ee0   Section        0  inv_mpu.o(i.mpu_set_accel_fsr)
    i.mpu_set_bypass                         0x00003f54   Section        0  inv_mpu.o(i.mpu_set_bypass)
    i.mpu_set_dmp_state                      0x0000406c   Section        0  inv_mpu.o(i.mpu_set_dmp_state)
    i.mpu_set_gyro_fsr                       0x000040e8   Section        0  inv_mpu.o(i.mpu_set_gyro_fsr)
    i.mpu_set_int_latched                    0x00004160   Section        0  inv_mpu.o(i.mpu_set_int_latched)
    i.mpu_set_lpf                            0x000041c0   Section        0  inv_mpu.o(i.mpu_set_lpf)
    i.mpu_set_sample_rate                    0x0000423c   Section        0  inv_mpu.o(i.mpu_set_sample_rate)
    i.mpu_set_sensors                        0x000042c0   Section        0  inv_mpu.o(i.mpu_set_sensors)
    i.mpu_write_mem                          0x00004370   Section        0  inv_mpu.o(i.mpu_write_mem)
    i.oled_pow                               0x000043e0   Section        0  oled.o(i.oled_pow)
    i.run_self_test                          0x000043f0   Section        0  inv_mpu.o(i.run_self_test)
    i.set_int_enable                         0x00004478   Section        0  inv_mpu.o(i.set_int_enable)
    set_int_enable                           0x00004479   Thumb Code   112  inv_mpu.o(i.set_int_enable)
    i.sqrt                                   0x000044ec   Section        0  sqrt.o(i.sqrt)
    x$fpl$basic                              0x0000455a   Section       24  basic.o(x$fpl$basic)
    $v0                                      0x0000455a   Number         0  basic.o(x$fpl$basic)
    x$fpl$d2f                                0x00004574   Section       98  d2f.o(x$fpl$d2f)
    $v0                                      0x00004574   Number         0  d2f.o(x$fpl$d2f)
    x$fpl$dadd                               0x000045d8   Section      336  daddsub_clz.o(x$fpl$dadd)
    $v0                                      0x000045d8   Number         0  daddsub_clz.o(x$fpl$dadd)
    _dadd1                                   0x000045e9   Thumb Code     0  daddsub_clz.o(x$fpl$dadd)
    x$fpl$ddiv                               0x00004728   Section      688  ddiv.o(x$fpl$ddiv)
    $v0                                      0x00004728   Number         0  ddiv.o(x$fpl$ddiv)
    ddiv_entry                               0x0000472f   Thumb Code     0  ddiv.o(x$fpl$ddiv)
    x$fpl$dmul                               0x000049d8   Section      340  dmul.o(x$fpl$dmul)
    $v0                                      0x000049d8   Number         0  dmul.o(x$fpl$dmul)
    x$fpl$dnaninf                            0x00004b2c   Section      156  dnaninf.o(x$fpl$dnaninf)
    $v0                                      0x00004b2c   Number         0  dnaninf.o(x$fpl$dnaninf)
    x$fpl$dretinf                            0x00004bc8   Section       12  dretinf.o(x$fpl$dretinf)
    $v0                                      0x00004bc8   Number         0  dretinf.o(x$fpl$dretinf)
    x$fpl$drsb                               0x00004bd4   Section       22  daddsub_clz.o(x$fpl$drsb)
    $v0                                      0x00004bd4   Number         0  daddsub_clz.o(x$fpl$drsb)
    x$fpl$dsqrt                              0x00004bec   Section      408  dsqrt_umaal.o(x$fpl$dsqrt)
    $v0                                      0x00004bec   Number         0  dsqrt_umaal.o(x$fpl$dsqrt)
    x$fpl$dsub                               0x00004d84   Section      468  daddsub_clz.o(x$fpl$dsub)
    $v0                                      0x00004d84   Number         0  daddsub_clz.o(x$fpl$dsub)
    _dsub1                                   0x00004d95   Thumb Code     0  daddsub_clz.o(x$fpl$dsub)
    x$fpl$f2d                                0x00004f58   Section       86  f2d.o(x$fpl$f2d)
    $v0                                      0x00004f58   Number         0  f2d.o(x$fpl$f2d)
    x$fpl$fnaninf                            0x00004fae   Section      140  fnaninf.o(x$fpl$fnaninf)
    $v0                                      0x00004fae   Number         0  fnaninf.o(x$fpl$fnaninf)
    x$fpl$fpinit                             0x0000503a   Section       10  fpinit.o(x$fpl$fpinit)
    $v0                                      0x0000503a   Number         0  fpinit.o(x$fpl$fpinit)
    x$fpl$fretinf                            0x00005044   Section       10  fretinf.o(x$fpl$fretinf)
    $v0                                      0x00005044   Number         0  fretinf.o(x$fpl$fretinf)
    .constdata                               0x0000504e   Section     2314  oled.o(.constdata)
    x$fpl$usenofp                            0x0000504e   Section        0  usenofp.o(x$fpl$usenofp)
    .constdata                               0x00005958   Section     3062  inv_mpu_dmp_motion_driver.o(.constdata)
    dmp_memory                               0x00005958   Data        3062  inv_mpu_dmp_motion_driver.o(.constdata)
    .constdata                               0x0000654e   Section       27  inv_mpu.o(.constdata)
    .constdata                               0x0000656a   Section       12  inv_mpu.o(.constdata)
    .constdata                               0x00006578   Section       40  inv_mpu.o(.constdata)
    .constdata                               0x000065a0   Section       76  gpio.o(.constdata)
    GPIO_PORT_TO_INT                         0x000065a0   Data          28  gpio.o(.constdata)
    GPIO_PORT_TO_BASE                        0x000065bc   Data          48  gpio.o(.constdata)
    .constdata                               0x000065f0   Section       80  asin.o(.constdata)
    pS                                       0x000065f0   Data          48  asin.o(.constdata)
    qS                                       0x00006620   Data          32  asin.o(.constdata)
    .constdata                               0x00006640   Section      152  atan.o(.constdata)
    atanhi                                   0x00006640   Data          32  atan.o(.constdata)
    atanlo                                   0x00006660   Data          32  atan.o(.constdata)
    aTodd                                    0x00006680   Data          40  atan.o(.constdata)
    aTeven                                   0x000066a8   Data          48  atan.o(.constdata)
    .constdata                               0x000066d8   Section        8  qnan.o(.constdata)
    .data                                    0x20000000   Section        2  main.o(.data)
    State                                    0x20000000   Data           1  main.o(.data)
    New_State                                0x20000001   Data           1  main.o(.data)
    .data                                    0x20000002   Section        1  myconfig.o(.data)
    .data                                    0x20000003   Section        1  myconfig.o(.data)
    .data                                    0x20000004   Section        4  tima.o(.data)
    .data                                    0x20000008   Section       53  inv_mpu.o(.data)
    st                                       0x20000008   Data          44  inv_mpu.o(.data)
    gyro_orientation                         0x20000034   Data           9  inv_mpu.o(.data)
    .data                                    0x20000040   Section        8  cs.o(.data)
    hfxtFreq                                 0x20000040   Data           4  cs.o(.data)
    lfxtFreq                                 0x20000044   Data           4  cs.o(.data)
    .bss                                     0x20000048   Section       64  bsp_encoder.o(.bss)
    .bss                                     0x20000088   Section       16  key.o(.bss)
    .bss                                     0x20000098   Section       16  inv_mpu_dmp_motion_driver.o(.bss)
    dmp                                      0x20000098   Data          16  inv_mpu_dmp_motion_driver.o(.bss)
    .bss                                     0x200000a8   Section       96  libspace.o(.bss)
    HEAP                                     0x20000108   Section        0  startup_msp432p401r_uvision.o(HEAP)
    STACK                                    0x20000108   Section      512  startup_msp432p401r_uvision.o(STACK)
    Heap_Mem                                 0x20000108   Data           0  startup_msp432p401r_uvision.o(HEAP)
    Stack_Mem                                0x20000108   Data         512  startup_msp432p401r_uvision.o(STACK)
    __initial_sp                             0x20000308   Data           0  startup_msp432p401r_uvision.o(STACK)

    Global Symbols

    Symbol Name                              Value     Ov Type        Size  Object(Section)

    BuildAttributes$$THM_ISAv4$E$P$D$K$B$S$7EM$VFPi3$EXTD16$VFPS$VFMA$PE$A:L22UL41UL21$X:L11$S22US41US21$IEEE1$IW$USESV6$~STKCKD$USESV7$~SHL$OTIME$ROPI$IEEEX$EBA8$UX$STANDARDLIB$REQ8$PRES8$EABIv2 0x00000000   Number         0  anon$$obj.o ABSOLUTE
    __ARM_use_no_argv                        0x00000000   Number         0  main.o ABSOLUTE
    __Vectors                                0x00000000   Data           4  startup_msp432p401r_uvision.o(RESET)
    _printf_flags                            0x00000000   Number         0  printf_stubs.o ABSOLUTE
    _printf_return_value                     0x00000000   Number         0  printf_stubs.o ABSOLUTE
    _printf_sizespec                         0x00000000   Number         0  printf_stubs.o ABSOLUTE
    _printf_widthprec                        0x00000000   Number         0  printf_stubs.o ABSOLUTE
    __ARM_exceptions_init                     - Undefined Weak Reference
    __alloca_initialize                       - Undefined Weak Reference
    __arm_preinit_                            - Undefined Weak Reference
    __cpp_initialize__aeabi_                  - Undefined Weak Reference
    __cxa_finalize                            - Undefined Weak Reference
    __rt_locale                               - Undefined Weak Reference
    __sigvec_lookup                           - Undefined Weak Reference
    _atexit_init                              - Undefined Weak Reference
    _call_atexit_fns                          - Undefined Weak Reference
    _clock_init                               - Undefined Weak Reference
    _fp_trap_init                             - Undefined Weak Reference
    _fp_trap_shutdown                         - Undefined Weak Reference
    _get_lc_collate                           - Undefined Weak Reference
    _get_lc_ctype                             - Undefined Weak Reference
    _get_lc_monetary                          - Undefined Weak Reference
    _get_lc_numeric                           - Undefined Weak Reference
    _get_lc_time                              - Undefined Weak Reference
    _getenv_init                              - Undefined Weak Reference
    _handle_redirection                       - Undefined Weak Reference
    _init_alloc                               - Undefined Weak Reference
    _init_user_alloc                          - Undefined Weak Reference
    _initio                                   - Undefined Weak Reference
    _mutex_acquire                            - Undefined Weak Reference
    _mutex_release                            - Undefined Weak Reference
    _printf_truncate_signed                   - Undefined Weak Reference
    _printf_truncate_unsigned                 - Undefined Weak Reference
    _rand_init                                - Undefined Weak Reference
    _signal_finish                            - Undefined Weak Reference
    _signal_init                              - Undefined Weak Reference
    _terminate_alloc                          - Undefined Weak Reference
    _terminate_user_alloc                     - Undefined Weak Reference
    _terminateio                              - Undefined Weak Reference
    __Vectors_End                            0x00000144   Data           0  startup_msp432p401r_uvision.o(RESET)
    __Vectors_Size                           0x00000144   Number         0  startup_msp432p401r_uvision.o ABSOLUTE
    __main                                   0x00000145   Thumb Code     8  __main.o(!!!main)
    __scatterload                            0x0000014d   Thumb Code     0  __scatter.o(!!!scatter)
    __scatterload_rt2                        0x0000014d   Thumb Code    44  __scatter.o(!!!scatter)
    __scatterload_rt2_thumb_only             0x0000014d   Thumb Code     0  __scatter.o(!!!scatter)
    __scatterload_null                       0x0000015b   Thumb Code     0  __scatter.o(!!!scatter)
    __scatterload_copy                       0x00000181   Thumb Code    26  __scatter_copy.o(!!handler_copy)
    __scatterload_zeroinit                   0x0000019d   Thumb Code    28  __scatter_zi.o(!!handler_zi)
    __rt_lib_init                            0x000001b9   Thumb Code     0  libinit.o(.ARM.Collect$$libinit$$00000000)
    __rt_lib_init_fp_1                       0x000001bb   Thumb Code     0  libinit2.o(.ARM.Collect$$libinit$$00000001)
    __rt_lib_init_alloca_1                   0x000001bf   Thumb Code     0  libinit2.o(.ARM.Collect$$libinit$$0000002E)
    __rt_lib_init_argv_1                     0x000001bf   Thumb Code     0  libinit2.o(.ARM.Collect$$libinit$$0000002C)
    __rt_lib_init_atexit_1                   0x000001bf   Thumb Code     0  libinit2.o(.ARM.Collect$$libinit$$0000001B)
    __rt_lib_init_clock_1                    0x000001bf   Thumb Code     0  libinit2.o(.ARM.Collect$$libinit$$00000021)
    __rt_lib_init_cpp_1                      0x000001bf   Thumb Code     0  libinit2.o(.ARM.Collect$$libinit$$00000032)
    __rt_lib_init_exceptions_1               0x000001bf   Thumb Code     0  libinit2.o(.ARM.Collect$$libinit$$00000030)
    __rt_lib_init_fp_trap_1                  0x000001bf   Thumb Code     0  libinit2.o(.ARM.Collect$$libinit$$0000001F)
    __rt_lib_init_getenv_1                   0x000001bf   Thumb Code     0  libinit2.o(.ARM.Collect$$libinit$$00000023)
    __rt_lib_init_heap_1                     0x000001bf   Thumb Code     0  libinit2.o(.ARM.Collect$$libinit$$0000000A)
    __rt_lib_init_lc_collate_1               0x000001bf   Thumb Code     0  libinit2.o(.ARM.Collect$$libinit$$00000011)
    __rt_lib_init_lc_ctype_1                 0x000001bf   Thumb Code     0  libinit2.o(.ARM.Collect$$libinit$$00000013)
    __rt_lib_init_lc_monetary_1              0x000001bf   Thumb Code     0  libinit2.o(.ARM.Collect$$libinit$$00000015)
    __rt_lib_init_lc_numeric_1               0x000001bf   Thumb Code     0  libinit2.o(.ARM.Collect$$libinit$$00000017)
    __rt_lib_init_lc_time_1                  0x000001bf   Thumb Code     0  libinit2.o(.ARM.Collect$$libinit$$00000019)
    __rt_lib_init_preinit_1                  0x000001bf   Thumb Code     0  libinit2.o(.ARM.Collect$$libinit$$00000004)
    __rt_lib_init_rand_1                     0x000001bf   Thumb Code     0  libinit2.o(.ARM.Collect$$libinit$$0000000E)
    __rt_lib_init_return                     0x000001bf   Thumb Code     0  libinit2.o(.ARM.Collect$$libinit$$00000033)
    __rt_lib_init_signal_1                   0x000001bf   Thumb Code     0  libinit2.o(.ARM.Collect$$libinit$$0000001D)
    __rt_lib_init_stdio_1                    0x000001bf   Thumb Code     0  libinit2.o(.ARM.Collect$$libinit$$00000025)
    __rt_lib_init_user_alloc_1               0x000001bf   Thumb Code     0  libinit2.o(.ARM.Collect$$libinit$$0000000C)
    __rt_lib_shutdown                        0x000001c1   Thumb Code     0  libshutdown.o(.ARM.Collect$$libshutdown$$00000000)
    __rt_lib_shutdown_cpp_1                  0x000001c3   Thumb Code     0  libshutdown2.o(.ARM.Collect$$libshutdown$$00000002)
    __rt_lib_shutdown_fp_trap_1              0x000001c3   Thumb Code     0  libshutdown2.o(.ARM.Collect$$libshutdown$$00000007)
    __rt_lib_shutdown_heap_1                 0x000001c3   Thumb Code     0  libshutdown2.o(.ARM.Collect$$libshutdown$$0000000F)
    __rt_lib_shutdown_return                 0x000001c3   Thumb Code     0  libshutdown2.o(.ARM.Collect$$libshutdown$$00000010)
    __rt_lib_shutdown_signal_1               0x000001c3   Thumb Code     0  libshutdown2.o(.ARM.Collect$$libshutdown$$0000000A)
    __rt_lib_shutdown_stdio_1                0x000001c3   Thumb Code     0  libshutdown2.o(.ARM.Collect$$libshutdown$$00000004)
    __rt_lib_shutdown_user_alloc_1           0x000001c3   Thumb Code     0  libshutdown2.o(.ARM.Collect$$libshutdown$$0000000C)
    __rt_entry                               0x000001c5   Thumb Code     0  __rtentry.o(.ARM.Collect$$rtentry$$00000000)
    __rt_entry_presh_1                       0x000001c5   Thumb Code     0  __rtentry2.o(.ARM.Collect$$rtentry$$00000002)
    __rt_entry_sh                            0x000001c5   Thumb Code     0  __rtentry4.o(.ARM.Collect$$rtentry$$00000004)
    __rt_entry_li                            0x000001cb   Thumb Code     0  __rtentry2.o(.ARM.Collect$$rtentry$$0000000A)
    __rt_entry_postsh_1                      0x000001cb   Thumb Code     0  __rtentry2.o(.ARM.Collect$$rtentry$$00000009)
    __rt_entry_main                          0x000001cf   Thumb Code     0  __rtentry2.o(.ARM.Collect$$rtentry$$0000000D)
    __rt_entry_postli_1                      0x000001cf   Thumb Code     0  __rtentry2.o(.ARM.Collect$$rtentry$$0000000C)
    __rt_exit                                0x000001d7   Thumb Code     0  rtexit.o(.ARM.Collect$$rtexit$$00000000)
    __rt_exit_ls                             0x000001d9   Thumb Code     0  rtexit2.o(.ARM.Collect$$rtexit$$00000003)
    __rt_exit_prels_1                        0x000001d9   Thumb Code     0  rtexit2.o(.ARM.Collect$$rtexit$$00000002)
    __rt_exit_exit                           0x000001dd   Thumb Code     0  rtexit2.o(.ARM.Collect$$rtexit$$00000004)
    Reset_Handler                            0x000001e5   Thumb Code     8  startup_msp432p401r_uvision.o(.text)
    NMI_Handler                              0x000001ed   Thumb Code     2  startup_msp432p401r_uvision.o(.text)
    HardFault_Handler                        0x000001ef   Thumb Code     2  startup_msp432p401r_uvision.o(.text)
    MemManage_Handler                        0x000001f1   Thumb Code     2  startup_msp432p401r_uvision.o(.text)
    BusFault_Handler                         0x000001f3   Thumb Code     2  startup_msp432p401r_uvision.o(.text)
    UsageFault_Handler                       0x000001f5   Thumb Code     2  startup_msp432p401r_uvision.o(.text)
    SVC_Handler                              0x000001f7   Thumb Code     2  startup_msp432p401r_uvision.o(.text)
    DebugMon_Handler                         0x000001f9   Thumb Code     2  startup_msp432p401r_uvision.o(.text)
    PendSV_Handler                           0x000001fb   Thumb Code     2  startup_msp432p401r_uvision.o(.text)
    SysTick_Handler                          0x000001fd   Thumb Code     2  startup_msp432p401r_uvision.o(.text)
    ADC14_IRQHandler                         0x000001ff   Thumb Code     0  startup_msp432p401r_uvision.o(.text)
    AES256_IRQHandler                        0x000001ff   Thumb Code     0  startup_msp432p401r_uvision.o(.text)
    COMP_E0_IRQHandler                       0x000001ff   Thumb Code     0  startup_msp432p401r_uvision.o(.text)
    COMP_E1_IRQHandler                       0x000001ff   Thumb Code     0  startup_msp432p401r_uvision.o(.text)
    CS_IRQHandler                            0x000001ff   Thumb Code     0  startup_msp432p401r_uvision.o(.text)
    DMA_ERR_IRQHandler                       0x000001ff   Thumb Code     0  startup_msp432p401r_uvision.o(.text)
    DMA_INT0_IRQHandler                      0x000001ff   Thumb Code     0  startup_msp432p401r_uvision.o(.text)
    DMA_INT1_IRQHandler                      0x000001ff   Thumb Code     0  startup_msp432p401r_uvision.o(.text)
    DMA_INT2_IRQHandler                      0x000001ff   Thumb Code     0  startup_msp432p401r_uvision.o(.text)
    DMA_INT3_IRQHandler                      0x000001ff   Thumb Code     0  startup_msp432p401r_uvision.o(.text)
    EUSCIA0_IRQHandler                       0x000001ff   Thumb Code     0  startup_msp432p401r_uvision.o(.text)
    EUSCIA1_IRQHandler                       0x000001ff   Thumb Code     0  startup_msp432p401r_uvision.o(.text)
    EUSCIA2_IRQHandler                       0x000001ff   Thumb Code     0  startup_msp432p401r_uvision.o(.text)
    EUSCIA3_IRQHandler                       0x000001ff   Thumb Code     0  startup_msp432p401r_uvision.o(.text)
    EUSCIB0_IRQHandler                       0x000001ff   Thumb Code     0  startup_msp432p401r_uvision.o(.text)
    EUSCIB1_IRQHandler                       0x000001ff   Thumb Code     0  startup_msp432p401r_uvision.o(.text)
    EUSCIB2_IRQHandler                       0x000001ff   Thumb Code     0  startup_msp432p401r_uvision.o(.text)
    EUSCIB3_IRQHandler                       0x000001ff   Thumb Code     0  startup_msp432p401r_uvision.o(.text)
    FLCTL_IRQHandler                         0x000001ff   Thumb Code     0  startup_msp432p401r_uvision.o(.text)
    FPU_IRQHandler                           0x000001ff   Thumb Code     0  startup_msp432p401r_uvision.o(.text)
    PCM_IRQHandler                           0x000001ff   Thumb Code     0  startup_msp432p401r_uvision.o(.text)
    PORT1_IRQHandler                         0x000001ff   Thumb Code     0  startup_msp432p401r_uvision.o(.text)
    PORT2_IRQHandler                         0x000001ff   Thumb Code     0  startup_msp432p401r_uvision.o(.text)
    PORT3_IRQHandler                         0x000001ff   Thumb Code     0  startup_msp432p401r_uvision.o(.text)
    PORT5_IRQHandler                         0x000001ff   Thumb Code     0  startup_msp432p401r_uvision.o(.text)
    PORT6_IRQHandler                         0x000001ff   Thumb Code     0  startup_msp432p401r_uvision.o(.text)
    PSS_IRQHandler                           0x000001ff   Thumb Code     0  startup_msp432p401r_uvision.o(.text)
    RTC_C_IRQHandler                         0x000001ff   Thumb Code     0  startup_msp432p401r_uvision.o(.text)
    T32_INTC_IRQHandler                      0x000001ff   Thumb Code     0  startup_msp432p401r_uvision.o(.text)
    TA0_N_IRQHandler                         0x000001ff   Thumb Code     0  startup_msp432p401r_uvision.o(.text)
    TA1_0_IRQHandler                         0x000001ff   Thumb Code     0  startup_msp432p401r_uvision.o(.text)
    TA1_N_IRQHandler                         0x000001ff   Thumb Code     0  startup_msp432p401r_uvision.o(.text)
    TA2_0_IRQHandler                         0x000001ff   Thumb Code     0  startup_msp432p401r_uvision.o(.text)
    TA3_0_IRQHandler                         0x000001ff   Thumb Code     0  startup_msp432p401r_uvision.o(.text)
    TA3_N_IRQHandler                         0x000001ff   Thumb Code     0  startup_msp432p401r_uvision.o(.text)
    WDT_A_IRQHandler                         0x000001ff   Thumb Code     0  startup_msp432p401r_uvision.o(.text)
    __user_initial_stackheap                 0x00000201   Thumb Code    10  startup_msp432p401r_uvision.o(.text)
    __use_no_semihosting                     0x00000221   Thumb Code     2  use_no_semi_2.o(.text)
    __aeabi_ldivmod                          0x00000223   Thumb Code     0  llsdiv.o(.text)
    _ll_sdiv                                 0x00000223   Thumb Code    72  llsdiv.o(.text)
    memcmp                                   0x0000026b   Thumb Code    88  memcmp.o(.text)
    __aeabi_memset                           0x000002c3   Thumb Code    16  aeabi_memset.o(.text)
    __aeabi_memclr4                          0x000002d3   Thumb Code     0  rt_memclr_w.o(.text)
    __aeabi_memclr8                          0x000002d3   Thumb Code     0  rt_memclr_w.o(.text)
    __rt_memclr_w                            0x000002d3   Thumb Code    78  rt_memclr_w.o(.text)
    _memset_w                                0x000002d7   Thumb Code     0  rt_memclr_w.o(.text)
    __use_two_region_memory                  0x00000321   Thumb Code     2  heapauxi.o(.text)
    __rt_heap_escrow$2region                 0x00000323   Thumb Code     2  heapauxi.o(.text)
    __rt_heap_expand$2region                 0x00000325   Thumb Code     2  heapauxi.o(.text)
    __I$use$semihosting                      0x00000327   Thumb Code     0  use_no_semi.o(.text)
    __use_no_semihosting_swi                 0x00000327   Thumb Code     2  use_no_semi.o(.text)
    __aeabi_uldivmod                         0x00000329   Thumb Code     0  lludivv7m.o(.text)
    _ll_udiv                                 0x00000329   Thumb Code   238  lludivv7m.o(.text)
    __read_errno                             0x00000417   Thumb Code    10  _rserrno.o(.text)
    __set_errno                              0x00000421   Thumb Code    12  _rserrno.o(.text)
    __aeabi_memclr                           0x0000042d   Thumb Code     0  rt_memclr.o(.text)
    __rt_memclr                              0x0000042d   Thumb Code    68  rt_memclr.o(.text)
    _memset                                  0x00000431   Thumb Code     0  rt_memclr.o(.text)
    __aeabi_errno_addr                       0x00000471   Thumb Code     8  rt_errno_addr_intlibspace.o(.text)
    __errno$intlibspace                      0x00000471   Thumb Code     0  rt_errno_addr_intlibspace.o(.text)
    __rt_errno_addr$intlibspace              0x00000471   Thumb Code     0  rt_errno_addr_intlibspace.o(.text)
    __user_libspace                          0x00000479   Thumb Code     8  libspace.o(.text)
    __user_perproc_libspace                  0x00000479   Thumb Code     0  libspace.o(.text)
    __user_perthread_libspace                0x00000479   Thumb Code     0  libspace.o(.text)
    __user_setup_stackheap                   0x00000481   Thumb Code    74  sys_stackheap_outer.o(.text)
    exit                                     0x000004cb   Thumb Code    18  exit.o(.text)
    CS_setExternalClockSourceFrequency       0x000004dd   Thumb Code     8  cs.o(i.CS_setExternalClockSourceFrequency)
    CS_startHFXT                             0x000004e9   Thumb Code     6  cs.o(i.CS_startHFXT)
    CS_startHFXTWithTimeout                  0x000004f1   Thumb Code   144  cs.o(i.CS_startHFXTWithTimeout)
    CS_startLFXT                             0x00000591   Thumb Code     6  cs.o(i.CS_startLFXT)
    CS_startLFXTWithTimeout                  0x00000599   Thumb Code   144  cs.o(i.CS_startLFXTWithTimeout)
    Encoder_Scan                             0x00000639   Thumb Code   114  bsp_encoder.o(i.Encoder_Scan)
    GPIO_getInputPinValue                    0x000006bd   Thumb Code    16  gpio.o(i.GPIO_getInputPinValue)
    GPIO_setAsInputPin                       0x000006d1   Thumb Code    32  gpio.o(i.GPIO_setAsInputPin)
    GPIO_setAsOutputPin                      0x000006f5   Thumb Code    26  gpio.o(i.GPIO_setAsOutputPin)
    GPIO_setOutputHighOnPin                  0x00000715   Thumb Code    14  gpio.o(i.GPIO_setOutputHighOnPin)
    GPIO_setOutputLowOnPin                   0x00000729   Thumb Code    14  gpio.o(i.GPIO_setOutputLowOnPin)
    I2C_SW_Configuration                     0x0000073d   Thumb Code    10  oled.o(i.I2C_SW_Configuration)
    I2C_Start                                0x0000074d   Thumb Code    16  oled.o(i.I2C_Start)
    I2C_Stop                                 0x00000761   Thumb Code    14  oled.o(i.I2C_Stop)
    I2C_WaitAck                              0x00000775   Thumb Code    14  oled.o(i.I2C_WaitAck)
    IIC_Ack                                  0x00000789   Thumb Code    58  iic.o(i.IIC_Ack)
    IIC_Init                                 0x000007c3   Thumb Code    38  iic.o(i.IIC_Init)
    IIC_NAck                                 0x000007e9   Thumb Code    58  iic.o(i.IIC_NAck)
    IIC_Read_Byte                            0x00000823   Thumb Code    86  iic.o(i.IIC_Read_Byte)
    IIC_Send_Byte                            0x00000879   Thumb Code   112  iic.o(i.IIC_Send_Byte)
    IIC_Start                                0x000008e9   Thumb Code    58  iic.o(i.IIC_Start)
    IIC_Stop                                 0x00000923   Thumb Code    58  iic.o(i.IIC_Stop)
    IIC_Wait_Ack                             0x0000095d   Thumb Code    76  iic.o(i.IIC_Wait_Ack)
    KEY_Init                                 0x000009a9   Thumb Code    12  key.o(i.KEY_Init)
    Key_Scan2                                0x000009b9   Thumb Code   184  key.o(i.Key_Scan2)
    LED_B_Off                                0x00000a79   Thumb Code     8  led.o(i.LED_B_Off)
    LED_G_Off                                0x00000a85   Thumb Code     8  led.o(i.LED_G_Off)
    LED_Init                                 0x00000a91   Thumb Code    44  led.o(i.LED_Init)
    LED_RED_Off                              0x00000ac1   Thumb Code     8  led.o(i.LED_RED_Off)
    LED_R_Off                                0x00000acd   Thumb Code     8  led.o(i.LED_R_Off)
    MPU_Get_Gyroscope                        0x00000ad9   Thumb Code    68  bsp_mpu6050.o(i.MPU_Get_Gyroscope)
    MPU_Init                                 0x00000b1d   Thumb Code   150  bsp_mpu6050.o(i.MPU_Init)
    MPU_Read_Byte                            0x00000bb3   Thumb Code    58  bsp_mpu6050.o(i.MPU_Read_Byte)
    MPU_Read_Len                             0x00000bed   Thumb Code    98  bsp_mpu6050.o(i.MPU_Read_Len)
    MPU_Set_Accel_Fsr                        0x00000c4f   Thumb Code    10  bsp_mpu6050.o(i.MPU_Set_Accel_Fsr)
    MPU_Set_Gyro_Fsr                         0x00000c59   Thumb Code    10  bsp_mpu6050.o(i.MPU_Set_Gyro_Fsr)
    MPU_Set_LPF                              0x00000c63   Thumb Code    48  bsp_mpu6050.o(i.MPU_Set_LPF)
    MPU_Set_Rate                             0x00000c93   Thumb Code    44  bsp_mpu6050.o(i.MPU_Set_Rate)
    MPU_Write_Byte                           0x00000cbf   Thumb Code    74  bsp_mpu6050.o(i.MPU_Write_Byte)
    MPU_Write_Len                            0x00000d09   Thumb Code    90  bsp_mpu6050.o(i.MPU_Write_Len)
    Menudisplay                              0x00000d65   Thumb Code   442  main.o(i.Menudisplay)
    Motor_Init                               0x00000f69   Thumb Code   202  bsp_motor.o(i.Motor_Init)
    Motor_Init_bianmaqi                      0x0000103d   Thumb Code   368  bsp_encoder.o(i.Motor_Init_bianmaqi)
    OLED_Clear                               0x000011b1   Thumb Code    60  oled.o(i.OLED_Clear)
    OLED_Init                                0x000011ed   Thumb Code   238  oled.o(i.OLED_Init)
    OLED_Set_Pos                             0x000012db   Thumb Code    40  oled.o(i.OLED_Set_Pos)
    OLED_ShowBNum                            0x00001303   Thumb Code   250  oled.o(i.OLED_ShowBNum)
    OLED_ShowChar                            0x000013fd   Thumb Code   138  oled.o(i.OLED_ShowChar)
    OLED_ShowString                          0x00001491   Thumb Code    60  oled.o(i.OLED_ShowString)
    OLED_WR_Byte                             0x000014cd   Thumb Code    58  oled.o(i.OLED_WR_Byte)
    PORT4_IRQHandler                         0x00001509   Thumb Code   314  bsp_encoder.o(i.PORT4_IRQHandler)
    Reflectance_Init2                        0x00001651   Thumb Code    10  reflectance.o(i.Reflectance_Init2)
    Reflectance_Read2                        0x00001661   Thumb Code    10  reflectance.o(i.Reflectance_Read2)
    Send_Byte                                0x00001671   Thumb Code    50  oled.o(i.Send_Byte)
    Servo_Init                               0x000016a9   Thumb Code    92  bsp_servo.o(i.Servo_Init)
    SysCtl_A_disableNMISource                0x0000170d   Thumb Code    10  sysctl_a.o(i.SysCtl_A_disableNMISource)
    SysCtl_A_enableNMISource                 0x0000171d   Thumb Code    10  sysctl_a.o(i.SysCtl_A_enableNMISource)
    SysCtl_A_getNMISourceStatus              0x0000172d   Thumb Code    10  sysctl_a.o(i.SysCtl_A_getNMISourceStatus)
    SysInit                                  0x0000173d   Thumb Code   146  sysinit.o(i.SysInit)
    SystemInit                               0x000017dd   Thumb Code    76  system_msp432p401r.o(i.SystemInit)
    T32_INT1_IRQHandler                      0x0000183d   Thumb Code    10  tim32.o(i.T32_INT1_IRQHandler)
    T32_INT2_IRQHandler                      0x00001851   Thumb Code    10  myconfig.o(i.T32_INT2_IRQHandler)
    TA0_0_IRQHandler                         0x00001865   Thumb Code    58  myconfig.o(i.TA0_0_IRQHandler)
    TA2_N_IRQHandler                         0x000018a9   Thumb Code   158  tima.o(i.TA2_N_IRQHandler)
    TimA0_Int_Init                           0x00001959   Thumb Code    78  tima.o(i.TimA0_Int_Init)
    Timer_A_getCaptureCompareCount           0x000019ad   Thumb Code    16  timer_a.o(i.Timer_A_getCaptureCompareCount)
    __ARM_fpclassify                         0x00001a55   Thumb Code    48  fpclassify.o(i.__ARM_fpclassify)
    __hardfp_asin                            0x00001a89   Thumb Code   770  asin.o(i.__hardfp_asin)
    __hardfp_atan                            0x00001de9   Thumb Code   622  atan.o(i.__hardfp_atan)
    __hardfp_atan2                           0x000020c1   Thumb Code   432  atan2.o(i.__hardfp_atan2)
    __kernel_poly                            0x000022b1   Thumb Code   248  poly.o(i.__kernel_poly)
    __mathlib_dbl_infnan                     0x000023a9   Thumb Code    20  dunder.o(i.__mathlib_dbl_infnan)
    __mathlib_dbl_infnan2                    0x000023bd   Thumb Code    20  dunder.o(i.__mathlib_dbl_infnan2)
    __mathlib_dbl_invalid                    0x000023d1   Thumb Code    24  dunder.o(i.__mathlib_dbl_invalid)
    __mathlib_dbl_underflow                  0x000023f1   Thumb Code    24  dunder.o(i.__mathlib_dbl_underflow)
    _sys_exit                                0x00002411   Thumb Code     2  usart.o(i._sys_exit)
    atan                                     0x000024a9   Thumb Code    16  atan.o(i.atan)
    delay_ms                                 0x000024f5   Thumb Code    24  delay.o(i.delay_ms)
    delay_us                                 0x0000250d   Thumb Code    22  delay.o(i.delay_us)
    dmp_enable_6x_lp_quat                    0x00002523   Thumb Code    60  inv_mpu_dmp_motion_driver.o(i.dmp_enable_6x_lp_quat)
    dmp_enable_feature                       0x00002561   Thumb Code   484  inv_mpu_dmp_motion_driver.o(i.dmp_enable_feature)
    dmp_enable_gyro_cal                      0x0000274d   Thumb Code    62  inv_mpu_dmp_motion_driver.o(i.dmp_enable_gyro_cal)
    dmp_enable_lp_quat                       0x000027a5   Thumb Code    60  inv_mpu_dmp_motion_driver.o(i.dmp_enable_lp_quat)
    dmp_load_motion_driver_firmware          0x000027e1   Thumb Code    16  inv_mpu_dmp_motion_driver.o(i.dmp_load_motion_driver_firmware)
    dmp_read_fifo                            0x000027f5   Thumb Code   384  inv_mpu_dmp_motion_driver.o(i.dmp_read_fifo)
    dmp_set_accel_bias                       0x00002979   Thumb Code   262  inv_mpu_dmp_motion_driver.o(i.dmp_set_accel_bias)
    dmp_set_fifo_rate                        0x00002a85   Thumb Code    96  inv_mpu_dmp_motion_driver.o(i.dmp_set_fifo_rate)
    dmp_set_gyro_bias                        0x00002af5   Thumb Code   256  inv_mpu_dmp_motion_driver.o(i.dmp_set_gyro_bias)
    dmp_set_orientation                      0x00002bfd   Thumb Code   260  inv_mpu_dmp_motion_driver.o(i.dmp_set_orientation)
    dmp_set_shake_reject_thresh              0x00002d15   Thumb Code    48  inv_mpu_dmp_motion_driver.o(i.dmp_set_shake_reject_thresh)
    dmp_set_shake_reject_time                0x00002d45   Thumb Code    32  inv_mpu_dmp_motion_driver.o(i.dmp_set_shake_reject_time)
    dmp_set_shake_reject_timeout             0x00002d65   Thumb Code    32  inv_mpu_dmp_motion_driver.o(i.dmp_set_shake_reject_timeout)
    dmp_set_tap_axes                         0x00002d85   Thumb Code    56  inv_mpu_dmp_motion_driver.o(i.dmp_set_tap_axes)
    dmp_set_tap_count                        0x00002dbd   Thumb Code    34  inv_mpu_dmp_motion_driver.o(i.dmp_set_tap_count)
    dmp_set_tap_thresh                       0x00002de1   Thumb Code   376  inv_mpu_dmp_motion_driver.o(i.dmp_set_tap_thresh)
    dmp_set_tap_time                         0x00002f7d   Thumb Code    32  inv_mpu_dmp_motion_driver.o(i.dmp_set_tap_time)
    dmp_set_tap_time_multi                   0x00002f9d   Thumb Code    32  inv_mpu_dmp_motion_driver.o(i.dmp_set_tap_time_multi)
    fabs                                     0x00002fbd   Thumb Code    24  fabs.o(i.fabs)
    inv_orientation_matrix_to_scalar         0x0000353d   Thumb Code    36  inv_mpu.o(i.inv_orientation_matrix_to_scalar)
    inv_row_2_scale                          0x00003561   Thumb Code    72  inv_mpu.o(i.inv_row_2_scale)
    main                                     0x000035a9   Thumb Code    64  main.o(i.main)
    mget_ms                                  0x000035ed   Thumb Code     6  inv_mpu.o(i.mget_ms)
    mpu_configure_fifo                       0x000035f5   Thumb Code    90  inv_mpu.o(i.mpu_configure_fifo)
    mpu_dmp_get_data                         0x00003655   Thumb Code   344  inv_mpu.o(i.mpu_dmp_get_data)
    mpu_dmp_init                             0x000037b9   Thumb Code   136  inv_mpu.o(i.mpu_dmp_init)
    mpu_get_accel_fsr                        0x00003845   Thumb Code    62  inv_mpu.o(i.mpu_get_accel_fsr)
    mpu_get_accel_sens                       0x00003889   Thumb Code    70  inv_mpu.o(i.mpu_get_accel_sens)
    mpu_get_fifo_config                      0x000038d5   Thumb Code    10  inv_mpu.o(i.mpu_get_fifo_config)
    mpu_get_gyro_fsr                         0x000038e5   Thumb Code    58  inv_mpu.o(i.mpu_get_gyro_fsr)
    mpu_get_gyro_sens                        0x00003925   Thumb Code    68  inv_mpu.o(i.mpu_get_gyro_sens)
    mpu_get_lpf                              0x0000397d   Thumb Code    64  inv_mpu.o(i.mpu_get_lpf)
    mpu_get_sample_rate                      0x000039c1   Thumb Code    24  inv_mpu.o(i.mpu_get_sample_rate)
    mpu_load_firmware                        0x000039dd   Thumb Code   174  inv_mpu.o(i.mpu_load_firmware)
    mpu_lp_accel_mode                        0x00003a91   Thumb Code   204  inv_mpu.o(i.mpu_lp_accel_mode)
    mpu_read_fifo_stream                     0x00003b61   Thumb Code   166  inv_mpu.o(i.mpu_read_fifo_stream)
    mpu_read_mem                             0x00003c0d   Thumb Code   106  inv_mpu.o(i.mpu_read_mem)
    mpu_reset_fifo                           0x00003c7d   Thumb Code   360  inv_mpu.o(i.mpu_reset_fifo)
    mpu_run_self_test                        0x00003de9   Thumb Code   244  inv_mpu.o(i.mpu_run_self_test)
    mpu_set_accel_fsr                        0x00003ee1   Thumb Code   110  inv_mpu.o(i.mpu_set_accel_fsr)
    mpu_set_bypass                           0x00003f55   Thumb Code   276  inv_mpu.o(i.mpu_set_bypass)
    mpu_set_dmp_state                        0x0000406d   Thumb Code   118  inv_mpu.o(i.mpu_set_dmp_state)
    mpu_set_gyro_fsr                         0x000040e9   Thumb Code   116  inv_mpu.o(i.mpu_set_gyro_fsr)
    mpu_set_int_latched                      0x00004161   Thumb Code    92  inv_mpu.o(i.mpu_set_int_latched)
    mpu_set_lpf                              0x000041c1   Thumb Code   118  inv_mpu.o(i.mpu_set_lpf)
    mpu_set_sample_rate                      0x0000423d   Thumb Code   126  inv_mpu.o(i.mpu_set_sample_rate)
    mpu_set_sensors                          0x000042c1   Thumb Code   172  inv_mpu.o(i.mpu_set_sensors)
    mpu_write_mem                            0x00004371   Thumb Code   106  inv_mpu.o(i.mpu_write_mem)
    oled_pow                                 0x000043e1   Thumb Code    16  oled.o(i.oled_pow)
    run_self_test                            0x000043f1   Thumb Code   136  inv_mpu.o(i.run_self_test)
    sqrt                                     0x000044ed   Thumb Code   110  sqrt.o(i.sqrt)
    __aeabi_dneg                             0x0000455b   Thumb Code     0  basic.o(x$fpl$basic)
    _dneg                                    0x0000455b   Thumb Code     6  basic.o(x$fpl$basic)
    __aeabi_fneg                             0x00004561   Thumb Code     0  basic.o(x$fpl$basic)
    _fneg                                    0x00004561   Thumb Code     6  basic.o(x$fpl$basic)
    _dabs                                    0x00004567   Thumb Code     6  basic.o(x$fpl$basic)
    _fabs                                    0x0000456d   Thumb Code     6  basic.o(x$fpl$basic)
    __aeabi_d2f                              0x00004575   Thumb Code     0  d2f.o(x$fpl$d2f)
    _d2f                                     0x00004575   Thumb Code    98  d2f.o(x$fpl$d2f)
    __aeabi_dadd                             0x000045d9   Thumb Code     0  daddsub_clz.o(x$fpl$dadd)
    _dadd                                    0x000045d9   Thumb Code   332  daddsub_clz.o(x$fpl$dadd)
    __aeabi_ddiv                             0x00004729   Thumb Code     0  ddiv.o(x$fpl$ddiv)
    _ddiv                                    0x00004729   Thumb Code   552  ddiv.o(x$fpl$ddiv)
    __aeabi_dmul                             0x000049d9   Thumb Code     0  dmul.o(x$fpl$dmul)
    _dmul                                    0x000049d9   Thumb Code   332  dmul.o(x$fpl$dmul)
    __fpl_dnaninf                            0x00004b2d   Thumb Code   156  dnaninf.o(x$fpl$dnaninf)
    __fpl_dretinf                            0x00004bc9   Thumb Code    12  dretinf.o(x$fpl$dretinf)
    __aeabi_drsub                            0x00004bd5   Thumb Code     0  daddsub_clz.o(x$fpl$drsb)
    _drsb                                    0x00004bd5   Thumb Code    22  daddsub_clz.o(x$fpl$drsb)
    _dsqrt                                   0x00004bed   Thumb Code   404  dsqrt_umaal.o(x$fpl$dsqrt)
    __aeabi_dsub                             0x00004d85   Thumb Code     0  daddsub_clz.o(x$fpl$dsub)
    _dsub                                    0x00004d85   Thumb Code   464  daddsub_clz.o(x$fpl$dsub)
    __aeabi_f2d                              0x00004f59   Thumb Code     0  f2d.o(x$fpl$f2d)
    _f2d                                     0x00004f59   Thumb Code    86  f2d.o(x$fpl$f2d)
    __fpl_fnaninf                            0x00004faf   Thumb Code   140  fnaninf.o(x$fpl$fnaninf)
    _fp_init                                 0x0000503b   Thumb Code    10  fpinit.o(x$fpl$fpinit)
    __fplib_config_fpu_vfp                   0x00005043   Thumb Code     0  fpinit.o(x$fpl$fpinit)
    __fplib_config_pureend_doubles           0x00005043   Thumb Code     0  fpinit.o(x$fpl$fpinit)
    __fpl_fretinf                            0x00005045   Thumb Code    10  fretinf.o(x$fpl$fretinf)
    __I$use$fp                               0x0000504e   Number         0  usenofp.o(x$fpl$usenofp)
    asc2_0806                                0x0000504e   Data         570  oled.o(.constdata)
    asc2_1608                                0x00005288   Data        1520  oled.o(.constdata)
    Hzk                                      0x00005878   Data         224  oled.o(.constdata)
    reg                                      0x0000654e   Data          27  inv_mpu.o(.constdata)
    hw                                       0x0000656a   Data          12  inv_mpu.o(.constdata)
    test                                     0x00006578   Data          40  inv_mpu.o(.constdata)
    __mathlib_zero                           0x000066d8   Data           8  qnan.o(.constdata)
    Region$$Table$$Base                      0x000066e0   Number         0  anon$$obj.o(Region$$Table)
    Region$$Table$$Limit                     0x00006700   Number         0  anon$$obj.o(Region$$Table)
    Delay10msCnt                             0x20000002   Data           1  myconfig.o(.data)
    Reflectance_Data                         0x20000003   Data           1  myconfig.o(.data)
    TIMA2_CAP_STA                            0x20000004   Data           1  tima.o(.data)
    TIMA2_CAP_VAL                            0x20000006   Data           2  tima.o(.data)
    Encoder                                  0x20000048   Data          64  bsp_encoder.o(.bss)
    Keys                                     0x20000088   Data          16  key.o(.bss)
    __libspace_start                         0x200000a8   Data          96  libspace.o(.bss)
    __temporary_stack_top$libspace           0x20000108   Data           0  libspace.o(.bss)



==============================================================================

Memory Map of the image

  Image Entry point : 0x00000145

  Load Region LR_IROM1 (Base: 0x00000000, Size: 0x00006748, Max: 0x00040000, ABSOLUTE)

    Execution Region ER_IROM1 (Exec base: 0x00000000, Load base: 0x00000000, Size: 0x00006700, Max: 0x00040000, ABSOLUTE)

    Exec Addr    Load Addr    Size         Type   Attr      Idx    E Section Name        Object

    0x00000000   0x00000000   0x00000144   Data   RO         1769    RESET               startup_msp432p401r_uvision.o
    0x00000144   0x00000144   0x00000008   Code   RO         2934  * !!!main             c_w.l(__main.o)
    0x0000014c   0x0000014c   0x00000034   Code   RO         3239    !!!scatter          c_w.l(__scatter.o)
    0x00000180   0x00000180   0x0000001a   Code   RO         3241    !!handler_copy      c_w.l(__scatter_copy.o)
    0x0000019a   0x0000019a   0x00000002   PAD
    0x0000019c   0x0000019c   0x0000001c   Code   RO         3243    !!handler_zi        c_w.l(__scatter_zi.o)
    0x000001b8   0x000001b8   0x00000002   Code   RO         3110    .ARM.Collect$$libinit$$00000000  c_w.l(libinit.o)
    0x000001ba   0x000001ba   0x00000004   Code   RO         3119    .ARM.Collect$$libinit$$00000001  c_w.l(libinit2.o)
    0x000001be   0x000001be   0x00000000   Code   RO         3122    .ARM.Collect$$libinit$$00000004  c_w.l(libinit2.o)
    0x000001be   0x000001be   0x00000000   Code   RO         3125    .ARM.Collect$$libinit$$0000000A  c_w.l(libinit2.o)
    0x000001be   0x000001be   0x00000000   Code   RO         3127    .ARM.Collect$$libinit$$0000000C  c_w.l(libinit2.o)
    0x000001be   0x000001be   0x00000000   Code   RO         3129    .ARM.Collect$$libinit$$0000000E  c_w.l(libinit2.o)
    0x000001be   0x000001be   0x00000000   Code   RO         3132    .ARM.Collect$$libinit$$00000011  c_w.l(libinit2.o)
    0x000001be   0x000001be   0x00000000   Code   RO         3134    .ARM.Collect$$libinit$$00000013  c_w.l(libinit2.o)
    0x000001be   0x000001be   0x00000000   Code   RO         3136    .ARM.Collect$$libinit$$00000015  c_w.l(libinit2.o)
    0x000001be   0x000001be   0x00000000   Code   RO         3138    .ARM.Collect$$libinit$$00000017  c_w.l(libinit2.o)
    0x000001be   0x000001be   0x00000000   Code   RO         3140    .ARM.Collect$$libinit$$00000019  c_w.l(libinit2.o)
    0x000001be   0x000001be   0x00000000   Code   RO         3142    .ARM.Collect$$libinit$$0000001B  c_w.l(libinit2.o)
    0x000001be   0x000001be   0x00000000   Code   RO         3144    .ARM.Collect$$libinit$$0000001D  c_w.l(libinit2.o)
    0x000001be   0x000001be   0x00000000   Code   RO         3146    .ARM.Collect$$libinit$$0000001F  c_w.l(libinit2.o)
    0x000001be   0x000001be   0x00000000   Code   RO         3148    .ARM.Collect$$libinit$$00000021  c_w.l(libinit2.o)
    0x000001be   0x000001be   0x00000000   Code   RO         3150    .ARM.Collect$$libinit$$00000023  c_w.l(libinit2.o)
    0x000001be   0x000001be   0x00000000   Code   RO         3152    .ARM.Collect$$libinit$$00000025  c_w.l(libinit2.o)
    0x000001be   0x000001be   0x00000000   Code   RO         3156    .ARM.Collect$$libinit$$0000002C  c_w.l(libinit2.o)
    0x000001be   0x000001be   0x00000000   Code   RO         3158    .ARM.Collect$$libinit$$0000002E  c_w.l(libinit2.o)
    0x000001be   0x000001be   0x00000000   Code   RO         3160    .ARM.Collect$$libinit$$00000030  c_w.l(libinit2.o)
    0x000001be   0x000001be   0x00000000   Code   RO         3162    .ARM.Collect$$libinit$$00000032  c_w.l(libinit2.o)
    0x000001be   0x000001be   0x00000002   Code   RO         3163    .ARM.Collect$$libinit$$00000033  c_w.l(libinit2.o)
    0x000001c0   0x000001c0   0x00000002   Code   RO         3191    .ARM.Collect$$libshutdown$$00000000  c_w.l(libshutdown.o)
    0x000001c2   0x000001c2   0x00000000   Code   RO         3205    .ARM.Collect$$libshutdown$$00000002  c_w.l(libshutdown2.o)
    0x000001c2   0x000001c2   0x00000000   Code   RO         3207    .ARM.Collect$$libshutdown$$00000004  c_w.l(libshutdown2.o)
    0x000001c2   0x000001c2   0x00000000   Code   RO         3210    .ARM.Collect$$libshutdown$$00000007  c_w.l(libshutdown2.o)
    0x000001c2   0x000001c2   0x00000000   Code   RO         3213    .ARM.Collect$$libshutdown$$0000000A  c_w.l(libshutdown2.o)
    0x000001c2   0x000001c2   0x00000000   Code   RO         3215    .ARM.Collect$$libshutdown$$0000000C  c_w.l(libshutdown2.o)
    0x000001c2   0x000001c2   0x00000000   Code   RO         3218    .ARM.Collect$$libshutdown$$0000000F  c_w.l(libshutdown2.o)
    0x000001c2   0x000001c2   0x00000002   Code   RO         3219    .ARM.Collect$$libshutdown$$00000010  c_w.l(libshutdown2.o)
    0x000001c4   0x000001c4   0x00000000   Code   RO         2986    .ARM.Collect$$rtentry$$00000000  c_w.l(__rtentry.o)
    0x000001c4   0x000001c4   0x00000000   Code   RO         3061    .ARM.Collect$$rtentry$$00000002  c_w.l(__rtentry2.o)
    0x000001c4   0x000001c4   0x00000006   Code   RO         3073    .ARM.Collect$$rtentry$$00000004  c_w.l(__rtentry4.o)
    0x000001ca   0x000001ca   0x00000000   Code   RO         3063    .ARM.Collect$$rtentry$$00000009  c_w.l(__rtentry2.o)
    0x000001ca   0x000001ca   0x00000004   Code   RO         3064    .ARM.Collect$$rtentry$$0000000A  c_w.l(__rtentry2.o)
    0x000001ce   0x000001ce   0x00000000   Code   RO         3066    .ARM.Collect$$rtentry$$0000000C  c_w.l(__rtentry2.o)
    0x000001ce   0x000001ce   0x00000008   Code   RO         3067    .ARM.Collect$$rtentry$$0000000D  c_w.l(__rtentry2.o)
    0x000001d6   0x000001d6   0x00000002   Code   RO         3113    .ARM.Collect$$rtexit$$00000000  c_w.l(rtexit.o)
    0x000001d8   0x000001d8   0x00000000   Code   RO         3165    .ARM.Collect$$rtexit$$00000002  c_w.l(rtexit2.o)
    0x000001d8   0x000001d8   0x00000004   Code   RO         3166    .ARM.Collect$$rtexit$$00000003  c_w.l(rtexit2.o)
    0x000001dc   0x000001dc   0x00000006   Code   RO         3167    .ARM.Collect$$rtexit$$00000004  c_w.l(rtexit2.o)
    0x000001e2   0x000001e2   0x00000002   PAD
    0x000001e4   0x000001e4   0x0000003c   Code   RO         1770    .text               startup_msp432p401r_uvision.o
    0x00000220   0x00000220   0x00000002   Code   RO         2866    .text               c_w.l(use_no_semi_2.o)
    0x00000222   0x00000222   0x00000048   Code   RO         2868    .text               c_w.l(llsdiv.o)
    0x0000026a   0x0000026a   0x00000058   Code   RO         2924    .text               c_w.l(memcmp.o)
    0x000002c2   0x000002c2   0x00000010   Code   RO         2928    .text               c_w.l(aeabi_memset.o)
    0x000002d2   0x000002d2   0x0000004e   Code   RO         2930    .text               c_w.l(rt_memclr_w.o)
    0x00000320   0x00000320   0x00000006   Code   RO         2932    .text               c_w.l(heapauxi.o)
    0x00000326   0x00000326   0x00000002   Code   RO         2984    .text               c_w.l(use_no_semi.o)
    0x00000328   0x00000328   0x000000ee   Code   RO         2987    .text               c_w.l(lludivv7m.o)
    0x00000416   0x00000416   0x00000016   Code   RO         2989    .text               c_w.l(_rserrno.o)
    0x0000042c   0x0000042c   0x00000044   Code   RO         2996    .text               c_w.l(rt_memclr.o)
    0x00000470   0x00000470   0x00000008   Code   RO         3082    .text               c_w.l(rt_errno_addr_intlibspace.o)
    0x00000478   0x00000478   0x00000008   Code   RO         3094    .text               c_w.l(libspace.o)
    0x00000480   0x00000480   0x0000004a   Code   RO         3097    .text               c_w.l(sys_stackheap_outer.o)
    0x000004ca   0x000004ca   0x00000012   Code   RO         3103    .text               c_w.l(exit.o)
    0x000004dc   0x000004dc   0x0000000c   Code   RO         1852    i.CS_setExternalClockSourceFrequency  msp432p4xx_driverlib.lib(cs.o)
    0x000004e8   0x000004e8   0x00000006   Code   RO         1855    i.CS_startHFXT      msp432p4xx_driverlib.lib(cs.o)
    0x000004ee   0x000004ee   0x00000002   PAD
    0x000004f0   0x000004f0   0x000000a0   Code   RO         1856    i.CS_startHFXTWithTimeout  msp432p4xx_driverlib.lib(cs.o)
    0x00000590   0x00000590   0x00000006   Code   RO         1857    i.CS_startLFXT      msp432p4xx_driverlib.lib(cs.o)
    0x00000596   0x00000596   0x00000002   PAD
    0x00000598   0x00000598   0x000000a0   Code   RO         1858    i.CS_startLFXTWithTimeout  msp432p4xx_driverlib.lib(cs.o)
    0x00000638   0x00000638   0x00000084   Code   RO          247    i.Encoder_Scan      bsp_encoder.o
    0x000006bc   0x000006bc   0x00000014   Code   RO         2100    i.GPIO_getInputPinValue  msp432p4xx_driverlib.lib(gpio.o)
    0x000006d0   0x000006d0   0x00000024   Code   RO         2104    i.GPIO_setAsInputPin  msp432p4xx_driverlib.lib(gpio.o)
    0x000006f4   0x000006f4   0x00000020   Code   RO         2107    i.GPIO_setAsOutputPin  msp432p4xx_driverlib.lib(gpio.o)
    0x00000714   0x00000714   0x00000014   Code   RO         2112    i.GPIO_setOutputHighOnPin  msp432p4xx_driverlib.lib(gpio.o)
    0x00000728   0x00000728   0x00000014   Code   RO         2113    i.GPIO_setOutputLowOnPin  msp432p4xx_driverlib.lib(gpio.o)
    0x0000073c   0x0000073c   0x00000010   Code   RO          501    i.I2C_SW_Configuration  oled.o
    0x0000074c   0x0000074c   0x00000014   Code   RO          502    i.I2C_Start         oled.o
    0x00000760   0x00000760   0x00000014   Code   RO          503    i.I2C_Stop          oled.o
    0x00000774   0x00000774   0x00000014   Code   RO          504    i.I2C_WaitAck       oled.o
    0x00000788   0x00000788   0x0000003a   Code   RO         1063    i.IIC_Ack           iic.o
    0x000007c2   0x000007c2   0x00000026   Code   RO         1064    i.IIC_Init          iic.o
    0x000007e8   0x000007e8   0x0000003a   Code   RO         1065    i.IIC_NAck          iic.o
    0x00000822   0x00000822   0x00000056   Code   RO         1066    i.IIC_Read_Byte     iic.o
    0x00000878   0x00000878   0x00000070   Code   RO         1067    i.IIC_Send_Byte     iic.o
    0x000008e8   0x000008e8   0x0000003a   Code   RO         1068    i.IIC_Start         iic.o
    0x00000922   0x00000922   0x0000003a   Code   RO         1069    i.IIC_Stop          iic.o
    0x0000095c   0x0000095c   0x0000004c   Code   RO         1070    i.IIC_Wait_Ack      iic.o
    0x000009a8   0x000009a8   0x00000010   Code   RO          290    i.KEY_Init          key.o
    0x000009b8   0x000009b8   0x000000c0   Code   RO          293    i.Key_Scan2         key.o
    0x00000a78   0x00000a78   0x0000000c   Code   RO          339    i.LED_B_Off         led.o
    0x00000a84   0x00000a84   0x0000000c   Code   RO          343    i.LED_G_Off         led.o
    0x00000a90   0x00000a90   0x00000030   Code   RO          346    i.LED_Init          led.o
    0x00000ac0   0x00000ac0   0x0000000c   Code   RO          348    i.LED_RED_Off       led.o
    0x00000acc   0x00000acc   0x0000000c   Code   RO          351    i.LED_R_Off         led.o
    0x00000ad8   0x00000ad8   0x00000044   Code   RO         1130    i.MPU_Get_Gyroscope  bsp_mpu6050.o
    0x00000b1c   0x00000b1c   0x00000096   Code   RO         1132    i.MPU_Init          bsp_mpu6050.o
    0x00000bb2   0x00000bb2   0x0000003a   Code   RO         1133    i.MPU_Read_Byte     bsp_mpu6050.o
    0x00000bec   0x00000bec   0x00000062   Code   RO         1134    i.MPU_Read_Len      bsp_mpu6050.o
    0x00000c4e   0x00000c4e   0x0000000a   Code   RO         1135    i.MPU_Set_Accel_Fsr  bsp_mpu6050.o
    0x00000c58   0x00000c58   0x0000000a   Code   RO         1136    i.MPU_Set_Gyro_Fsr  bsp_mpu6050.o
    0x00000c62   0x00000c62   0x00000030   Code   RO         1137    i.MPU_Set_LPF       bsp_mpu6050.o
    0x00000c92   0x00000c92   0x0000002c   Code   RO         1138    i.MPU_Set_Rate      bsp_mpu6050.o
    0x00000cbe   0x00000cbe   0x0000004a   Code   RO         1139    i.MPU_Write_Byte    bsp_mpu6050.o
    0x00000d08   0x00000d08   0x0000005a   Code   RO         1140    i.MPU_Write_Len     bsp_mpu6050.o
    0x00000d62   0x00000d62   0x00000002   PAD
    0x00000d64   0x00000d64   0x00000204   Code   RO            4    i.Menudisplay       main.o
    0x00000f68   0x00000f68   0x000000d4   Code   RO          472    i.Motor_Init        bsp_motor.o
    0x0000103c   0x0000103c   0x00000174   Code   RO          248    i.Motor_Init_bianmaqi  bsp_encoder.o
    0x000011b0   0x000011b0   0x0000003c   Code   RO          505    i.OLED_Clear        oled.o
    0x000011ec   0x000011ec   0x000000ee   Code   RO          511    i.OLED_Init         oled.o
    0x000012da   0x000012da   0x00000028   Code   RO          512    i.OLED_Set_Pos      oled.o
    0x00001302   0x00001302   0x000000fa   Code   RO          513    i.OLED_ShowBNum     oled.o
    0x000013fc   0x000013fc   0x00000094   Code   RO          515    i.OLED_ShowChar     oled.o
    0x00001490   0x00001490   0x0000003c   Code   RO          518    i.OLED_ShowString   oled.o
    0x000014cc   0x000014cc   0x0000003a   Code   RO          520    i.OLED_WR_Byte      oled.o
    0x00001506   0x00001506   0x00000002   PAD
    0x00001508   0x00001508   0x00000148   Code   RO          249    i.PORT4_IRQHandler  bsp_encoder.o
    0x00001650   0x00001650   0x00000010   Code   RO          663    i.Reflectance_Init2  reflectance.o
    0x00001660   0x00001660   0x00000010   Code   RO          666    i.Reflectance_Read2  reflectance.o
    0x00001670   0x00001670   0x00000038   Code   RO          521    i.Send_Byte         oled.o
    0x000016a8   0x000016a8   0x00000064   Code   RO          729    i.Servo_Init        bsp_servo.o
    0x0000170c   0x0000170c   0x00000010   Code   RO         2736    i.SysCtl_A_disableNMISource  msp432p4xx_driverlib.lib(sysctl_a.o)
    0x0000171c   0x0000171c   0x00000010   Code   RO         2741    i.SysCtl_A_enableNMISource  msp432p4xx_driverlib.lib(sysctl_a.o)
    0x0000172c   0x0000172c   0x00000010   Code   RO         2747    i.SysCtl_A_getNMISourceStatus  msp432p4xx_driverlib.lib(sysctl_a.o)
    0x0000173c   0x0000173c   0x000000a0   Code   RO          935    i.SysInit           sysinit.o
    0x000017dc   0x000017dc   0x00000060   Code   RO         1778    i.SystemInit        system_msp432p401r.o
    0x0000183c   0x0000183c   0x00000014   Code   RO          758    i.T32_INT1_IRQHandler  tim32.o
    0x00001850   0x00001850   0x00000014   Code   RO          209    i.T32_INT2_IRQHandler  myconfig.o
    0x00001864   0x00001864   0x00000044   Code   RO          210    i.TA0_0_IRQHandler  myconfig.o
    0x000018a8   0x000018a8   0x000000b0   Code   RO          797    i.TA2_N_IRQHandler  tima.o
    0x00001958   0x00001958   0x00000054   Code   RO          798    i.TimA0_Int_Init    tima.o
    0x000019ac   0x000019ac   0x00000010   Code   RO         2393    i.Timer_A_getCaptureCompareCount  msp432p4xx_driverlib.lib(timer_a.o)
    0x000019bc   0x000019bc   0x00000098   Code   RO         1862    i._CSGetHFXTFrequency  msp432p4xx_driverlib.lib(cs.o)
    0x00001a54   0x00001a54   0x00000030   Code   RO         3043    i.__ARM_fpclassify  m_wm.l(fpclassify.o)
    0x00001a84   0x00001a84   0x00000004   PAD
    0x00001a88   0x00001a88   0x00000360   Code   RO         2958    i.__hardfp_asin     m_wm.l(asin.o)
    0x00001de8   0x00001de8   0x000002d8   Code   RO         3009    i.__hardfp_atan     m_wm.l(atan.o)
    0x000020c0   0x000020c0   0x000001f0   Code   RO         2972    i.__hardfp_atan2    m_wm.l(atan2.o)
    0x000022b0   0x000022b0   0x000000f8   Code   RO         3045    i.__kernel_poly     m_wm.l(poly.o)
    0x000023a8   0x000023a8   0x00000014   Code   RO         3024    i.__mathlib_dbl_infnan  m_wm.l(dunder.o)
    0x000023bc   0x000023bc   0x00000014   Code   RO         3025    i.__mathlib_dbl_infnan2  m_wm.l(dunder.o)
    0x000023d0   0x000023d0   0x00000020   Code   RO         3026    i.__mathlib_dbl_invalid  m_wm.l(dunder.o)
    0x000023f0   0x000023f0   0x00000020   Code   RO         3029    i.__mathlib_dbl_underflow  m_wm.l(dunder.o)
    0x00002410   0x00002410   0x00000002   Code   RO          848    i._sys_exit         usart.o
    0x00002412   0x00002412   0x00000002   PAD
    0x00002414   0x00002414   0x00000094   Code   RO         1430    i.accel_self_test   inv_mpu.o
    0x000024a8   0x000024a8   0x00000010   Code   RO         3011    i.atan              m_wm.l(atan.o)
    0x000024b8   0x000024b8   0x0000003c   Code   RO         1219    i.decode_gesture    inv_mpu_dmp_motion_driver.o
    0x000024f4   0x000024f4   0x00000018   Code   RO          960    i.delay_ms          delay.o
    0x0000250c   0x0000250c   0x00000016   Code   RO          961    i.delay_us          delay.o
    0x00002522   0x00002522   0x0000003c   Code   RO         1220    i.dmp_enable_6x_lp_quat  inv_mpu_dmp_motion_driver.o
    0x0000255e   0x0000255e   0x00000002   PAD
    0x00002560   0x00002560   0x000001ec   Code   RO         1221    i.dmp_enable_feature  inv_mpu_dmp_motion_driver.o
    0x0000274c   0x0000274c   0x00000058   Code   RO         1222    i.dmp_enable_gyro_cal  inv_mpu_dmp_motion_driver.o
    0x000027a4   0x000027a4   0x0000003c   Code   RO         1223    i.dmp_enable_lp_quat  inv_mpu_dmp_motion_driver.o
    0x000027e0   0x000027e0   0x00000014   Code   RO         1228    i.dmp_load_motion_driver_firmware  inv_mpu_dmp_motion_driver.o
    0x000027f4   0x000027f4   0x00000184   Code   RO         1229    i.dmp_read_fifo     inv_mpu_dmp_motion_driver.o
    0x00002978   0x00002978   0x0000010c   Code   RO         1232    i.dmp_set_accel_bias  inv_mpu_dmp_motion_driver.o
    0x00002a84   0x00002a84   0x00000070   Code   RO         1233    i.dmp_set_fifo_rate  inv_mpu_dmp_motion_driver.o
    0x00002af4   0x00002af4   0x00000108   Code   RO         1234    i.dmp_set_gyro_bias  inv_mpu_dmp_motion_driver.o
    0x00002bfc   0x00002bfc   0x00000118   Code   RO         1236    i.dmp_set_orientation  inv_mpu_dmp_motion_driver.o
    0x00002d14   0x00002d14   0x00000030   Code   RO         1239    i.dmp_set_shake_reject_thresh  inv_mpu_dmp_motion_driver.o
    0x00002d44   0x00002d44   0x00000020   Code   RO         1240    i.dmp_set_shake_reject_time  inv_mpu_dmp_motion_driver.o
    0x00002d64   0x00002d64   0x00000020   Code   RO         1241    i.dmp_set_shake_reject_timeout  inv_mpu_dmp_motion_driver.o
    0x00002d84   0x00002d84   0x00000038   Code   RO         1242    i.dmp_set_tap_axes  inv_mpu_dmp_motion_driver.o
    0x00002dbc   0x00002dbc   0x00000022   Code   RO         1243    i.dmp_set_tap_count  inv_mpu_dmp_motion_driver.o
    0x00002dde   0x00002dde   0x00000002   PAD
    0x00002de0   0x00002de0   0x0000019c   Code   RO         1244    i.dmp_set_tap_thresh  inv_mpu_dmp_motion_driver.o
    0x00002f7c   0x00002f7c   0x00000020   Code   RO         1245    i.dmp_set_tap_time  inv_mpu_dmp_motion_driver.o
    0x00002f9c   0x00002f9c   0x00000020   Code   RO         1246    i.dmp_set_tap_time_multi  inv_mpu_dmp_motion_driver.o
    0x00002fbc   0x00002fbc   0x00000018   Code   RO         3039    i.fabs              m_wm.l(fabs.o)
    0x00002fd4   0x00002fd4   0x000000b8   Code   RO         1431    i.get_accel_prod_shift  inv_mpu.o
    0x0000308c   0x0000308c   0x000003d8   Code   RO         1432    i.get_st_biases     inv_mpu.o
    0x00003464   0x00003464   0x000000d8   Code   RO         1433    i.gyro_self_test    inv_mpu.o
    0x0000353c   0x0000353c   0x00000024   Code   RO         1434    i.inv_orientation_matrix_to_scalar  inv_mpu.o
    0x00003560   0x00003560   0x00000048   Code   RO         1435    i.inv_row_2_scale   inv_mpu.o
    0x000035a8   0x000035a8   0x00000044   Code   RO            5    i.main              main.o
    0x000035ec   0x000035ec   0x00000006   Code   RO         1436    i.mget_ms           inv_mpu.o
    0x000035f2   0x000035f2   0x00000002   PAD
    0x000035f4   0x000035f4   0x00000060   Code   RO         1437    i.mpu_configure_fifo  inv_mpu.o
    0x00003654   0x00003654   0x00000164   Code   RO         1438    i.mpu_dmp_get_data  inv_mpu.o
    0x000037b8   0x000037b8   0x0000008c   Code   RO         1439    i.mpu_dmp_init      inv_mpu.o
    0x00003844   0x00003844   0x00000044   Code   RO         1440    i.mpu_get_accel_fsr  inv_mpu.o
    0x00003888   0x00003888   0x0000004c   Code   RO         1442    i.mpu_get_accel_sens  inv_mpu.o
    0x000038d4   0x000038d4   0x00000010   Code   RO         1447    i.mpu_get_fifo_config  inv_mpu.o
    0x000038e4   0x000038e4   0x00000040   Code   RO         1448    i.mpu_get_gyro_fsr  inv_mpu.o
    0x00003924   0x00003924   0x00000058   Code   RO         1450    i.mpu_get_gyro_sens  inv_mpu.o
    0x0000397c   0x0000397c   0x00000044   Code   RO         1452    i.mpu_get_lpf       inv_mpu.o
    0x000039c0   0x000039c0   0x0000001c   Code   RO         1454    i.mpu_get_sample_rate  inv_mpu.o
    0x000039dc   0x000039dc   0x000000b4   Code   RO         1457    i.mpu_load_firmware  inv_mpu.o
    0x00003a90   0x00003a90   0x000000d0   Code   RO         1458    i.mpu_lp_accel_mode  inv_mpu.o
    0x00003b60   0x00003b60   0x000000ac   Code   RO         1461    i.mpu_read_fifo_stream  inv_mpu.o
    0x00003c0c   0x00003c0c   0x00000070   Code   RO         1462    i.mpu_read_mem      inv_mpu.o
    0x00003c7c   0x00003c7c   0x0000016c   Code   RO         1465    i.mpu_reset_fifo    inv_mpu.o
    0x00003de8   0x00003de8   0x000000f8   Code   RO         1466    i.mpu_run_self_test  inv_mpu.o
    0x00003ee0   0x00003ee0   0x00000074   Code   RO         1468    i.mpu_set_accel_fsr  inv_mpu.o
    0x00003f54   0x00003f54   0x00000118   Code   RO         1469    i.mpu_set_bypass    inv_mpu.o
    0x0000406c   0x0000406c   0x0000007c   Code   RO         1471    i.mpu_set_dmp_state  inv_mpu.o
    0x000040e8   0x000040e8   0x00000078   Code   RO         1472    i.mpu_set_gyro_fsr  inv_mpu.o
    0x00004160   0x00004160   0x00000060   Code   RO         1473    i.mpu_set_int_latched  inv_mpu.o
    0x000041c0   0x000041c0   0x0000007c   Code   RO         1475    i.mpu_set_lpf       inv_mpu.o
    0x0000423c   0x0000423c   0x00000084   Code   RO         1476    i.mpu_set_sample_rate  inv_mpu.o
    0x000042c0   0x000042c0   0x000000b0   Code   RO         1477    i.mpu_set_sensors   inv_mpu.o
    0x00004370   0x00004370   0x00000070   Code   RO         1478    i.mpu_write_mem     inv_mpu.o
    0x000043e0   0x000043e0   0x00000010   Code   RO          522    i.oled_pow          oled.o
    0x000043f0   0x000043f0   0x00000088   Code   RO         1479    i.run_self_test     inv_mpu.o
    0x00004478   0x00004478   0x00000074   Code   RO         1480    i.set_int_enable    inv_mpu.o
    0x000044ec   0x000044ec   0x0000006e   Code   RO         3050    i.sqrt              m_wm.l(sqrt.o)
    0x0000455a   0x0000455a   0x00000018   Code   RO         2998    x$fpl$basic         fz_wm.l(basic.o)
    0x00004572   0x00004572   0x00000002   PAD
    0x00004574   0x00004574   0x00000062   Code   RO         2936    x$fpl$d2f           fz_wm.l(d2f.o)
    0x000045d6   0x000045d6   0x00000002   PAD
    0x000045d8   0x000045d8   0x00000150   Code   RO         2938    x$fpl$dadd          fz_wm.l(daddsub_clz.o)
    0x00004728   0x00004728   0x000002b0   Code   RO         2945    x$fpl$ddiv          fz_wm.l(ddiv.o)
    0x000049d8   0x000049d8   0x00000154   Code   RO         2954    x$fpl$dmul          fz_wm.l(dmul.o)
    0x00004b2c   0x00004b2c   0x0000009c   Code   RO         3000    x$fpl$dnaninf       fz_wm.l(dnaninf.o)
    0x00004bc8   0x00004bc8   0x0000000c   Code   RO         3002    x$fpl$dretinf       fz_wm.l(dretinf.o)
    0x00004bd4   0x00004bd4   0x00000016   Code   RO         2939    x$fpl$drsb          fz_wm.l(daddsub_clz.o)
    0x00004bea   0x00004bea   0x00000002   PAD
    0x00004bec   0x00004bec   0x00000198   Code   RO         3092    x$fpl$dsqrt         fz_wm.l(dsqrt_umaal.o)
    0x00004d84   0x00004d84   0x000001d4   Code   RO         2940    x$fpl$dsub          fz_wm.l(daddsub_clz.o)
    0x00004f58   0x00004f58   0x00000056   Code   RO         2956    x$fpl$f2d           fz_wm.l(f2d.o)
    0x00004fae   0x00004fae   0x0000008c   Code   RO         3004    x$fpl$fnaninf       fz_wm.l(fnaninf.o)
    0x0000503a   0x0000503a   0x0000000a   Code   RO         3179    x$fpl$fpinit        fz_wm.l(fpinit.o)
    0x00005044   0x00005044   0x0000000a   Code   RO         3006    x$fpl$fretinf       fz_wm.l(fretinf.o)
    0x0000504e   0x0000504e   0x00000000   Code   RO         3008    x$fpl$usenofp       fz_wm.l(usenofp.o)
    0x0000504e   0x0000504e   0x0000090a   Data   RO          523    .constdata          oled.o
    0x00005958   0x00005958   0x00000bf6   Data   RO         1248    .constdata          inv_mpu_dmp_motion_driver.o
    0x0000654e   0x0000654e   0x0000001b   Data   RO         1482    .constdata          inv_mpu.o
    0x00006569   0x00006569   0x00000001   PAD
    0x0000656a   0x0000656a   0x0000000c   Data   RO         1483    .constdata          inv_mpu.o
    0x00006576   0x00006576   0x00000002   PAD
    0x00006578   0x00006578   0x00000028   Data   RO         1484    .constdata          inv_mpu.o
    0x000065a0   0x000065a0   0x0000004c   Data   RO         2116    .constdata          msp432p4xx_driverlib.lib(gpio.o)
    0x000065ec   0x000065ec   0x00000004   PAD
    0x000065f0   0x000065f0   0x00000050   Data   RO         2961    .constdata          m_wm.l(asin.o)
    0x00006640   0x00006640   0x00000098   Data   RO         3012    .constdata          m_wm.l(atan.o)
    0x000066d8   0x000066d8   0x00000008   Data   RO         3047    .constdata          m_wm.l(qnan.o)
    0x000066e0   0x000066e0   0x00000020   Data   RO         3237    Region$$Table       anon$$obj.o


    Execution Region RW_IRAM1 (Exec base: 0x20000000, Load base: 0x00006700, Size: 0x00000308, Max: 0x00010000, ABSOLUTE)

    Exec Addr    Load Addr    Size         Type   Attr      Idx    E Section Name        Object

    0x20000000   0x00006700   0x00000002   Data   RW            6    .data               main.o
    0x20000002   0x00006702   0x00000001   Data   RW          211    .data               myconfig.o
    0x20000003   0x00006703   0x00000001   Data   RW          212    .data               myconfig.o
    0x20000004   0x00006704   0x00000004   Data   RW          802    .data               tima.o
    0x20000008   0x00006708   0x00000035   Data   RW         1486    .data               inv_mpu.o
    0x2000003d   0x0000673d   0x00000003   PAD
    0x20000040   0x00006740   0x00000008   Data   RW         1863    .data               msp432p4xx_driverlib.lib(cs.o)
    0x20000048        -       0x00000040   Zero   RW          250    .bss                bsp_encoder.o
    0x20000088        -       0x00000010   Zero   RW          294    .bss                key.o
    0x20000098        -       0x00000010   Zero   RW         1247    .bss                inv_mpu_dmp_motion_driver.o
    0x200000a8        -       0x00000060   Zero   RW         3095    .bss                c_w.l(libspace.o)
    0x20000108        -       0x00000000   Zero   RW         1768    HEAP                startup_msp432p401r_uvision.o
    0x20000108        -       0x00000200   Zero   RW         1767    STACK               startup_msp432p401r_uvision.o



  Load Region LR_IROM2 (Base: 0x00200000, Size: 0x00000000, Max: 0x00004000, ABSOLUTE)

    Execution Region ER_IROM2 (Exec base: 0x00200000, Load base: 0x00200000, Size: 0x00000000, Max: 0x00004000, ABSOLUTE)

    **** No section assigned to this execution region ****


==============================================================================

Image component sizes


      Code (inc. data)   RO Data    RW Data    ZI Data      Debug   Object Name

       832         36          0          0         64       4827   bsp_encoder.o
       212         10          0          0          0        677   bsp_motor.o
       650          0          0          0          0       7643   bsp_mpu6050.o
       100          8          0          0          0        629   bsp_servo.o
        46          0          0          0          0       1130   delay.o
       544          0          0          0          0       4830   iic.o
      5462        220         79         53          0      39248   inv_mpu.o
      2770        132       3062          0         16      22386   inv_mpu_dmp_motion_driver.o
       208         12          0          0         16       2770   key.o
        96         20          0          0          0       2481   led.o
       584         78          0          2          0      12641   main.o
        88         20          0          2          0       1365   myconfig.o
      1002         38       2314          0          0       9758   oled.o
        32         12          0          0          0       1132   reflectance.o
        60         22        324          0        512        960   startup_msp432p401r_uvision.o
       160         14          0          0          0        582   sysinit.o
        96         20          0          0          0        573   system_msp432p401r.o
        20         10          0          0          0        510   tim32.o
       260         24          0          4          0       1630   tima.o
         2          0          0          0          0        528   usart.o

    ----------------------------------------------------------------------
     13236        676       5814         64        608     116300   Object Totals
         0          0         32          0          0          0   (incl. Generated)
        12          0          3          3          0          0   (incl. Padding)

    ----------------------------------------------------------------------

      Code (inc. data)   RO Data    RW Data    ZI Data      Debug   Library Member Name

         8          0          0          0          0         68   __main.o
         0          0          0          0          0          0   __rtentry.o
        12          0          0          0          0          0   __rtentry2.o
         6          0          0          0          0          0   __rtentry4.o
        52          8          0          0          0          0   __scatter.o
        26          0          0          0          0          0   __scatter_copy.o
        28          0          0          0          0          0   __scatter_zi.o
        22          0          0          0          0        100   _rserrno.o
        16          0          0          0          0         68   aeabi_memset.o
        18          0          0          0          0         80   exit.o
         6          0          0          0          0        152   heapauxi.o
         2          0          0          0          0          0   libinit.o
         6          0          0          0          0          0   libinit2.o
         2          0          0          0          0          0   libshutdown.o
         2          0          0          0          0          0   libshutdown2.o
         8          4          0          0         96         68   libspace.o
        72          0          0          0          0         76   llsdiv.o
       238          0          0          0          0        100   lludivv7m.o
        88          0          0          0          0         76   memcmp.o
         8          4          0          0          0         68   rt_errno_addr_intlibspace.o
        68          0          0          0          0         68   rt_memclr.o
        78          0          0          0          0         80   rt_memclr_w.o
         2          0          0          0          0          0   rtexit.o
        10          0          0          0          0          0   rtexit2.o
        74          0          0          0          0         80   sys_stackheap_outer.o
         2          0          0          0          0         68   use_no_semi.o
         2          0          0          0          0         68   use_no_semi_2.o
        24          0          0          0          0        164   basic.o
        98          4          0          0          0        140   d2f.o
       826         16          0          0          0        492   daddsub_clz.o
       688        140          0          0          0        256   ddiv.o
       340         12          0          0          0        152   dmul.o
       156          4          0          0          0        140   dnaninf.o
        12          0          0          0          0        116   dretinf.o
       408         56          0          0          0        168   dsqrt_umaal.o
        86          4          0          0          0        132   f2d.o
       140          4          0          0          0        132   fnaninf.o
        10          0          0          0          0        116   fpinit.o
        10          0          0          0          0        116   fretinf.o
         0          0          0          0          0          0   usenofp.o
       864         94         80          0          0        280   asin.o
       744        106        152          0          0        352   atan.o
       496         64          0          0          0        192   atan2.o
       104         16          0          0          0        496   dunder.o
        24          0          0          0          0        124   fabs.o
        48          0          0          0          0        124   fpclassify.o
       248          0          0          0          0        152   poly.o
         0          0          8          0          0          0   qnan.o
       110          0          0          0          0        148   sqrt.o
       496         82          0          8          0      12196   cs.o
       128         26         76          0          0       4516   gpio.o
        48         18          0          0          0       1841   sysctl_a.o
        16          0          0          0          0        725   timer_a.o

    ----------------------------------------------------------------------
      6998        662        320          8         96      24490   Library Totals
        18          0          4          0          0          0   (incl. Padding)

    ----------------------------------------------------------------------

      Code (inc. data)   RO Data    RW Data    ZI Data      Debug   Library Name

       856         16          0          0         96       1220   c_w.l
      2798        240          0          0          0       2124   fz_wm.l
      2638        280        240          0          0       1868   m_wm.l
       688        126         76          8          0      19278   msp432p4xx_driverlib.lib

    ----------------------------------------------------------------------
      6998        662        320          8         96      24490   Library Totals

    ----------------------------------------------------------------------

==============================================================================


      Code (inc. data)   RO Data    RW Data    ZI Data      Debug   

     20234       1338       6134         72        704     126218   Grand Totals
     20234       1338       6134         72        704     126218   ELF Image Totals
     20234       1338       6134         72          0          0   ROM Totals

==============================================================================

    Total RO  Size (Code + RO Data)                26368 (  25.75kB)
    Total RW  Size (RW Data + ZI Data)               776 (   0.76kB)
    Total ROM Size (Code + RO Data + RW Data)      26440 (  25.82kB)

==============================================================================

