Component: ARM Compiler 5.06 update 1 (build 61) Tool: armlink [4d35a8]

==============================================================================

Section Cross References

    main.o(i.main) refers to wdt_a.o(i.WDT_A_holdTimer) for WDT_A_holdTimer
    main.o(i.main) refers to gpio.o(i.GPIO_setAsOutputPin) for GPIO_setAsOutputPin
    main.o(i.main) refers to gpio.o(i.GPIO_toggleOutputOnPin) for GPIO_toggleOutputOnPin
    system_msp432p401r.o(i.SystemCoreClockUpdate) refers to system_msp432p401r.o(.data) for SystemCoreClock
    startup_msp432p401r_uvision.o(STACK) refers (Special) to heapauxi.o(.text) for __use_two_region_memory
    startup_msp432p401r_uvision.o(HEAP) refers (Special) to heapauxi.o(.text) for __use_two_region_memory
    startup_msp432p401r_uvision.o(RESET) refers (Special) to heapauxi.o(.text) for __use_two_region_memory
    startup_msp432p401r_uvision.o(RESET) refers to startup_msp432p401r_uvision.o(STACK) for __initial_sp
    startup_msp432p401r_uvision.o(RESET) refers to startup_msp432p401r_uvision.o(.text) for Reset_Handler
    startup_msp432p401r_uvision.o(.text) refers (Special) to heapauxi.o(.text) for __use_two_region_memory
    startup_msp432p401r_uvision.o(.text) refers to system_msp432p401r.o(i.SystemInit) for SystemInit
    startup_msp432p401r_uvision.o(.text) refers to __main.o(!!!main) for __main
    startup_msp432p401r_uvision.o(.text) refers to startup_msp432p401r_uvision.o(HEAP) for Heap_Mem
    startup_msp432p401r_uvision.o(.text) refers to startup_msp432p401r_uvision.o(STACK) for Stack_Mem
    cs.o(i.CS_getACLK) refers to cs.o(i._CSComputeCLKFrequency) for _CSComputeCLKFrequency
    cs.o(i.CS_getBCLK) refers to cs.o(i._CSComputeCLKFrequency) for _CSComputeCLKFrequency
    cs.o(i.CS_getDCOFrequency) refers to sysctl.o(i.SysCtl_getTLVInfo) for SysCtl_getTLVInfo
    cs.o(i.CS_getDCOFrequency) refers to cs.o(i._CSGetDOCFrequency) for _CSGetDOCFrequency
    cs.o(i.CS_getEnabledInterruptStatus) refers to cs.o(i.CS_getInterruptStatus) for CS_getInterruptStatus
    cs.o(i.CS_getHSMCLK) refers to cs.o(i._CSComputeCLKFrequency) for _CSComputeCLKFrequency
    cs.o(i.CS_getMCLK) refers to cs.o(i._CSComputeCLKFrequency) for _CSComputeCLKFrequency
    cs.o(i.CS_getSMCLK) refers to cs.o(i._CSComputeCLKFrequency) for _CSComputeCLKFrequency
    cs.o(i.CS_registerInterrupt) refers to interrupt.o(i.Interrupt_registerInterrupt) for Interrupt_registerInterrupt
    cs.o(i.CS_registerInterrupt) refers to interrupt.o(i.Interrupt_enableInterrupt) for Interrupt_enableInterrupt
    cs.o(i.CS_setDCOFrequency) refers to sysctl.o(i.SysCtl_getTLVInfo) for SysCtl_getTLVInfo
    cs.o(i.CS_setDCOFrequency) refers to cs.o(i.CS_setDCOCenteredFrequency) for CS_setDCOCenteredFrequency
    cs.o(i.CS_setDCOFrequency) refers to cs.o(i.CS_tuneDCOFrequency) for CS_tuneDCOFrequency
    cs.o(i.CS_setExternalClockSourceFrequency) refers to cs.o(.data) for hfxtFreq
    cs.o(i.CS_startHFXT) refers to cs.o(i.CS_startHFXTWithTimeout) for CS_startHFXTWithTimeout
    cs.o(i.CS_startHFXTWithTimeout) refers to sysctl.o(i.SysCtl_getNMISourceStatus) for SysCtl_getNMISourceStatus
    cs.o(i.CS_startHFXTWithTimeout) refers to sysctl.o(i.SysCtl_disableNMISource) for SysCtl_disableNMISource
    cs.o(i.CS_startHFXTWithTimeout) refers to cs.o(i._CSGetHFXTFrequency) for _CSGetHFXTFrequency
    cs.o(i.CS_startHFXTWithTimeout) refers to sysctl.o(i.SysCtl_enableNMISource) for SysCtl_enableNMISource
    cs.o(i.CS_startLFXT) refers to cs.o(i.CS_startLFXTWithTimeout) for CS_startLFXTWithTimeout
    cs.o(i.CS_startLFXTWithTimeout) refers to sysctl.o(i.SysCtl_getNMISourceStatus) for SysCtl_getNMISourceStatus
    cs.o(i.CS_startLFXTWithTimeout) refers to sysctl.o(i.SysCtl_disableNMISource) for SysCtl_disableNMISource
    cs.o(i.CS_startLFXTWithTimeout) refers to sysctl.o(i.SysCtl_enableNMISource) for SysCtl_enableNMISource
    cs.o(i.CS_unregisterInterrupt) refers to interrupt.o(i.Interrupt_disableInterrupt) for Interrupt_disableInterrupt
    cs.o(i.CS_unregisterInterrupt) refers to interrupt.o(i.Interrupt_unregisterInterrupt) for Interrupt_unregisterInterrupt
    cs.o(i._CSComputeCLKFrequency) refers to cs.o(i._CSGetDividerValue) for _CSGetDividerValue
    cs.o(i._CSComputeCLKFrequency) refers to cs.o(i.CS_clearInterruptFlag) for CS_clearInterruptFlag
    cs.o(i._CSComputeCLKFrequency) refers to cs.o(i.CS_getDCOFrequency) for CS_getDCOFrequency
    cs.o(i._CSComputeCLKFrequency) refers to cs.o(.data) for lfxtFreq
    cs.o(i._CSGetHFXTFrequency) refers to cs.o(.data) for hfxtFreq
    interrupt.o(i.Interrupt_disableInterrupt) refers to interrupt.o(.constdata) for g_pulDisRegs
    interrupt.o(i.Interrupt_disableMaster) refers to cpu.o(.emb_text) for CPU_cpsid
    interrupt.o(i.Interrupt_enableInterrupt) refers to interrupt.o(.constdata) for g_pulEnRegs
    interrupt.o(i.Interrupt_enableMaster) refers to cpu.o(.emb_text) for CPU_cpsie
    interrupt.o(i.Interrupt_getPriority) refers to interrupt.o(.constdata) for g_pulRegs
[...]
    __rtentry4.o(.ARM.Collect$$rtentry$$00000004) refers to sys_stackheap_outer.o(.text) for __user_setup_stackheap
    __rtentry4.o(.ARM.exidx) refers to __rtentry4.o(.ARM.Collect$$rtentry$$00000004) for .ARM.Collect$$rtentry$$00000004
    sys_stackheap_outer.o(.text) refers to libspace.o(.text) for __user_perproc_libspace
    sys_stackheap_outer.o(.text) refers to startup_msp432p401r_uvision.o(.text) for __user_initial_stackheap
    exit.o(.text) refers to rtexit.o(.ARM.Collect$$rtexit$$00000000) for __rt_exit
    libinit.o(.ARM.Collect$$libinit$$00000000) refers (Special) to libinit2.o(.ARM.Collect$$libinit$$0000002E) for __rt_lib_init_alloca_1
    libinit.o(.ARM.Collect$$libinit$$00000000) refers (Special) to libinit2.o(.ARM.Collect$$libinit$$0000002C) for __rt_lib_init_argv_1
    libinit.o(.ARM.Collect$$libinit$$00000000) refers (Special) to libinit2.o(.ARM.Collect$$libinit$$0000001B) for __rt_lib_init_atexit_1
    libinit.o(.ARM.Collect$$libinit$$00000000) refers (Special) to libinit2.o(.ARM.Collect$$libinit$$00000021) for __rt_lib_init_clock_1
    libinit.o(.ARM.Collect$$libinit$$00000000) refers (Special) to libinit2.o(.ARM.Collect$$libinit$$00000032) for __rt_lib_init_cpp_1
    libinit.o(.ARM.Collect$$libinit$$00000000) refers (Special) to libinit2.o(.ARM.Collect$$libinit$$00000030) for __rt_lib_init_exceptions_1
    libinit.o(.ARM.Collect$$libinit$$00000000) refers (Special) to libinit2.o(.ARM.Collect$$libinit$$00000001) for __rt_lib_init_fp_1
    libinit.o(.ARM.Collect$$libinit$$00000000) refers (Special) to libinit2.o(.ARM.Collect$$libinit$$0000001F) for __rt_lib_init_fp_trap_1
    libinit.o(.ARM.Collect$$libinit$$00000000) refers (Special) to libinit2.o(.ARM.Collect$$libinit$$00000023) for __rt_lib_init_getenv_1
    libinit.o(.ARM.Collect$$libinit$$00000000) refers (Special) to libinit2.o(.ARM.Collect$$libinit$$0000000A) for __rt_lib_init_heap_1
    libinit.o(.ARM.Collect$$libinit$$00000000) refers (Special) to libinit2.o(.ARM.Collect$$libinit$$00000011) for __rt_lib_init_lc_collate_1
    libinit.o(.ARM.Collect$$libinit$$00000000) refers (Special) to libinit2.o(.ARM.Collect$$libinit$$00000013) for __rt_lib_init_lc_ctype_1
    libinit.o(.ARM.Collect$$libinit$$00000000) refers (Special) to libinit2.o(.ARM.Collect$$libinit$$00000015) for __rt_lib_init_lc_monetary_1
    libinit.o(.ARM.Collect$$libinit$$00000000) refers (Special) to libinit2.o(.ARM.Collect$$libinit$$00000017) for __rt_lib_init_lc_numeric_1
    libinit.o(.ARM.Collect$$libinit$$00000000) refers (Special) to libinit2.o(.ARM.Collect$$libinit$$00000019) for __rt_lib_init_lc_time_1
    libinit.o(.ARM.Collect$$libinit$$00000000) refers (Special) to libinit2.o(.ARM.Collect$$libinit$$00000004) for __rt_lib_init_preinit_1
    libinit.o(.ARM.Collect$$libinit$$00000000) refers (Special) to libinit2.o(.ARM.Collect$$libinit$$0000000E) for __rt_lib_init_rand_1
    libinit.o(.ARM.Collect$$libinit$$00000000) refers (Special) to libinit2.o(.ARM.Collect$$libinit$$00000033) for __rt_lib_init_return
    libinit.o(.ARM.Collect$$libinit$$00000000) refers (Special) to libinit2.o(.ARM.Collect$$libinit$$0000001D) for __rt_lib_init_signal_1
    libinit.o(.ARM.Collect$$libinit$$00000000) refers (Special) to libinit2.o(.ARM.Collect$$libinit$$00000025) for __rt_lib_init_stdio_1
    libinit.o(.ARM.Collect$$libinit$$00000000) refers (Special) to libinit2.o(.ARM.Collect$$libinit$$0000000C) for __rt_lib_init_user_alloc_1
    libspace.o(.text) refers to libspace.o(.bss) for __libspace_start
    rtexit.o(.ARM.Collect$$rtexit$$00000000) refers (Special) to rtexit2.o(.ARM.Collect$$rtexit$$00000004) for __rt_exit_exit
    rtexit.o(.ARM.Collect$$rtexit$$00000000) refers (Special) to rtexit2.o(.ARM.Collect$$rtexit$$00000003) for __rt_exit_ls
    rtexit.o(.ARM.Collect$$rtexit$$00000000) refers (Special) to rtexit2.o(.ARM.Collect$$rtexit$$00000002) for __rt_exit_prels_1
    rtexit.o(.ARM.exidx) refers (Special) to rtexit2.o(.ARM.Collect$$rtexit$$00000004) for __rt_exit_exit
    rtexit.o(.ARM.exidx) refers (Special) to rtexit2.o(.ARM.Collect$$rtexit$$00000003) for __rt_exit_ls
    rtexit.o(.ARM.exidx) refers (Special) to rtexit2.o(.ARM.Collect$$rtexit$$00000002) for __rt_exit_prels_1
    rtexit.o(.ARM.exidx) refers to rtexit.o(.ARM.Collect$$rtexit$$00000000) for .ARM.Collect$$rtexit$$00000000
    libinit2.o(.ARM.Collect$$libinit$$00000001) refers to fpinit.o(x$fpl$fpinit) for _fp_init
    libinit2.o(.ARM.Collect$$libinit$$00000010) refers to libinit2.o(.ARM.Collect$$libinit$$0000000F) for .ARM.Collect$$libinit$$0000000F
    libinit2.o(.ARM.Collect$$libinit$$00000012) refers to libinit2.o(.ARM.Collect$$libinit$$0000000F) for .ARM.Collect$$libinit$$0000000F
    libinit2.o(.ARM.Collect$$libinit$$00000014) refers to libinit2.o(.ARM.Collect$$libinit$$0000000F) for .ARM.Collect$$libinit$$0000000F
    libinit2.o(.ARM.Collect$$libinit$$00000016) refers to libinit2.o(.ARM.Collect$$libinit$$0000000F) for .ARM.Collect$$libinit$$0000000F
    libinit2.o(.ARM.Collect$$libinit$$00000018) refers to libinit2.o(.ARM.Collect$$libinit$$0000000F) for .ARM.Collect$$libinit$$0000000F
    libinit2.o(.ARM.Collect$$libinit$$00000026) refers to argv_veneer.o(.emb_text) for __ARM_argv_veneer
    libinit2.o(.ARM.Collect$$libinit$$00000027) refers to argv_veneer.o(.emb_text) for __ARM_argv_veneer
    rtexit2.o(.ARM.Collect$$rtexit$$00000003) refers to libshutdown.o(.ARM.Collect$$libshutdown$$00000000) for __rt_lib_shutdown
    rtexit2.o(.ARM.Collect$$rtexit$$00000004) refers to sys_exit.o(.text) for _sys_exit
    rtexit2.o(.ARM.exidx) refers to rtexit2.o(.ARM.Collect$$rtexit$$00000001) for .ARM.Collect$$rtexit$$00000001
    rtexit2.o(.ARM.exidx) refers to rtexit2.o(.ARM.Collect$$rtexit$$00000003) for .ARM.Collect$$rtexit$$00000003
    rtexit2.o(.ARM.exidx) refers to rtexit2.o(.ARM.Collect$$rtexit$$00000004) for .ARM.Collect$$rtexit$$00000004
    argv_veneer.o(.emb_text) refers to no_argv.o(.text) for __ARM_get_argv
    sys_exit.o(.text) refers (Special) to use_no_semi.o(.text) for __I$use$semihosting
    sys_exit.o(.text) refers (Special) to indicate_semi.o(.text) for __semihosting_library_function
    _get_argv_nomalloc.o(.text) refers (Special) to hrguard.o(.text) for __heap_region$guard
    _get_argv_nomalloc.o(.text) refers to defsig_rtmem_outer.o(.text) for __rt_SIGRTMEM
    _get_argv_nomalloc.o(.text) refers to sys_command.o(.text) for _sys_command_string
    libshutdown.o(.ARM.Collect$$libshutdown$$00000000) refers (Special) to libshutdown2.o(.ARM.Collect$$libshutdown$$00000002) for __rt_lib_shutdown_cpp_1
    libshutdown.o(.ARM.Collect$$libshutdown$$00000000) refers (Special) to libshutdown2.o(.ARM.Collect$$libshutdown$$00000007) for __rt_lib_shutdown_fp_trap_1
    libshutdown.o(.ARM.Collect$$libshutdown$$00000000) refers (Special) to libshutdown2.o(.ARM.Collect$$libshutdown$$0000000F) for __rt_lib_shutdown_heap_1
    libshutdown.o(.ARM.Collect$$libshutdown$$00000000) refers (Special) to libshutdown2.o(.ARM.Collect$$libshutdown$$00000010) for __rt_lib_shutdown_return
    libshutdown.o(.ARM.Collect$$libshutdown$$00000000) refers (Special) to libshutdown2.o(.ARM.Collect$$libshutdown$$0000000A) for __rt_lib_shutdown_signal_1
    libshutdown.o(.ARM.Collect$$libshutdown$$00000000) refers (Special) to libshutdown2.o(.ARM.Collect$$libshutdown$$00000004) for __rt_lib_shutdown_stdio_1
    libshutdown.o(.ARM.Collect$$libshutdown$$00000000) refers (Special) to libshutdown2.o(.ARM.Collect$$libshutdown$$0000000C) for __rt_lib_shutdown_user_alloc_1
    sys_command.o(.text) refers (Special) to use_no_semi.o(.text) for __I$use$semihosting
    sys_command.o(.text) refers (Special) to indicate_semi.o(.text) for __semihosting_library_function
    defsig_rtmem_outer.o(.text) refers to defsig_rtmem_inner.o(.text) for __rt_SIGRTMEM_inner
    defsig_rtmem_outer.o(.text) refers to defsig_exit.o(.text) for __sig_exit
    defsig_rtmem_formal.o(.text) refers to rt_raise.o(.text) for __rt_raise
    rt_raise.o(.text) refers to __raise.o(.text) for __raise
    rt_raise.o(.text) refers to sys_exit.o(.text) for _sys_exit
    defsig_exit.o(.text) refers to sys_exit.o(.text) for _sys_exit
    defsig_rtmem_inner.o(.text) refers to defsig_general.o(.text) for __default_signal_display
    __raise.o(.text) refers to defsig.o(CL$$defsig) for __default_signal_handler
    defsig_general.o(.text) refers to sys_wrch.o(.text) for _ttywrch
    sys_wrch.o(.text) refers (Special) to use_no_semi.o(.text) for __I$use$semihosting
    sys_wrch.o(.text) refers (Special) to indicate_semi.o(.text) for __semihosting_library_function
    defsig.o(CL$$defsig) refers to defsig_rtmem_inner.o(.text) for __rt_SIGRTMEM_inner
    defsig_abrt_inner.o(.text) refers to defsig_general.o(.text) for __default_signal_display
    defsig_fpe_inner.o(.text) refers to defsig_general.o(.text) for __default_signal_display
    defsig_rtred_inner.o(.text) refers to defsig_general.o(.text) for __default_signal_display
    defsig_stak_inner.o(.text) refers to defsig_general.o(.text) for __default_signal_display
    defsig_pvfn_inner.o(.text) refers to defsig_general.o(.text) for __default_signal_display
    defsig_cppl_inner.o(.text) refers to defsig_general.o(.text) for __default_signal_display
    defsig_segv_inner.o(.text) refers to defsig_general.o(.text) for __default_signal_display
    defsig_other.o(.text) refers to defsig_general.o(.text) for __default_signal_display


==============================================================================

Removing Unused input sections from the image.

    Removing main.o(.rev16_text), (4 bytes).
    Removing main.o(.revsh_text), (4 bytes).
    Removing main.o(.rrx_text), (6 bytes).
    Removing system_msp432p401r.o(.rev16_text), (4 bytes).
    Removing system_msp432p401r.o(.revsh_text), (4 bytes).
    Removing system_msp432p401r.o(.rrx_text), (6 bytes).
    Removing system_msp432p401r.o(i.SystemCoreClockUpdate), (628 bytes).
    Removing system_msp432p401r.o(.data), (4 bytes).
    Removing cpu.o(.rev16_text), (4 bytes).
    Removing cpu.o(.revsh_text), (4 bytes).
    Removing cpu.o(.rrx_text), (6 bytes).
    Removing cpu.o(.emb_text), (38 bytes).
    Removing cs.o(.rev16_text), (4 bytes).
    Removing cs.o(.revsh_text), (4 bytes).
    Removing cs.o(.rrx_text), (6 bytes).
    Removing cs.o(i.CS_clearInterruptFlag), (40 bytes).
    Removing cs.o(i.CS_disableClockRequest), (40 bytes).
    Removing cs.o(i.CS_disableDCOExternalResistor), (32 bytes).
    Removing cs.o(i.CS_disableFaultCounter), (48 bytes).
    Removing cs.o(i.CS_disableInterrupt), (40 bytes).
    Removing cs.o(i.CS_enableClockRequest), (40 bytes).
    Removing cs.o(i.CS_enableDCOExternalResistor), (32 bytes).
    Removing cs.o(i.CS_enableFaultCounter), (48 bytes).
    Removing cs.o(i.CS_enableInterrupt), (40 bytes).
    Removing cs.o(i.CS_getACLK), (36 bytes).
    Removing cs.o(i.CS_getBCLK), (32 bytes).
    Removing cs.o(i.CS_getDCOFrequency), (212 bytes).
    Removing cs.o(i.CS_getEnabledInterruptStatus), (20 bytes).
    Removing cs.o(i.CS_getHSMCLK), (36 bytes).
    Removing cs.o(i.CS_getInterruptStatus), (12 bytes).
    Removing cs.o(i.CS_getMCLK), (36 bytes).
    Removing cs.o(i.CS_getSMCLK), (32 bytes).
    Removing cs.o(i.CS_initClockSignal), (312 bytes).
    Removing cs.o(i.CS_registerInterrupt), (20 bytes).
    Removing cs.o(i.CS_resetFaultCounter), (48 bytes).
    Removing cs.o(i.CS_setDCOCenteredFrequency), (40 bytes).
    Removing cs.o(i.CS_setDCOExternalResistorCalibration), (124 bytes).
    Removing cs.o(i.CS_setDCOFrequency), (364 bytes).
    Removing cs.o(i.CS_setExternalClockSourceFrequency), (20 bytes).
    Removing cs.o(i.CS_setReferenceOscillatorFrequency), (32 bytes).
    Removing cs.o(i.CS_startFaultCounter), (68 bytes).
    Removing cs.o(i.CS_startHFXT), (14 bytes).
    Removing cs.o(i.CS_startHFXTWithTimeout), (192 bytes).
    Removing cs.o(i.CS_startLFXT), (14 bytes).
    Removing cs.o(i.CS_startLFXTWithTimeout), (188 bytes).
    Removing cs.o(i.CS_tuneDCOFrequency), (84 bytes).
    Removing cs.o(i.CS_unregisterInterrupt), (16 bytes).
    Removing cs.o(i._CSComputeCLKFrequency), (220 bytes).
    Removing cs.o(i._CSGetDOCFrequency), (108 bytes).
    Removing cs.o(i._CSGetDividerValue), (62 bytes).
    Removing cs.o(i._CSGetHFXTFrequency), (220 bytes).
    Removing cs.o(.data), (8 bytes).
    Removing interrupt.o(.rev16_text), (4 bytes).
    Removing interrupt.o(.revsh_text), (4 bytes).
    Removing interrupt.o(.rrx_text), (6 bytes).
    Removing interrupt.o(i.IntDefaultHandler), (4 bytes).
    Removing interrupt.o(i.Interrupt_disableInterrupt), (116 bytes).
    Removing interrupt.o(i.Interrupt_disableMaster), (16 bytes).
    Removing interrupt.o(i.Interrupt_disableSleepOnIsrExit), (20 bytes).
    Removing interrupt.o(i.Interrupt_enableInterrupt), (116 bytes).
    Removing interrupt.o(i.Interrupt_enableMaster), (16 bytes).
    Removing interrupt.o(i.Interrupt_enableSleepOnIsrExit), (20 bytes).
    Removing interrupt.o(i.Interrupt_getPriority), (28 bytes).
    Removing interrupt.o(i.Interrupt_getPriorityGrouping), (44 bytes).
    Removing interrupt.o(i.Interrupt_getPriorityMask), (10 bytes).
    Removing interrupt.o(i.Interrupt_getVectorTableAddress), (12 bytes).
    Removing interrupt.o(i.Interrupt_isEnabled), (116 bytes).
    Removing interrupt.o(i.Interrupt_pendInterrupt), (96 bytes).
    Removing interrupt.o(i.Interrupt_registerInterrupt), (60 bytes).
    Removing interrupt.o(i.Interrupt_setPriority), (52 bytes).
    Removing interrupt.o(i.Interrupt_setPriorityGrouping), (44 bytes).
    Removing interrupt.o(i.Interrupt_setPriorityMask), (12 bytes).
    Removing interrupt.o(i.Interrupt_setVectorTableAddress), (12 bytes).
    Removing interrupt.o(i.Interrupt_unpendInterrupt), (76 bytes).
    Removing interrupt.o(i.Interrupt_unregisterInterrupt), (20 bytes).
    Removing interrupt.o(.constdata), (144 bytes).
    Removing interrupt.o(vtable), (232 bytes).
    Removing sysctl.o(.rev16_text), (4 bytes).
    Removing sysctl.o(.revsh_text), (4 bytes).
    Removing sysctl.o(.rrx_text), (6 bytes).
    Removing sysctl.o(i.SysCtl_disableGlitchFilter), (20 bytes).
    Removing sysctl.o(i.SysCtl_disableNMISource), (16 bytes).
    Removing sysctl.o(i.SysCtl_disablePeripheralAtCPUHalt), (16 bytes).
    Removing sysctl.o(i.SysCtl_disableSRAMBank), (96 bytes).
    Removing sysctl.o(i.SysCtl_disableSRAMBankRetention), (32 bytes).
    Removing sysctl.o(i.SysCtl_enableGlitchFilter), (20 bytes).
    Removing sysctl.o(i.SysCtl_enableNMISource), (16 bytes).
    Removing sysctl.o(i.SysCtl_enablePeripheralAtCPUHalt), (16 bytes).
    Removing sysctl.o(i.SysCtl_enableSRAMBank), (28 bytes).
    Removing sysctl.o(i.SysCtl_enableSRAMBankRetention), (32 bytes).
    Removing sysctl.o(i.SysCtl_getFlashSize), (12 bytes).
    Removing sysctl.o(i.SysCtl_getNMISourceStatus), (16 bytes).
    Removing sysctl.o(i.SysCtl_getSRAMSize), (12 bytes).
    Removing sysctl.o(i.SysCtl_getTLVInfo), (80 bytes).
    Removing sysctl.o(i.SysCtl_getTempCalibrationConstant), (16 bytes).
    Removing sysctl.o(i.SysCtl_rebootDevice), (16 bytes).
    Removing sysctl.o(i.SysCtl_setWDTPasswordViolationResetType), (36 bytes).
    Removing sysctl.o(i.SysCtl_setWDTTimeoutResetType), (36 bytes).
    Removing wdt_a.o(.rev16_text), (4 bytes).
    Removing wdt_a.o(.revsh_text), (4 bytes).
    Removing wdt_a.o(.rrx_text), (6 bytes).
    Removing wdt_a.o(i.WDT_A_clearTimer), (24 bytes).
    Removing wdt_a.o(i.WDT_A_initIntervalTimer), (20 bytes).
    Removing wdt_a.o(i.WDT_A_initWatchdogTimer), (20 bytes).
    Removing wdt_a.o(i.WDT_A_registerInterrupt), (20 bytes).
    Removing wdt_a.o(i.WDT_A_setPasswordViolationReset), (12 bytes).
    Removing wdt_a.o(i.WDT_A_setTimeoutReset), (12 bytes).
    Removing wdt_a.o(i.WDT_A_startTimer), (24 bytes).
    Removing wdt_a.o(i.WDT_A_unregisterInterrupt), (16 bytes).
    Removing gpio.o(.rev16_text), (4 bytes).
    Removing gpio.o(.revsh_text), (4 bytes).
    Removing gpio.o(.rrx_text), (6 bytes).
    Removing gpio.o(i.GPIO_clearInterruptFlag), (20 bytes).
    Removing gpio.o(i.GPIO_disableInterrupt), (20 bytes).
    Removing gpio.o(i.GPIO_enableInterrupt), (20 bytes).
    Removing gpio.o(i.GPIO_getEnabledInterruptStatus), (84 bytes).
    Removing gpio.o(i.GPIO_getInputPinValue), (32 bytes).
    Removing gpio.o(i.GPIO_getInterruptStatus), (20 bytes).
    Removing gpio.o(i.GPIO_interruptEdgeSelect), (32 bytes).
    Removing gpio.o(i.GPIO_registerInterrupt), (32 bytes).
    Removing gpio.o(i.GPIO_setAsInputPin), (40 bytes).
    Removing gpio.o(i.GPIO_setAsInputPinWithPullDownResistor), (44 bytes).
    Removing gpio.o(i.GPIO_setAsInputPinWithPullUpResistor), (44 bytes).
    Removing gpio.o(i.GPIO_setAsPeripheralModuleFunctionInputPin), (80 bytes).
    Removing gpio.o(i.GPIO_setAsPeripheralModuleFunctionOutputPin), (80 bytes).
    Removing gpio.o(i.GPIO_setDriveStrengthHigh), (20 bytes).
    Removing gpio.o(i.GPIO_setDriveStrengthLow), (20 bytes).
    Removing gpio.o(i.GPIO_setOutputHighOnPin), (20 bytes).
    Removing gpio.o(i.GPIO_setOutputLowOnPin), (20 bytes).
    Removing gpio.o(i.GPIO_unregisterInterrupt), (28 bytes).
    Removing adc14.o(.rev16_text), (4 bytes).
    Removing adc14.o(.revsh_text), (4 bytes).
    Removing adc14.o(.rrx_text), (6 bytes).
    Removing adc14.o(i.ADC14_clearInterruptFlag), (40 bytes).
    Removing adc14.o(i.ADC14_configureConversionMemory), (132 bytes).
    Removing adc14.o(i.ADC14_configureMultiSequenceMode), (148 bytes).
    Removing adc14.o(i.ADC14_configureSingleSampleMode), (76 bytes).
    Removing adc14.o(i.ADC14_disableComparatorWindow), (76 bytes).
    Removing adc14.o(i.ADC14_disableConversion), (20 bytes).
    Removing adc14.o(i.ADC14_disableInterrupt), (40 bytes).
    Removing adc14.o(i.ADC14_disableModule), (28 bytes).
    Removing adc14.o(i.ADC14_disableReferenceBurst), (28 bytes).
    Removing adc14.o(i.ADC14_disableSampleTimer), (28 bytes).
    Removing adc14.o(i.ADC14_enableComparatorWindow), (116 bytes).
    Removing adc14.o(i.ADC14_enableConversion), (44 bytes).
    Removing adc14.o(i.ADC14_enableInterrupt), (40 bytes).
    Removing adc14.o(i.ADC14_enableModule), (12 bytes).
    Removing adc14.o(i.ADC14_enableReferenceBurst), (28 bytes).
    Removing adc14.o(i.ADC14_enableSampleTimer), (48 bytes).
    Removing adc14.o(i.ADC14_getEnabledInterruptStatus), (40 bytes).
    Removing adc14.o(i.ADC14_getInterruptStatus), (32 bytes).
    Removing adc14.o(i.ADC14_getMultiSequenceResult), (56 bytes).
    Removing adc14.o(i.ADC14_getResolution), (16 bytes).
    Removing adc14.o(i.ADC14_getResult), (36 bytes).
    Removing adc14.o(i.ADC14_getResultArray), (100 bytes).
    Removing adc14.o(i.ADC14_initModule), (68 bytes).
    Removing adc14.o(i.ADC14_isBusy), (20 bytes).
    Removing adc14.o(i.ADC14_registerInterrupt), (20 bytes).
    Removing adc14.o(i.ADC14_setComparatorWindowValue), (92 bytes).
    Removing adc14.o(i.ADC14_setPowerMode), (68 bytes).
    Removing adc14.o(i.ADC14_setResolution), (20 bytes).
    Removing adc14.o(i.ADC14_setResultFormat), (44 bytes).
    Removing adc14.o(i.ADC14_setSampleHoldTime), (44 bytes).
    Removing adc14.o(i.ADC14_setSampleHoldTrigger), (60 bytes).
    Removing adc14.o(i.ADC14_toggleConversionTrigger), (40 bytes).
    Removing adc14.o(i.ADC14_unregisterInterrupt), (16 bytes).
    Removing adc14.o(i.ADCIsConversionRunning), (20 bytes).
    Removing adc14.o(i._getIndexForMemRegister), (348 bytes).
    Removing adc14.o(.constdata), (128 bytes).
    Removing aes256.o(.rev16_text), (4 bytes).
    Removing aes256.o(.revsh_text), (4 bytes).
    Removing aes256.o(.rrx_text), (6 bytes).
    Removing aes256.o(i.AES256_clearErrorFlag), (16 bytes).
    Removing aes256.o(i.AES256_clearInterruptFlag), (16 bytes).
    Removing aes256.o(i.AES256_decryptData), (92 bytes).
    Removing aes256.o(i.AES256_disableInterrupt), (16 bytes).
    Removing aes256.o(i.AES256_enableInterrupt), (16 bytes).
    Removing aes256.o(i.AES256_encryptData), (92 bytes).
    Removing aes256.o(i.AES256_getDataOut), (52 bytes).
    Removing aes256.o(i.AES256_getErrorFlagStatus), (16 bytes).
    Removing aes256.o(i.AES256_getInterruptFlagStatus), (16 bytes).
    Removing aes256.o(i.AES256_getInterruptStatus), (12 bytes).
    Removing aes256.o(i.AES256_isBusy), (24 bytes).
    Removing aes256.o(i.AES256_registerInterrupt), (22 bytes).
    Removing aes256.o(i.AES256_reset), (14 bytes).
    Removing aes256.o(i.AES256_setCipherKey), (104 bytes).
    Removing aes256.o(i.AES256_setDecipherKey), (114 bytes).
    Removing aes256.o(i.AES256_startDecryptData), (52 bytes).
    Removing aes256.o(i.AES256_startEncryptData), (54 bytes).
    Removing aes256.o(i.AES256_startSetDecipherKey), (94 bytes).
    Removing aes256.o(i.AES256_unregisterInterrupt), (18 bytes).
    Removing comp_e.o(.rev16_text), (4 bytes).
    Removing comp_e.o(.revsh_text), (4 bytes).
    Removing comp_e.o(.rrx_text), (6 bytes).
    Removing comp_e.o(i.COMP_E_clearInterruptFlag), (8 bytes).
    Removing comp_e.o(i.COMP_E_disableInputBuffer), (8 bytes).
    Removing comp_e.o(i.COMP_E_disableInterrupt), (8 bytes).
    Removing comp_e.o(i.COMP_E_disableModule), (18 bytes).
    Removing comp_e.o(i.COMP_E_enableInputBuffer), (8 bytes).
    Removing comp_e.o(i.COMP_E_enableInterrupt), (8 bytes).
    Removing comp_e.o(i.COMP_E_enableModule), (18 bytes).
    Removing comp_e.o(i.COMP_E_getEnabledInterruptStatus), (16 bytes).
    Removing comp_e.o(i.COMP_E_getInterruptStatus), (10 bytes).
    Removing comp_e.o(i.COMP_E_initModule), (136 bytes).
    Removing comp_e.o(i.COMP_E_outputValue), (10 bytes).
    Removing comp_e.o(i.COMP_E_registerInterrupt), (64 bytes).
    Removing comp_e.o(i.COMP_E_setInterruptEdgeDirection), (40 bytes).
    Removing comp_e.o(i.COMP_E_setPowerMode), (12 bytes).
    Removing comp_e.o(i.COMP_E_setReferenceAccuracy), (40 bytes).
    Removing comp_e.o(i.COMP_E_setReferenceVoltage), (78 bytes).
    Removing comp_e.o(i.COMP_E_shortInputs), (16 bytes).
    Removing comp_e.o(i.COMP_E_swapIO), (10 bytes).
    Removing comp_e.o(i.COMP_E_toggleInterruptEdgeDirection), (10 bytes).
    Removing comp_e.o(i.COMP_E_unregisterInterrupt), (56 bytes).
    Removing comp_e.o(i.COMP_E_unshortInputs), (16 bytes).
    Removing comp_e.o(i.__getRegisterSettingForInput), (172 bytes).
    Removing crc32.o(.rev16_text), (4 bytes).
    Removing crc32.o(.revsh_text), (4 bytes).
    Removing crc32.o(.rrx_text), (6 bytes).
    Removing crc32.o(i.CRC32_getResult), (28 bytes).
    Removing crc32.o(i.CRC32_getResultReversed), (28 bytes).
    Removing crc32.o(i.CRC32_set16BitData), (18 bytes).
    Removing crc32.o(i.CRC32_set16BitDataReversed), (18 bytes).
    Removing crc32.o(i.CRC32_set32BitData), (12 bytes).
    Removing crc32.o(i.CRC32_set32BitDataReversed), (12 bytes).
    Removing crc32.o(i.CRC32_set8BitData), (18 bytes).
    Removing crc32.o(i.CRC32_set8BitDataReversed), (18 bytes).
    Removing crc32.o(i.CRC32_setSeed), (22 bytes).
    Removing dma.o(.rev16_text), (4 bytes).
    Removing dma.o(.revsh_text), (4 bytes).
    Removing dma.o(.rrx_text), (6 bytes).
    Removing dma.o(i.DMA_assignChannel), (432 bytes).
    Removing dma.o(i.DMA_assignInterrupt), (92 bytes).
    Removing dma.o(i.DMA_clearErrorStatus), (12 bytes).
    Removing dma.o(i.DMA_clearInterruptFlag), (28 bytes).
    Removing dma.o(i.DMA_disableChannel), (20 bytes).
    Removing dma.o(i.DMA_disableChannelAttribute), (68 bytes).
    Removing dma.o(i.DMA_disableInterrupt), (72 bytes).
    Removing dma.o(i.DMA_disableModule), (44 bytes).
    Removing dma.o(i.DMA_enableChannel), (20 bytes).
    Removing dma.o(i.DMA_enableChannelAttribute), (68 bytes).
    Removing dma.o(i.DMA_enableInterrupt), (72 bytes).
    Removing dma.o(i.DMA_enableModule), (12 bytes).
    Removing dma.o(i.DMA_getChannelAttribute), (80 bytes).
    Removing dma.o(i.DMA_getChannelMode), (48 bytes).
    Removing dma.o(i.DMA_getChannelSize), (44 bytes).
    Removing dma.o(i.DMA_getControlAlternateBase), (12 bytes).
    Removing dma.o(i.DMA_getControlBase), (12 bytes).
    Removing dma.o(i.DMA_getErrorStatus), (12 bytes).
    Removing dma.o(i.DMA_getInterruptStatus), (12 bytes).
    Removing dma.o(i.DMA_isChannelEnabled), (32 bytes).
    Removing dma.o(i.DMA_registerInterrupt), (22 bytes).
    Removing dma.o(i.DMA_requestChannel), (20 bytes).
    Removing dma.o(i.DMA_requestSoftwareTransfer), (20 bytes).
    Removing dma.o(i.DMA_setChannelControl), (40 bytes).
    Removing dma.o(i.DMA_setChannelScatterGather), (92 bytes).
    Removing dma.o(i.DMA_setChannelTransfer), (172 bytes).
    Removing dma.o(i.DMA_setControlBase), (12 bytes).
    Removing dma.o(i.DMA_unregisterInterrupt), (18 bytes).
    Removing flash.o(.rev16_text), (4 bytes).
    Removing flash.o(.revsh_text), (4 bytes).
    Removing flash.o(.rrx_text), (6 bytes).
    Removing flash.o(i.FlashCtl_clearInterruptFlag), (20 bytes).
    Removing flash.o(i.FlashCtl_clearProgramVerification), (60 bytes).
    Removing flash.o(i.FlashCtl_disableInterrupt), (20 bytes).
    Removing flash.o(i.FlashCtl_disableReadBuffering), (68 bytes).
    Removing flash.o(i.FlashCtl_disableWordProgramming), (12 bytes).
    Removing flash.o(i.FlashCtl_enableInterrupt), (20 bytes).
    Removing flash.o(i.FlashCtl_enableReadBuffering), (68 bytes).
    Removing flash.o(i.FlashCtl_enableWordProgramming), (40 bytes).
    Removing flash.o(i.FlashCtl_eraseSector), (268 bytes).
    Removing flash.o(i.FlashCtl_getEnabledInterruptStatus), (20 bytes).
    Removing flash.o(i.FlashCtl_getInterruptStatus), (12 bytes).
    Removing flash.o(i.FlashCtl_getMemoryInfo), (40 bytes).
    Removing flash.o(i.FlashCtl_getReadMode), (36 bytes).
    Removing flash.o(i.FlashCtl_getWaitState), (36 bytes).
    Removing flash.o(i.FlashCtl_initiateMassErase), (32 bytes).
    Removing flash.o(i.FlashCtl_initiateSectorErase), (120 bytes).
    Removing flash.o(i.FlashCtl_isSectorProtected), (100 bytes).
    Removing flash.o(i.FlashCtl_isWordProgrammingEnabled), (32 bytes).
    Removing flash.o(i.FlashCtl_performMassErase), (284 bytes).
    Removing flash.o(i.FlashCtl_programMemory), (250 bytes).
    Removing flash.o(i.FlashCtl_protectSector), (112 bytes).
    Removing flash.o(i.FlashCtl_registerInterrupt), (20 bytes).
    Removing flash.o(i.FlashCtl_setProgramVerification), (60 bytes).
    Removing flash.o(i.FlashCtl_setReadMode), (100 bytes).
    Removing flash.o(i.FlashCtl_setWaitState), (48 bytes).
    Removing flash.o(i.FlashCtl_unprotectSector), (116 bytes).
    Removing flash.o(i.FlashCtl_unregisterInterrupt), (16 bytes).
    Removing flash.o(i.FlashCtl_verifyMemory), (512 bytes).
    Removing flash.o(i._FlashCtl_Program32), (160 bytes).
    Removing flash.o(i._FlashCtl_Program8), (160 bytes).
    Removing flash.o(i._FlashCtl_ProgramBurst), (396 bytes).
    Removing flash.o(i.__FlashCtl_remaskBurstDataPost), (244 bytes).
    Removing flash.o(i.__FlashCtl_remaskBurstDataPre), (252 bytes).
    Removing flash.o(i.__FlashCtl_remaskData32Post), (184 bytes).
    Removing flash.o(i.__FlashCtl_remaskData32Pre), (184 bytes).
    Removing flash.o(i.__FlashCtl_remaskData8Post), (108 bytes).
    Removing flash.o(i.__FlashCtl_remaskData8Pre), (108 bytes).
    Removing flash.o(i.getUserFlashSector), (242 bytes).
    Removing flash.o(.data), (64 bytes).
    Removing flash_a.o(.rev16_text), (4 bytes).
    Removing flash_a.o(.revsh_text), (4 bytes).
    Removing flash_a.o(.rrx_text), (6 bytes).
    Removing fpu.o(.rev16_text), (4 bytes).
    Removing fpu.o(.revsh_text), (4 bytes).
    Removing fpu.o(.rrx_text), (6 bytes).
    Removing fpu.o(i.FPU_disableModule), (20 bytes).
    Removing fpu.o(i.FPU_disableStacking), (20 bytes).
    Removing fpu.o(i.FPU_enableLazyStacking), (20 bytes).
    Removing fpu.o(i.FPU_enableModule), (20 bytes).
    Removing fpu.o(i.FPU_enableStacking), (24 bytes).
    Removing fpu.o(i.FPU_setFlushToZeroMode), (20 bytes).
    Removing fpu.o(i.FPU_setHalfPrecisionMode), (20 bytes).
    Removing fpu.o(i.FPU_setNaNMode), (20 bytes).
    Removing fpu.o(i.FPU_setRoundingMode), (20 bytes).
    Removing i2c.o(.rev16_text), (4 bytes).
    Removing i2c.o(.revsh_text), (4 bytes).
    Removing i2c.o(.rrx_text), (6 bytes).
    Removing i2c.o(i.I2C_clearInterruptFlag), (8 bytes).
    Removing i2c.o(i.I2C_disableInterrupt), (8 bytes).
    Removing i2c.o(i.I2C_disableModule), (14 bytes).
    Removing i2c.o(i.I2C_disableMultiMasterMode), (24 bytes).
    Removing i2c.o(i.I2C_enableInterrupt), (8 bytes).
    Removing i2c.o(i.I2C_enableModule), (14 bytes).
    Removing i2c.o(i.I2C_enableMultiMasterMode), (22 bytes).
    Removing i2c.o(i.I2C_getEnabledInterruptStatus), (14 bytes).
    Removing i2c.o(i.I2C_getInterruptStatus), (8 bytes).
    Removing i2c.o(i.I2C_getMode), (10 bytes).
    Removing i2c.o(i.I2C_getReceiveBufferAddressForDMA), (8 bytes).
    Removing i2c.o(i.I2C_getTransmitBufferAddressForDMA), (8 bytes).
    Removing i2c.o(i.I2C_initMaster), (64 bytes).
    Removing i2c.o(i.I2C_initSlave), (38 bytes).
    Removing i2c.o(i.I2C_isBusBusy), (18 bytes).
    Removing i2c.o(i.I2C_masterIsStartSent), (22 bytes).
    Removing i2c.o(i.I2C_masterIsStopSent), (14 bytes).
    Removing i2c.o(i.I2C_masterReceiveMultiByteFinish), (56 bytes).
    Removing i2c.o(i.I2C_masterReceiveMultiByteFinishWithTimeout), (82 bytes).
    Removing i2c.o(i.I2C_masterReceiveMultiByteNext), (8 bytes).
    Removing i2c.o(i.I2C_masterReceiveMultiByteStop), (14 bytes).
    Removing i2c.o(i.I2C_masterReceiveSingle), (44 bytes).
    Removing i2c.o(i.I2C_masterReceiveSingleByte), (88 bytes).
    Removing i2c.o(i.I2C_masterReceiveStart), (14 bytes).
    Removing i2c.o(i.I2C_masterSendMultiByteFinish), (110 bytes).
    Removing i2c.o(i.I2C_masterSendMultiByteFinishWithTimeout), (114 bytes).
    Removing i2c.o(i.I2C_masterSendMultiByteNext), (40 bytes).
    Removing i2c.o(i.I2C_masterSendMultiByteNextWithTimeout), (56 bytes).
    Removing i2c.o(i.I2C_masterSendMultiByteStart), (72 bytes).
    Removing i2c.o(i.I2C_masterSendMultiByteStartWithTimeout), (84 bytes).
    Removing i2c.o(i.I2C_masterSendMultiByteStop), (50 bytes).
    Removing i2c.o(i.I2C_masterSendMultiByteStopWithTimeout), (66 bytes).
    Removing i2c.o(i.I2C_masterSendSingleByte), (100 bytes).
    Removing i2c.o(i.I2C_masterSendSingleByteWithTimeout), (124 bytes).
    Removing i2c.o(i.I2C_masterSendStart), (14 bytes).
    Removing i2c.o(i.I2C_registerInterrupt), (108 bytes).
    Removing i2c.o(i.I2C_setMode), (12 bytes).
    Removing i2c.o(i.I2C_setSlaveAddress), (4 bytes).
    Removing i2c.o(i.I2C_setTimeout), (44 bytes).
    Removing i2c.o(i.I2C_slaveGetData), (8 bytes).
    Removing i2c.o(i.I2C_slavePutData), (4 bytes).
    Removing i2c.o(i.I2C_slaveSendNAK), (14 bytes).
    Removing i2c.o(i.I2C_unregisterInterrupt), (96 bytes).
    Removing lcd_f.o(.rev16_text), (4 bytes).
    Removing lcd_f.o(.revsh_text), (4 bytes).
    Removing lcd_f.o(.rrx_text), (6 bytes).
    Removing mpu.o(.rev16_text), (4 bytes).
    Removing mpu.o(.revsh_text), (4 bytes).
    Removing mpu.o(.rrx_text), (6 bytes).
    Removing mpu.o(i.MPU_disableInterrupt), (10 bytes).
    Removing mpu.o(i.MPU_disableModule), (20 bytes).
    Removing mpu.o(i.MPU_disableRegion), (28 bytes).
    Removing mpu.o(i.MPU_enableInterrupt), (10 bytes).
    Removing mpu.o(i.MPU_enableModule), (16 bytes).
    Removing mpu.o(i.MPU_enableRegion), (28 bytes).
    Removing mpu.o(i.MPU_getRegion), (28 bytes).
    Removing mpu.o(i.MPU_getRegionCount), (16 bytes).
    Removing mpu.o(i.MPU_registerInterrupt), (14 bytes).
    Removing mpu.o(i.MPU_setRegion), (32 bytes).
    Removing mpu.o(i.MPU_unregisterInterrupt), (10 bytes).
    Removing pcm.o(.rev16_text), (4 bytes).
    Removing pcm.o(.revsh_text), (4 bytes).
    Removing pcm.o(.rrx_text), (6 bytes).
    Removing pcm.o(i.PCM_clearInterruptFlag), (16 bytes).
    Removing pcm.o(i.PCM_disableInterrupt), (16 bytes).
    Removing pcm.o(i.PCM_disableRudeMode), (28 bytes).
    Removing pcm.o(i.PCM_enableInterrupt), (16 bytes).
    Removing pcm.o(i.PCM_enableRudeMode), (28 bytes).
    Removing pcm.o(i.PCM_getCoreVoltageLevel), (98 bytes).
    Removing pcm.o(i.PCM_getEnabledInterruptStatus), (20 bytes).
    Removing pcm.o(i.PCM_getInterruptStatus), (12 bytes).
    Removing pcm.o(i.PCM_getPowerMode), (88 bytes).
    Removing pcm.o(i.PCM_getPowerState), (16 bytes).
    Removing pcm.o(i.PCM_gotoLPM0), (40 bytes).
    Removing pcm.o(i.PCM_gotoLPM0InterruptSafe), (24 bytes).
    Removing pcm.o(i.PCM_gotoLPM3), (132 bytes).
    Removing pcm.o(i.PCM_gotoLPM3InterruptSafe), (24 bytes).
    Removing pcm.o(i.PCM_gotoLPM4), (16 bytes).
    Removing pcm.o(i.PCM_gotoLPM4InterruptSafe), (24 bytes).
    Removing pcm.o(i.PCM_registerInterrupt), (20 bytes).
    Removing pcm.o(i.PCM_setCoreVoltageLevel), (16 bytes).
    Removing pcm.o(i.PCM_setCoreVoltageLevelNonBlocking), (16 bytes).
    Removing pcm.o(i.PCM_setCoreVoltageLevelWithTimeout), (18 bytes).
    Removing pcm.o(i.PCM_setPowerMode), (16 bytes).
    Removing pcm.o(i.PCM_setPowerModeNonBlocking), (16 bytes).
    Removing pcm.o(i.PCM_setPowerModeWithTimeout), (18 bytes).
    Removing pcm.o(i.PCM_setPowerState), (16 bytes).
    Removing pcm.o(i.PCM_setPowerStateNonBlocking), (16 bytes).
    Removing pcm.o(i.PCM_setPowerStateWithTimeout), (18 bytes).
    Removing pcm.o(i.PCM_shutdownDevice), (84 bytes).
    Removing pcm.o(i.PCM_unregisterInterrupt), (16 bytes).
    Removing pcm.o(i.__PCM_setCoreVoltageLevelAdvanced), (208 bytes).
    Removing pcm.o(i.__PCM_setPowerModeAdvanced), (272 bytes).
    Removing pcm.o(i.__PCM_setPowerStateAdvanced), (540 bytes).
    Removing pmap.o(.rev16_text), (4 bytes).
    Removing pmap.o(.revsh_text), (4 bytes).
    Removing pmap.o(.rrx_text), (6 bytes).
    Removing pmap.o(i.PMAP_configurePorts), (56 bytes).
    Removing pss.o(.rev16_text), (4 bytes).
    Removing pss.o(.revsh_text), (4 bytes).
    Removing pss.o(.rrx_text), (6 bytes).
    Removing pss.o(i.PSS_clearInterruptFlag), (24 bytes).
    Removing pss.o(i.PSS_disableForcedDCDCOperation), (24 bytes).
    Removing pss.o(i.PSS_disableHighSide), (24 bytes).
    Removing pss.o(i.PSS_disableHighSideMonitor), (24 bytes).
    Removing pss.o(i.PSS_disableHighSidePinToggle), (24 bytes).
    Removing pss.o(i.PSS_disableInterrupt), (24 bytes).
    Removing pss.o(i.PSS_enableForcedDCDCOperation), (24 bytes).
    Removing pss.o(i.PSS_enableHighSide), (24 bytes).
    Removing pss.o(i.PSS_enableHighSideMonitor), (24 bytes).
    Removing pss.o(i.PSS_enableHighSidePinToggle), (56 bytes).
    Removing pss.o(i.PSS_enableInterrupt), (24 bytes).
    Removing pss.o(i.PSS_getHighSidePerformanceMode), (20 bytes).
    Removing pss.o(i.PSS_getHighSideVoltageTrigger), (16 bytes).
    Removing pss.o(i.PSS_getInterruptStatus), (12 bytes).
    Removing pss.o(i.PSS_registerInterrupt), (20 bytes).
    Removing pss.o(i.PSS_setHighSidePerformanceMode), (36 bytes).
    Removing pss.o(i.PSS_setHighSideVoltageTrigger), (48 bytes).
    Removing pss.o(i.PSS_unregisterInterrupt), (16 bytes).
    Removing pss.o(i.__PSSLock), (12 bytes).
    Removing pss.o(i.__PSSUnlock), (16 bytes).
    Removing ref_a.o(.rev16_text), (4 bytes).
    Removing ref_a.o(.revsh_text), (4 bytes).
    Removing ref_a.o(.rrx_text), (6 bytes).
    Removing ref_a.o(i.REF_A_disableReferenceVoltage), (18 bytes).
    Removing ref_a.o(i.REF_A_disableReferenceVoltageOutput), (18 bytes).
    Removing ref_a.o(i.REF_A_disableTempSensor), (18 bytes).
    Removing ref_a.o(i.REF_A_enableReferenceVoltage), (18 bytes).
    Removing ref_a.o(i.REF_A_enableReferenceVoltageOutput), (18 bytes).
    Removing ref_a.o(i.REF_A_enableTempSensor), (18 bytes).
    Removing ref_a.o(i.REF_A_getBandgapMode), (16 bytes).
    Removing ref_a.o(i.REF_A_getBufferedBandgapVoltageStatus), (26 bytes).
    Removing ref_a.o(i.REF_A_getVariableReferenceVoltageStatus), (26 bytes).
    Removing ref_a.o(i.REF_A_isBandgapActive), (26 bytes).
    Removing ref_a.o(i.REF_A_isRefGenActive), (26 bytes).
    Removing ref_a.o(i.REF_A_isRefGenBusy), (26 bytes).
    Removing ref_a.o(i.REF_A_setBufferedBandgapVoltageOneTimeTrigger), (18 bytes).
    Removing ref_a.o(i.REF_A_setReferenceVoltage), (20 bytes).
    Removing ref_a.o(i.REF_A_setReferenceVoltageOneTimeTrigger), (18 bytes).
    Removing reset.o(.rev16_text), (4 bytes).
    Removing reset.o(.revsh_text), (4 bytes).
    Removing reset.o(.rrx_text), (6 bytes).
    Removing reset.o(i.ResetCtl_clearHardResetSource), (16 bytes).
    Removing reset.o(i.ResetCtl_clearPCMFlags), (24 bytes).
    Removing reset.o(i.ResetCtl_clearPSSFlags), (24 bytes).
    Removing reset.o(i.ResetCtl_clearSoftResetSource), (16 bytes).
    Removing reset.o(i.ResetCtl_getHardResetSource), (12 bytes).
    Removing reset.o(i.ResetCtl_getPCMSource), (12 bytes).
    Removing reset.o(i.ResetCtl_getPSSSource), (12 bytes).
    Removing reset.o(i.ResetCtl_getSoftResetSource), (12 bytes).
    Removing reset.o(i.ResetCtl_initiateHardReset), (20 bytes).
    Removing reset.o(i.ResetCtl_initiateHardResetWithSource), (16 bytes).
    Removing reset.o(i.ResetCtl_initiateSoftReset), (20 bytes).
    Removing reset.o(i.ResetCtl_initiateSoftResetWithSource), (16 bytes).
    Removing rtc_c.o(.rev16_text), (4 bytes).
    Removing rtc_c.o(.revsh_text), (4 bytes).
    Removing rtc_c.o(.rrx_text), (6 bytes).
    Removing rtc_c.o(i.RTC_C_clearInterruptFlag), (96 bytes).
    Removing rtc_c.o(i.RTC_C_convertBCDToBinary), (16 bytes).
    Removing rtc_c.o(i.RTC_C_convertBinaryToBCD), (16 bytes).
    Removing rtc_c.o(i.RTC_C_definePrescaleEvent), (60 bytes).
    Removing rtc_c.o(i.RTC_C_disableInterrupt), (100 bytes).
    Removing rtc_c.o(i.RTC_C_enableInterrupt), (96 bytes).
    Removing rtc_c.o(i.RTC_C_getCalendarTime), (120 bytes).
    Removing rtc_c.o(i.RTC_C_getEnabledInterruptStatus), (132 bytes).
    Removing rtc_c.o(i.RTC_C_getInterruptStatus), (76 bytes).
    Removing rtc_c.o(i.RTC_C_getPrescaleValue), (32 bytes).
    Removing rtc_c.o(i.RTC_C_holdClock), (52 bytes).
    Removing rtc_c.o(i.RTC_C_initCalendar), (136 bytes).
    Removing rtc_c.o(i.RTC_C_registerInterrupt), (20 bytes).
    Removing rtc_c.o(i.RTC_C_setCalendarAlarm), (44 bytes).
    Removing rtc_c.o(i.RTC_C_setCalendarEvent), (52 bytes).
    Removing rtc_c.o(i.RTC_C_setCalibrationData), (48 bytes).
    Removing rtc_c.o(i.RTC_C_setCalibrationFrequency), (52 bytes).
    Removing rtc_c.o(i.RTC_C_setPrescaleValue), (84 bytes).
    Removing rtc_c.o(i.RTC_C_setTemperatureCompensation), (60 bytes).
    Removing rtc_c.o(i.RTC_C_startClock), (48 bytes).
    Removing rtc_c.o(i.RTC_C_unregisterInterrupt), (16 bytes).
    Removing spi.o(.rev16_text), (4 bytes).
    Removing spi.o(.revsh_text), (4 bytes).
    Removing spi.o(.rrx_text), (6 bytes).
    Removing spi.o(i.EUSCI_A_SPI_changeClockPhasePolarity), (36 bytes).
    Removing spi.o(i.EUSCI_A_SPI_clearInterruptFlag), (8 bytes).
    Removing spi.o(i.EUSCI_A_SPI_disable), (14 bytes).
    Removing spi.o(i.EUSCI_A_SPI_disableInterrupt), (8 bytes).
    Removing spi.o(i.EUSCI_A_SPI_enable), (14 bytes).
    Removing spi.o(i.EUSCI_A_SPI_enableInterrupt), (8 bytes).
    Removing spi.o(i.EUSCI_A_SPI_getInterruptStatus), (8 bytes).
    Removing spi.o(i.EUSCI_A_SPI_getReceiveBufferAddressForDMA), (8 bytes).
    Removing spi.o(i.EUSCI_A_SPI_getTransmitBufferAddressForDMA), (8 bytes).
    Removing spi.o(i.EUSCI_A_SPI_isBusy), (26 bytes).
    Removing spi.o(i.EUSCI_A_SPI_masterChangeClock), (30 bytes).
    Removing spi.o(i.EUSCI_A_SPI_receiveData), (8 bytes).
    Removing spi.o(i.EUSCI_A_SPI_select4PinFunctionality), (12 bytes).
    Removing spi.o(i.EUSCI_A_SPI_slaveInit), (42 bytes).
    Removing spi.o(i.EUSCI_A_SPI_transmitData), (4 bytes).
    Removing spi.o(i.EUSCI_B_SPI_changeClockPhasePolarity), (36 bytes).
    Removing spi.o(i.EUSCI_B_SPI_clearInterruptFlag), (8 bytes).
    Removing spi.o(i.EUSCI_B_SPI_disable), (14 bytes).
    Removing spi.o(i.EUSCI_B_SPI_disableInterrupt), (8 bytes).
    Removing spi.o(i.EUSCI_B_SPI_enable), (14 bytes).
    Removing spi.o(i.EUSCI_B_SPI_enableInterrupt), (8 bytes).
    Removing spi.o(i.EUSCI_B_SPI_getInterruptStatus), (8 bytes).
    Removing spi.o(i.EUSCI_B_SPI_getReceiveBufferAddressForDMA), (8 bytes).
    Removing spi.o(i.EUSCI_B_SPI_getTransmitBufferAddressForDMA), (8 bytes).
    Removing spi.o(i.EUSCI_B_SPI_isBusy), (26 bytes).
    Removing spi.o(i.EUSCI_B_SPI_masterChangeClock), (30 bytes).
    Removing spi.o(i.EUSCI_B_SPI_receiveData), (8 bytes).
    Removing spi.o(i.EUSCI_B_SPI_select4PinFunctionality), (12 bytes).
    Removing spi.o(i.EUSCI_B_SPI_slaveInit), (42 bytes).
    Removing spi.o(i.EUSCI_B_SPI_transmitData), (4 bytes).
    Removing spi.o(i.SPI_changeClockPhasePolarity), (40 bytes).
    Removing spi.o(i.SPI_changeMasterClock), (40 bytes).
    Removing spi.o(i.SPI_clearInterruptFlag), (34 bytes).
    Removing spi.o(i.SPI_disableInterrupt), (34 bytes).
    Removing spi.o(i.SPI_disableModule), (28 bytes).
    Removing spi.o(i.SPI_enableInterrupt), (34 bytes).
    Removing spi.o(i.SPI_enableModule), (28 bytes).
    Removing spi.o(i.SPI_getEnabledInterruptStatus), (40 bytes).
    Removing spi.o(i.SPI_getInterruptStatus), (34 bytes).
    Removing spi.o(i.SPI_getReceiveBufferAddressForDMA), (28 bytes).
    Removing spi.o(i.SPI_getTransmitBufferAddressForDMA), (28 bytes).
    Removing spi.o(i.SPI_initMaster), (138 bytes).
    Removing spi.o(i.SPI_initSlave), (102 bytes).
    Removing spi.o(i.SPI_isBusy), (28 bytes).
    Removing spi.o(i.SPI_receiveData), (28 bytes).
    Removing spi.o(i.SPI_registerInterrupt), (172 bytes).
    Removing spi.o(i.SPI_selectFourPinFunctionality), (34 bytes).
    Removing spi.o(i.SPI_transmitData), (34 bytes).
    Removing spi.o(i.SPI_unregisterInterrupt), (154 bytes).
    Removing spi.o(i.is_A_Module), (52 bytes).
    Removing sysctl_a.o(.rev16_text), (4 bytes).
    Removing sysctl_a.o(.revsh_text), (4 bytes).
    Removing sysctl_a.o(.rrx_text), (6 bytes).
    Removing systick.o(.rev16_text), (4 bytes).
    Removing systick.o(.revsh_text), (4 bytes).
    Removing systick.o(.rrx_text), (6 bytes).
    Removing systick.o(i.SysTick_disableInterrupt), (18 bytes).
    Removing systick.o(i.SysTick_disableModule), (18 bytes).
    Removing systick.o(i.SysTick_enableInterrupt), (18 bytes).
    Removing systick.o(i.SysTick_enableModule), (18 bytes).
    Removing systick.o(i.SysTick_getPeriod), (10 bytes).
    Removing systick.o(i.SysTick_getValue), (8 bytes).
    Removing systick.o(i.SysTick_registerInterrupt), (14 bytes).
    Removing systick.o(i.SysTick_setPeriod), (10 bytes).
    Removing systick.o(i.SysTick_unregisterInterrupt), (10 bytes).
    Removing timer_a.o(.rev16_text), (4 bytes).
    Removing timer_a.o(.revsh_text), (4 bytes).
    Removing timer_a.o(.rrx_text), (6 bytes).
    Removing timer_a.o(i.Timer_A_clearCaptureCompareInterrupt), (30 bytes).
    Removing timer_a.o(i.Timer_A_clearInterruptFlag), (14 bytes).
    Removing timer_a.o(i.Timer_A_clearTimer), (14 bytes).
    Removing timer_a.o(i.Timer_A_configureContinuousMode), (40 bytes).
    Removing timer_a.o(i.Timer_A_configureUpDownMode), (84 bytes).
    Removing timer_a.o(i.Timer_A_configureUpMode), (84 bytes).
    Removing timer_a.o(i.Timer_A_disableCaptureCompareInterrupt), (30 bytes).
    Removing timer_a.o(i.Timer_A_disableInterrupt), (14 bytes).
    Removing timer_a.o(i.Timer_A_enableCaptureCompareInterrupt), (30 bytes).
    Removing timer_a.o(i.Timer_A_enableInterrupt), (14 bytes).
    Removing timer_a.o(i.Timer_A_generatePWM), (90 bytes).
    Removing timer_a.o(i.Timer_A_getCaptureCompareCount), (20 bytes).
    Removing timer_a.o(i.Timer_A_getCaptureCompareEnabledInterruptStatus), (48 bytes).
    Removing timer_a.o(i.Timer_A_getCaptureCompareInterruptStatus), (22 bytes).
    Removing timer_a.o(i.Timer_A_getCounterValue), (38 bytes).
    Removing timer_a.o(i.Timer_A_getEnabledInterruptStatus), (24 bytes).
    Removing timer_a.o(i.Timer_A_getInterruptStatus), (10 bytes).
    Removing timer_a.o(i.Timer_A_getOutputForOutputModeOutBitValue), (38 bytes).
    Removing timer_a.o(i.Timer_A_getSynchronizedCaptureCompareInput), (30 bytes).
    Removing timer_a.o(i.Timer_A_initCapture), (58 bytes).
    Removing timer_a.o(i.Timer_A_initCompare), (52 bytes).
    Removing timer_a.o(i.Timer_A_registerInterrupt), (208 bytes).
    Removing timer_a.o(i.Timer_A_setCompareValue), (20 bytes).
    Removing timer_a.o(i.Timer_A_setOutputForOutputModeOutBitValue), (32 bytes).
    Removing timer_a.o(i.Timer_A_startCounter), (8 bytes).
    Removing timer_a.o(i.Timer_A_stopTimer), (10 bytes).
    Removing timer_a.o(i.Timer_A_unregisterInterrupt), (192 bytes).
    Removing timer_a.o(i.privateTimer_AProcessClockSourceDivider), (232 bytes).
    Removing timer32.o(.rev16_text), (4 bytes).
    Removing timer32.o(.revsh_text), (4 bytes).
    Removing timer32.o(.rrx_text), (6 bytes).
    Removing timer32.o(i.Timer32_clearInterruptFlag), (10 bytes).
    Removing timer32.o(i.Timer32_disableInterrupt), (10 bytes).
    Removing timer32.o(i.Timer32_enableInterrupt), (10 bytes).
    Removing timer32.o(i.Timer32_getInterruptStatus), (6 bytes).
    Removing timer32.o(i.Timer32_getValue), (6 bytes).
    Removing timer32.o(i.Timer32_haltTimer), (10 bytes).
    Removing timer32.o(i.Timer32_initModule), (94 bytes).
    Removing timer32.o(i.Timer32_registerInterrupt), (22 bytes).
    Removing timer32.o(i.Timer32_setCount), (34 bytes).
    Removing timer32.o(i.Timer32_setCountInBackground), (34 bytes).
    Removing timer32.o(i.Timer32_startTimer), (48 bytes).
    Removing timer32.o(i.Timer32_unregisterInterrupt), (18 bytes).
    Removing uart.o(.rev16_text), (4 bytes).
    Removing uart.o(.revsh_text), (4 bytes).
    Removing uart.o(.rrx_text), (6 bytes).
    Removing uart.o(i.UART_clearInterruptFlag), (8 bytes).
    Removing uart.o(i.UART_disableInterrupt), (22 bytes).
    Removing uart.o(i.UART_disableModule), (14 bytes).
    Removing uart.o(i.UART_enableInterrupt), (22 bytes).
    Removing uart.o(i.UART_enableModule), (14 bytes).
    Removing uart.o(i.UART_getEnabledInterruptStatus), (72 bytes).
    Removing uart.o(i.UART_getInterruptStatus), (8 bytes).
    Removing uart.o(i.UART_getReceiveBufferAddressForDMA), (8 bytes).
    Removing uart.o(i.UART_getTransmitBufferAddressForDMA), (8 bytes).
    Removing uart.o(i.UART_initModule), (246 bytes).
    Removing uart.o(i.UART_queryStatusFlags), (8 bytes).
    Removing uart.o(i.UART_receiveData), (44 bytes).
    Removing uart.o(i.UART_registerInterrupt), (108 bytes).
    Removing uart.o(i.UART_resetDormant), (14 bytes).
    Removing uart.o(i.UART_selectDeglitchTime), (12 bytes).
    Removing uart.o(i.UART_setDormant), (14 bytes).
    Removing uart.o(i.UART_transmitAddress), (18 bytes).
    Removing uart.o(i.UART_transmitBreak), (72 bytes).
    Removing uart.o(i.UART_transmitData), (40 bytes).
    Removing uart.o(i.UART_unregisterInterrupt), (96 bytes).

634 unused section(s) (total 27544 bytes) removed from the image.

==============================================================================

Image Symbol Table

    Local Symbols

    Symbol Name                              Value     Ov Type        Size  Object(Section)

    RESET                                    0x00000000   Section      324  startup_msp432p401r_uvision.o(RESET)
    ../clib/angel/boardlib.s                 0x00000000   Number         0  boardshut.o ABSOLUTE
    ../clib/angel/boardlib.s                 0x00000000   Number         0  boardinit3.o ABSOLUTE
    ../clib/angel/boardlib.s                 0x00000000   Number         0  boardinit1.o ABSOLUTE
    ../clib/angel/boardlib.s                 0x00000000   Number         0  boardinit2.o ABSOLUTE
    ../clib/angel/handlers.s                 0x00000000   Number         0  __scatter_zi.o ABSOLUTE
    ../clib/angel/kernel.s                   0x00000000   Number         0  rtexit.o ABSOLUTE
    ../clib/angel/kernel.s                   0x00000000   Number         0  __rtentry4.o ABSOLUTE
    ../clib/angel/kernel.s                   0x00000000   Number         0  __rtentry2.o ABSOLUTE
    ../clib/angel/kernel.s                   0x00000000   Number         0  __rtentry.o ABSOLUTE
    ../clib/angel/kernel.s                   0x00000000   Number         0  rtexit2.o ABSOLUTE
    ../clib/angel/rt.s                       0x00000000   Number         0  rt_raise.o ABSOLUTE
    ../clib/angel/scatter.s                  0x00000000   Number         0  __scatter.o ABSOLUTE
    ../clib/angel/startup.s                  0x00000000   Number         0  __main.o ABSOLUTE
    ../clib/angel/sys.s                      0x00000000   Number         0  libspace.o ABSOLUTE
    ../clib/angel/sys.s                      0x00000000   Number         0  indicate_semi.o ABSOLUTE
    ../clib/angel/sys.s                      0x00000000   Number         0  use_no_semi.o ABSOLUTE
    ../clib/angel/sys.s                      0x00000000   Number         0  sys_stackheap_outer.o ABSOLUTE
    ../clib/angel/sysapp.c                   0x00000000   Number         0  sys_wrch.o ABSOLUTE
    ../clib/angel/sysapp.c                   0x00000000   Number         0  sys_command.o ABSOLUTE
    ../clib/angel/sysapp.c                   0x00000000   Number         0  sys_exit.o ABSOLUTE
    ../clib/armsys.c                         0x00000000   Number         0  argv_veneer.o ABSOLUTE
    ../clib/armsys.c                         0x00000000   Number         0  no_argv.o ABSOLUTE
    ../clib/armsys.c                         0x00000000   Number         0  _get_argv_nomalloc.o ABSOLUTE
    ../clib/armsys.c                         0x00000000   Number         0  argv_veneer.o ABSOLUTE
    ../clib/heapalloc.c                      0x00000000   Number         0  hrguard.o ABSOLUTE
    ../clib/heapaux.c                        0x00000000   Number         0  heapauxi.o ABSOLUTE
    ../clib/libinit.s                        0x00000000   Number         0  libinit.o ABSOLUTE
    ../clib/libinit.s                        0x00000000   Number         0  libinit2.o ABSOLUTE
    ../clib/libinit.s                        0x00000000   Number         0  libshutdown2.o ABSOLUTE
    ../clib/libinit.s                        0x00000000   Number         0  libshutdown.o ABSOLUTE
    ../clib/memcpset.s                       0x00000000   Number         0  rt_memcpy_w.o ABSOLUTE
    ../clib/signal.c                         0x00000000   Number         0  defsig_abrt_inner.o ABSOLUTE
    ../clib/signal.c                         0x00000000   Number         0  defsig_segv_inner.o ABSOLUTE
    ../clib/signal.c                         0x00000000   Number         0  defsig_cppl_inner.o ABSOLUTE
    ../clib/signal.c                         0x00000000   Number         0  defsig_pvfn_inner.o ABSOLUTE
    ../clib/signal.c                         0x00000000   Number         0  __raise.o ABSOLUTE
    ../clib/signal.c                         0x00000000   Number         0  defsig_stak_inner.o ABSOLUTE
    ../clib/signal.c                         0x00000000   Number         0  defsig_exit.o ABSOLUTE
    ../clib/signal.c                         0x00000000   Number         0  defsig_rtred_inner.o ABSOLUTE
    ../clib/signal.c                         0x00000000   Number         0  defsig_rtmem_formal.o ABSOLUTE
    ../clib/signal.c                         0x00000000   Number         0  defsig_other.o ABSOLUTE
    ../clib/signal.c                         0x00000000   Number         0  defsig_fpe_inner.o ABSOLUTE
    ../clib/signal.c                         0x00000000   Number         0  defsig_general.o ABSOLUTE
    ../clib/signal.c                         0x00000000   Number         0  defsig_rtmem_outer.o ABSOLUTE
    ../clib/signal.c                         0x00000000   Number         0  defsig_rtmem_inner.o ABSOLUTE
    ../clib/signal.s                         0x00000000   Number         0  defsig.o ABSOLUTE
    ../clib/stdlib.c                         0x00000000   Number         0  exit.o ABSOLUTE
    ../fplib/fpinit.s                        0x00000000   Number         0  fpinit.o ABSOLUTE
    ..\\main.c                               0x00000000   Number         0  main.o ABSOLUTE
    ..\\src\\adc14.c                         0x00000000   Number         0  adc14.o ABSOLUTE
    ..\\src\\aes256.c                        0x00000000   Number         0  aes256.o ABSOLUTE
    ..\\src\\comp_e.c                        0x00000000   Number         0  comp_e.o ABSOLUTE
    ..\\src\\cpu.c                           0x00000000   Number         0  cpu.o ABSOLUTE
    ..\\src\\crc32.c                         0x00000000   Number         0  crc32.o ABSOLUTE
    ..\\src\\cs.c                            0x00000000   Number         0  cs.o ABSOLUTE
    ..\\src\\dma.c                           0x00000000   Number         0  dma.o ABSOLUTE
    ..\\src\\flash.c                         0x00000000   Number         0  flash.o ABSOLUTE
    ..\\src\\flash_a.c                       0x00000000   Number         0  flash_a.o ABSOLUTE
    ..\\src\\fpu.c                           0x00000000   Number         0  fpu.o ABSOLUTE
    ..\\src\\gpio.c                          0x00000000   Number         0  gpio.o ABSOLUTE
    ..\\src\\i2c.c                           0x00000000   Number         0  i2c.o ABSOLUTE
    ..\\src\\interrupt.c                     0x00000000   Number         0  interrupt.o ABSOLUTE
    ..\\src\\lcd_f.c                         0x00000000   Number         0  lcd_f.o ABSOLUTE
    ..\\src\\mpu.c                           0x00000000   Number         0  mpu.o ABSOLUTE
    ..\\src\\pcm.c                           0x00000000   Number         0  pcm.o ABSOLUTE
    ..\\src\\pmap.c                          0x00000000   Number         0  pmap.o ABSOLUTE
    ..\\src\\pss.c                           0x00000000   Number         0  pss.o ABSOLUTE
    ..\\src\\ref_a.c                         0x00000000   Number         0  ref_a.o ABSOLUTE
    ..\\src\\reset.c                         0x00000000   Number         0  reset.o ABSOLUTE
    ..\\src\\rtc_c.c                         0x00000000   Number         0  rtc_c.o ABSOLUTE
    ..\\src\\spi.c                           0x00000000   Number         0  spi.o ABSOLUTE
    ..\\src\\sysctl.c                        0x00000000   Number         0  sysctl.o ABSOLUTE
    ..\\src\\sysctl_a.c                      0x00000000   Number         0  sysctl_a.o ABSOLUTE
    ..\\src\\systick.c                       0x00000000   Number         0  systick.o ABSOLUTE
    ..\\src\\timer32.c                       0x00000000   Number         0  timer32.o ABSOLUTE
    ..\\src\\timer_a.c                       0x00000000   Number         0  timer_a.o ABSOLUTE
    ..\\src\\uart.c                          0x00000000   Number         0  uart.o ABSOLUTE
    ..\\src\\wdt_a.c                         0x00000000   Number         0  wdt_a.o ABSOLUTE
    ..\\system_msp432p401r.c                 0x00000000   Number         0  system_msp432p401r.o ABSOLUTE
    ..\main.c                                0x00000000   Number         0  main.o ABSOLUTE
    ..\src\adc14.c                           0x00000000   Number         0  adc14.o ABSOLUTE
    ..\src\aes256.c                          0x00000000   Number         0  aes256.o ABSOLUTE
    ..\src\comp_e.c                          0x00000000   Number         0  comp_e.o ABSOLUTE
    ..\src\cpu.c                             0x00000000   Number         0  cpu.o ABSOLUTE
    ..\src\crc32.c                           0x00000000   Number         0  crc32.o ABSOLUTE
    ..\src\cs.c                              0x00000000   Number         0  cs.o ABSOLUTE
    ..\src\dma.c                             0x00000000   Number         0  dma.o ABSOLUTE
    ..\src\flash.c                           0x00000000   Number         0  flash.o ABSOLUTE
    ..\src\flash_a.c                         0x00000000   Number         0  flash_a.o ABSOLUTE
    ..\src\fpu.c                             0x00000000   Number         0  fpu.o ABSOLUTE
    ..\src\gpio.c                            0x00000000   Number         0  gpio.o ABSOLUTE
    ..\src\i2c.c                             0x00000000   Number         0  i2c.o ABSOLUTE
    ..\src\interrupt.c                       0x00000000   Number         0  interrupt.o ABSOLUTE
    ..\src\lcd_f.c                           0x00000000   Number         0  lcd_f.o ABSOLUTE
    ..\src\mpu.c                             0x00000000   Number         0  mpu.o ABSOLUTE
    ..\src\pcm.c                             0x00000000   Number         0  pcm.o ABSOLUTE
    ..\src\pmap.c                            0x00000000   Number         0  pmap.o ABSOLUTE
    ..\src\pss.c                             0x00000000   Number         0  pss.o ABSOLUTE
    ..\src\ref_a.c                           0x00000000   Number         0  ref_a.o ABSOLUTE
    ..\src\reset.c                           0x00000000   Number         0  reset.o ABSOLUTE
    ..\src\rtc_c.c                           0x00000000   Number         0  rtc_c.o ABSOLUTE
    ..\src\spi.c                             0x00000000   Number         0  spi.o ABSOLUTE
    ..\src\sysctl.c                          0x00000000   Number         0  sysctl.o ABSOLUTE
    ..\src\sysctl_a.c                        0x00000000   Number         0  sysctl_a.o ABSOLUTE
    ..\src\systick.c                         0x00000000   Number         0  systick.o ABSOLUTE
    ..\src\timer32.c                         0x00000000   Number         0  timer32.o ABSOLUTE
    ..\src\timer_a.c                         0x00000000   Number         0  timer_a.o ABSOLUTE
    ..\src\uart.c                            0x00000000   Number         0  uart.o ABSOLUTE
    ..\src\wdt_a.c                           0x00000000   Number         0  wdt_a.o ABSOLUTE
    ..\system_msp432p401r.c                  0x00000000   Number         0  system_msp432p401r.o ABSOLUTE
    dc.s                                     0x00000000   Number         0  dc.o ABSOLUTE
    startup_msp432p401r_uvision.s            0x00000000   Number         0  startup_msp432p401r_uvision.o ABSOLUTE
    !!!main                                  0x00000144   Section        8  __main.o(!!!main)
    !!!scatter                               0x0000014c   Section       52  __scatter.o(!!!scatter)
    !!handler_zi                             0x00000180   Section       28  __scatter_zi.o(!!handler_zi)
    .ARM.Collect$$libinit$$00000000          0x0000019c   Section        2  libinit.o(.ARM.Collect$$libinit$$00000000)
    .ARM.Collect$$libinit$$00000001          0x0000019e   Section        4  libinit2.o(.ARM.Collect$$libinit$$00000001)
    .ARM.Collect$$libinit$$00000004          0x000001a2   Section        0  libinit2.o(.ARM.Collect$$libinit$$00000004)
    .ARM.Collect$$libinit$$0000000A          0x000001a2   Section        0  libinit2.o(.ARM.Collect$$libinit$$0000000A)
    .ARM.Collect$$libinit$$0000000C          0x000001a2   Section        0  libinit2.o(.ARM.Collect$$libinit$$0000000C)
    .ARM.Collect$$libinit$$0000000E          0x000001a2   Section        0  libinit2.o(.ARM.Collect$$libinit$$0000000E)
    .ARM.Collect$$libinit$$00000011          0x000001a2   Section        0  libinit2.o(.ARM.Collect$$libinit$$00000011)
    .ARM.Collect$$libinit$$00000013          0x000001a2   Section        0  libinit2.o(.ARM.Collect$$libinit$$00000013)
    .ARM.Collect$$libinit$$00000015          0x000001a2   Section        0  libinit2.o(.ARM.Collect$$libinit$$00000015)
    .ARM.Collect$$libinit$$00000017          0x000001a2   Section        0  libinit2.o(.ARM.Collect$$libinit$$00000017)
    .ARM.Collect$$libinit$$00000019          0x000001a2   Section        0  libinit2.o(.ARM.Collect$$libinit$$00000019)
    .ARM.Collect$$libinit$$0000001B          0x000001a2   Section        0  libinit2.o(.ARM.Collect$$libinit$$0000001B)
    .ARM.Collect$$libinit$$0000001D          0x000001a2   Section        0  libinit2.o(.ARM.Collect$$libinit$$0000001D)
    .ARM.Collect$$libinit$$0000001F          0x000001a2   Section        0  libinit2.o(.ARM.Collect$$libinit$$0000001F)
    .ARM.Collect$$libinit$$00000021          0x000001a2   Section        0  libinit2.o(.ARM.Collect$$libinit$$00000021)
    .ARM.Collect$$libinit$$00000023          0x000001a2   Section        0  libinit2.o(.ARM.Collect$$libinit$$00000023)
    .ARM.Collect$$libinit$$00000025          0x000001a2   Section        0  libinit2.o(.ARM.Collect$$libinit$$00000025)
    .ARM.Collect$$libinit$$0000002C          0x000001a2   Section        0  libinit2.o(.ARM.Collect$$libinit$$0000002C)
    .ARM.Collect$$libinit$$0000002E          0x000001a2   Section        0  libinit2.o(.ARM.Collect$$libinit$$0000002E)
    .ARM.Collect$$libinit$$00000030          0x000001a2   Section        0  libinit2.o(.ARM.Collect$$libinit$$00000030)
    .ARM.Collect$$libinit$$00000032          0x000001a2   Section        0  libinit2.o(.ARM.Collect$$libinit$$00000032)
    .ARM.Collect$$libinit$$00000033          0x000001a2   Section        2  libinit2.o(.ARM.Collect$$libinit$$00000033)
    .ARM.Collect$$libshutdown$$00000000      0x000001a4   Section        2  libshutdown.o(.ARM.Collect$$libshutdown$$00000000)
    .ARM.Collect$$libshutdown$$00000002      0x000001a6   Section        0  libshutdown2.o(.ARM.Collect$$libshutdown$$00000002)
    .ARM.Collect$$libshutdown$$00000004      0x000001a6   Section        0  libshutdown2.o(.ARM.Collect$$libshutdown$$00000004)
    .ARM.Collect$$libshutdown$$00000007      0x000001a6   Section        0  libshutdown2.o(.ARM.Collect$$libshutdown$$00000007)
    .ARM.Collect$$libshutdown$$0000000A      0x000001a6   Section        0  libshutdown2.o(.ARM.Collect$$libshutdown$$0000000A)
    .ARM.Collect$$libshutdown$$0000000C      0x000001a6   Section        0  libshutdown2.o(.ARM.Collect$$libshutdown$$0000000C)
    .ARM.Collect$$libshutdown$$0000000F      0x000001a6   Section        0  libshutdown2.o(.ARM.Collect$$libshutdown$$0000000F)
    .ARM.Collect$$libshutdown$$00000010      0x000001a6   Section        2  libshutdown2.o(.ARM.Collect$$libshutdown$$00000010)
    .ARM.Collect$$rtentry$$00000000          0x000001a8   Section        0  __rtentry.o(.ARM.Collect$$rtentry$$00000000)
    .ARM.Collect$$rtentry$$00000002          0x000001a8   Section        0  __rtentry2.o(.ARM.Collect$$rtentry$$00000002)
    .ARM.Collect$$rtentry$$00000004          0x000001a8   Section        6  __rtentry4.o(.ARM.Collect$$rtentry$$00000004)
    .ARM.Collect$$rtentry$$00000009          0x000001ae   Section        0  __rtentry2.o(.ARM.Collect$$rtentry$$00000009)
    .ARM.Collect$$rtentry$$0000000A          0x000001ae   Section        4  __rtentry2.o(.ARM.Collect$$rtentry$$0000000A)
    .ARM.Collect$$rtentry$$0000000C          0x000001b2   Section        0  __rtentry2.o(.ARM.Collect$$rtentry$$0000000C)
    .ARM.Collect$$rtentry$$0000000D          0x000001b2   Section        8  __rtentry2.o(.ARM.Collect$$rtentry$$0000000D)
    .ARM.Collect$$rtexit$$00000000           0x000001ba   Section        2  rtexit.o(.ARM.Collect$$rtexit$$00000000)
    .ARM.Collect$$rtexit$$00000002           0x000001bc   Section        0  rtexit2.o(.ARM.Collect$$rtexit$$00000002)
    .ARM.Collect$$rtexit$$00000003           0x000001bc   Section        4  rtexit2.o(.ARM.Collect$$rtexit$$00000003)
    .ARM.Collect$$rtexit$$00000004           0x000001c0   Section        6  rtexit2.o(.ARM.Collect$$rtexit$$00000004)
    .text                                    0x000001c8   Section       60  startup_msp432p401r_uvision.o(.text)
    $v0                                      0x000001c8   Number         0  startup_msp432p401r_uvision.o(.text)
    .text                                    0x00000204   Section        0  heapauxi.o(.text)
    .text                                    0x0000020a   Section       74  sys_stackheap_outer.o(.text)
    .text                                    0x00000254   Section        0  exit.o(.text)
    .text                                    0x00000268   Section        8  libspace.o(.text)
    .text                                    0x00000270   Section        0  sys_exit.o(.text)
    .text                                    0x0000027c   Section        2  use_no_semi.o(.text)
    .text                                    0x0000027e   Section        0  indicate_semi.o(.text)
    i.GPIO_setAsOutputPin                    0x00000280   Section        0  gpio.o(i.GPIO_setAsOutputPin)
    i.GPIO_toggleOutputOnPin                 0x000002a0   Section        0  gpio.o(i.GPIO_toggleOutputOnPin)
    i.SystemInit                             0x000002b4   Section        0  system_msp432p401r.o(i.SystemInit)
    i.WDT_A_holdTimer                        0x00000320   Section        0  wdt_a.o(i.WDT_A_holdTimer)
    i.main                                   0x00000338   Section        0  main.o(i.main)
    x$fpl$fpinit                             0x00000368   Section       10  fpinit.o(x$fpl$fpinit)
    $v0                                      0x00000368   Number         0  fpinit.o(x$fpl$fpinit)
    .constdata                               0x00000374   Section       76  gpio.o(.constdata)
    GPIO_PORT_TO_INT                         0x00000374   Data          28  gpio.o(.constdata)
    GPIO_PORT_TO_BASE                        0x00000390   Data          48  gpio.o(.constdata)
    .bss                                     0x20000000   Section       96  libspace.o(.bss)
    HEAP                                     0x20000060   Section        0  startup_msp432p401r_uvision.o(HEAP)
    STACK                                    0x20000060   Section      512  startup_msp432p401r_uvision.o(STACK)
    Heap_Mem                                 0x20000060   Data           0  startup_msp432p401r_uvision.o(HEAP)
    Stack_Mem                                0x20000060   Data         512  startup_msp432p401r_uvision.o(STACK)
    __initial_sp                             0x20000260   Data           0  startup_msp432p401r_uvision.o(STACK)

    Global Symbols

    Symbol Name                              Value     Ov Type        Size  Object(Section)

    BuildAttributes$$THM_ISAv4$E$P$D$K$B$S$7EM$VFPi3$EXTD16$VFPS$VFMA$PE$A:L22UL41UL21$X:L11$S22US41US21$IEEE1$IW$USESV6$~STKCKD$USESV7$~SHL$OSPACE$ROPI$EBA8$UX$STANDARDLIB$REQ8$PRES8$EABIv2 0x00000000   Number         0  anon$$obj.o ABSOLUTE
    __ARM_use_no_argv                        0x00000000   Number         0  main.o ABSOLUTE
    __Vectors                                0x00000000   Data           4  startup_msp432p401r_uvision.o(RESET)
    __ARM_exceptions_init                     - Undefined Weak Reference
    __alloca_initialize                       - Undefined Weak Reference
    __arm_preinit_                            - Undefined Weak Reference
    __cpp_initialize__aeabi_                  - Undefined Weak Reference
    __cxa_finalize                            - Undefined Weak Reference
    __rt_locale                               - Undefined Weak Reference
    __sigvec_lookup                           - Undefined Weak Reference
    _atexit_init                              - Undefined Weak Reference
    _call_atexit_fns                          - Undefined Weak Reference
    _clock_init                               - Undefined Weak Reference
    _fp_trap_init                             - Undefined Weak Reference
    _fp_trap_shutdown                         - Undefined Weak Reference
    _get_lc_collate                           - Undefined Weak Reference
    _get_lc_ctype                             - Undefined Weak Reference
    _get_lc_monetary                          - Undefined Weak Reference
    _get_lc_numeric                           - Undefined Weak Reference
    _get_lc_time                              - Undefined Weak Reference
    _getenv_init                              - Undefined Weak Reference
    _handle_redirection                       - Undefined Weak Reference
    _init_alloc                               - Undefined Weak Reference
    _init_user_alloc                          - Undefined Weak Reference
    _initio                                   - Undefined Weak Reference
    _rand_init                                - Undefined Weak Reference
    _signal_finish                            - Undefined Weak Reference
    _signal_init                              - Undefined Weak Reference
    _terminate_alloc                          - Undefined Weak Reference
    _terminate_user_alloc                     - Undefined Weak Reference
    _terminateio                              - Undefined Weak Reference
    __Vectors_End                            0x00000144   Data           0  startup_msp432p401r_uvision.o(RESET)
    __Vectors_Size                           0x00000144   Number         0  startup_msp432p401r_uvision.o ABSOLUTE
    __main                                   0x00000145   Thumb Code     8  __main.o(!!!main)
    __scatterload                            0x0000014d   Thumb Code     0  __scatter.o(!!!scatter)
    __scatterload_rt2                        0x0000014d   Thumb Code    44  __scatter.o(!!!scatter)
    __scatterload_rt2_thumb_only             0x0000014d   Thumb Code     0  __scatter.o(!!!scatter)
    __scatterload_null                       0x0000015b   Thumb Code     0  __scatter.o(!!!scatter)
    __scatterload_zeroinit                   0x00000181   Thumb Code    28  __scatter_zi.o(!!handler_zi)
    __rt_lib_init                            0x0000019d   Thumb Code     0  libinit.o(.ARM.Collect$$libinit$$00000000)
    __rt_lib_init_fp_1                       0x0000019f   Thumb Code     0  libinit2.o(.ARM.Collect$$libinit$$00000001)
    __rt_lib_init_alloca_1                   0x000001a3   Thumb Code     0  libinit2.o(.ARM.Collect$$libinit$$0000002E)
    __rt_lib_init_argv_1                     0x000001a3   Thumb Code     0  libinit2.o(.ARM.Collect$$libinit$$0000002C)
    __rt_lib_init_atexit_1                   0x000001a3   Thumb Code     0  libinit2.o(.ARM.Collect$$libinit$$0000001B)
    __rt_lib_init_clock_1                    0x000001a3   Thumb Code     0  libinit2.o(.ARM.Collect$$libinit$$00000021)
    __rt_lib_init_cpp_1                      0x000001a3   Thumb Code     0  libinit2.o(.ARM.Collect$$libinit$$00000032)
    __rt_lib_init_exceptions_1               0x000001a3   Thumb Code     0  libinit2.o(.ARM.Collect$$libinit$$00000030)
    __rt_lib_init_fp_trap_1                  0x000001a3   Thumb Code     0  libinit2.o(.ARM.Collect$$libinit$$0000001F)
    __rt_lib_init_getenv_1                   0x000001a3   Thumb Code     0  libinit2.o(.ARM.Collect$$libinit$$00000023)
    __rt_lib_init_heap_1                     0x000001a3   Thumb Code     0  libinit2.o(.ARM.Collect$$libinit$$0000000A)
    __rt_lib_init_lc_collate_1               0x000001a3   Thumb Code     0  libinit2.o(.ARM.Collect$$libinit$$00000011)
    __rt_lib_init_lc_ctype_1                 0x000001a3   Thumb Code     0  libinit2.o(.ARM.Collect$$libinit$$00000013)
    __rt_lib_init_lc_monetary_1              0x000001a3   Thumb Code     0  libinit2.o(.ARM.Collect$$libinit$$00000015)
    __rt_lib_init_lc_numeric_1               0x000001a3   Thumb Code     0  libinit2.o(.ARM.Collect$$libinit$$00000017)
    __rt_lib_init_lc_time_1                  0x000001a3   Thumb Code     0  libinit2.o(.ARM.Collect$$libinit$$00000019)
    __rt_lib_init_preinit_1                  0x000001a3   Thumb Code     0  libinit2.o(.ARM.Collect$$libinit$$00000004)
    __rt_lib_init_rand_1                     0x000001a3   Thumb Code     0  libinit2.o(.ARM.Collect$$libinit$$0000000E)
    __rt_lib_init_return                     0x000001a3   Thumb Code     0  libinit2.o(.ARM.Collect$$libinit$$00000033)
    __rt_lib_init_signal_1                   0x000001a3   Thumb Code     0  libinit2.o(.ARM.Collect$$libinit$$0000001D)
    __rt_lib_init_stdio_1                    0x000001a3   Thumb Code     0  libinit2.o(.ARM.Collect$$libinit$$00000025)
    __rt_lib_init_user_alloc_1               0x000001a3   Thumb Code     0  libinit2.o(.ARM.Collect$$libinit$$0000000C)
    __rt_lib_shutdown                        0x000001a5   Thumb Code     0  libshutdown.o(.ARM.Collect$$libshutdown$$00000000)
    __rt_lib_shutdown_cpp_1                  0x000001a7   Thumb Code     0  libshutdown2.o(.ARM.Collect$$libshutdown$$00000002)
    __rt_lib_shutdown_fp_trap_1              0x000001a7   Thumb Code     0  libshutdown2.o(.ARM.Collect$$libshutdown$$00000007)
    __rt_lib_shutdown_heap_1                 0x000001a7   Thumb Code     0  libshutdown2.o(.ARM.Collect$$libshutdown$$0000000F)
    __rt_lib_shutdown_return                 0x000001a7   Thumb Code     0  libshutdown2.o(.ARM.Collect$$libshutdown$$00000010)
    __rt_lib_shutdown_signal_1               0x000001a7   Thumb Code     0  libshutdown2.o(.ARM.Collect$$libshutdown$$0000000A)
    __rt_lib_shutdown_stdio_1                0x000001a7   Thumb Code     0  libshutdown2.o(.ARM.Collect$$libshutdown$$00000004)
    __rt_lib_shutdown_user_alloc_1           0x000001a7   Thumb Code     0  libshutdown2.o(.ARM.Collect$$libshutdown$$0000000C)
    __rt_entry                               0x000001a9   Thumb Code     0  __rtentry.o(.ARM.Collect$$rtentry$$00000000)
    __rt_entry_presh_1                       0x000001a9   Thumb Code     0  __rtentry2.o(.ARM.Collect$$rtentry$$00000002)
    __rt_entry_sh                            0x000001a9   Thumb Code     0  __rtentry4.o(.ARM.Collect$$rtentry$$00000004)
    __rt_entry_li                            0x000001af   Thumb Code     0  __rtentry2.o(.ARM.Collect$$rtentry$$0000000A)
    __rt_entry_postsh_1                      0x000001af   Thumb Code     0  __rtentry2.o(.ARM.Collect$$rtentry$$00000009)
    __rt_entry_main                          0x000001b3   Thumb Code     0  __rtentry2.o(.ARM.Collect$$rtentry$$0000000D)
    __rt_entry_postli_1                      0x000001b3   Thumb Code     0  __rtentry2.o(.ARM.Collect$$rtentry$$0000000C)
    __rt_exit                                0x000001bb   Thumb Code     0  rtexit.o(.ARM.Collect$$rtexit$$00000000)
    __rt_exit_ls                             0x000001bd   Thumb Code     0  rtexit2.o(.ARM.Collect$$rtexit$$00000003)
    __rt_exit_prels_1                        0x000001bd   Thumb Code     0  rtexit2.o(.ARM.Collect$$rtexit$$00000002)
    __rt_exit_exit                           0x000001c1   Thumb Code     0  rtexit2.o(.ARM.Collect$$rtexit$$00000004)
    Reset_Handler                            0x000001c9   Thumb Code     8  startup_msp432p401r_uvision.o(.text)
    NMI_Handler                              0x000001d1   Thumb Code     2  startup_msp432p401r_uvision.o(.text)
    HardFault_Handler                        0x000001d3   Thumb Code     2  startup_msp432p401r_uvision.o(.text)
    MemManage_Handler                        0x000001d5   Thumb Code     2  startup_msp432p401r_uvision.o(.text)
    BusFault_Handler                         0x000001d7   Thumb Code     2  startup_msp432p401r_uvision.o(.text)
    UsageFault_Handler                       0x000001d9   Thumb Code     2  startup_msp432p401r_uvision.o(.text)
    SVC_Handler                              0x000001db   Thumb Code     2  startup_msp432p401r_uvision.o(.text)
    DebugMon_Handler                         0x000001dd   Thumb Code     2  startup_msp432p401r_uvision.o(.text)
    PendSV_Handler                           0x000001df   Thumb Code     2  startup_msp432p401r_uvision.o(.text)
    SysTick_Handler                          0x000001e1   Thumb Code     2  startup_msp432p401r_uvision.o(.text)
    ADC14_IRQHandler                         0x000001e3   Thumb Code     0  startup_msp432p401r_uvision.o(.text)
    AES256_IRQHandler                        0x000001e3   Thumb Code     0  startup_msp432p401r_uvision.o(.text)
    COMP_E0_IRQHandler                       0x000001e3   Thumb Code     0  startup_msp432p401r_uvision.o(.text)
    COMP_E1_IRQHandler                       0x000001e3   Thumb Code     0  startup_msp432p401r_uvision.o(.text)
    CS_IRQHandler                            0x000001e3   Thumb Code     0  startup_msp432p401r_uvision.o(.text)
    DMA_ERR_IRQHandler                       0x000001e3   Thumb Code     0  startup_msp432p401r_uvision.o(.text)
    DMA_INT0_IRQHandler                      0x000001e3   Thumb Code     0  startup_msp432p401r_uvision.o(.text)
    DMA_INT1_IRQHandler                      0x000001e3   Thumb Code     0  startup_msp432p401r_uvision.o(.text)
    DMA_INT2_IRQHandler                      0x000001e3   Thumb Code     0  startup_msp432p401r_uvision.o(.text)
    DMA_INT3_IRQHandler                      0x000001e3   Thumb Code     0  startup_msp432p401r_uvision.o(.text)
    EUSCIA0_IRQHandler                       0x000001e3   Thumb Code     0  startup_msp432p401r_uvision.o(.text)
    EUSCIA1_IRQHandler                       0x000001e3   Thumb Code     0  startup_msp432p401r_uvision.o(.text)
    EUSCIA2_IRQHandler                       0x000001e3   Thumb Code     0  startup_msp432p401r_uvision.o(.text)
    EUSCIA3_IRQHandler                       0x000001e3   Thumb Code     0  startup_msp432p401r_uvision.o(.text)
    EUSCIB0_IRQHandler                       0x000001e3   Thumb Code     0  startup_msp432p401r_uvision.o(.text)
    EUSCIB1_IRQHandler                       0x000001e3   Thumb Code     0  startup_msp432p401r_uvision.o(.text)
    EUSCIB2_IRQHandler                       0x000001e3   Thumb Code     0  startup_msp432p401r_uvision.o(.text)
    EUSCIB3_IRQHandler                       0x000001e3   Thumb Code     0  startup_msp432p401r_uvision.o(.text)
    FLCTL_IRQHandler                         0x000001e3   Thumb Code     0  startup_msp432p401r_uvision.o(.text)
    FPU_IRQHandler                           0x000001e3   Thumb Code     0  startup_msp432p401r_uvision.o(.text)
    PCM_IRQHandler                           0x000001e3   Thumb Code     0  startup_msp432p401r_uvision.o(.text)
    PORT1_IRQHandler                         0x000001e3   Thumb Code     0  startup_msp432p401r_uvision.o(.text)
    PORT2_IRQHandler                         0x000001e3   Thumb Code     0  startup_msp432p401r_uvision.o(.text)
    PORT3_IRQHandler                         0x000001e3   Thumb Code     0  startup_msp432p401r_uvision.o(.text)
    PORT4_IRQHandler                         0x000001e3   Thumb Code     0  startup_msp432p401r_uvision.o(.text)
    PORT5_IRQHandler                         0x000001e3   Thumb Code     0  startup_msp432p401r_uvision.o(.text)
    PORT6_IRQHandler                         0x000001e3   Thumb Code     0  startup_msp432p401r_uvision.o(.text)
    PSS_IRQHandler                           0x000001e3   Thumb Code     0  startup_msp432p401r_uvision.o(.text)
    RTC_C_IRQHandler                         0x000001e3   Thumb Code     0  startup_msp432p401r_uvision.o(.text)
    T32_INT1_IRQHandler                      0x000001e3   Thumb Code     0  startup_msp432p401r_uvision.o(.text)
    T32_INT2_IRQHandler                      0x000001e3   Thumb Code     0  startup_msp432p401r_uvision.o(.text)
    T32_INTC_IRQHandler                      0x000001e3   Thumb Code     0  startup_msp432p401r_uvision.o(.text)
    TA0_0_IRQHandler                         0x000001e3   Thumb Code     0  startup_msp432p401r_uvision.o(.text)
    TA0_N_IRQHandler                         0x000001e3   Thumb Code     0  startup_msp432p401r_uvision.o(.text)
    TA1_0_IRQHandler                         0x000001e3   Thumb Code     0  startup_msp432p401r_uvision.o(.text)
    TA1_N_IRQHandler                         0x000001e3   Thumb Code     0  startup_msp432p401r_uvision.o(.text)
    TA2_0_IRQHandler                         0x000001e3   Thumb Code     0  startup_msp432p401r_uvision.o(.text)
    TA2_N_IRQHandler                         0x000001e3   Thumb Code     0  startup_msp432p401r_uvision.o(.text)
    TA3_0_IRQHandler                         0x000001e3   Thumb Code     0  startup_msp432p401r_uvision.o(.text)
    TA3_N_IRQHandler                         0x000001e3   Thumb Code     0  startup_msp432p401r_uvision.o(.text)
    WDT_A_IRQHandler                         0x000001e3   Thumb Code     0  startup_msp432p401r_uvision.o(.text)
    __user_initial_stackheap                 0x000001e5   Thumb Code    10  startup_msp432p401r_uvision.o(.text)
    __use_two_region_memory                  0x00000205   Thumb Code     2  heapauxi.o(.text)
    __rt_heap_escrow$2region                 0x00000207   Thumb Code     2  heapauxi.o(.text)
    __rt_heap_expand$2region                 0x00000209   Thumb Code     2  heapauxi.o(.text)
    __user_setup_stackheap                   0x0000020b   Thumb Code    74  sys_stackheap_outer.o(.text)
    exit                                     0x00000255   Thumb Code    18  exit.o(.text)
    __user_libspace                          0x00000269   Thumb Code     8  libspace.o(.text)
    __user_perproc_libspace                  0x00000269   Thumb Code     0  libspace.o(.text)
    __user_perthread_libspace                0x00000269   Thumb Code     0  libspace.o(.text)
    _sys_exit                                0x00000271   Thumb Code     8  sys_exit.o(.text)
    __I$use$semihosting                      0x0000027d   Thumb Code     0  use_no_semi.o(.text)
    __use_no_semihosting_swi                 0x0000027d   Thumb Code     2  use_no_semi.o(.text)
    __semihosting_library_function           0x0000027f   Thumb Code     0  indicate_semi.o(.text)
    GPIO_setAsOutputPin                      0x00000281   Thumb Code    28  gpio.o(i.GPIO_setAsOutputPin)
    GPIO_toggleOutputOnPin                   0x000002a1   Thumb Code    14  gpio.o(i.GPIO_toggleOutputOnPin)
    SystemInit                               0x000002b5   Thumb Code    86  system_msp432p401r.o(i.SystemInit)
    WDT_A_holdTimer                          0x00000321   Thumb Code    20  wdt_a.o(i.WDT_A_holdTimer)
    main                                     0x00000339   Thumb Code    44  main.o(i.main)
    _fp_init                                 0x00000369   Thumb Code    10  fpinit.o(x$fpl$fpinit)
    __fplib_config_fpu_vfp                   0x00000371   Thumb Code     0  fpinit.o(x$fpl$fpinit)
    __fplib_config_pureend_doubles           0x00000371   Thumb Code     0  fpinit.o(x$fpl$fpinit)
    Region$$Table$$Base                      0x000003c0   Number         0  anon$$obj.o(Region$$Table)
    Region$$Table$$Limit                     0x000003d0   Number         0  anon$$obj.o(Region$$Table)
    __libspace_start                         0x20000000   Data          96  libspace.o(.bss)
    __temporary_stack_top$libspace           0x20000060   Data           0  libspace.o(.bss)



==============================================================================

Memory Map of the image

  Image Entry point : 0x00000145

  Load Region LR_IROM1 (Base: 0x00000000, Size: 0x000003d0, Max: 0x00040000, ABSOLUTE)

    Execution Region ER_IROM1 (Exec base: 0x00000000, Load base: 0x00000000, Size: 0x000003d0, Max: 0x00040000, ABSOLUTE)

    Exec Addr    Load Addr    Size         Type   Attr      Idx    E Section Name        Object

    0x00000000   0x00000000   0x00000144   Data   RO          194    RESET               startup_msp432p401r_uvision.o
    0x00000144   0x00000144   0x00000008   Code   RO         3951  * !!!main             c_w.l(__main.o)
    0x0000014c   0x0000014c   0x00000034   Code   RO         4108    !!!scatter          c_w.l(__scatter.o)
    0x00000180   0x00000180   0x0000001c   Code   RO         4110    !!handler_zi        c_w.l(__scatter_zi.o)
    0x0000019c   0x0000019c   0x00000002   Code   RO         3978    .ARM.Collect$$libinit$$00000000  c_w.l(libinit.o)
    0x0000019e   0x0000019e   0x00000004   Code   RO         3984    .ARM.Collect$$libinit$$00000001  c_w.l(libinit2.o)
    0x000001a2   0x000001a2   0x00000000   Code   RO         3987    .ARM.Collect$$libinit$$00000004  c_w.l(libinit2.o)
    0x000001a2   0x000001a2   0x00000000   Code   RO         3990    .ARM.Collect$$libinit$$0000000A  c_w.l(libinit2.o)
    0x000001a2   0x000001a2   0x00000000   Code   RO         3992    .ARM.Collect$$libinit$$0000000C  c_w.l(libinit2.o)
    0x000001a2   0x000001a2   0x00000000   Code   RO         3994    .ARM.Collect$$libinit$$0000000E  c_w.l(libinit2.o)
    0x000001a2   0x000001a2   0x00000000   Code   RO         3997    .ARM.Collect$$libinit$$00000011  c_w.l(libinit2.o)
    0x000001a2   0x000001a2   0x00000000   Code   RO         3999    .ARM.Collect$$libinit$$00000013  c_w.l(libinit2.o)
    0x000001a2   0x000001a2   0x00000000   Code   RO         4001    .ARM.Collect$$libinit$$00000015  c_w.l(libinit2.o)
    0x000001a2   0x000001a2   0x00000000   Code   RO         4003    .ARM.Collect$$libinit$$00000017  c_w.l(libinit2.o)
    0x000001a2   0x000001a2   0x00000000   Code   RO         4005    .ARM.Collect$$libinit$$00000019  c_w.l(libinit2.o)
    0x000001a2   0x000001a2   0x00000000   Code   RO         4007    .ARM.Collect$$libinit$$0000001B  c_w.l(libinit2.o)
    0x000001a2   0x000001a2   0x00000000   Code   RO         4009    .ARM.Collect$$libinit$$0000001D  c_w.l(libinit2.o)
    0x000001a2   0x000001a2   0x00000000   Code   RO         4011    .ARM.Collect$$libinit$$0000001F  c_w.l(libinit2.o)
    0x000001a2   0x000001a2   0x00000000   Code   RO         4013    .ARM.Collect$$libinit$$00000021  c_w.l(libinit2.o)
    0x000001a2   0x000001a2   0x00000000   Code   RO         4015    .ARM.Collect$$libinit$$00000023  c_w.l(libinit2.o)
    0x000001a2   0x000001a2   0x00000000   Code   RO         4017    .ARM.Collect$$libinit$$00000025  c_w.l(libinit2.o)
    0x000001a2   0x000001a2   0x00000000   Code   RO         4021    .ARM.Collect$$libinit$$0000002C  c_w.l(libinit2.o)
    0x000001a2   0x000001a2   0x00000000   Code   RO         4023    .ARM.Collect$$libinit$$0000002E  c_w.l(libinit2.o)
    0x000001a2   0x000001a2   0x00000000   Code   RO         4025    .ARM.Collect$$libinit$$00000030  c_w.l(libinit2.o)
    0x000001a2   0x000001a2   0x00000000   Code   RO         4027    .ARM.Collect$$libinit$$00000032  c_w.l(libinit2.o)
    0x000001a2   0x000001a2   0x00000002   Code   RO         4028    .ARM.Collect$$libinit$$00000033  c_w.l(libinit2.o)
    0x000001a4   0x000001a4   0x00000002   Code   RO         4048    .ARM.Collect$$libshutdown$$00000000  c_w.l(libshutdown.o)
    0x000001a6   0x000001a6   0x00000000   Code   RO         4061    .ARM.Collect$$libshutdown$$00000002  c_w.l(libshutdown2.o)
    0x000001a6   0x000001a6   0x00000000   Code   RO         4063    .ARM.Collect$$libshutdown$$00000004  c_w.l(libshutdown2.o)
    0x000001a6   0x000001a6   0x00000000   Code   RO         4066    .ARM.Collect$$libshutdown$$00000007  c_w.l(libshutdown2.o)
    0x000001a6   0x000001a6   0x00000000   Code   RO         4069    .ARM.Collect$$libshutdown$$0000000A  c_w.l(libshutdown2.o)
    0x000001a6   0x000001a6   0x00000000   Code   RO         4071    .ARM.Collect$$libshutdown$$0000000C  c_w.l(libshutdown2.o)
    0x000001a6   0x000001a6   0x00000000   Code   RO         4074    .ARM.Collect$$libshutdown$$0000000F  c_w.l(libshutdown2.o)
    0x000001a6   0x000001a6   0x00000002   Code   RO         4075    .ARM.Collect$$libshutdown$$00000010  c_w.l(libshutdown2.o)
    0x000001a8   0x000001a8   0x00000000   Code   RO         3953    .ARM.Collect$$rtentry$$00000000  c_w.l(__rtentry.o)
    0x000001a8   0x000001a8   0x00000000   Code   RO         3955    .ARM.Collect$$rtentry$$00000002  c_w.l(__rtentry2.o)
    0x000001a8   0x000001a8   0x00000006   Code   RO         3967    .ARM.Collect$$rtentry$$00000004  c_w.l(__rtentry4.o)
    0x000001ae   0x000001ae   0x00000000   Code   RO         3957    .ARM.Collect$$rtentry$$00000009  c_w.l(__rtentry2.o)
    0x000001ae   0x000001ae   0x00000004   Code   RO         3958    .ARM.Collect$$rtentry$$0000000A  c_w.l(__rtentry2.o)
    0x000001b2   0x000001b2   0x00000000   Code   RO         3960    .ARM.Collect$$rtentry$$0000000C  c_w.l(__rtentry2.o)
    0x000001b2   0x000001b2   0x00000008   Code   RO         3961    .ARM.Collect$$rtentry$$0000000D  c_w.l(__rtentry2.o)
    0x000001ba   0x000001ba   0x00000002   Code   RO         3982    .ARM.Collect$$rtexit$$00000000  c_w.l(rtexit.o)
    0x000001bc   0x000001bc   0x00000000   Code   RO         4030    .ARM.Collect$$rtexit$$00000002  c_w.l(rtexit2.o)
    0x000001bc   0x000001bc   0x00000004   Code   RO         4031    .ARM.Collect$$rtexit$$00000003  c_w.l(rtexit2.o)
    0x000001c0   0x000001c0   0x00000006   Code   RO         4032    .ARM.Collect$$rtexit$$00000004  c_w.l(rtexit2.o)
    0x000001c6   0x000001c6   0x00000002   PAD
    0x000001c8   0x000001c8   0x0000003c   Code   RO          195    .text               startup_msp432p401r_uvision.o
    0x00000204   0x00000204   0x00000006   Code   RO         3949    .text               c_w.l(heapauxi.o)
    0x0000020a   0x0000020a   0x0000004a   Code   RO         3969    .text               c_w.l(sys_stackheap_outer.o)
    0x00000254   0x00000254   0x00000012   Code   RO         3971    .text               c_w.l(exit.o)
    0x00000266   0x00000266   0x00000002   PAD
    0x00000268   0x00000268   0x00000008   Code   RO         3979    .text               c_w.l(libspace.o)
    0x00000270   0x00000270   0x0000000c   Code   RO         4040    .text               c_w.l(sys_exit.o)
    0x0000027c   0x0000027c   0x00000002   Code   RO         4051    .text               c_w.l(use_no_semi.o)
    0x0000027e   0x0000027e   0x00000000   Code   RO         4053    .text               c_w.l(indicate_semi.o)
    0x0000027e   0x0000027e   0x00000002   PAD
    0x00000280   0x00000280   0x00000020   Code   RO          808    i.GPIO_setAsOutputPin  gpio.o
    0x000002a0   0x000002a0   0x00000014   Code   RO          815    i.GPIO_toggleOutputOnPin  gpio.o
    0x000002b4   0x000002b4   0x0000006c   Code   RO          160    i.SystemInit        system_msp432p401r.o
    0x00000320   0x00000320   0x00000018   Code   RO          726    i.WDT_A_holdTimer   wdt_a.o
    0x00000338   0x00000338   0x00000030   Code   RO            4    i.main              main.o
    0x00000368   0x00000368   0x0000000a   Code   RO         4038    x$fpl$fpinit        fz_wm.l(fpinit.o)
    0x00000372   0x00000372   0x00000002   PAD
    0x00000374   0x00000374   0x0000004c   Data   RO          817    .constdata          gpio.o
    0x000003c0   0x000003c0   0x00000010   Data   RO         4106    Region$$Table       anon$$obj.o


    Execution Region RW_IRAM1 (Exec base: 0x20000000, Load base: 0x000003d0, Size: 0x00000260, Max: 0x00010000, ABSOLUTE)

    Exec Addr    Load Addr    Size         Type   Attr      Idx    E Section Name        Object

    0x20000000        -       0x00000060   Zero   RW         3980    .bss                c_w.l(libspace.o)
    0x20000060        -       0x00000000   Zero   RW          193    HEAP                startup_msp432p401r_uvision.o
    0x20000060        -       0x00000200   Zero   RW          192    STACK               startup_msp432p401r_uvision.o


==============================================================================

Image component sizes


      Code (inc. data)   RO Data    RW Data    ZI Data      Debug   Object Name

        52         10         76          0          0       1919   gpio.o
        48          4          0          0          0       5387   main.o
        60         22        324          0        512        924   startup_msp432p401r_uvision.o
       108         22          0          0          0        545   system_msp432p401r.o
        24          4          0          0          0        526   wdt_a.o

    ----------------------------------------------------------------------
       292         62        416          0        512       9301   Object Totals
         0          0         16          0          0          0   (incl. Generated)
         0          0          0          0          0          0   (incl. Padding)

    ----------------------------------------------------------------------

      Code (inc. data)   RO Data    RW Data    ZI Data      Debug   Library Member Name

         8          0          0          0          0         68   __main.o
         0          0          0          0          0          0   __rtentry.o
        12          0          0          0          0          0   __rtentry2.o
         6          0          0          0          0          0   __rtentry4.o
        52          8          0          0          0          0   __scatter.o
        28          0          0          0          0          0   __scatter_zi.o
        18          0          0          0          0         80   exit.o
         6          0          0          0          0        152   heapauxi.o
         0          0          0          0          0          0   indicate_semi.o
         2          0          0          0          0          0   libinit.o
         6          0          0          0          0          0   libinit2.o
         2          0          0          0          0          0   libshutdown.o
         2          0          0          0          0          0   libshutdown2.o
         8          4          0          0         96         68   libspace.o
         2          0          0          0          0          0   rtexit.o
        10          0          0          0          0          0   rtexit2.o
        12          4          0          0          0         68   sys_exit.o
        74          0          0          0          0         80   sys_stackheap_outer.o
         2          0          0          0          0         68   use_no_semi.o
        10          0          0          0          0        116   fpinit.o

    ----------------------------------------------------------------------
       268         16          0          0         96        700   Library Totals
         8          0          0          0          0          0   (incl. Padding)

    ----------------------------------------------------------------------

      Code (inc. data)   RO Data    RW Data    ZI Data      Debug   Library Name

       250         16          0          0         96        584   c_w.l
        10          0          0          0          0        116   fz_wm.l

    ----------------------------------------------------------------------
       268         16          0          0         96        700   Library Totals

    ----------------------------------------------------------------------

==============================================================================


      Code (inc. data)   RO Data    RW Data    ZI Data      Debug   

       560         78        416          0        608       9677   Grand Totals
       560         78        416          0        608       9677   ELF Image Totals
       560         78        416          0          0          0   ROM Totals

==============================================================================

    Total RO  Size (Code + RO Data)                  976 (   0.95kB)
    Total RW  Size (RW Data + ZI Data)               608 (   0.59kB)
    Total ROM Size (Code + RO Data + RW Data)        976 (   0.95kB)

==============================================================================

