<html>
<body>
<pre>
<h1>礦ision Build Log</h1>
<h2>Tool Versions:</h2>
IDE-Version: μVision V5.27.1.0
Copyright (C) 2019 ARM Ltd and ARM Germany GmbH. All rights reserved.
License Information: xiaoqi lxq, www, LIC=GMZI6-DNZLG-9UY4U-S7WGV-3GT9P-G97ZR
 
Tool Versions:
Toolchain:       MDK-ARM Plus  Version: 5.18
Toolchain Path:  D:\Keil\ARM\ARMCC\Bin
C Compiler:      Armcc.exe V5.06 update 1 (build 61)
Assembler:       Armasm.exe V5.06 update 1 (build 61)
Linker/Locator:  ArmLink.exe V5.06 update 1 (build 61)
Library Manager: ArmAr.exe V5.06 update 1 (build 61)
Hex Converter:   FromElf.exe V5.06 update 1 (build 61)
CPU DLL:         SARMCM3.DLL V5.18
Dialog DLL:      DCM.DLL V1.13.6.0
Target DLL:      UL2CM3.DLL V1.157.5.0
Dialog DLL:      TCM.DLL V1.14.8.0
 
<h2>Project:</h2>
C:\Users\lxq\Desktop\2023WinterVacation\2021国赛F题小车\3Software\msp432_Newproject\msp432_Newproject.uvprojx
Project File Date:  12/22/2022

<h2>Output:</h2>
*** Using Compiler 'V5.06 update 1 (build 61)', folder: 'D:\Keil\ARM\ARMCC\Bin'
Build target 'Target 1'
assembling startup_msp432p401r_uvision.s...
compiling crc32.c...
compiling system_msp432p401r.c...
compiling comp_e.c...
compiling aes256.c...
compiling adc14.c...
compiling cs.c...
compiling main.c...
compiling flash_a.c...
compiling fpu.c...
compiling dma.c...
compiling gpio.c...
src\gpio.c(52): warning:  #1296-D: extended constant initialiser used
      (uint32_t)
src\gpio.c(53): warning:  #1296-D: extended constant initialiser used
      (uint32_t)
src\gpio.c(54): warning:  #1296-D: extended constant initialiser used
      (uint32_t)
src\gpio.c(55): warning:  #1296-D: extended constant initialiser used
      (uint32_t)
src\gpio.c(56): warning:  #1296-D: extended constant initialiser used
      (uint32_t)
src\gpio.c(57): warning:  #1296-D: extended constant initialiser used
      (uint32_t)
src\gpio.c(58): warning:  #1296-D: extended constant initialiser used
      (uint32_t)
src\gpio.c(59): warning:  #1296-D: extended constant initialiser used
      (uint32_t)
src\gpio.c(60): warning:  #1296-D: extended constant initialiser used
      (uint32_t)
src\gpio.c(61): warning:  #1296-D: extended constant initialiser used
      (uint32_t)
src\gpio.c(62): warning:  #1296-D: extended constant initialiser used
      (uint32_t)PJ
src\gpio.c: 11 warnings, 0 errors
compiling flash.c...
compiling i2c.c...
compiling interrupt.c...
compiling lcd_f.c...
compiling mpu.c...
compiling pmap.c...
compiling ref_a.c...
compiling pcm.c...
compiling pss.c...
compiling reset.c...
compiling systick.c...
compiling timer_a.c...
compiling sysctl_a.c...
compiling rtc_c.c...
compiling sysctl.c...
compiling spi.c...
compiling timer32.c...
compiling wdt_a.c...
compiling uart.c...
linking...
Program Size: Code=536 RO-data=416 RW-data=0 ZI-data=608  
".\Objects\msp432_Newproject.axf" - 0 Error(s), 11 Warning(s).

<h2>Software Packages used:</h2>

Package Vendor: TexasInstruments
                http://software-dl.ti.com/msp430/msp430_public_sw/mcu/msp430/msp432cmsis/latest/exports/TexasInstruments.MSP432P4xx_DFP.3.2.6.pack
                TexasInstruments.MSP432P4xx_DFP.3.2.6
                Device Family Pack for Texas Instruments SimpleLink(TM) MSP432 Series

<h2>Collection of Component include folders:</h2>
  .\RTE\_Target_1
  D:\Keil\ARM\PACK\TexasInstruments\MSP432P4xx_DFP\3.2.6\Device\Include

<h2>Collection of Component Files used:</h2>
Build Time Elapsed:  00:00:04
</pre>
</body>
</html>
