<html>
<body>
<pre>
<h1>礦ision Build Log</h1>
<h2>Tool Versions:</h2>
IDE-Version: μVision V5.38.0.0
Copyright (C) 2022 ARM Ltd and ARM Germany GmbH. All rights reserved.
License Information: liang xiaoqi, guilin, LIC=21E4T-RQTIX-FWL2N-YZBBR-9QM6Y-S50VA
 
Tool Versions:
Toolchain:       MDK-ARM Plus  Version: 5.38.0.0
Toolchain Path:  D:\KeilMDKArm\ARM\ARMCC\Bin
C Compiler:      Armcc.exe V5.06 update 7 (build 960)
Assembler:       Armasm.exe V5.06 update 7 (build 960)
Linker/Locator:  ArmLink.exe V5.06 update 7 (build 960)
Library Manager: ArmAr.exe V5.06 update 7 (build 960)
Hex Converter:   FromElf.exe V5.06 update 7 (build 960)
CPU DLL:         SARMCM3.DLL V5.38.0.0
Dialog DLL:      DCM.DLL V1.17.5.0
Target DLL:      CMSIS_AGDI.dll V1.33.15.0
Dialog DLL:      TCM.DLL V1.56.4.0
 
<h2>Project:</h2>
C:\Users\lxq\OneDrive\2023WinterVacation\2021国赛F题小车\3Software\msp432\Project\msp_432_Car.uvprojx
Project File Date:  02/21/2023

<h2>Output:</h2>
*** Using Compiler 'V5.06 update 7 (build 960)', folder: 'D:\KeilMDKArm\ARM\ARMCC\Bin'
Rebuild target 'Target 1'
compiling usart.c...
compiling bsp_motor.c...
..\Hardware\motor\bsp_motor.c(248): warning:  #1-D: last line of file ends without a newline
  }
..\Hardware\motor\bsp_motor.c: 1 warning, 0 errors
compiling led.c...
compiling tim32.c...
compiling oled.c...
compiling bsp_Servo.c...
..\Hardware\servo\bsp_Servo.c(66): warning:  #1-D: last line of file ends without a newline
  }
..\Hardware\servo\bsp_Servo.c: 1 warning, 0 errors
compiling Reflectance.c...
compiling timA.c...
compiling key.c...
compiling bsp_encoder.c...
compiling myconfig.c...
..\Users\myconfig.c(123): warning:  #1035-D: single-precision operand implicitly converted to double-precision
  		if((Encoder.Distance[2] >= (Flag.Target_Distance_Left-0.1 )&&(Encoder.Distance[2] <= (Flag.Target_Distance_Left+0.1 )))||(Encoder.Distance[3] >= (Flag.Target_Distance_Right-0.1 )&&Encoder.Distance[3] >= (Flag.Target_Distance_Right+0.1 )))
..\Users\myconfig.c(123): warning:  #1035-D: single-precision operand implicitly converted to double-precision
  		if((Encoder.Distance[2] >= (Flag.Target_Distance_Left-0.1 )&&(Encoder.Distance[2] <= (Flag.Target_Distance_Left+0.1 )))||(Encoder.Distance[3] >= (Flag.Target_Distance_Right-0.1 )&&Encoder.Distance[3] >= (Flag.Target_Distance_Right+0.1 )))
..\Users\myconfig.c(123): warning:  #1035-D: single-precision operand implicitly converted to double-precision
  		if((Encoder.Distance[2] >= (Flag.Target_Distance_Left-0.1 )&&(Encoder.Distance[2] <= (Flag.Target_Distance_Left+0.1 )))||(Encoder.Distance[3] >= (Flag.Target_Distance_Right-0.1 )&&Encoder.Distance[3] >= (Flag.Target_Distance_Right+0.1 )))
..\Users\myconfig.c(123): warning:  #1035-D: single-precision operand implicitly converted to double-precision
  		if((Encoder.Distance[2] >= (Flag.Target_Distance_Left-0.1 )&&(Encoder.Distance[2] <= (Flag.Target_Distance_Left+0.1 )))||(Encoder.Distance[3] >= (Flag.Target_Distance_Right-0.1 )&&Encoder.Distance[3] >= (Flag.Target_Distance_Right+0.1 )))
..\Users\myconfig.c: 4 warnings, 0 errors
compiling main.c...
compiling bsp_xx.c...
assembling startup_msp432p401r_uvision.s...
compiling system_msp432p401r.c...
compiling delay.c...
..\Hardware\sys\delay.c(28): warning:  #550-D: variable "fac_us"  was set but never used
  static uint8_t fac_us = 0;	//us寤舵椂鍊嶄箻鏁?
..\Hardware\sys\delay.c: 1 warning, 0 errors
compiling k210.c...
compiling IIC.c...
compiling sysinit.c...
compiling bsp_MPU6050.c...
compiling bsp_pid.c...
compiling baudarte.c...
compiling Control.c...
compiling protocol.c...
compiling inv_mpu_dmp_motion_driver.c...
compiling inv_mpu.c...
..\Hardware\IIC\eMPL\inv_mpu.c(2949): warning:  #177-D: variable "temp"  was declared but never referenced
  	uint32_t temp;
..\Hardware\IIC\eMPL\inv_mpu.c: 1 warning, 0 errors
linking...
Program Size: Code=21794 RO-data=3390 RW-data=120 ZI-data=1320  
"..\Output\msp_432_Car.axf" - 0 Error(s), 8 Warning(s).

<h2>Software Packages used:</h2>

Package Vendor: ARM
                http://www.keil.com/pack/ARM.CMSIS.5.9.0.pack
                ARM.CMSIS.5.9.0
                CMSIS (Common Microcontroller Software Interface Standard)
   * Component: CORE Version: 5.6.0

Package Vendor: TexasInstruments
                http://software-dl.ti.com/msp430/msp430_public_sw/mcu/msp430/msp432cmsis/latest/exports/TexasInstruments.MSP432P4xx_DFP.3.2.6.pack
                TexasInstruments.MSP432P4xx_DFP.3.2.6
                Device Family Pack for Texas Instruments SimpleLink(TM) MSP432 Series
   * Component: Startup Version: 3.2.2

<h2>Collection of Component include folders:</h2>
  ./RTE/_Target_1
  E:/KeilPack/ARM/CMSIS/5.9.0/CMSIS/Core/Include
  E:/KeilPack/TexasInstruments/MSP432P4xx_DFP/3.2.6/Device/Include

<h2>Collection of Component Files used:</h2>

   * Component: ARM::CMSIS:CORE:5.6.0

   * Component: TexasInstruments::Device:Startup:3.2.2
      Source file:   Device/Source/system_msp432p401r.c
      Source file:   Examples/EmptyMain/main.c
      Source file:   Device/Source/startup_msp432p401r_uvision.s
      Source file:   Examples/BlinkLED/blinkLED.c
      Include file:  Device/Include/msp_compatibility.h
Build Time Elapsed:  00:00:05
</pre>
</body>
</html>
