Component: ARM Compiler 5.06 update 1 (build 61) Tool: armlink [4d35a8]

==============================================================================

Section Cross References

    main.o(i.Menudisplay) refers to oled.o(i.OLED_Clear) for OLED_Clear
    main.o(i.Menudisplay) refers to bsp_motor.o(i.set_motor_disable) for set_motor_disable
    main.o(i.Menudisplay) refers to bsp_mpu6050.o(i.MPU_Get_Gyroscope) for MPU_Get_Gyroscope
    main.o(i.Menudisplay) refers to inv_mpu.o(i.mpu_dmp_get_data) for mpu_dmp_get_data
    main.o(i.Menudisplay) refers to oled.o(i.OLED_ShowString) for OLED_ShowString
    main.o(i.Menudisplay) refers to oled.o(i.OLED_ShowBNum) for OLED_ShowBNum
    main.o(i.Menudisplay) refers to bsp_motor.o(i.set_motor_enable) for set_motor_enable
    main.o(i.Menudisplay) refers to oled.o(i.OLED_ShowBin) for OLED_ShowBin
    main.o(i.Menudisplay) refers to oled.o(i.OLED_ShowNum) for OLED_ShowNum
    main.o(i.Menudisplay) refers to control.o(i.Car_Go) for Car_Go
    main.o(i.Menudisplay) refers to control.o(i.Car_Spin) for Car_Spin
    main.o(i.Menudisplay) refers to led.o(i.LED_G_On) for LED_G_On
    main.o(i.Menudisplay) refers to main.o(.data) for .data
    main.o(i.Menudisplay) refers to key.o(.bss) for Keys
    main.o(i.Menudisplay) refers to myconfig.o(.data) for Reflectance_Data
    main.o(i.Menudisplay) refers to bsp_encoder.o(.bss) for Encoder
    main.o(i.Menudisplay) refers to myconfig.o(.bss) for Flag
    main.o(i.Menudisplay) refers to k210.o(.data) for SensorData1
    main.o(i.PID_Data_Send) refers to protocol.o(i.receiving_process) for receiving_process
    main.o(i.PID_Data_Send) refers to protocol.o(i.set_computer_value) for set_computer_value
    main.o(i.PID_Data_Send) refers to bsp_encoder.o(.bss) for Encoder
    main.o(i.PID_Data_Send) refers to myconfig.o(.bss) for Flag
    main.o(i.Uart_Rx_Process) refers to _scanf_str.o(.text) for _scanf_string
    main.o(i.Uart_Rx_Process) refers to _printf_percent.o(.ARM.Collect$$_printf_percent$$00000000) for _printf_percent
    main.o(i.Uart_Rx_Process) refers to _printf_c.o(.ARM.Collect$$_printf_percent$$00000013) for _printf_c
    main.o(i.Uart_Rx_Process) refers to _printf_str.o(.text) for _printf_str
    main.o(i.Uart_Rx_Process) refers to noretval__2sprintf.o(.text) for __2sprintf
    main.o(i.Uart_Rx_Process) refers to uart.o(i.UART_transmitData) for UART_transmitData
    main.o(i.Uart_Rx_Process) refers to rt_memclr.o(.text) for __aeabi_memclr
    main.o(i.Uart_Rx_Process) refers to __0sscanf.o(.text) for __0sscanf
    main.o(i.Uart_Rx_Process) refers to myconfig.o(.data) for rx_pointer
    main.o(i.Uart_Rx_Process) refers to myconfig.o(.bss) for Cardata
    main.o(i.Uart_Rx_Process) refers to main.o(.data) for .data
    main.o(i.main) refers to _printf_percent.o(.ARM.Collect$$_printf_percent$$00000000) for _printf_percent
    main.o(i.main) refers to _printf_x.o(.ARM.Collect$$_printf_percent$$0000000C) for _printf_x
    main.o(i.main) refers to _printf_hex_int.o(.text) for _printf_longlong_hex
    main.o(i.main) refers to sysinit.o(i.SysInit1) for SysInit1
    main.o(i.main) refers to delay.o(i.delay_init) for delay_init
    main.o(i.main) refers to usart.o(i.uart_init0) for uart_init0
    main.o(i.main) refers to usart.o(i.uart_init) for uart_init
    main.o(i.main) refers to usart.o(i.uart_init2) for uart_init2
    main.o(i.main) refers to key.o(i.KEY_Init) for KEY_Init
    main.o(i.main) refers to led.o(i.LED_Init) for LED_Init
    main.o(i.main) refers to oled.o(i.OLED_Init) for OLED_Init
    main.o(i.main) refers to reflectance.o(i.Reflectance_Init2) for Reflectance_Init2
    main.o(i.main) refers to tima.o(i.TimA0_Int_Init) for TimA0_Int_Init
    main.o(i.main) refers to bsp_servo.o(i.Servo_Init) for Servo_Init
    main.o(i.main) refers to bsp_motor.o(i.Motor_Init) for Motor_Init
    main.o(i.main) refers to bsp_encoder.o(i.Motor_Init_bianmaqi) for Motor_Init_bianmaqi
    main.o(i.main) refers to bsp_mpu6050.o(i.MPU_Init) for MPU_Init
    main.o(i.main) refers to protocol.o(i.protocol_init) for protocol_init
    main.o(i.main) refers to bsp_pid.o(i.PID_param_init) for PID_param_init
    main.o(i.main) refers to bsp_servo.o(i.Servo_Control2) for Servo_Control2
    main.o(i.main) refers to bsp_pid.o(i.set_p_i_d) for set_p_i_d
    main.o(i.main) refers to bsp_pid.o(i.set_pid_target) for set_pid_target
    main.o(i.main) refers to protocol.o(i.set_computer_value) for set_computer_value
    main.o(i.main) refers to noretval__2printf.o(.text) for __2printf
    main.o(i.main) refers to main.o(i.Menudisplay) for Menudisplay
    main.o(i.main) refers to main.o(i.Uart_Rx_Process) for Uart_Rx_Process
    main.o(i.main) refers to control.o(i.Car_Go) for Car_Go
    main.o(i.main) refers to led.o(i.LED_G_On) for LED_G_On
    main.o(i.main) refers to control.o(i.Car_Spin) for Car_Spin
    main.o(i.main) refers to led.o(i.LED_B_On) for LED_B_On
    main.o(i.main) refers to bsp_pid.o(.bss) for move_pid
[...]
    pS                                       0x00007620   Data          48  asin.o(.constdata)
    qS                                       0x00007650   Data          32  asin.o(.constdata)
    .constdata                               0x00007670   Section      152  atan.o(.constdata)
    atanhi                                   0x00007670   Data          32  atan.o(.constdata)
    atanlo                                   0x00007690   Data          32  atan.o(.constdata)
    aTodd                                    0x000076b0   Data          40  atan.o(.constdata)
    aTeven                                   0x000076d8   Data          48  atan.o(.constdata)
    .constdata                               0x00007708   Section        8  qnan.o(.constdata)
    locale$$data                             0x00007730   Section      272  lc_ctype_c.o(locale$$data)
    __lcctype_c_name                         0x00007734   Data           2  lc_ctype_c.o(locale$$data)
    __lcctype_c_start                        0x0000773c   Data           0  lc_ctype_c.o(locale$$data)
    __lcctype_c_end                          0x00007840   Data           0  lc_ctype_c.o(locale$$data)
    .data                                    0x20000000   Section        9  main.o(.data)
    Last_Num2                                0x20000000   Data           1  main.o(.data)
    Temp_Num2                                0x20000001   Data           1  main.o(.data)
    Last_Num                                 0x20000002   Data           1  main.o(.data)
    Temp_Num                                 0x20000003   Data           1  main.o(.data)
    State                                    0x20000004   Data           1  main.o(.data)
    New_State                                0x20000005   Data           1  main.o(.data)
    .data                                    0x2000000c   Section       48  myconfig.o(.data)
    Last_Num2                                0x2000000f   Data           1  myconfig.o(.data)
    Temp_Num2                                0x20000010   Data           1  myconfig.o(.data)
    Last_Num3                                0x20000011   Data           1  myconfig.o(.data)
    Temp_Num3                                0x20000012   Data           1  myconfig.o(.data)
    Last_Num4                                0x20000013   Data           1  myconfig.o(.data)
    Temp_Num4                                0x20000014   Data           1  myconfig.o(.data)
    .data                                    0x2000003c   Section        1  bsp_motor.o(.data)
    .data                                    0x2000003d   Section        1  bsp_servo.o(.data)
    i                                        0x2000003d   Data           1  bsp_servo.o(.data)
    .data                                    0x2000003e   Section        4  tima.o(.data)
    .data                                    0x20000044   Section        4  usart.o(.data)
    .data                                    0x20000048   Section        1  delay.o(.data)
    fac_us                                   0x20000048   Data           1  delay.o(.data)
    .data                                    0x2000004c   Section       53  inv_mpu.o(.data)
    st                                       0x2000004c   Data          44  inv_mpu.o(.data)
    gyro_orientation                         0x20000078   Data           9  inv_mpu.o(.data)
    .data                                    0x20000084   Section       12  k210.o(.data)
    Rec_State                                0x20000084   Data           1  k210.o(.data)
    .data                                    0x20000090   Section        8  cs.o(.data)
    hfxtFreq                                 0x20000090   Data           4  cs.o(.data)
    lfxtFreq                                 0x20000094   Data           4  cs.o(.data)
    .bss                                     0x20000098   Section      134  myconfig.o(.bss)
    .bss                                     0x20000120   Section       64  bsp_encoder.o(.bss)
    .bss                                     0x20000160   Section       16  key.o(.bss)
    .bss                                     0x20000170   Section       16  inv_mpu_dmp_motion_driver.o(.bss)
    dmp                                      0x20000170   Data          16  inv_mpu_dmp_motion_driver.o(.bss)
    .bss                                     0x20000180   Section       40  bsp_pid.o(.bss)
    .bss                                     0x200001a8   Section       40  bsp_pid.o(.bss)
    .bss                                     0x200001d0   Section       40  bsp_pid.o(.bss)
    .bss                                     0x200001f8   Section       40  bsp_pid.o(.bss)
    .bss                                     0x20000220   Section       40  bsp_pid.o(.bss)
    .bss                                     0x20000248   Section       40  bsp_pid.o(.bss)
    .bss                                     0x20000270   Section       40  bsp_pid.o(.bss)
    .bss                                     0x20000298   Section       40  bsp_pid.o(.bss)
    .bss                                     0x200002c0   Section       40  bsp_pid.o(.bss)
    .bss                                     0x200002e8   Section       40  bsp_pid.o(.bss)
    .bss                                     0x20000310   Section      152  protocol.o(.bss)
    set_packet                               0x20000310   Data          10  protocol.o(.bss)
    parser                                   0x2000031c   Data          12  protocol.o(.bss)
    recv_buf                                 0x20000328   Data         128  protocol.o(.bss)
    .bss                                     0x200003a8   Section       12  k210.o(.bss)
    Rec_Buff                                 0x200003a8   Data          12  k210.o(.bss)
    .bss                                     0x200003b4   Section       96  libspace.o(.bss)
    HEAP                                     0x20000418   Section        0  startup_msp432p401r_uvision.o(HEAP)
    STACK                                    0x20000418   Section      512  startup_msp432p401r_uvision.o(STACK)
    Heap_Mem                                 0x20000418   Data           0  startup_msp432p401r_uvision.o(HEAP)
    Stack_Mem                                0x20000418   Data         512  startup_msp432p401r_uvision.o(STACK)
    __initial_sp                             0x20000618   Data           0  startup_msp432p401r_uvision.o(STACK)

    Global Symbols

    Symbol Name                              Value     Ov Type        Size  Object(Section)

    BuildAttributes$$THM_ISAv4$E$P$D$K$B$S$7EM$VFPi3$EXTD16$VFPS$VFMA$PE$A:L22UL41UL21$X:L11$S22US41US21$IEEE1$IW$USESV6$~STKCKD$USESV7$~SHL$OTIME$ROPI$IEEEX$EBA8$UX$STANDARDLIB$REQ8$PRES8$EABIv2 0x00000000   Number         0  anon$$obj.o ABSOLUTE
    __ARM_use_no_argv                        0x00000000   Number         0  main.o ABSOLUTE
    __Vectors                                0x00000000   Data           4  startup_msp432p401r_uvision.o(RESET)
    _printf_flags                            0x00000000   Number         0  printf_stubs.o ABSOLUTE
    _printf_return_value                     0x00000000   Number         0  printf_stubs.o ABSOLUTE
    _printf_sizespec                         0x00000000   Number         0  printf_stubs.o ABSOLUTE
    _printf_widthprec                        0x00000000   Number         0  printf_stubs.o ABSOLUTE
    __ARM_exceptions_init                     - Undefined Weak Reference
    __alloca_initialize                       - Undefined Weak Reference
    __arm_preinit_                            - Undefined Weak Reference
    __cpp_initialize__aeabi_                  - Undefined Weak Reference
    __cxa_finalize                            - Undefined Weak Reference
    __sigvec_lookup                           - Undefined Weak Reference
    _atexit_init                              - Undefined Weak Reference
    _call_atexit_fns                          - Undefined Weak Reference
    _clock_init                               - Undefined Weak Reference
    _fp_trap_init                             - Undefined Weak Reference
    _fp_trap_shutdown                         - Undefined Weak Reference
    _get_lc_collate                           - Undefined Weak Reference
    _get_lc_monetary                          - Undefined Weak Reference
    _get_lc_numeric                           - Undefined Weak Reference
    _get_lc_time                              - Undefined Weak Reference
    _getenv_init                              - Undefined Weak Reference
    _handle_redirection                       - Undefined Weak Reference
    _init_alloc                               - Undefined Weak Reference
    _init_user_alloc                          - Undefined Weak Reference
    _initio                                   - Undefined Weak Reference
    _mutex_acquire                            - Undefined Weak Reference
    _mutex_release                            - Undefined Weak Reference
    _printf_mbtowc                            - Undefined Weak Reference
    _printf_truncate_signed                   - Undefined Weak Reference
    _printf_truncate_unsigned                 - Undefined Weak Reference
    _rand_init                                - Undefined Weak Reference
    _scanf_int                                - Undefined Weak Reference
    _scanf_longlong                           - Undefined Weak Reference
    _scanf_mbtowc                             - Undefined Weak Reference
    _scanf_real                               - Undefined Weak Reference
    _scanf_wctomb                             - Undefined Weak Reference
    _scanf_wstring                            - Undefined Weak Reference
    _signal_finish                            - Undefined Weak Reference
    _signal_init                              - Undefined Weak Reference
    _terminate_alloc                          - Undefined Weak Reference
    _terminate_user_alloc                     - Undefined Weak Reference
    _terminateio                              - Undefined Weak Reference
    __Vectors_End                            0x00000144   Data           0  startup_msp432p401r_uvision.o(RESET)
    __Vectors_Size                           0x00000144   Number         0  startup_msp432p401r_uvision.o ABSOLUTE
    __main                                   0x00000145   Thumb Code     8  __main.o(!!!main)
    __scatterload                            0x0000014d   Thumb Code     0  __scatter.o(!!!scatter)
    __scatterload_rt2                        0x0000014d   Thumb Code    44  __scatter.o(!!!scatter)
    __scatterload_rt2_thumb_only             0x0000014d   Thumb Code     0  __scatter.o(!!!scatter)
    __scatterload_null                       0x0000015b   Thumb Code     0  __scatter.o(!!!scatter)
    __scatterload_copy                       0x00000181   Thumb Code    26  __scatter_copy.o(!!handler_copy)
    __scatterload_zeroinit                   0x0000019d   Thumb Code    28  __scatter_zi.o(!!handler_zi)
    _printf_percent                          0x000001b9   Thumb Code     0  _printf_percent.o(.ARM.Collect$$_printf_percent$$00000000)
    _printf_x                                0x000001b9   Thumb Code     0  _printf_x.o(.ARM.Collect$$_printf_percent$$0000000C)
    _printf_c                                0x000001bf   Thumb Code     0  _printf_c.o(.ARM.Collect$$_printf_percent$$00000013)
    _printf_percent_end                      0x000001c5   Thumb Code     0  _printf_percent_end.o(.ARM.Collect$$_printf_percent$$00000017)
    __rt_lib_init                            0x000001c9   Thumb Code     0  libinit.o(.ARM.Collect$$libinit$$00000000)
    __rt_lib_init_fp_1                       0x000001cb   Thumb Code     0  libinit2.o(.ARM.Collect$$libinit$$00000001)
    __rt_lib_init_heap_1                     0x000001cf   Thumb Code     0  libinit2.o(.ARM.Collect$$libinit$$0000000A)
    __rt_lib_init_lc_common                  0x000001cf   Thumb Code     0  libinit2.o(.ARM.Collect$$libinit$$0000000F)
    __rt_lib_init_preinit_1                  0x000001cf   Thumb Code     0  libinit2.o(.ARM.Collect$$libinit$$00000004)
    __rt_lib_init_rand_1                     0x000001cf   Thumb Code     0  libinit2.o(.ARM.Collect$$libinit$$0000000E)
    __rt_lib_init_user_alloc_1               0x000001cf   Thumb Code     0  libinit2.o(.ARM.Collect$$libinit$$0000000C)
    __rt_lib_init_lc_collate_1               0x000001d5   Thumb Code     0  libinit2.o(.ARM.Collect$$libinit$$00000011)
    __rt_lib_init_lc_ctype_2                 0x000001d5   Thumb Code     0  libinit2.o(.ARM.Collect$$libinit$$00000012)
    __rt_lib_init_alloca_1                   0x000001e1   Thumb Code     0  libinit2.o(.ARM.Collect$$libinit$$0000002E)
    __rt_lib_init_argv_1                     0x000001e1   Thumb Code     0  libinit2.o(.ARM.Collect$$libinit$$0000002C)
    __rt_lib_init_atexit_1                   0x000001e1   Thumb Code     0  libinit2.o(.ARM.Collect$$libinit$$0000001B)
    __rt_lib_init_clock_1                    0x000001e1   Thumb Code     0  libinit2.o(.ARM.Collect$$libinit$$00000021)
    __rt_lib_init_cpp_1                      0x000001e1   Thumb Code     0  libinit2.o(.ARM.Collect$$libinit$$00000032)
    __rt_lib_init_exceptions_1               0x000001e1   Thumb Code     0  libinit2.o(.ARM.Collect$$libinit$$00000030)
    __rt_lib_init_fp_trap_1                  0x000001e1   Thumb Code     0  libinit2.o(.ARM.Collect$$libinit$$0000001F)
    __rt_lib_init_getenv_1                   0x000001e1   Thumb Code     0  libinit2.o(.ARM.Collect$$libinit$$00000023)
    __rt_lib_init_lc_ctype_1                 0x000001e1   Thumb Code     0  libinit2.o(.ARM.Collect$$libinit$$00000013)
    __rt_lib_init_lc_monetary_1              0x000001e1   Thumb Code     0  libinit2.o(.ARM.Collect$$libinit$$00000015)
    __rt_lib_init_lc_numeric_1               0x000001e1   Thumb Code     0  libinit2.o(.ARM.Collect$$libinit$$00000017)
    __rt_lib_init_lc_time_1                  0x000001e1   Thumb Code     0  libinit2.o(.ARM.Collect$$libinit$$00000019)
    __rt_lib_init_return                     0x000001e1   Thumb Code     0  libinit2.o(.ARM.Collect$$libinit$$00000033)
    __rt_lib_init_signal_1                   0x000001e1   Thumb Code     0  libinit2.o(.ARM.Collect$$libinit$$0000001D)
    __rt_lib_init_stdio_1                    0x000001e1   Thumb Code     0  libinit2.o(.ARM.Collect$$libinit$$00000025)
    __rt_lib_shutdown                        0x000001e3   Thumb Code     0  libshutdown.o(.ARM.Collect$$libshutdown$$00000000)
    __rt_lib_shutdown_cpp_1                  0x000001e5   Thumb Code     0  libshutdown2.o(.ARM.Collect$$libshutdown$$00000002)
    __rt_lib_shutdown_fp_trap_1              0x000001e5   Thumb Code     0  libshutdown2.o(.ARM.Collect$$libshutdown$$00000007)
    __rt_lib_shutdown_heap_1                 0x000001e5   Thumb Code     0  libshutdown2.o(.ARM.Collect$$libshutdown$$0000000F)
    __rt_lib_shutdown_return                 0x000001e5   Thumb Code     0  libshutdown2.o(.ARM.Collect$$libshutdown$$00000010)
    __rt_lib_shutdown_signal_1               0x000001e5   Thumb Code     0  libshutdown2.o(.ARM.Collect$$libshutdown$$0000000A)
    __rt_lib_shutdown_stdio_1                0x000001e5   Thumb Code     0  libshutdown2.o(.ARM.Collect$$libshutdown$$00000004)
    __rt_lib_shutdown_user_alloc_1           0x000001e5   Thumb Code     0  libshutdown2.o(.ARM.Collect$$libshutdown$$0000000C)
    __rt_entry                               0x000001e7   Thumb Code     0  __rtentry.o(.ARM.Collect$$rtentry$$00000000)
    __rt_entry_presh_1                       0x000001e7   Thumb Code     0  __rtentry2.o(.ARM.Collect$$rtentry$$00000002)
    __rt_entry_sh                            0x000001e7   Thumb Code     0  __rtentry4.o(.ARM.Collect$$rtentry$$00000004)
    __rt_entry_li                            0x000001ed   Thumb Code     0  __rtentry2.o(.ARM.Collect$$rtentry$$0000000A)
    __rt_entry_postsh_1                      0x000001ed   Thumb Code     0  __rtentry2.o(.ARM.Collect$$rtentry$$00000009)
    __rt_entry_main                          0x000001f1   Thumb Code     0  __rtentry2.o(.ARM.Collect$$rtentry$$0000000D)
    __rt_entry_postli_1                      0x000001f1   Thumb Code     0  __rtentry2.o(.ARM.Collect$$rtentry$$0000000C)
    __rt_exit                                0x000001f9   Thumb Code     0  rtexit.o(.ARM.Collect$$rtexit$$00000000)
    __rt_exit_ls                             0x000001fb   Thumb Code     0  rtexit2.o(.ARM.Collect$$rtexit$$00000003)
    __rt_exit_prels_1                        0x000001fb   Thumb Code     0  rtexit2.o(.ARM.Collect$$rtexit$$00000002)
    __rt_exit_exit                           0x000001ff   Thumb Code     0  rtexit2.o(.ARM.Collect$$rtexit$$00000004)
    CPU_cpsid                                0x00000205   Thumb Code     8  cpu.o(.emb_text)
    CPU_primask                              0x0000020d   Thumb Code     6  cpu.o(.emb_text)
    CPU_cpsie                                0x00000213   Thumb Code     8  cpu.o(.emb_text)
    CPU_wfi                                  0x0000021b   Thumb Code     4  cpu.o(.emb_text)
    CPU_basepriSet                           0x0000021f   Thumb Code     6  cpu.o(.emb_text)
    CPU_basepriGet                           0x00000225   Thumb Code     6  cpu.o(.emb_text)
    Reset_Handler                            0x0000022d   Thumb Code     8  startup_msp432p401r_uvision.o(.text)
    NMI_Handler                              0x00000235   Thumb Code     2  startup_msp432p401r_uvision.o(.text)
    HardFault_Handler                        0x00000237   Thumb Code     2  startup_msp432p401r_uvision.o(.text)
    MemManage_Handler                        0x00000239   Thumb Code     2  startup_msp432p401r_uvision.o(.text)
    BusFault_Handler                         0x0000023b   Thumb Code     2  startup_msp432p401r_uvision.o(.text)
    UsageFault_Handler                       0x0000023d   Thumb Code     2  startup_msp432p401r_uvision.o(.text)
    SVC_Handler                              0x0000023f   Thumb Code     2  startup_msp432p401r_uvision.o(.text)
    DebugMon_Handler                         0x00000241   Thumb Code     2  startup_msp432p401r_uvision.o(.text)
    PendSV_Handler                           0x00000243   Thumb Code     2  startup_msp432p401r_uvision.o(.text)
    SysTick_Handler                          0x00000245   Thumb Code     2  startup_msp432p401r_uvision.o(.text)
    ADC14_IRQHandler                         0x00000247   Thumb Code     0  startup_msp432p401r_uvision.o(.text)
    AES256_IRQHandler                        0x00000247   Thumb Code     0  startup_msp432p401r_uvision.o(.text)
    COMP_E0_IRQHandler                       0x00000247   Thumb Code     0  startup_msp432p401r_uvision.o(.text)
    COMP_E1_IRQHandler                       0x00000247   Thumb Code     0  startup_msp432p401r_uvision.o(.text)
    CS_IRQHandler                            0x00000247   Thumb Code     0  startup_msp432p401r_uvision.o(.text)
    DMA_ERR_IRQHandler                       0x00000247   Thumb Code     0  startup_msp432p401r_uvision.o(.text)
    DMA_INT0_IRQHandler                      0x00000247   Thumb Code     0  startup_msp432p401r_uvision.o(.text)
    DMA_INT1_IRQHandler                      0x00000247   Thumb Code     0  startup_msp432p401r_uvision.o(.text)
    DMA_INT2_IRQHandler                      0x00000247   Thumb Code     0  startup_msp432p401r_uvision.o(.text)
    DMA_INT3_IRQHandler                      0x00000247   Thumb Code     0  startup_msp432p401r_uvision.o(.text)
    EUSCIA1_IRQHandler                       0x00000247   Thumb Code     0  startup_msp432p401r_uvision.o(.text)
    EUSCIB0_IRQHandler                       0x00000247   Thumb Code     0  startup_msp432p401r_uvision.o(.text)
    EUSCIB1_IRQHandler                       0x00000247   Thumb Code     0  startup_msp432p401r_uvision.o(.text)
    EUSCIB2_IRQHandler                       0x00000247   Thumb Code     0  startup_msp432p401r_uvision.o(.text)
    EUSCIB3_IRQHandler                       0x00000247   Thumb Code     0  startup_msp432p401r_uvision.o(.text)
    FLCTL_IRQHandler                         0x00000247   Thumb Code     0  startup_msp432p401r_uvision.o(.text)
    FPU_IRQHandler                           0x00000247   Thumb Code     0  startup_msp432p401r_uvision.o(.text)
    PCM_IRQHandler                           0x00000247   Thumb Code     0  startup_msp432p401r_uvision.o(.text)
    PORT1_IRQHandler                         0x00000247   Thumb Code     0  startup_msp432p401r_uvision.o(.text)
    PORT2_IRQHandler                         0x00000247   Thumb Code     0  startup_msp432p401r_uvision.o(.text)
    PORT3_IRQHandler                         0x00000247   Thumb Code     0  startup_msp432p401r_uvision.o(.text)
    PORT5_IRQHandler                         0x00000247   Thumb Code     0  startup_msp432p401r_uvision.o(.text)
    PORT6_IRQHandler                         0x00000247   Thumb Code     0  startup_msp432p401r_uvision.o(.text)
    PSS_IRQHandler                           0x00000247   Thumb Code     0  startup_msp432p401r_uvision.o(.text)
    RTC_C_IRQHandler                         0x00000247   Thumb Code     0  startup_msp432p401r_uvision.o(.text)
    T32_INT2_IRQHandler                      0x00000247   Thumb Code     0  startup_msp432p401r_uvision.o(.text)
    T32_INTC_IRQHandler                      0x00000247   Thumb Code     0  startup_msp432p401r_uvision.o(.text)
    TA0_N_IRQHandler                         0x00000247   Thumb Code     0  startup_msp432p401r_uvision.o(.text)
    TA1_0_IRQHandler                         0x00000247   Thumb Code     0  startup_msp432p401r_uvision.o(.text)
    TA1_N_IRQHandler                         0x00000247   Thumb Code     0  startup_msp432p401r_uvision.o(.text)
    TA2_0_IRQHandler                         0x00000247   Thumb Code     0  startup_msp432p401r_uvision.o(.text)
    TA3_0_IRQHandler                         0x00000247   Thumb Code     0  startup_msp432p401r_uvision.o(.text)
    TA3_N_IRQHandler                         0x00000247   Thumb Code     0  startup_msp432p401r_uvision.o(.text)
    WDT_A_IRQHandler                         0x00000247   Thumb Code     0  startup_msp432p401r_uvision.o(.text)
    __user_initial_stackheap                 0x00000249   Thumb Code    10  startup_msp432p401r_uvision.o(.text)
    __use_no_semihosting                     0x00000269   Thumb Code     2  use_no_semi_2.o(.text)
    __2printf                                0x0000026d   Thumb Code    20  noretval__2printf.o(.text)
    __2sprintf                               0x00000285   Thumb Code    34  noretval__2sprintf.o(.text)
    _printf_str                              0x000002ad   Thumb Code    82  _printf_str.o(.text)
    _printf_int_hex                          0x00000301   Thumb Code    84  _printf_hex_int.o(.text)
    _printf_longlong_hex                     0x00000301   Thumb Code     0  _printf_hex_int.o(.text)
    __printf                                 0x00000359   Thumb Code   308  __printf_flags_wp.o(.text)
    __0sscanf                                0x00000491   Thumb Code    52  __0sscanf.o(.text)
    _scanf_string                            0x000004cd   Thumb Code   224  _scanf_str.o(.text)
    __aeabi_memcpy4                          0x000005ad   Thumb Code     0  rt_memcpy_w.o(.text)
    __aeabi_memcpy8                          0x000005ad   Thumb Code     0  rt_memcpy_w.o(.text)
    __rt_memcpy_w                            0x000005ad   Thumb Code   100  rt_memcpy_w.o(.text)
    _memcpy_lastbytes_aligned                0x000005f5   Thumb Code     0  rt_memcpy_w.o(.text)
    __aeabi_memclr                           0x00000611   Thumb Code     0  rt_memclr.o(.text)
    __rt_memclr                              0x00000611   Thumb Code    68  rt_memclr.o(.text)
    _memset                                  0x00000615   Thumb Code     0  rt_memclr.o(.text)
    __aeabi_memclr4                          0x00000655   Thumb Code     0  rt_memclr_w.o(.text)
    __aeabi_memclr8                          0x00000655   Thumb Code     0  rt_memclr_w.o(.text)
    __rt_memclr_w                            0x00000655   Thumb Code    78  rt_memclr_w.o(.text)
    _memset_w                                0x00000659   Thumb Code     0  rt_memclr_w.o(.text)
    __use_two_region_memory                  0x000006a3   Thumb Code     2  heapauxi.o(.text)
    __rt_heap_escrow$2region                 0x000006a5   Thumb Code     2  heapauxi.o(.text)
    __rt_heap_expand$2region                 0x000006a7   Thumb Code     2  heapauxi.o(.text)
    __I$use$semihosting                      0x000006a9   Thumb Code     0  use_no_semi.o(.text)
    __use_no_semihosting_swi                 0x000006a9   Thumb Code     2  use_no_semi.o(.text)
    __read_errno                             0x000006ab   Thumb Code    10  _rserrno.o(.text)
    __set_errno                              0x000006b5   Thumb Code    12  _rserrno.o(.text)
    _printf_int_common                       0x000006c1   Thumb Code   178  _printf_intcommon.o(.text)
    _printf_char_common                      0x0000077f   Thumb Code    32  _printf_char_common.o(.text)
    _sputc                                   0x000007a5   Thumb Code    10  _sputc.o(.text)
    _printf_cs_common                        0x000007af   Thumb Code    20  _printf_char.o(.text)
    _printf_char                             0x000007c3   Thumb Code    16  _printf_char.o(.text)
    _printf_string                           0x000007d3   Thumb Code     8  _printf_char.o(.text)
    _printf_char_file                        0x000007dd   Thumb Code    32  _printf_char_file.o(.text)
    __vfscanf_char                           0x0000080d   Thumb Code    24  scanf_char.o(.text)
    _sgetc                                   0x0000082d   Thumb Code    30  _sgetc.o(.text)
    _sbackspace                              0x0000084b   Thumb Code    34  _sgetc.o(.text)
    __aeabi_errno_addr                       0x0000086d   Thumb Code     8  rt_errno_addr_intlibspace.o(.text)
    __errno$intlibspace                      0x0000086d   Thumb Code     0  rt_errno_addr_intlibspace.o(.text)
    __rt_errno_addr$intlibspace              0x0000086d   Thumb Code     0  rt_errno_addr_intlibspace.o(.text)
    isspace                                  0x00000875   Thumb Code    18  isspace.o(.text)
    __vfscanf                                0x00000889   Thumb Code   878  _scanf.o(.text)
    ferror                                   0x00000bfd   Thumb Code     8  ferror.o(.text)
    __user_libspace                          0x00000c05   Thumb Code     8  libspace.o(.text)
    __user_perproc_libspace                  0x00000c05   Thumb Code     0  libspace.o(.text)
    __user_perthread_libspace                0x00000c05   Thumb Code     0  libspace.o(.text)
    __user_setup_stackheap                   0x00000c0d   Thumb Code    74  sys_stackheap_outer.o(.text)
    __rt_ctype_table                         0x00000c59   Thumb Code    16  rt_ctype_table.o(.text)
    exit                                     0x00000c69   Thumb Code    18  exit.o(.text)
    __rt_locale                              0x00000c7d   Thumb Code     8  rt_locale_intlibspace.o(.text)
    strcmp                                   0x00000c85   Thumb Code   128  strcmpv7m.o(.text)
    CS_clearInterruptFlag                    0x00000d05   Thumb Code    26  cs.o(i.CS_clearInterruptFlag)
    CS_getACLK                               0x00000d29   Thumb Code    20  cs.o(i.CS_getACLK)
    CS_getDCOFrequency                       0x00000d41   Thumb Code   234  cs.o(i.CS_getDCOFrequency)
    CS_getMCLK                               0x00000e4d   Thumb Code    20  cs.o(i.CS_getMCLK)
    CS_getSMCLK                              0x00000e65   Thumb Code    18  cs.o(i.CS_getSMCLK)
    CS_setExternalClockSourceFrequency       0x00000e7d   Thumb Code     8  cs.o(i.CS_setExternalClockSourceFrequency)
    CS_startHFXT                             0x00000e89   Thumb Code     6  cs.o(i.CS_startHFXT)
    CS_startHFXTWithTimeout                  0x00000e91   Thumb Code   144  cs.o(i.CS_startHFXTWithTimeout)
    CS_startLFXT                             0x00000f31   Thumb Code     6  cs.o(i.CS_startLFXT)
    CS_startLFXTWithTimeout                  0x00000f39   Thumb Code   144  cs.o(i.CS_startLFXTWithTimeout)
    CTRL_compute_Direction                   0x00000fd9   Thumb Code   104  control.o(i.CTRL_compute_Direction)
    CTRL_compute_Position                    0x00001059   Thumb Code   282  control.o(i.CTRL_compute_Position)
    CTRL_compute_Speed                       0x000011a9   Thumb Code   172  control.o(i.CTRL_compute_Speed)
    Car_Go                                   0x00001279   Thumb Code   100  control.o(i.Car_Go)
    Car_Spin                                 0x000012f9   Thumb Code   176  control.o(i.Car_Spin)
    EUSCIA0_IRQHandler                       0x000013c5   Thumb Code    42  myconfig.o(i.EUSCIA0_IRQHandler)
    EUSCIA2_IRQHandler                       0x00001401   Thumb Code    42  myconfig.o(i.EUSCIA2_IRQHandler)
    EUSCIA3_IRQHandler                       0x0000143d   Thumb Code    38  myconfig.o(i.EUSCIA3_IRQHandler)
    Encoder_Scan                             0x00001471   Thumb Code   114  bsp_encoder.o(i.Encoder_Scan)
    GPIO_getInputPinValue                    0x000014f5   Thumb Code    16  gpio.o(i.GPIO_getInputPinValue)
    GPIO_setAsInputPin                       0x00001509   Thumb Code    32  gpio.o(i.GPIO_setAsInputPin)
    GPIO_setAsOutputPin                      0x0000152d   Thumb Code    26  gpio.o(i.GPIO_setAsOutputPin)
    GPIO_setOutputHighOnPin                  0x0000154d   Thumb Code    14  gpio.o(i.GPIO_setOutputHighOnPin)
    GPIO_setOutputLowOnPin                   0x00001561   Thumb Code    14  gpio.o(i.GPIO_setOutputLowOnPin)
    Get_Data_To_Array                        0x00001575   Thumb Code   160  k210.o(i.Get_Data_To_Array)
    I2C_SW_Configuration                     0x0000161d   Thumb Code    10  oled.o(i.I2C_SW_Configuration)
    I2C_Start                                0x0000162d   Thumb Code    16  oled.o(i.I2C_Start)
    I2C_Stop                                 0x00001641   Thumb Code    14  oled.o(i.I2C_Stop)
    I2C_WaitAck                              0x00001655   Thumb Code    14  oled.o(i.I2C_WaitAck)
    IIC_Ack                                  0x00001669   Thumb Code    58  iic.o(i.IIC_Ack)
    IIC_Init                                 0x000016a3   Thumb Code    38  iic.o(i.IIC_Init)
    IIC_NAck                                 0x000016c9   Thumb Code    58  iic.o(i.IIC_NAck)
    IIC_Read_Byte                            0x00001703   Thumb Code    86  iic.o(i.IIC_Read_Byte)
    IIC_Send_Byte                            0x00001759   Thumb Code   112  iic.o(i.IIC_Send_Byte)
    IIC_Start                                0x000017c9   Thumb Code    58  iic.o(i.IIC_Start)
    IIC_Stop                                 0x00001803   Thumb Code    58  iic.o(i.IIC_Stop)
    IIC_Wait_Ack                             0x0000183d   Thumb Code    76  iic.o(i.IIC_Wait_Ack)
    Interrupt_enableInterrupt                0x00001889   Thumb Code    84  interrupt.o(i.Interrupt_enableInterrupt)
    Interrupt_enableMaster                   0x000018e5   Thumb Code    14  interrupt.o(i.Interrupt_enableMaster)
    KEY_Init                                 0x000018f5   Thumb Code    12  key.o(i.KEY_Init)
    Key_Scan2                                0x00001905   Thumb Code   184  key.o(i.Key_Scan2)
    LED_B_Off                                0x000019c5   Thumb Code     8  led.o(i.LED_B_Off)
    LED_B_On                                 0x000019d1   Thumb Code     8  led.o(i.LED_B_On)
    LED_G_Off                                0x000019dd   Thumb Code     8  led.o(i.LED_G_Off)
    LED_G_On                                 0x000019e9   Thumb Code     8  led.o(i.LED_G_On)
    LED_Init                                 0x000019f5   Thumb Code    44  led.o(i.LED_Init)
    LED_RED_Off                              0x00001a25   Thumb Code     8  led.o(i.LED_RED_Off)
    LED_R_Off                                0x00001a31   Thumb Code     8  led.o(i.LED_R_Off)
    MPU_Get_Gyroscope                        0x00001a3d   Thumb Code    68  bsp_mpu6050.o(i.MPU_Get_Gyroscope)
    MPU_Init                                 0x00001a81   Thumb Code   150  bsp_mpu6050.o(i.MPU_Init)
    MPU_Read_Byte                            0x00001b17   Thumb Code    58  bsp_mpu6050.o(i.MPU_Read_Byte)
    MPU_Read_Len                             0x00001b51   Thumb Code    98  bsp_mpu6050.o(i.MPU_Read_Len)
    MPU_Set_Accel_Fsr                        0x00001bb3   Thumb Code    10  bsp_mpu6050.o(i.MPU_Set_Accel_Fsr)
    MPU_Set_Gyro_Fsr                         0x00001bbd   Thumb Code    10  bsp_mpu6050.o(i.MPU_Set_Gyro_Fsr)
    MPU_Set_LPF                              0x00001bc7   Thumb Code    48  bsp_mpu6050.o(i.MPU_Set_LPF)
    MPU_Set_Rate                             0x00001bf7   Thumb Code    44  bsp_mpu6050.o(i.MPU_Set_Rate)
    MPU_Write_Byte                           0x00001c23   Thumb Code    74  bsp_mpu6050.o(i.MPU_Write_Byte)
    MPU_Write_Len                            0x00001c6d   Thumb Code    90  bsp_mpu6050.o(i.MPU_Write_Len)
    Menudisplay                              0x00001cc9   Thumb Code   772  main.o(i.Menudisplay)
    Motor_Control                            0x00002025   Thumb Code   332  bsp_motor.o(i.Motor_Control)
    Motor_Init                               0x00002179   Thumb Code   202  bsp_motor.o(i.Motor_Init)
    Motor_Init_bianmaqi                      0x0000224d   Thumb Code   368  bsp_encoder.o(i.Motor_Init_bianmaqi)
    OLED_Clear                               0x000023c1   Thumb Code    60  oled.o(i.OLED_Clear)
    OLED_Init                                0x000023fd   Thumb Code   238  oled.o(i.OLED_Init)
    OLED_Set_Pos                             0x000024eb   Thumb Code    40  oled.o(i.OLED_Set_Pos)
    OLED_ShowBNum                            0x00002513   Thumb Code   250  oled.o(i.OLED_ShowBNum)
    OLED_ShowBin                             0x0000260d   Thumb Code    68  oled.o(i.OLED_ShowBin)
    OLED_ShowChar                            0x00002651   Thumb Code   138  oled.o(i.OLED_ShowChar)
    OLED_ShowNum                             0x000026e5   Thumb Code   128  oled.o(i.OLED_ShowNum)
    OLED_ShowString                          0x00002765   Thumb Code    60  oled.o(i.OLED_ShowString)
    OLED_WR_Byte                             0x000027a1   Thumb Code    58  oled.o(i.OLED_WR_Byte)
    PID_Clear                                0x000027dd   Thumb Code    22  bsp_pid.o(i.PID_Clear)
    PID_param_init                           0x000027f9   Thumb Code    46  bsp_pid.o(i.PID_param_init)
    PID_realize                              0x0000282d   Thumb Code    66  bsp_pid.o(i.PID_realize)
    PORT4_IRQHandler                         0x00002871   Thumb Code   314  bsp_encoder.o(i.PORT4_IRQHandler)
    Reflectance_Init2                        0x000029b9   Thumb Code    10  reflectance.o(i.Reflectance_Init2)
    Reflectance_Read2                        0x000029c9   Thumb Code    10  reflectance.o(i.Reflectance_Read2)
    Send_Byte                                0x000029d9   Thumb Code    50  oled.o(i.Send_Byte)
    Servo_Control2                           0x00002a11   Thumb Code    90  bsp_servo.o(i.Servo_Control2)
    Servo_Init                               0x00002a79   Thumb Code    92  bsp_servo.o(i.Servo_Init)
    Servo_Scan2                              0x00002add   Thumb Code    68  bsp_servo.o(i.Servo_Scan2)
    Set_PWM                                  0x00002b25   Thumb Code   164  bsp_motor.o(i.Set_PWM)
    Set_PWM2                                 0x00002bcd   Thumb Code   164  bsp_motor.o(i.Set_PWM2)
    SysCtl_A_disableNMISource                0x00002c75   Thumb Code    10  sysctl_a.o(i.SysCtl_A_disableNMISource)
    SysCtl_A_enableNMISource                 0x00002c85   Thumb Code    10  sysctl_a.o(i.SysCtl_A_enableNMISource)
    SysCtl_A_getNMISourceStatus              0x00002c95   Thumb Code    10  sysctl_a.o(i.SysCtl_A_getNMISourceStatus)
    SysCtl_A_getTLVInfo                      0x00002ca5   Thumb Code    64  sysctl_a.o(i.SysCtl_A_getTLVInfo)
    SysInit1                                 0x00002ced   Thumb Code   146  sysinit.o(i.SysInit1)
    SystemInit                               0x00002d8d   Thumb Code    76  system_msp432p401r.o(i.SystemInit)
    T32_INT1_IRQHandler                      0x00002ded   Thumb Code    10  myconfig.o(i.T32_INT1_IRQHandler)
    TA0_0_IRQHandler                         0x00002e01   Thumb Code  1938  myconfig.o(i.TA0_0_IRQHandler)
    TA2_N_IRQHandler                         0x000035c1   Thumb Code   158  tima.o(i.TA2_N_IRQHandler)
    TimA0_Int_Init                           0x00003671   Thumb Code    78  tima.o(i.TimA0_Int_Init)
    Timer_A_getCaptureCompareCount           0x000036c5   Thumb Code    16  timer_a.o(i.Timer_A_getCaptureCompareCount)
    Timer_A_setCompareValue                  0x000036d5   Thumb Code    16  timer_a.o(i.Timer_A_setCompareValue)
    UART_enableInterrupt                     0x000036e5   Thumb Code    22  uart.o(i.UART_enableInterrupt)
    UART_getEnabledInterruptStatus           0x000036fb   Thumb Code    38  uart.o(i.UART_getEnabledInterruptStatus)
    UART_initModule                          0x00003721   Thumb Code   146  uart.o(i.UART_initModule)
    UART_transmitData                        0x000037b3   Thumb Code    22  uart.o(i.UART_transmitData)
    USART_SendCharArr                        0x000037c9   Thumb Code    34  usart.o(i.USART_SendCharArr)
    Uart_Rx_Process                          0x000037f1   Thumb Code   102  main.o(i.Uart_Rx_Process)
    __ARM_fpclassify                         0x000039e5   Thumb Code    48  fpclassify.o(i.__ARM_fpclassify)
    __hardfp_asin                            0x00003a19   Thumb Code   770  asin.o(i.__hardfp_asin)
    __hardfp_atan                            0x00003d79   Thumb Code   622  atan.o(i.__hardfp_atan)
    __hardfp_atan2                           0x00004051   Thumb Code   432  atan2.o(i.__hardfp_atan2)
    __hardfp_fabs                            0x00004241   Thumb Code    20  fabs.o(i.__hardfp_fabs)
    __kernel_poly                            0x00004255   Thumb Code   248  poly.o(i.__kernel_poly)
    __mathlib_dbl_infnan                     0x0000434d   Thumb Code    20  dunder.o(i.__mathlib_dbl_infnan)
    __mathlib_dbl_infnan2                    0x00004361   Thumb Code    20  dunder.o(i.__mathlib_dbl_infnan2)
    __mathlib_dbl_invalid                    0x00004379   Thumb Code    24  dunder.o(i.__mathlib_dbl_invalid)
    __mathlib_dbl_underflow                  0x00004399   Thumb Code    24  dunder.o(i.__mathlib_dbl_underflow)
    _is_digit                                0x000043b9   Thumb Code    14  __printf_wp.o(i._is_digit)
    _sys_exit                                0x000043c7   Thumb Code     2  usart.o(i._sys_exit)
    atan                                     0x000043c9   Thumb Code    16  atan.o(i.atan)
    bitPosition                              0x000043d9   Thumb Code    16  baudarte.o(i.bitPosition)
    check_sum                                0x000043e9   Thumb Code    18  protocol.o(i.check_sum)
    delay_init                               0x00004439   Thumb Code    30  delay.o(i.delay_init)
    delay_ms                                 0x00004461   Thumb Code    24  delay.o(i.delay_ms)
    delay_us                                 0x00004479   Thumb Code    22  delay.o(i.delay_us)
    dmp_read_fifo                            0x00004491   Thumb Code   384  inv_mpu_dmp_motion_driver.o(i.dmp_read_fifo)
    eusci_calcBaudDividers                   0x00004615   Thumb Code   296  baudarte.o(i.eusci_calcBaudDividers)
    fabs                                     0x0000474d   Thumb Code    24  fabs.o(i.fabs)
    fputc                                    0x00004765   Thumb Code    16  usart.o(i.fputc)
    main                                     0x00004779   Thumb Code  4572  main.o(i.main)
    mget_ms                                  0x0000595d   Thumb Code     6  inv_mpu.o(i.mget_ms)
    mpu_dmp_get_data                         0x00005965   Thumb Code   344  inv_mpu.o(i.mpu_dmp_get_data)
    mpu_read_fifo_stream                     0x00005ac9   Thumb Code   166  inv_mpu.o(i.mpu_read_fifo_stream)
    mpu_reset_fifo                           0x00005b75   Thumb Code   360  inv_mpu.o(i.mpu_reset_fifo)
    oled_pow                                 0x00005ce1   Thumb Code    16  oled.o(i.oled_pow)
    protocol_init                            0x00005cf1   Thumb Code    20  protocol.o(i.protocol_init)
    set_computer_value                       0x00005d09   Thumb Code    80  protocol.o(i.set_computer_value)
    set_motor_disable                        0x00005d61   Thumb Code     8  bsp_motor.o(i.set_motor_disable)
    set_motor_enable                         0x00005d6d   Thumb Code     8  bsp_motor.o(i.set_motor_enable)
    set_p_i_d                                0x00005d79   Thumb Code    14  bsp_pid.o(i.set_p_i_d)
    set_pid_target                           0x00005d87   Thumb Code     6  bsp_pid.o(i.set_pid_target)
    sqrt                                     0x00005d8d   Thumb Code   110  sqrt.o(i.sqrt)
    uart_init                                0x00005dfd   Thumb Code    82  usart.o(i.uart_init)
    uart_init0                               0x00005e5d   Thumb Code    82  usart.o(i.uart_init0)
    uart_init2                               0x00005ebd   Thumb Code    82  usart.o(i.uart_init2)
    _get_lc_ctype                            0x00005f1d   Thumb Code    44  lc_ctype_c.o(locale$$code)
    __aeabi_dneg                             0x00005f49   Thumb Code     0  basic.o(x$fpl$basic)
    _dneg                                    0x00005f49   Thumb Code     6  basic.o(x$fpl$basic)
    __aeabi_fneg                             0x00005f4f   Thumb Code     0  basic.o(x$fpl$basic)
    _fneg                                    0x00005f4f   Thumb Code     6  basic.o(x$fpl$basic)
    _dabs                                    0x00005f55   Thumb Code     6  basic.o(x$fpl$basic)
    _fabs                                    0x00005f5b   Thumb Code     6  basic.o(x$fpl$basic)
    __aeabi_d2f                              0x00005f61   Thumb Code     0  d2f.o(x$fpl$d2f)
    _d2f                                     0x00005f61   Thumb Code    98  d2f.o(x$fpl$d2f)
    __aeabi_dadd                             0x00005fc5   Thumb Code     0  daddsub_clz.o(x$fpl$dadd)
    _dadd                                    0x00005fc5   Thumb Code   332  daddsub_clz.o(x$fpl$dadd)
    __fpl_dcmp_Inf                           0x00006115   Thumb Code    24  dcmpi.o(x$fpl$dcmpinf)
    __aeabi_ddiv                             0x0000612d   Thumb Code     0  ddiv.o(x$fpl$ddiv)
    _ddiv                                    0x0000612d   Thumb Code   552  ddiv.o(x$fpl$ddiv)
    __aeabi_cdcmple                          0x000063dd   Thumb Code     0  dleqf.o(x$fpl$dleqf)
    _dcmple                                  0x000063dd   Thumb Code   120  dleqf.o(x$fpl$dleqf)
    __fpl_dcmple_InfNaN                      0x0000643f   Thumb Code     0  dleqf.o(x$fpl$dleqf)
    __aeabi_dmul                             0x00006455   Thumb Code     0  dmul.o(x$fpl$dmul)
    _dmul                                    0x00006455   Thumb Code   332  dmul.o(x$fpl$dmul)
    __fpl_dnaninf                            0x000065a9   Thumb Code   156  dnaninf.o(x$fpl$dnaninf)
    __fpl_dretinf                            0x00006645   Thumb Code    12  dretinf.o(x$fpl$dretinf)
    __aeabi_cdrcmple                         0x00006651   Thumb Code     0  drleqf.o(x$fpl$drleqf)
    _drcmple                                 0x00006651   Thumb Code   108  drleqf.o(x$fpl$drleqf)
    __aeabi_drsub                            0x000066bd   Thumb Code     0  daddsub_clz.o(x$fpl$drsb)
    _drsb                                    0x000066bd   Thumb Code    22  daddsub_clz.o(x$fpl$drsb)
    _dsqrt                                   0x000066d5   Thumb Code   404  dsqrt_umaal.o(x$fpl$dsqrt)
    __aeabi_dsub                             0x0000686d   Thumb Code     0  daddsub_clz.o(x$fpl$dsub)
    _dsub                                    0x0000686d   Thumb Code   464  daddsub_clz.o(x$fpl$dsub)
    __aeabi_f2d                              0x00006a41   Thumb Code     0  f2d.o(x$fpl$f2d)
    _f2d                                     0x00006a41   Thumb Code    86  f2d.o(x$fpl$f2d)
    __fpl_fnaninf                            0x00006a97   Thumb Code   140  fnaninf.o(x$fpl$fnaninf)
    _fp_init                                 0x00006b23   Thumb Code    10  fpinit.o(x$fpl$fpinit)
    __fplib_config_fpu_vfp                   0x00006b2b   Thumb Code     0  fpinit.o(x$fpl$fpinit)
    __fplib_config_pureend_doubles           0x00006b2b   Thumb Code     0  fpinit.o(x$fpl$fpinit)
    __fpl_fretinf                            0x00006b2d   Thumb Code    10  fretinf.o(x$fpl$fretinf)
    __I$use$fp                               0x00006b36   Number         0  usenofp.o(x$fpl$usenofp)
    asc2_0806                                0x00006b36   Data         570  oled.o(.constdata)
    asc2_1608                                0x00006d70   Data        1520  oled.o(.constdata)
    Hzk                                      0x00007360   Data         224  oled.o(.constdata)
    reg                                      0x000074b8   Data          27  inv_mpu.o(.constdata)
    hw                                       0x000074d4   Data          12  inv_mpu.o(.constdata)
    test                                     0x000074e0   Data          40  inv_mpu.o(.constdata)
    __mathlib_zero                           0x00007708   Data           8  qnan.o(.constdata)
    Region$$Table$$Base                      0x00007710   Number         0  anon$$obj.o(Region$$Table)
    Region$$Table$$Limit                     0x00007730   Number         0  anon$$obj.o(Region$$Table)
    __ctype                                  0x0000773d   Data           0  lc_ctype_c.o(locale$$data)
    Car1_Stop                                0x20000006   Data           1  main.o(.data)
    Car2_Start                               0x20000007   Data           1  main.o(.data)
    Car1_Num                                 0x20000008   Data           1  main.o(.data)
    Num_Count                                0x2000000c   Data           1  myconfig.o(.data)
    Num_Count2                               0x2000000d   Data           1  myconfig.o(.data)
    Num_Count3                               0x2000000e   Data           1  myconfig.o(.data)
    Reflectance_Data                         0x20000015   Data           1  myconfig.o(.data)
    Last_Reflectance_Data                    0x20000016   Data           1  myconfig.o(.data)
    TempData                                 0x20000017   Data           1  myconfig.o(.data)
    Temp_Angle                               0x20000018   Data           1  myconfig.o(.data)
    Cardat                                   0x20000019   Data           1  myconfig.o(.data)
    rx_pointer                               0x2000001a   Data           1  myconfig.o(.data)
    Delay10msCnt                             0x2000001c   Data           2  myconfig.o(.data)
    PWMtemp1                                 0x20000020   Data           4  myconfig.o(.data)
    PWMtemp2                                 0x20000024   Data           4  myconfig.o(.data)
    PWMtemp3                                 0x20000028   Data           4  myconfig.o(.data)
    PWMtemp4                                 0x2000002c   Data           4  myconfig.o(.data)
    Temp_Num                                 0x20000030   Data           4  myconfig.o(.data)
    Sensor_Num_Temp                          0x20000034   Data           4  myconfig.o(.data)
    Last_Num                                 0x20000038   Data           4  myconfig.o(.data)
    Motor_enable_Flag                        0x2000003c   Data           1  bsp_motor.o(.data)
    TIMA2_CAP_STA                            0x2000003e   Data           1  tima.o(.data)
    TIMA2_CAP_VAL                            0x20000040   Data           2  tima.o(.data)
    __stdout                                 0x20000044   Data           4  usart.o(.data)
    SensorData1                              0x20000088   Data           8  k210.o(.data)
    Flag                                     0x20000098   Data         104  myconfig.o(.bss)
    Cardata                                  0x20000100   Data          30  myconfig.o(.bss)
    Encoder                                  0x20000120   Data          64  bsp_encoder.o(.bss)
    Keys                                     0x20000160   Data          16  key.o(.bss)
    speed_pid                                0x20000180   Data          40  bsp_pid.o(.bss)
    move_pid                                 0x200001a8   Data          40  bsp_pid.o(.bss)
    speed_pid2                               0x200001d0   Data          40  bsp_pid.o(.bss)
    move_pid2                                0x200001f8   Data          40  bsp_pid.o(.bss)
    speed_pid3                               0x20000220   Data          40  bsp_pid.o(.bss)
    move_pid3                                0x20000248   Data          40  bsp_pid.o(.bss)
    speed_pid4                               0x20000270   Data          40  bsp_pid.o(.bss)
    move_pid4                                0x20000298   Data          40  bsp_pid.o(.bss)
    Dir_pid                                  0x200002c0   Data          40  bsp_pid.o(.bss)
    Dir_pid2                                 0x200002e8   Data          40  bsp_pid.o(.bss)
    __libspace_start                         0x200003b4   Data          96  libspace.o(.bss)
    __temporary_stack_top$libspace           0x20000414   Data           0  libspace.o(.bss)



==============================================================================

Memory Map of the image

  Image Entry point : 0x00000145

  Load Region LR_IROM1 (Base: 0x00000000, Size: 0x000078d8, Max: 0x00040000, ABSOLUTE)

    Execution Region ER_IROM1 (Exec base: 0x00000000, Load base: 0x00000000, Size: 0x00007840, Max: 0x00040000, ABSOLUTE)

    Exec Addr    Load Addr    Size         Type   Attr      Idx    E Section Name        Object

    0x00000000   0x00000000   0x00000144   Data   RO         2104    RESET               startup_msp432p401r_uvision.o
    0x00000144   0x00000144   0x00000008   Code   RO         3284  * !!!main             c_w.l(__main.o)
    0x0000014c   0x0000014c   0x00000034   Code   RO         3613    !!!scatter          c_w.l(__scatter.o)
    0x00000180   0x00000180   0x0000001a   Code   RO         3615    !!handler_copy      c_w.l(__scatter_copy.o)
    0x0000019a   0x0000019a   0x00000002   PAD
    0x0000019c   0x0000019c   0x0000001c   Code   RO         3617    !!handler_zi        c_w.l(__scatter_zi.o)
    0x000001b8   0x000001b8   0x00000000   Code   RO         3265    .ARM.Collect$$_printf_percent$$00000000  c_w.l(_printf_percent.o)
    0x000001b8   0x000001b8   0x00000006   Code   RO         3263    .ARM.Collect$$_printf_percent$$0000000C  c_w.l(_printf_x.o)
    0x000001be   0x000001be   0x00000006   Code   RO         3262    .ARM.Collect$$_printf_percent$$00000013  c_w.l(_printf_c.o)
    0x000001c4   0x000001c4   0x00000004   Code   RO         3359    .ARM.Collect$$_printf_percent$$00000017  c_w.l(_printf_percent_end.o)
    0x000001c8   0x000001c8   0x00000002   Code   RO         3476    .ARM.Collect$$libinit$$00000000  c_w.l(libinit.o)
    0x000001ca   0x000001ca   0x00000004   Code   RO         3491    .ARM.Collect$$libinit$$00000001  c_w.l(libinit2.o)
    0x000001ce   0x000001ce   0x00000000   Code   RO         3494    .ARM.Collect$$libinit$$00000004  c_w.l(libinit2.o)
    0x000001ce   0x000001ce   0x00000000   Code   RO         3497    .ARM.Collect$$libinit$$0000000A  c_w.l(libinit2.o)
    0x000001ce   0x000001ce   0x00000000   Code   RO         3499    .ARM.Collect$$libinit$$0000000C  c_w.l(libinit2.o)
    0x000001ce   0x000001ce   0x00000000   Code   RO         3501    .ARM.Collect$$libinit$$0000000E  c_w.l(libinit2.o)
    0x000001ce   0x000001ce   0x00000006   Code   RO         3502    .ARM.Collect$$libinit$$0000000F  c_w.l(libinit2.o)
    0x000001d4   0x000001d4   0x00000000   Code   RO         3504    .ARM.Collect$$libinit$$00000011  c_w.l(libinit2.o)
    0x000001d4   0x000001d4   0x0000000c   Code   RO         3505    .ARM.Collect$$libinit$$00000012  c_w.l(libinit2.o)
    0x000001e0   0x000001e0   0x00000000   Code   RO         3506    .ARM.Collect$$libinit$$00000013  c_w.l(libinit2.o)
    0x000001e0   0x000001e0   0x00000000   Code   RO         3508    .ARM.Collect$$libinit$$00000015  c_w.l(libinit2.o)
    0x000001e0   0x000001e0   0x00000000   Code   RO         3510    .ARM.Collect$$libinit$$00000017  c_w.l(libinit2.o)
    0x000001e0   0x000001e0   0x00000000   Code   RO         3512    .ARM.Collect$$libinit$$00000019  c_w.l(libinit2.o)
    0x000001e0   0x000001e0   0x00000000   Code   RO         3514    .ARM.Collect$$libinit$$0000001B  c_w.l(libinit2.o)
    0x000001e0   0x000001e0   0x00000000   Code   RO         3516    .ARM.Collect$$libinit$$0000001D  c_w.l(libinit2.o)
    0x000001e0   0x000001e0   0x00000000   Code   RO         3518    .ARM.Collect$$libinit$$0000001F  c_w.l(libinit2.o)
    0x000001e0   0x000001e0   0x00000000   Code   RO         3520    .ARM.Collect$$libinit$$00000021  c_w.l(libinit2.o)
    0x000001e0   0x000001e0   0x00000000   Code   RO         3522    .ARM.Collect$$libinit$$00000023  c_w.l(libinit2.o)
    0x000001e0   0x000001e0   0x00000000   Code   RO         3524    .ARM.Collect$$libinit$$00000025  c_w.l(libinit2.o)
    0x000001e0   0x000001e0   0x00000000   Code   RO         3528    .ARM.Collect$$libinit$$0000002C  c_w.l(libinit2.o)
    0x000001e0   0x000001e0   0x00000000   Code   RO         3530    .ARM.Collect$$libinit$$0000002E  c_w.l(libinit2.o)
    0x000001e0   0x000001e0   0x00000000   Code   RO         3532    .ARM.Collect$$libinit$$00000030  c_w.l(libinit2.o)
    0x000001e0   0x000001e0   0x00000000   Code   RO         3534    .ARM.Collect$$libinit$$00000032  c_w.l(libinit2.o)
    0x000001e0   0x000001e0   0x00000002   Code   RO         3535    .ARM.Collect$$libinit$$00000033  c_w.l(libinit2.o)
    0x000001e2   0x000001e2   0x00000002   Code   RO         3565    .ARM.Collect$$libshutdown$$00000000  c_w.l(libshutdown.o)
    0x000001e4   0x000001e4   0x00000000   Code   RO         3579    .ARM.Collect$$libshutdown$$00000002  c_w.l(libshutdown2.o)
    0x000001e4   0x000001e4   0x00000000   Code   RO         3581    .ARM.Collect$$libshutdown$$00000004  c_w.l(libshutdown2.o)
    0x000001e4   0x000001e4   0x00000000   Code   RO         3584    .ARM.Collect$$libshutdown$$00000007  c_w.l(libshutdown2.o)
    0x000001e4   0x000001e4   0x00000000   Code   RO         3587    .ARM.Collect$$libshutdown$$0000000A  c_w.l(libshutdown2.o)
    0x000001e4   0x000001e4   0x00000000   Code   RO         3589    .ARM.Collect$$libshutdown$$0000000C  c_w.l(libshutdown2.o)
    0x000001e4   0x000001e4   0x00000000   Code   RO         3592    .ARM.Collect$$libshutdown$$0000000F  c_w.l(libshutdown2.o)
    0x000001e4   0x000001e4   0x00000002   Code   RO         3593    .ARM.Collect$$libshutdown$$00000010  c_w.l(libshutdown2.o)
    0x000001e6   0x000001e6   0x00000000   Code   RO         3344    .ARM.Collect$$rtentry$$00000000  c_w.l(__rtentry.o)
    0x000001e6   0x000001e6   0x00000000   Code   RO         3423    .ARM.Collect$$rtentry$$00000002  c_w.l(__rtentry2.o)
    0x000001e6   0x000001e6   0x00000006   Code   RO         3435    .ARM.Collect$$rtentry$$00000004  c_w.l(__rtentry4.o)
    0x000001ec   0x000001ec   0x00000000   Code   RO         3425    .ARM.Collect$$rtentry$$00000009  c_w.l(__rtentry2.o)
    0x000001ec   0x000001ec   0x00000004   Code   RO         3426    .ARM.Collect$$rtentry$$0000000A  c_w.l(__rtentry2.o)
    0x000001f0   0x000001f0   0x00000000   Code   RO         3428    .ARM.Collect$$rtentry$$0000000C  c_w.l(__rtentry2.o)
    0x000001f0   0x000001f0   0x00000008   Code   RO         3429    .ARM.Collect$$rtentry$$0000000D  c_w.l(__rtentry2.o)
    0x000001f8   0x000001f8   0x00000002   Code   RO         3477    .ARM.Collect$$rtexit$$00000000  c_w.l(rtexit.o)
    0x000001fa   0x000001fa   0x00000000   Code   RO         3537    .ARM.Collect$$rtexit$$00000002  c_w.l(rtexit2.o)
    0x000001fa   0x000001fa   0x00000004   Code   RO         3538    .ARM.Collect$$rtexit$$00000003  c_w.l(rtexit2.o)
    0x000001fe   0x000001fe   0x00000006   Code   RO         3539    .ARM.Collect$$rtexit$$00000004  c_w.l(rtexit2.o)
    0x00000204   0x00000204   0x00000026   Code   RO         3048    .emb_text           msp432p4xx_driverlib.lib(cpu.o)
    0x0000022a   0x0000022a   0x00000002   PAD
    0x0000022c   0x0000022c   0x0000003c   Code   RO         2105    .text               startup_msp432p401r_uvision.o
    0x00000268   0x00000268   0x00000002   Code   RO         3201    .text               c_w.l(use_no_semi_2.o)
    0x0000026a   0x0000026a   0x00000002   PAD
    0x0000026c   0x0000026c   0x00000018   Code   RO         3209    .text               c_w.l(noretval__2printf.o)
    0x00000284   0x00000284   0x00000028   Code   RO         3211    .text               c_w.l(noretval__2sprintf.o)
    0x000002ac   0x000002ac   0x00000052   Code   RO         3217    .text               c_w.l(_printf_str.o)
    0x000002fe   0x000002fe   0x00000002   PAD
    0x00000300   0x00000300   0x00000058   Code   RO         3224    .text               c_w.l(_printf_hex_int.o)
    0x00000358   0x00000358   0x00000138   Code   RO         3254    .text               c_w.l(__printf_flags_wp.o)
    0x00000490   0x00000490   0x0000003c   Code   RO         3266    .text               c_w.l(__0sscanf.o)
    0x000004cc   0x000004cc   0x000000e0   Code   RO         3268    .text               c_w.l(_scanf_str.o)
    0x000005ac   0x000005ac   0x00000064   Code   RO         3274    .text               c_w.l(rt_memcpy_w.o)
    0x00000610   0x00000610   0x00000044   Code   RO         3278    .text               c_w.l(rt_memclr.o)
    0x00000654   0x00000654   0x0000004e   Code   RO         3280    .text               c_w.l(rt_memclr_w.o)
    0x000006a2   0x000006a2   0x00000006   Code   RO         3282    .text               c_w.l(heapauxi.o)
    0x000006a8   0x000006a8   0x00000002   Code   RO         3342    .text               c_w.l(use_no_semi.o)
    0x000006aa   0x000006aa   0x00000016   Code   RO         3347    .text               c_w.l(_rserrno.o)
    0x000006c0   0x000006c0   0x000000b2   Code   RO         3349    .text               c_w.l(_printf_intcommon.o)
    0x00000772   0x00000772   0x00000002   PAD
    0x00000774   0x00000774   0x00000030   Code   RO         3351    .text               c_w.l(_printf_char_common.o)
    0x000007a4   0x000007a4   0x0000000a   Code   RO         3353    .text               c_w.l(_sputc.o)
    0x000007ae   0x000007ae   0x0000002c   Code   RO         3355    .text               c_w.l(_printf_char.o)
    0x000007da   0x000007da   0x00000002   PAD
    0x000007dc   0x000007dc   0x00000024   Code   RO         3357    .text               c_w.l(_printf_char_file.o)
    0x00000800   0x00000800   0x0000002c   Code   RO         3360    .text               c_w.l(scanf_char.o)
    0x0000082c   0x0000082c   0x00000040   Code   RO         3362    .text               c_w.l(_sgetc.o)
    0x0000086c   0x0000086c   0x00000008   Code   RO         3444    .text               c_w.l(rt_errno_addr_intlibspace.o)
    0x00000874   0x00000874   0x00000012   Code   RO         3446    .text               c_w.l(isspace.o)
    0x00000886   0x00000886   0x00000002   PAD
    0x00000888   0x00000888   0x00000374   Code   RO         3450    .text               c_w.l(_scanf.o)
    0x00000bfc   0x00000bfc   0x00000008   Code   RO         3452    .text               c_w.l(ferror.o)
    0x00000c04   0x00000c04   0x00000008   Code   RO         3460    .text               c_w.l(libspace.o)
    0x00000c0c   0x00000c0c   0x0000004a   Code   RO         3463    .text               c_w.l(sys_stackheap_outer.o)
    0x00000c56   0x00000c56   0x00000002   PAD
    0x00000c58   0x00000c58   0x00000010   Code   RO         3465    .text               c_w.l(rt_ctype_table.o)
    0x00000c68   0x00000c68   0x00000012   Code   RO         3469    .text               c_w.l(exit.o)
    0x00000c7a   0x00000c7a   0x00000002   PAD
    0x00000c7c   0x00000c7c   0x00000008   Code   RO         3482    .text               c_w.l(rt_locale_intlibspace.o)
    0x00000c84   0x00000c84   0x00000080   Code   RO         3549    .text               c_w.l(strcmpv7m.o)
    0x00000d04   0x00000d04   0x00000024   Code   RO         2164    i.CS_clearInterruptFlag  msp432p4xx_driverlib.lib(cs.o)
    0x00000d28   0x00000d28   0x00000018   Code   RO         2173    i.CS_getACLK        msp432p4xx_driverlib.lib(cs.o)
    0x00000d40   0x00000d40   0x0000010c   Code   RO         2175    i.CS_getDCOFrequency  msp432p4xx_driverlib.lib(cs.o)
    0x00000e4c   0x00000e4c   0x00000018   Code   RO         2179    i.CS_getMCLK        msp432p4xx_driverlib.lib(cs.o)
    0x00000e64   0x00000e64   0x00000018   Code   RO         2180    i.CS_getSMCLK       msp432p4xx_driverlib.lib(cs.o)
    0x00000e7c   0x00000e7c   0x0000000c   Code   RO         2187    i.CS_setExternalClockSourceFrequency  msp432p4xx_driverlib.lib(cs.o)
    0x00000e88   0x00000e88   0x00000006   Code   RO         2190    i.CS_startHFXT      msp432p4xx_driverlib.lib(cs.o)
    0x00000e8e   0x00000e8e   0x00000002   PAD
    0x00000e90   0x00000e90   0x000000a0   Code   RO         2191    i.CS_startHFXTWithTimeout  msp432p4xx_driverlib.lib(cs.o)
    0x00000f30   0x00000f30   0x00000006   Code   RO         2192    i.CS_startLFXT      msp432p4xx_driverlib.lib(cs.o)
    0x00000f36   0x00000f36   0x00000002   PAD
    0x00000f38   0x00000f38   0x000000a0   Code   RO         2193    i.CS_startLFXTWithTimeout  msp432p4xx_driverlib.lib(cs.o)
    0x00000fd8   0x00000fd8   0x00000080   Code   RO         2000    i.CTRL_compute_Direction  control.o
    0x00001058   0x00001058   0x00000150   Code   RO         2001    i.CTRL_compute_Position  control.o
    0x000011a8   0x000011a8   0x000000d0   Code   RO         2003    i.CTRL_compute_Speed  control.o
    0x00001278   0x00001278   0x00000080   Code   RO         2004    i.Car_Go            control.o
    0x000012f8   0x000012f8   0x000000cc   Code   RO         2006    i.Car_Spin          control.o
    0x000013c4   0x000013c4   0x0000003c   Code   RO          261    i.EUSCIA0_IRQHandler  myconfig.o
    0x00001400   0x00001400   0x0000003c   Code   RO          262    i.EUSCIA2_IRQHandler  myconfig.o
    0x0000143c   0x0000143c   0x00000034   Code   RO          263    i.EUSCIA3_IRQHandler  myconfig.o
    0x00001470   0x00001470   0x00000084   Code   RO          327    i.Encoder_Scan      bsp_encoder.o
    0x000014f4   0x000014f4   0x00000014   Code   RO         2435    i.GPIO_getInputPinValue  msp432p4xx_driverlib.lib(gpio.o)
    0x00001508   0x00001508   0x00000024   Code   RO         2439    i.GPIO_setAsInputPin  msp432p4xx_driverlib.lib(gpio.o)
    0x0000152c   0x0000152c   0x00000020   Code   RO         2442    i.GPIO_setAsOutputPin  msp432p4xx_driverlib.lib(gpio.o)
    0x0000154c   0x0000154c   0x00000014   Code   RO         2447    i.GPIO_setOutputHighOnPin  msp432p4xx_driverlib.lib(gpio.o)
    0x00001560   0x00001560   0x00000014   Code   RO         2448    i.GPIO_setOutputLowOnPin  msp432p4xx_driverlib.lib(gpio.o)
    0x00001574   0x00001574   0x000000a8   Code   RO         2077    i.Get_Data_To_Array  k210.o
    0x0000161c   0x0000161c   0x00000010   Code   RO          614    i.I2C_SW_Configuration  oled.o
    0x0000162c   0x0000162c   0x00000014   Code   RO          615    i.I2C_Start         oled.o
    0x00001640   0x00001640   0x00000014   Code   RO          616    i.I2C_Stop          oled.o
    0x00001654   0x00001654   0x00000014   Code   RO          617    i.I2C_WaitAck       oled.o
    0x00001668   0x00001668   0x0000003a   Code   RO         1134    i.IIC_Ack           iic.o
    0x000016a2   0x000016a2   0x00000026   Code   RO         1135    i.IIC_Init          iic.o
    0x000016c8   0x000016c8   0x0000003a   Code   RO         1136    i.IIC_NAck          iic.o
    0x00001702   0x00001702   0x00000056   Code   RO         1137    i.IIC_Read_Byte     iic.o
    0x00001758   0x00001758   0x00000070   Code   RO         1138    i.IIC_Send_Byte     iic.o
    0x000017c8   0x000017c8   0x0000003a   Code   RO         1139    i.IIC_Start         iic.o
    0x00001802   0x00001802   0x0000003a   Code   RO         1140    i.IIC_Stop          iic.o
    0x0000183c   0x0000183c   0x0000004c   Code   RO         1141    i.IIC_Wait_Ack      iic.o
    0x00001888   0x00001888   0x0000005c   Code   RO         2578    i.Interrupt_enableInterrupt  msp432p4xx_driverlib.lib(interrupt.o)
    0x000018e4   0x000018e4   0x0000000e   Code   RO         2579    i.Interrupt_enableMaster  msp432p4xx_driverlib.lib(interrupt.o)
    0x000018f2   0x000018f2   0x00000002   PAD
    0x000018f4   0x000018f4   0x00000010   Code   RO          370    i.KEY_Init          key.o
    0x00001904   0x00001904   0x000000c0   Code   RO          373    i.Key_Scan2         key.o
    0x000019c4   0x000019c4   0x0000000c   Code   RO          419    i.LED_B_Off         led.o
    0x000019d0   0x000019d0   0x0000000c   Code   RO          420    i.LED_B_On          led.o
    0x000019dc   0x000019dc   0x0000000c   Code   RO          423    i.LED_G_Off         led.o
    0x000019e8   0x000019e8   0x0000000c   Code   RO          424    i.LED_G_On          led.o
    0x000019f4   0x000019f4   0x00000030   Code   RO          426    i.LED_Init          led.o
    0x00001a24   0x00001a24   0x0000000c   Code   RO          428    i.LED_RED_Off       led.o
    0x00001a30   0x00001a30   0x0000000c   Code   RO          431    i.LED_R_Off         led.o
    0x00001a3c   0x00001a3c   0x00000044   Code   RO         1201    i.MPU_Get_Gyroscope  bsp_mpu6050.o
    0x00001a80   0x00001a80   0x00000096   Code   RO         1203    i.MPU_Init          bsp_mpu6050.o
    0x00001b16   0x00001b16   0x0000003a   Code   RO         1204    i.MPU_Read_Byte     bsp_mpu6050.o
    0x00001b50   0x00001b50   0x00000062   Code   RO         1205    i.MPU_Read_Len      bsp_mpu6050.o
    0x00001bb2   0x00001bb2   0x0000000a   Code   RO         1206    i.MPU_Set_Accel_Fsr  bsp_mpu6050.o
    0x00001bbc   0x00001bbc   0x0000000a   Code   RO         1207    i.MPU_Set_Gyro_Fsr  bsp_mpu6050.o
    0x00001bc6   0x00001bc6   0x00000030   Code   RO         1208    i.MPU_Set_LPF       bsp_mpu6050.o
    0x00001bf6   0x00001bf6   0x0000002c   Code   RO         1209    i.MPU_Set_Rate      bsp_mpu6050.o
    0x00001c22   0x00001c22   0x0000004a   Code   RO         1210    i.MPU_Write_Byte    bsp_mpu6050.o
    0x00001c6c   0x00001c6c   0x0000005a   Code   RO         1211    i.MPU_Write_Len     bsp_mpu6050.o
    0x00001cc6   0x00001cc6   0x00000002   PAD
    0x00001cc8   0x00001cc8   0x0000035c   Code   RO            4    i.Menudisplay       main.o
    0x00002024   0x00002024   0x00000154   Code   RO          551    i.Motor_Control     bsp_motor.o
    0x00002178   0x00002178   0x000000d4   Code   RO          553    i.Motor_Init        bsp_motor.o
    0x0000224c   0x0000224c   0x00000174   Code   RO          328    i.Motor_Init_bianmaqi  bsp_encoder.o
    0x000023c0   0x000023c0   0x0000003c   Code   RO          618    i.OLED_Clear        oled.o
    0x000023fc   0x000023fc   0x000000ee   Code   RO          624    i.OLED_Init         oled.o
    0x000024ea   0x000024ea   0x00000028   Code   RO          625    i.OLED_Set_Pos      oled.o
    0x00002512   0x00002512   0x000000fa   Code   RO          626    i.OLED_ShowBNum     oled.o
    0x0000260c   0x0000260c   0x00000044   Code   RO          627    i.OLED_ShowBin      oled.o
    0x00002650   0x00002650   0x00000094   Code   RO          628    i.OLED_ShowChar     oled.o
    0x000026e4   0x000026e4   0x00000080   Code   RO          630    i.OLED_ShowNum      oled.o
    0x00002764   0x00002764   0x0000003c   Code   RO          631    i.OLED_ShowString   oled.o
    0x000027a0   0x000027a0   0x0000003a   Code   RO          633    i.OLED_WR_Byte      oled.o
    0x000027da   0x000027da   0x00000002   PAD
    0x000027dc   0x000027dc   0x0000001c   Code   RO         1831    i.PID_Clear         bsp_pid.o
    0x000027f8   0x000027f8   0x00000034   Code   RO         1832    i.PID_param_init    bsp_pid.o
    0x0000282c   0x0000282c   0x00000042   Code   RO         1833    i.PID_realize       bsp_pid.o
    0x0000286e   0x0000286e   0x00000002   PAD
    0x00002870   0x00002870   0x00000148   Code   RO          329    i.PORT4_IRQHandler  bsp_encoder.o
    0x000029b8   0x000029b8   0x00000010   Code   RO          773    i.Reflectance_Init2  reflectance.o
    0x000029c8   0x000029c8   0x00000010   Code   RO          776    i.Reflectance_Read2  reflectance.o
    0x000029d8   0x000029d8   0x00000038   Code   RO          634    i.Send_Byte         oled.o
    0x00002a10   0x00002a10   0x00000068   Code   RO          839    i.Servo_Control2    bsp_servo.o
    0x00002a78   0x00002a78   0x00000064   Code   RO          840    i.Servo_Init        bsp_servo.o
    0x00002adc   0x00002adc   0x00000048   Code   RO          842    i.Servo_Scan2       bsp_servo.o
    0x00002b24   0x00002b24   0x000000a8   Code   RO          554    i.Set_PWM           bsp_motor.o
    0x00002bcc   0x00002bcc   0x000000a8   Code   RO          555    i.Set_PWM2          bsp_motor.o
    0x00002c74   0x00002c74   0x00000010   Code   RO         3071    i.SysCtl_A_disableNMISource  msp432p4xx_driverlib.lib(sysctl_a.o)
    0x00002c84   0x00002c84   0x00000010   Code   RO         3076    i.SysCtl_A_enableNMISource  msp432p4xx_driverlib.lib(sysctl_a.o)
    0x00002c94   0x00002c94   0x00000010   Code   RO         3082    i.SysCtl_A_getNMISourceStatus  msp432p4xx_driverlib.lib(sysctl_a.o)
    0x00002ca4   0x00002ca4   0x00000048   Code   RO         3084    i.SysCtl_A_getTLVInfo  msp432p4xx_driverlib.lib(sysctl_a.o)
    0x00002cec   0x00002cec   0x000000a0   Code   RO         1067    i.SysInit1          sysinit.o
    0x00002d8c   0x00002d8c   0x00000060   Code   RO         2113    i.SystemInit        system_msp432p401r.o
    0x00002dec   0x00002dec   0x00000014   Code   RO          264    i.T32_INT1_IRQHandler  myconfig.o
    0x00002e00   0x00002e00   0x000007c0   Code   RO          265    i.TA0_0_IRQHandler  myconfig.o
    0x000035c0   0x000035c0   0x000000b0   Code   RO          917    i.TA2_N_IRQHandler  tima.o
    0x00003670   0x00003670   0x00000054   Code   RO          918    i.TimA0_Int_Init    tima.o
    0x000036c4   0x000036c4   0x00000010   Code   RO         2728    i.Timer_A_getCaptureCompareCount  msp432p4xx_driverlib.lib(timer_a.o)
    0x000036d4   0x000036d4   0x00000010   Code   RO         2739    i.Timer_A_setCompareValue  msp432p4xx_driverlib.lib(timer_a.o)
    0x000036e4   0x000036e4   0x00000016   Code   RO         2907    i.UART_enableInterrupt  msp432p4xx_driverlib.lib(uart.o)
    0x000036fa   0x000036fa   0x00000026   Code   RO         2909    i.UART_getEnabledInterruptStatus  msp432p4xx_driverlib.lib(uart.o)
    0x00003720   0x00003720   0x00000092   Code   RO         2913    i.UART_initModule   msp432p4xx_driverlib.lib(uart.o)
    0x000037b2   0x000037b2   0x00000016   Code   RO         2922    i.UART_transmitData  msp432p4xx_driverlib.lib(uart.o)
    0x000037c8   0x000037c8   0x00000028   Code   RO          967    i.USART_SendCharArr  usart.o
    0x000037f0   0x000037f0   0x0000009c   Code   RO            6    i.Uart_Rx_Process   main.o
    0x0000388c   0x0000388c   0x000000c0   Code   RO         2196    i._CSComputeCLKFrequency  msp432p4xx_driverlib.lib(cs.o)
    0x0000394c   0x0000394c   0x00000098   Code   RO         2197    i._CSGetHFXTFrequency  msp432p4xx_driverlib.lib(cs.o)
    0x000039e4   0x000039e4   0x00000030   Code   RO         3405    i.__ARM_fpclassify  m_wm.l(fpclassify.o)
    0x00003a14   0x00003a14   0x00000004   PAD
    0x00003a18   0x00003a18   0x00000360   Code   RO         3310    i.__hardfp_asin     m_wm.l(asin.o)
    0x00003d78   0x00003d78   0x000002d8   Code   RO         3377    i.__hardfp_atan     m_wm.l(atan.o)
    0x00004050   0x00004050   0x000001f0   Code   RO         3324    i.__hardfp_atan2    m_wm.l(atan2.o)
    0x00004240   0x00004240   0x00000014   Code   RO         3336    i.__hardfp_fabs     m_wm.l(fabs.o)
    0x00004254   0x00004254   0x000000f8   Code   RO         3407    i.__kernel_poly     m_wm.l(poly.o)
    0x0000434c   0x0000434c   0x00000014   Code   RO         3392    i.__mathlib_dbl_infnan  m_wm.l(dunder.o)
    0x00004360   0x00004360   0x00000014   Code   RO         3393    i.__mathlib_dbl_infnan2  m_wm.l(dunder.o)
    0x00004374   0x00004374   0x00000004   PAD
    0x00004378   0x00004378   0x00000020   Code   RO         3394    i.__mathlib_dbl_invalid  m_wm.l(dunder.o)
    0x00004398   0x00004398   0x00000020   Code   RO         3397    i.__mathlib_dbl_underflow  m_wm.l(dunder.o)
    0x000043b8   0x000043b8   0x0000000e   Code   RO         3252    i._is_digit         c_w.l(__printf_wp.o)
    0x000043c6   0x000043c6   0x00000002   Code   RO          968    i._sys_exit         usart.o
    0x000043c8   0x000043c8   0x00000010   Code   RO         3379    i.atan              m_wm.l(atan.o)
    0x000043d8   0x000043d8   0x00000010   Code   RO         1037    i.bitPosition       baudarte.o
    0x000043e8   0x000043e8   0x00000012   Code   RO         1906    i.check_sum         protocol.o
    0x000043fa   0x000043fa   0x00000002   PAD
    0x000043fc   0x000043fc   0x0000003c   Code   RO         1290    i.decode_gesture    inv_mpu_dmp_motion_driver.o
    0x00004438   0x00004438   0x00000028   Code   RO         1091    i.delay_init        delay.o
    0x00004460   0x00004460   0x00000018   Code   RO         1092    i.delay_ms          delay.o
    0x00004478   0x00004478   0x00000016   Code   RO         1093    i.delay_us          delay.o
    0x0000448e   0x0000448e   0x00000002   PAD
    0x00004490   0x00004490   0x00000184   Code   RO         1300    i.dmp_read_fifo     inv_mpu_dmp_motion_driver.o
    0x00004614   0x00004614   0x00000138   Code   RO         1038    i.eusci_calcBaudDividers  baudarte.o
    0x0000474c   0x0000474c   0x00000018   Code   RO         3338    i.fabs              m_wm.l(fabs.o)
    0x00004764   0x00004764   0x00000014   Code   RO          969    i.fputc             usart.o
    0x00004778   0x00004778   0x000011e4   Code   RO            7    i.main              main.o
    0x0000595c   0x0000595c   0x00000006   Code   RO         1497    i.mget_ms           inv_mpu.o
    0x00005962   0x00005962   0x00000002   PAD
    0x00005964   0x00005964   0x00000164   Code   RO         1499    i.mpu_dmp_get_data  inv_mpu.o
    0x00005ac8   0x00005ac8   0x000000ac   Code   RO         1522    i.mpu_read_fifo_stream  inv_mpu.o
    0x00005b74   0x00005b74   0x0000016c   Code   RO         1526    i.mpu_reset_fifo    inv_mpu.o
    0x00005ce0   0x00005ce0   0x00000010   Code   RO          635    i.oled_pow          oled.o
    0x00005cf0   0x00005cf0   0x00000018   Code   RO         1912    i.protocol_init     protocol.o
    0x00005d08   0x00005d08   0x00000058   Code   RO         1917    i.set_computer_value  protocol.o
    0x00005d60   0x00005d60   0x0000000c   Code   RO          556    i.set_motor_disable  bsp_motor.o
    0x00005d6c   0x00005d6c   0x0000000c   Code   RO          557    i.set_motor_enable  bsp_motor.o
    0x00005d78   0x00005d78   0x0000000e   Code   RO         1835    i.set_p_i_d         bsp_pid.o
    0x00005d86   0x00005d86   0x00000006   Code   RO         1836    i.set_pid_target    bsp_pid.o
    0x00005d8c   0x00005d8c   0x0000006e   Code   RO         3412    i.sqrt              m_wm.l(sqrt.o)
    0x00005dfa   0x00005dfa   0x00000002   PAD
    0x00005dfc   0x00005dfc   0x00000060   Code   RO          970    i.uart_init         usart.o
    0x00005e5c   0x00005e5c   0x00000060   Code   RO          971    i.uart_init0        usart.o
    0x00005ebc   0x00005ebc   0x00000060   Code   RO          972    i.uart_init2        usart.o
    0x00005f1c   0x00005f1c   0x0000002c   Code   RO         3485    locale$$code        c_w.l(lc_ctype_c.o)
    0x00005f48   0x00005f48   0x00000018   Code   RO         3364    x$fpl$basic         fz_wm.l(basic.o)
    0x00005f60   0x00005f60   0x00000062   Code   RO         3286    x$fpl$d2f           fz_wm.l(d2f.o)
    0x00005fc2   0x00005fc2   0x00000002   PAD
    0x00005fc4   0x00005fc4   0x00000150   Code   RO         3288    x$fpl$dadd          fz_wm.l(daddsub_clz.o)
    0x00006114   0x00006114   0x00000018   Code   RO         3456    x$fpl$dcmpinf       fz_wm.l(dcmpi.o)
    0x0000612c   0x0000612c   0x000002b0   Code   RO         3295    x$fpl$ddiv          fz_wm.l(ddiv.o)
    0x000063dc   0x000063dc   0x00000078   Code   RO         3366    x$fpl$dleqf         fz_wm.l(dleqf.o)
    0x00006454   0x00006454   0x00000154   Code   RO         3304    x$fpl$dmul          fz_wm.l(dmul.o)
    0x000065a8   0x000065a8   0x0000009c   Code   RO         3368    x$fpl$dnaninf       fz_wm.l(dnaninf.o)
    0x00006644   0x00006644   0x0000000c   Code   RO         3370    x$fpl$dretinf       fz_wm.l(dretinf.o)
    0x00006650   0x00006650   0x0000006c   Code   RO         3306    x$fpl$drleqf        fz_wm.l(drleqf.o)
    0x000066bc   0x000066bc   0x00000016   Code   RO         3289    x$fpl$drsb          fz_wm.l(daddsub_clz.o)
    0x000066d2   0x000066d2   0x00000002   PAD
    0x000066d4   0x000066d4   0x00000198   Code   RO         3458    x$fpl$dsqrt         fz_wm.l(dsqrt_umaal.o)
    0x0000686c   0x0000686c   0x000001d4   Code   RO         3290    x$fpl$dsub          fz_wm.l(daddsub_clz.o)
    0x00006a40   0x00006a40   0x00000056   Code   RO         3308    x$fpl$f2d           fz_wm.l(f2d.o)
    0x00006a96   0x00006a96   0x0000008c   Code   RO         3372    x$fpl$fnaninf       fz_wm.l(fnaninf.o)
    0x00006b22   0x00006b22   0x0000000a   Code   RO         3553    x$fpl$fpinit        fz_wm.l(fpinit.o)
    0x00006b2c   0x00006b2c   0x0000000a   Code   RO         3374    x$fpl$fretinf       fz_wm.l(fretinf.o)
    0x00006b36   0x00006b36   0x00000000   Code   RO         3376    x$fpl$usenofp       fz_wm.l(usenofp.o)
    0x00006b36   0x00006b36   0x0000090a   Data   RO          636    .constdata          oled.o
    0x00007440   0x00007440   0x00000078   Data   RO          973    .constdata          usart.o
    0x000074b8   0x000074b8   0x0000001b   Data   RO         1543    .constdata          inv_mpu.o
    0x000074d3   0x000074d3   0x00000001   PAD
    0x000074d4   0x000074d4   0x0000000c   Data   RO         1544    .constdata          inv_mpu.o
    0x000074e0   0x000074e0   0x00000028   Data   RO         1545    .constdata          inv_mpu.o
    0x00007508   0x00007508   0x0000004c   Data   RO         2451    .constdata          msp432p4xx_driverlib.lib(gpio.o)
    0x00007554   0x00007554   0x00000090   Data   RO         2594    .constdata          msp432p4xx_driverlib.lib(interrupt.o)
    0x000075e4   0x000075e4   0x00000028   Data   RO         3225    .constdata          c_w.l(_printf_hex_int.o)
    0x0000760c   0x0000760c   0x00000011   Data   RO         3255    .constdata          c_w.l(__printf_flags_wp.o)
    0x0000761d   0x0000761d   0x00000003   PAD
    0x00007620   0x00007620   0x00000050   Data   RO         3313    .constdata          m_wm.l(asin.o)
    0x00007670   0x00007670   0x00000098   Data   RO         3380    .constdata          m_wm.l(atan.o)
    0x00007708   0x00007708   0x00000008   Data   RO         3409    .constdata          m_wm.l(qnan.o)
    0x00007710   0x00007710   0x00000020   Data   RO         3611    Region$$Table       anon$$obj.o
    0x00007730   0x00007730   0x00000110   Data   RO         3484    locale$$data        c_w.l(lc_ctype_c.o)


    Execution Region RW_IRAM1 (Exec base: 0x20000000, Load base: 0x00007840, Size: 0x00000618, Max: 0x00010000, ABSOLUTE)

    Exec Addr    Load Addr    Size         Type   Attr      Idx    E Section Name        Object

    0x20000000   0x00007840   0x00000009   Data   RW            8    .data               main.o
    0x20000009   0x00007849   0x00000003   PAD
    0x2000000c   0x0000784c   0x00000030   Data   RW          267    .data               myconfig.o
    0x2000003c   0x0000787c   0x00000001   Data   RW          558    .data               bsp_motor.o
    0x2000003d   0x0000787d   0x00000001   Data   RW          843    .data               bsp_servo.o
    0x2000003e   0x0000787e   0x00000004   Data   RW          922    .data               tima.o
    0x20000042   0x00007882   0x00000002   PAD
    0x20000044   0x00007884   0x00000004   Data   RW          974    .data               usart.o
    0x20000048   0x00007888   0x00000001   Data   RW         1094    .data               delay.o
    0x20000049   0x00007889   0x00000003   PAD
    0x2000004c   0x0000788c   0x00000035   Data   RW         1547    .data               inv_mpu.o
    0x20000081   0x000078c1   0x00000003   PAD
    0x20000084   0x000078c4   0x0000000c   Data   RW         2079    .data               k210.o
    0x20000090   0x000078d0   0x00000008   Data   RW         2198    .data               msp432p4xx_driverlib.lib(cs.o)
    0x20000098        -       0x00000086   Zero   RW          266    .bss                myconfig.o
    0x2000011e   0x000078d8   0x00000002   PAD
    0x20000120        -       0x00000040   Zero   RW          330    .bss                bsp_encoder.o
    0x20000160        -       0x00000010   Zero   RW          374    .bss                key.o
    0x20000170        -       0x00000010   Zero   RW         1318    .bss                inv_mpu_dmp_motion_driver.o
    0x20000180        -       0x00000028   Zero   RW         1837    .bss                bsp_pid.o
    0x200001a8        -       0x00000028   Zero   RW         1838    .bss                bsp_pid.o
    0x200001d0        -       0x00000028   Zero   RW         1839    .bss                bsp_pid.o
    0x200001f8        -       0x00000028   Zero   RW         1840    .bss                bsp_pid.o
    0x20000220        -       0x00000028   Zero   RW         1841    .bss                bsp_pid.o
    0x20000248        -       0x00000028   Zero   RW         1842    .bss                bsp_pid.o
    0x20000270        -       0x00000028   Zero   RW         1843    .bss                bsp_pid.o
    0x20000298        -       0x00000028   Zero   RW         1844    .bss                bsp_pid.o
    0x200002c0        -       0x00000028   Zero   RW         1845    .bss                bsp_pid.o
    0x200002e8        -       0x00000028   Zero   RW         1846    .bss                bsp_pid.o
    0x20000310        -       0x00000098   Zero   RW         1918    .bss                protocol.o
    0x200003a8        -       0x0000000c   Zero   RW         2078    .bss                k210.o
    0x200003b4        -       0x00000060   Zero   RW         3461    .bss                c_w.l(libspace.o)
    0x20000414   0x000078d8   0x00000004   PAD
    0x20000418        -       0x00000000   Zero   RW         2103    HEAP                startup_msp432p401r_uvision.o
    0x20000418        -       0x00000200   Zero   RW         2102    STACK               startup_msp432p401r_uvision.o



  Load Region LR_IROM2 (Base: 0x00200000, Size: 0x00000000, Max: 0x00004000, ABSOLUTE)

    Execution Region ER_IROM2 (Exec base: 0x00200000, Load base: 0x00200000, Size: 0x00000000, Max: 0x00004000, ABSOLUTE)

    **** No section assigned to this execution region ****


==============================================================================

Image component sizes


      Code (inc. data)   RO Data    RW Data    ZI Data      Debug   Object Name

       328         16          0          0          0       2327   baudarte.o
       832         36          0          0         64       4389   bsp_encoder.o
       912        134          0          1          0       4917   bsp_motor.o
       650          0          0          0          0       7719   bsp_mpu6050.o
       166         12          0          0        400       4910   bsp_pid.o
       276         26          0          1          0       2096   bsp_servo.o
      1004        170          0          0          0       3558   control.o
        86         10          0          1          0       1899   delay.o
       544          0          0          0          0       4886   iic.o
       898         22         79         53          0       8435   inv_mpu.o
       448          8          0          0         16       7836   inv_mpu_dmp_motion_driver.o
       168         20          0         12         12       1190   k210.o
       208         12          0          0         16       2806   key.o
       120         28          0          0          0       3503   led.o
      5596        434          0          9          0      21267   main.o
      2176        126          0         48        134       8534   myconfig.o
      1198         38       2314          0          0      11596   oled.o
       130         12          0          0        152       4486   protocol.o
        32         12          0          0          0       1144   reflectance.o
        60         22        324          0        512        964   startup_msp432p401r_uvision.o
       160         14          0          0          0        591   sysinit.o
        96         20          0          0          0        581   system_msp432p401r.o
       260         24          0          4          0       1650   tima.o
       350         52        120          4          0       6168   usart.o

    ----------------------------------------------------------------------
     16710       1248       2870        144       1308     117452   Object Totals
         0          0         32          0          0          0   (incl. Generated)
        12          0          1         11          2          0   (incl. Padding)

    ----------------------------------------------------------------------

      Code (inc. data)   RO Data    RW Data    ZI Data      Debug   Library Member Name

        60          8          0          0          0         84   __0sscanf.o
         8          0          0          0          0         68   __main.o
       312          4         17          0          0         92   __printf_flags_wp.o
        14          0          0          0          0         68   __printf_wp.o
         0          0          0          0          0          0   __rtentry.o
        12          0          0          0          0          0   __rtentry2.o
         6          0          0          0          0          0   __rtentry4.o
        52          8          0          0          0          0   __scatter.o
        26          0          0          0          0          0   __scatter_copy.o
        28          0          0          0          0          0   __scatter_zi.o
         6          0          0          0          0          0   _printf_c.o
        44          0          0          0          0        108   _printf_char.o
        48          6          0          0          0         96   _printf_char_common.o
        36          4          0          0          0         80   _printf_char_file.o
        88          4         40          0          0         88   _printf_hex_int.o
       178          0          0          0          0         88   _printf_intcommon.o
         0          0          0          0          0          0   _printf_percent.o
         4          0          0          0          0          0   _printf_percent_end.o
        82          0          0          0          0         80   _printf_str.o
         6          0          0          0          0          0   _printf_x.o
        22          0          0          0          0        100   _rserrno.o
       884          6          0          0          0        100   _scanf.o
       224          0          0          0          0         96   _scanf_str.o
        64          0          0          0          0         84   _sgetc.o
        10          0          0          0          0         68   _sputc.o
        18          0          0          0          0         80   exit.o
         8          0          0          0          0         68   ferror.o
         6          0          0          0          0        152   heapauxi.o
        18          0          0          0          0         76   isspace.o
        44         10        272          0          0         76   lc_ctype_c.o
         2          0          0          0          0          0   libinit.o
        24          0          0          0          0          0   libinit2.o
         2          0          0          0          0          0   libshutdown.o
         2          0          0          0          0          0   libshutdown2.o
         8          4          0          0         96         68   libspace.o
        24          4          0          0          0         84   noretval__2printf.o
        40          6          0          0          0         84   noretval__2sprintf.o
        16          4          0          0          0         76   rt_ctype_table.o
         8          4          0          0          0         68   rt_errno_addr_intlibspace.o
         8          4          0          0          0         68   rt_locale_intlibspace.o
        68          0          0          0          0         68   rt_memclr.o
        78          0          0          0          0         80   rt_memclr_w.o
       100          0          0          0          0         80   rt_memcpy_w.o
         2          0          0          0          0          0   rtexit.o
        10          0          0          0          0          0   rtexit2.o
        44          8          0          0          0         84   scanf_char.o
       128          0          0          0          0         68   strcmpv7m.o
        74          0          0          0          0         80   sys_stackheap_outer.o
         2          0          0          0          0         68   use_no_semi.o
         2          0          0          0          0         68   use_no_semi_2.o
        24          0          0          0          0        164   basic.o
        98          4          0          0          0        140   d2f.o
       826         16          0          0          0        492   daddsub_clz.o
        24          0          0          0          0        116   dcmpi.o
       688        140          0          0          0        256   ddiv.o
       120          4          0          0          0        140   dleqf.o
       340         12          0          0          0        152   dmul.o
       156          4          0          0          0        140   dnaninf.o
        12          0          0          0          0        116   dretinf.o
       108          0          0          0          0        128   drleqf.o
       408         56          0          0          0        168   dsqrt_umaal.o
        86          4          0          0          0        132   f2d.o
       140          4          0          0          0        132   fnaninf.o
        10          0          0          0          0        116   fpinit.o
        10          0          0          0          0        116   fretinf.o
         0          0          0          0          0          0   usenofp.o
       864         94         80          0          0        280   asin.o
       744        106        152          0          0        352   atan.o
       496         64          0          0          0        192   atan2.o
       104         16          0          0          0        496   dunder.o
        44          0          0          0          0        248   fabs.o
        48          0          0          0          0        124   fpclassify.o
       248          0          0          0          0        152   poly.o
         0          0          8          0          0          0   qnan.o
       110          0          0          0          0        148   sqrt.o
        38          0          0          0          0        676   cpu.o
      1064        170          0          8          0      16601   cs.o
       128         26         76          0          0       4516   gpio.o
       106          8        144          0          0       2381   interrupt.o
       120         26          0          0          0       3378   sysctl_a.o
        32          0          0          0          0       1447   timer_a.o
       228          0          0          0          0       7376   uart.o

    ----------------------------------------------------------------------
     10412        838        792          8        100      43671   Library Totals
        38          0          3          0          4          0   (incl. Padding)

    ----------------------------------------------------------------------

      Code (inc. data)   RO Data    RW Data    ZI Data      Debug   Library Name

      2950         84        329          0         96       2796   c_w.l
      3050        244          0          0          0       2508   fz_wm.l
      2658        280        240          0          0       1992   m_wm.l
      1716        230        220          8          0      36375   msp432p4xx_driverlib.lib

    ----------------------------------------------------------------------
     10412        838        792          8        100      43671   Library Totals

    ----------------------------------------------------------------------

==============================================================================


      Code (inc. data)   RO Data    RW Data    ZI Data      Debug   

     27122       2086       3662        152       1408     144963   Grand Totals
     27122       2086       3662        152       1408     144963   ELF Image Totals
     27122       2086       3662        152          0          0   ROM Totals

==============================================================================

    Total RO  Size (Code + RO Data)                30784 (  30.06kB)
    Total RW  Size (RW Data + ZI Data)              1560 (   1.52kB)
    Total ROM Size (Code + RO Data + RW Data)      30936 (  30.21kB)

==============================================================================

