Component: ARM Compiler 5.06 update 1 (build 61) Tool: armlink [4d35a8]

==============================================================================

Section Cross References

    main.o(i.Thread_LED) refers to led.o(i.LED_R_Tog) for LED_R_Tog
    main.o(i.Thread_LED) refers to rt_cmsis.o(i.osDelay) for osDelay
    main.o(i.main) refers to rt_cmsis.o(i.osKernelInitialize) for osKernelInitialize
    main.o(i.main) refers to led.o(i.LED_Init) for LED_Init
    main.o(i.main) refers to rt_cmsis.o(i.osThreadCreate) for osThreadCreate
    main.o(i.main) refers to rt_cmsis.o(i.osKernelStart) for osKernelStart
    main.o(i.main) refers to main.o(.constdata) for os_thread_def_Thread_LED
    main.o(.constdata) refers to main.o(i.Thread_LED) for Thread_LED
    bsp_exti.o(i.Motor_Init_bianmaqi) refers to gpio.o(i.GPIO_interruptEdgeSelect) for GPIO_interruptEdgeSelect
    bsp_exti.o(i.PORT4_IRQHandler) refers to gpio.o(i.GPIO_getEnabledInterruptStatus) for GPIO_getEnabledInterruptStatus
    bsp_exti.o(i.PORT4_IRQHandler) refers to gpio.o(i.GPIO_clearInterruptFlag) for GPIO_clearInterruptFlag
    bsp_exti.o(i.PORT4_IRQHandler) refers to bsp_exti.o(.bss) for bianmaqi
    bsp_motor.o(i.Motor_Left_1) refers to bsp_motor.o(i.motor_speed_all) for motor_speed_all
    bsp_motor.o(i.Motor_Left_2) refers to bsp_motor.o(i.motor_speed_all) for motor_speed_all
    bsp_motor.o(i.Motor_Left_3) refers to bsp_motor.o(i.motor_speed_all) for motor_speed_all
    bsp_motor.o(i.Motor_Left_4) refers to bsp_motor.o(i.motor_speed_all) for motor_speed_all
    bsp_motor.o(i.Motor_Right_1) refers to bsp_motor.o(i.motor_speed_all) for motor_speed_all
    bsp_motor.o(i.Motor_Right_2) refers to bsp_motor.o(i.motor_speed_all) for motor_speed_all
    bsp_motor.o(i.Motor_Right_3) refers to bsp_motor.o(i.motor_speed_all) for motor_speed_all
    bsp_motor.o(i.Motor_Right_4) refers to bsp_motor.o(i.motor_speed_all) for motor_speed_all
    bsp_motor.o(i.Motor_back) refers to bsp_motor.o(i.motor_all_control) for motor_all_control
    bsp_motor.o(i.Motor_forward) refers to bsp_motor.o(i.motor_all_control) for motor_all_control
    bsp_motor.o(i.Motor_left) refers to bsp_motor.o(i.motor_all_control) for motor_all_control
    bsp_motor.o(i.Motor_right) refers to bsp_motor.o(i.motor_all_control) for motor_all_control
    bsp_motor.o(i.Motor_stop_all) refers to bsp_motor.o(i.motor_all_control) for motor_all_control
    bsp_motor.o(i.motor_Init) refers to bsp_motor.o(i.motor2_Init) for motor2_Init
    bsp_motor.o(i.motor_Init) refers to bsp_motor.o(i.PWMB_Init) for PWMB_Init
    bsp_motor.o(i.motor_speed_all) refers to timer_a.o(i.Timer_A_setCompareValue) for Timer_A_setCompareValue
    control.o(i.K_A) refers to control.o(.data) for Target_A
    control.o(i.PI_A) refers to control.o(.data) for Error
    control.o(i.PI_A2) refers to control.o(.data) for Error
    control.o(i.PI_B) refers to control.o(.data) for Error
    control.o(i.PI_B2) refers to control.o(.data) for Error
    control.o(i.Set_Pwm) refers to bsp_motor.o(i.motor_speed_all) for motor_speed_all
    control.o(i.Turn_PD) refers to control.o(.data) for Turn_KP
    control.o(i.Turn_PD2) refers to control.o(.data) for Turn_KP2
    control.o(i.Xianfu_Pwm) refers to control.o(.data) for Motor_A
    key.o(i.KEY_Init) refers to gpio.o(i.GPIO_setAsInputPinWithPullUpResistor) for GPIO_setAsInputPinWithPullUpResistor
    key.o(i.KEY_Scan) refers to key.o(.data) for key_up
    led.o(i.LED_C_On) refers to led.o(i.LED_R_Off) for LED_R_Off
    led.o(i.LED_C_On) refers to led.o(i.LED_G_On) for LED_G_On
    led.o(i.LED_C_On) refers to led.o(i.LED_B_On) for LED_B_On
    led.o(i.LED_Init) refers to led.o(i.LED_RED_Off) for LED_RED_Off
    led.o(i.LED_Init) refers to led.o(i.LED_R_Off) for LED_R_Off
    led.o(i.LED_Init) refers to led.o(i.LED_G_Off) for LED_G_Off
    led.o(i.LED_Init) refers to led.o(i.LED_B_Off) for LED_B_Off
    led.o(i.LED_P_On) refers to led.o(i.LED_R_On) for LED_R_On
    led.o(i.LED_P_On) refers to led.o(i.LED_G_Off) for LED_G_Off
    led.o(i.LED_P_On) refers to led.o(i.LED_B_On) for LED_B_On
    led.o(i.LED_W_Off) refers to led.o(i.LED_R_Off) for LED_R_Off
    led.o(i.LED_W_Off) refers to led.o(i.LED_G_Off) for LED_G_Off
    led.o(i.LED_W_Off) refers to led.o(i.LED_B_Off) for LED_B_Off
    led.o(i.LED_W_On) refers to led.o(i.LED_R_On) for LED_R_On
    led.o(i.LED_W_On) refers to led.o(i.LED_G_On) for LED_G_On
    led.o(i.LED_W_On) refers to led.o(i.LED_B_On) for LED_B_On
    led.o(i.LED_W_Tog) refers to led.o(i.LED_R_Tog) for LED_R_Tog
    led.o(i.LED_W_Tog) refers to led.o(i.LED_G_Tog) for LED_G_Tog
    led.o(i.LED_W_Tog) refers to led.o(i.LED_B_Tog) for LED_B_Tog
    led.o(i.LED_Y_On) refers to led.o(i.LED_R_On) for LED_R_On
    led.o(i.LED_Y_On) refers to led.o(i.LED_G_On) for LED_G_On
    led.o(i.LED_Y_On) refers to led.o(i.LED_B_Off) for LED_B_Off
    oled.o(i.I2C_SW_Configuration) refers to delay.o(i.delay_ms) for delay_ms
[...]
    Removing cpu.o(.rrx_text), (6 bytes).
    Removing cpu.o(.emb_text), (38 bytes).
    Removing sysctl_a.o(.rev16_text), (4 bytes).
    Removing sysctl_a.o(.revsh_text), (4 bytes).
    Removing sysctl_a.o(.rrx_text), (6 bytes).
    Removing sysctl_a.o(i.SysCtl_A_disableGlitchFilter), (16 bytes).
    Removing sysctl_a.o(i.SysCtl_A_disableNMISource), (16 bytes).
    Removing sysctl_a.o(i.SysCtl_A_disablePeripheralAtCPUHalt), (16 bytes).
    Removing sysctl_a.o(i.SysCtl_A_disableSRAM), (96 bytes).
    Removing sysctl_a.o(i.SysCtl_A_disableSRAMRetention), (272 bytes).
    Removing sysctl_a.o(i.SysCtl_A_enableGlitchFilter), (16 bytes).
    Removing sysctl_a.o(i.SysCtl_A_enableNMISource), (16 bytes).
    Removing sysctl_a.o(i.SysCtl_A_enablePeripheralAtCPUHalt), (16 bytes).
    Removing sysctl_a.o(i.SysCtl_A_enableSRAM), (96 bytes).
    Removing sysctl_a.o(i.SysCtl_A_enableSRAMRetention), (284 bytes).
    Removing sysctl_a.o(i.SysCtl_A_getFlashSize), (12 bytes).
    Removing sysctl_a.o(i.SysCtl_A_getInfoFlashSize), (12 bytes).
    Removing sysctl_a.o(i.SysCtl_A_getNMISourceStatus), (16 bytes).
    Removing sysctl_a.o(i.SysCtl_A_getSRAMSize), (12 bytes).
    Removing sysctl_a.o(i.SysCtl_A_getTLVInfo), (72 bytes).
    Removing sysctl_a.o(i.SysCtl_A_getTempCalibrationConstant), (12 bytes).
    Removing sysctl_a.o(i.SysCtl_A_rebootDevice), (16 bytes).
    Removing sysctl_a.o(i.SysCtl_A_setWDTPasswordViolationResetType), (28 bytes).
    Removing sysctl_a.o(i.SysCtl_A_setWDTTimeoutResetType), (28 bytes).
    Removing rt_system.o(.emb_text), (0 bytes).
    Removing rt_system.o(i.os_tick_ovf), (16 bytes).
    Removing rt_system.o(i.os_tick_val), (20 bytes).
    Removing rt_system.o(i.rt_resume), (136 bytes).
    Removing rt_system.o(i.rt_suspend), (36 bytes).
    Removing rt_system.o(i.rt_tsk_lock), (80 bytes).
    Removing rt_system.o(i.rt_tsk_unlock), (80 bytes).
    Removing rt_event.o(i.isr_evt_set), (40 bytes).
    Removing rt_event.o(i.rt_evt_clr), (28 bytes).
    Removing rt_event.o(i.rt_evt_get), (12 bytes).
    Removing rt_event.o(i.rt_evt_set), (92 bytes).
    Removing rt_event.o(i.rt_evt_wait), (60 bytes).
    Removing rt_list.o(i.rt_get_same_rdy_prio), (36 bytes).
    Removing rt_mailbox.o(i.rt_mbx_send), (152 bytes).
    Removing rt_semaphore.o(i.isr_sem_send), (16 bytes).
    Removing rt_semaphore.o(i.rt_sem_delete), (92 bytes).
    Removing rt_semaphore.o(i.rt_sem_init), (12 bytes).
    Removing rt_semaphore.o(i.rt_sem_send), (42 bytes).
    Removing rt_semaphore.o(i.rt_sem_wait), (64 bytes).
    Removing rt_time.o(i.rt_itv_set), (24 bytes).
    Removing rt_time.o(i.rt_itv_wait), (40 bytes).
    Removing rt_time.o(i.rt_time_get), (12 bytes).
    Removing rt_membox.o(i._calloc_box), (30 bytes).

405 unused section(s) (total 19984 bytes) removed from the image.

==============================================================================

Image Symbol Table

    Local Symbols

    Symbol Name                              Value     Ov Type        Size  Object(Section)

    RESET                                    0x00000000   Section      324  startup_msp432p401r_uvision.o(RESET)
    ../clib/angel/boardlib.s                 0x00000000   Number         0  boardinit1.o ABSOLUTE
    ../clib/angel/boardlib.s                 0x00000000   Number         0  boardinit2.o ABSOLUTE
    ../clib/angel/boardlib.s                 0x00000000   Number         0  boardshut.o ABSOLUTE
    ../clib/angel/handlers.s                 0x00000000   Number         0  __scatter_copy.o ABSOLUTE
    ../clib/angel/handlers.s                 0x00000000   Number         0  __scatter_zi.o ABSOLUTE
    ../clib/angel/kernel.s                   0x00000000   Number         0  __rtentry.o ABSOLUTE
    ../clib/angel/kernel.s                   0x00000000   Number         0  rtexit.o ABSOLUTE
    ../clib/angel/kernel.s                   0x00000000   Number         0  __rtentry4.o ABSOLUTE
    ../clib/angel/kernel.s                   0x00000000   Number         0  __rtentry2.o ABSOLUTE
    ../clib/angel/kernel.s                   0x00000000   Number         0  rtexit2.o ABSOLUTE
    ../clib/angel/rt.s                       0x00000000   Number         0  rt_div0.o ABSOLUTE
    ../clib/angel/rt.s                       0x00000000   Number         0  aeabi_ldiv0.o ABSOLUTE
    ../clib/angel/rt.s                       0x00000000   Number         0  rt_raise.o ABSOLUTE
    ../clib/angel/rt.s                       0x00000000   Number         0  aeabi_ldiv0_sigfpe.o ABSOLUTE
    ../clib/angel/scatter.s                  0x00000000   Number         0  __scatter.o ABSOLUTE
    ../clib/angel/startup.s                  0x00000000   Number         0  __main.o ABSOLUTE
    ../clib/angel/sys.s                      0x00000000   Number         0  libspace.o ABSOLUTE
    ../clib/angel/sys.s                      0x00000000   Number         0  indicate_semi.o ABSOLUTE
    ../clib/angel/sys.s                      0x00000000   Number         0  use_no_semi.o ABSOLUTE
    ../clib/angel/sys.s                      0x00000000   Number         0  use_no_semi_2.o ABSOLUTE
    ../clib/angel/sys.s                      0x00000000   Number         0  sys_stackheap_outer.o ABSOLUTE
    ../clib/angel/sysapp.c                   0x00000000   Number         0  sys_wrch.o ABSOLUTE
    ../clib/angel/sysapp.c                   0x00000000   Number         0  sys_command.o ABSOLUTE
    ../clib/armsys.c                         0x00000000   Number         0  argv_veneer.o ABSOLUTE
    ../clib/armsys.c                         0x00000000   Number         0  _get_argv_nomalloc.o ABSOLUTE
    ../clib/armsys.c                         0x00000000   Number         0  no_argv.o ABSOLUTE
    ../clib/armsys.c                         0x00000000   Number         0  argv_veneer.o ABSOLUTE
    ../clib/heapalloc.c                      0x00000000   Number         0  hrguard.o ABSOLUTE
    ../clib/heapaux.c                        0x00000000   Number         0  heapauxi.o ABSOLUTE
    ../clib/libinit.s                        0x00000000   Number         0  libinit.o ABSOLUTE
    ../clib/libinit.s                        0x00000000   Number         0  libshutdown.o ABSOLUTE
    ../clib/libinit.s                        0x00000000   Number         0  libinit2.o ABSOLUTE
    ../clib/libinit.s                        0x00000000   Number         0  libshutdown2.o ABSOLUTE
    ../clib/longlong.s                       0x00000000   Number         0  lludivv7m.o ABSOLUTE
    ../clib/memcpset.s                       0x00000000   Number         0  rt_memcpy_w.o ABSOLUTE
    ../clib/memcpset.s                       0x00000000   Number         0  rt_memclr_w.o ABSOLUTE
    ../clib/signal.c                         0x00000000   Number         0  defsig_rtred_inner.o ABSOLUTE
    ../clib/signal.c                         0x00000000   Number         0  defsig_rtmem_inner.o ABSOLUTE
    ../clib/signal.c                         0x00000000   Number         0  defsig_rtmem_outer.o ABSOLUTE
    ../clib/signal.c                         0x00000000   Number         0  defsig_rtmem_formal.o ABSOLUTE
    ../clib/signal.c                         0x00000000   Number         0  defsig_pvfn_inner.o ABSOLUTE
    ../clib/signal.c                         0x00000000   Number         0  defsig_segv_inner.o ABSOLUTE
    ../clib/signal.c                         0x00000000   Number         0  defsig_cppl_inner.o ABSOLUTE
    ../clib/signal.c                         0x00000000   Number         0  defsig_other.o ABSOLUTE
    ../clib/signal.c                         0x00000000   Number         0  defsig_exit.o ABSOLUTE
    ../clib/signal.c                         0x00000000   Number         0  defsig_fpe_inner.o ABSOLUTE
    ../clib/signal.c                         0x00000000   Number         0  __raise.o ABSOLUTE
    ../clib/signal.c                         0x00000000   Number         0  defsig_general.o ABSOLUTE
    ../clib/signal.c                         0x00000000   Number         0  defsig_stak_inner.o ABSOLUTE
    ../clib/signal.c                         0x00000000   Number         0  defsig_fpe_formal.o ABSOLUTE
    ../clib/signal.c                         0x00000000   Number         0  defsig_fpe_outer.o ABSOLUTE
    ../clib/signal.c                         0x00000000   Number         0  defsig_abrt_inner.o ABSOLUTE
    ../clib/signal.s                         0x00000000   Number         0  defsig.o ABSOLUTE
    ../clib/stdlib.c                         0x00000000   Number         0  exit.o ABSOLUTE
    ../fplib/fpinit.s                        0x00000000   Number         0  fpinit.o ABSOLUTE
    ..\HAL_CM.c                              0x00000000   Number         0  hal_cm.o ABSOLUTE
    ..\\rt_CMSIS.c                           0x00000000   Number         0  rt_cmsis.o ABSOLUTE
    ..\\rt_System.c                          0x00000000   Number         0  rt_system.o ABSOLUTE
    ..\rt_CMSIS.c                            0x00000000   Number         0  rt_cmsis.o ABSOLUTE
    ..\rt_Event.c                            0x00000000   Number         0  rt_event.o ABSOLUTE
    ..\rt_List.c                             0x00000000   Number         0  rt_list.o ABSOLUTE
    ..\rt_Mailbox.c                          0x00000000   Number         0  rt_mailbox.o ABSOLUTE
    ..\rt_MemBox.c                           0x00000000   Number         0  rt_membox.o ABSOLUTE
    ..\rt_Memory.c                           0x00000000   Number         0  rt_memory.o ABSOLUTE
    ..\rt_Mutex.c                            0x00000000   Number         0  rt_mutex.o ABSOLUTE
    ..\rt_Robin.c                            0x00000000   Number         0  rt_robin.o ABSOLUTE
    ..\rt_Semaphore.c                        0x00000000   Number         0  rt_semaphore.o ABSOLUTE
    ..\rt_System.c                           0x00000000   Number         0  rt_system.o ABSOLUTE
    ..\rt_Task.c                             0x00000000   Number         0  rt_task.o ABSOLUTE
    ..\rt_Time.c                             0x00000000   Number         0  rt_time.o ABSOLUTE
    HAL_CM4.c                                0x00000000   Number         0  hal_cm4.o ABSOLUTE
    HAL_CM4.c                                0x00000000   Number         0  hal_cm4.o ABSOLUTE
    RTE\CMSIS\RTX_Conf_CM.c                  0x00000000   Number         0  rtx_conf_cm.o ABSOLUTE
    RTE\Device\MSP432P401R\startup_msp432p401r_uvision.s 0x00000000   Number         0  startup_msp432p401r_uvision.o ABSOLUTE
    RTE\Device\MSP432P401R\system_msp432p401r.c 0x00000000   Number         0  system_msp432p401r.o ABSOLUTE
    RTE\\CMSIS\\RTX_Conf_CM.c                0x00000000   Number         0  rtx_conf_cm.o ABSOLUTE
    RTE\\Device\\MSP432P401R\\system_msp432p401r.c 0x00000000   Number         0  system_msp432p401r.o ABSOLUTE
    SVC_Table.s                              0x00000000   Number         0  svc_table.o ABSOLUTE
    dc.s                                     0x00000000   Number         0  dc.o ABSOLUTE
    hardware\Control.c                       0x00000000   Number         0  control.o ABSOLUTE
    hardware\Reflectance.c                   0x00000000   Number         0  reflectance.o ABSOLUTE
    hardware\\Control.c                      0x00000000   Number         0  control.o ABSOLUTE
    hardware\\Reflectance.c                  0x00000000   Number         0  reflectance.o ABSOLUTE
    hardware\\bsp_exti.c                     0x00000000   Number         0  bsp_exti.o ABSOLUTE
    hardware\\bsp_motor.c                    0x00000000   Number         0  bsp_motor.o ABSOLUTE
    hardware\\key.c                          0x00000000   Number         0  key.o ABSOLUTE
    hardware\\led.c                          0x00000000   Number         0  led.o ABSOLUTE
    hardware\\oled.c                         0x00000000   Number         0  oled.o ABSOLUTE
    hardware\\tim32.c                        0x00000000   Number         0  tim32.o ABSOLUTE
    hardware\\timA.c                         0x00000000   Number         0  tima.o ABSOLUTE
    hardware\bsp_exti.c                      0x00000000   Number         0  bsp_exti.o ABSOLUTE
    hardware\bsp_motor.c                     0x00000000   Number         0  bsp_motor.o ABSOLUTE
    hardware\key.c                           0x00000000   Number         0  key.o ABSOLUTE
    hardware\led.c                           0x00000000   Number         0  led.o ABSOLUTE
    hardware\oled.c                          0x00000000   Number         0  oled.o ABSOLUTE
    hardware\tim32.c                         0x00000000   Number         0  tim32.o ABSOLUTE
    hardware\timA.c                          0x00000000   Number         0  tima.o ABSOLUTE
    main.c                                   0x00000000   Number         0  main.o ABSOLUTE
    main.c                                   0x00000000   Number         0  main.o ABSOLUTE
    source/ti/devices/msp432p4xx/driverlib/cpu.c 0x00000000   Number         0  cpu.o ABSOLUTE
    source/ti/devices/msp432p4xx/driverlib/cpu.c 0x00000000   Number         0  cpu.o ABSOLUTE
    source/ti/devices/msp432p4xx/driverlib/cs.c 0x00000000   Number         0  cs.o ABSOLUTE
    source/ti/devices/msp432p4xx/driverlib/cs.c 0x00000000   Number         0  cs.o ABSOLUTE
    source/ti/devices/msp432p4xx/driverlib/gpio.c 0x00000000   Number         0  gpio.o ABSOLUTE
    source/ti/devices/msp432p4xx/driverlib/gpio.c 0x00000000   Number         0  gpio.o ABSOLUTE
    source/ti/devices/msp432p4xx/driverlib/interrupt.c 0x00000000   Number         0  interrupt.o ABSOLUTE
    source/ti/devices/msp432p4xx/driverlib/interrupt.c 0x00000000   Number         0  interrupt.o ABSOLUTE
    source/ti/devices/msp432p4xx/driverlib/sysctl_a.c 0x00000000   Number         0  sysctl_a.o ABSOLUTE
    source/ti/devices/msp432p4xx/driverlib/sysctl_a.c 0x00000000   Number         0  sysctl_a.o ABSOLUTE
    source/ti/devices/msp432p4xx/driverlib/timer_a.c 0x00000000   Number         0  timer_a.o ABSOLUTE
    source/ti/devices/msp432p4xx/driverlib/timer_a.c 0x00000000   Number         0  timer_a.o ABSOLUTE
    source/ti/devices/msp432p4xx/driverlib/uart.c 0x00000000   Number         0  uart.o ABSOLUTE
    source/ti/devices/msp432p4xx/driverlib/uart.c 0x00000000   Number         0  uart.o ABSOLUTE
    sys\\baudarte.c                          0x00000000   Number         0  baudarte.o ABSOLUTE
    sys\\delay.c                             0x00000000   Number         0  delay.o ABSOLUTE
    sys\\sysinit.c                           0x00000000   Number         0  sysinit.o ABSOLUTE
    sys\\usart.c                             0x00000000   Number         0  usart.o ABSOLUTE
    sys\baudarte.c                           0x00000000   Number         0  baudarte.o ABSOLUTE
    sys\delay.c                              0x00000000   Number         0  delay.o ABSOLUTE
    sys\sysinit.c                            0x00000000   Number         0  sysinit.o ABSOLUTE
    sys\usart.c                              0x00000000   Number         0  usart.o ABSOLUTE
    !!!main                                  0x00000144   Section        8  __main.o(!!!main)
    !!!scatter                               0x0000014c   Section       52  __scatter.o(!!!scatter)
    !!handler_copy                           0x00000180   Section       26  __scatter_copy.o(!!handler_copy)
    !!handler_zi                             0x0000019c   Section       28  __scatter_zi.o(!!handler_zi)
    .ARM.Collect$$libinit$$00000000          0x000001b8   Section        2  libinit.o(.ARM.Collect$$libinit$$00000000)
    .ARM.Collect$$libinit$$00000001          0x000001ba   Section        4  libinit2.o(.ARM.Collect$$libinit$$00000001)
    .ARM.Collect$$libinit$$00000004          0x000001be   Section        0  libinit2.o(.ARM.Collect$$libinit$$00000004)
    .ARM.Collect$$libinit$$0000000A          0x000001be   Section        0  libinit2.o(.ARM.Collect$$libinit$$0000000A)
    .ARM.Collect$$libinit$$0000000C          0x000001be   Section        0  libinit2.o(.ARM.Collect$$libinit$$0000000C)
    .ARM.Collect$$libinit$$0000000E          0x000001be   Section        0  libinit2.o(.ARM.Collect$$libinit$$0000000E)
    .ARM.Collect$$libinit$$00000011          0x000001be   Section        0  libinit2.o(.ARM.Collect$$libinit$$00000011)
    .ARM.Collect$$libinit$$00000013          0x000001be   Section        0  libinit2.o(.ARM.Collect$$libinit$$00000013)
    .ARM.Collect$$libinit$$00000015          0x000001be   Section        0  libinit2.o(.ARM.Collect$$libinit$$00000015)
    .ARM.Collect$$libinit$$00000017          0x000001be   Section        0  libinit2.o(.ARM.Collect$$libinit$$00000017)
    .ARM.Collect$$libinit$$00000019          0x000001be   Section        0  libinit2.o(.ARM.Collect$$libinit$$00000019)
    .ARM.Collect$$libinit$$0000001B          0x000001be   Section        0  libinit2.o(.ARM.Collect$$libinit$$0000001B)
    .ARM.Collect$$libinit$$0000001D          0x000001be   Section        0  libinit2.o(.ARM.Collect$$libinit$$0000001D)
    .ARM.Collect$$libinit$$0000001F          0x000001be   Section        0  libinit2.o(.ARM.Collect$$libinit$$0000001F)
    .ARM.Collect$$libinit$$00000021          0x000001be   Section        0  libinit2.o(.ARM.Collect$$libinit$$00000021)
    .ARM.Collect$$libinit$$00000023          0x000001be   Section        0  libinit2.o(.ARM.Collect$$libinit$$00000023)
    .ARM.Collect$$libinit$$00000025          0x000001be   Section        0  libinit2.o(.ARM.Collect$$libinit$$00000025)
    .ARM.Collect$$libinit$$0000002C          0x000001be   Section        0  libinit2.o(.ARM.Collect$$libinit$$0000002C)
    .ARM.Collect$$libinit$$0000002E          0x000001be   Section        0  libinit2.o(.ARM.Collect$$libinit$$0000002E)
    .ARM.Collect$$libinit$$00000030          0x000001be   Section        0  libinit2.o(.ARM.Collect$$libinit$$00000030)
    .ARM.Collect$$libinit$$00000032          0x000001be   Section        0  libinit2.o(.ARM.Collect$$libinit$$00000032)
    .ARM.Collect$$libinit$$00000033          0x000001be   Section        2  libinit2.o(.ARM.Collect$$libinit$$00000033)
    .ARM.Collect$$libshutdown$$00000000      0x000001c0   Section        2  libshutdown.o(.ARM.Collect$$libshutdown$$00000000)
    .ARM.Collect$$libshutdown$$00000002      0x000001c2   Section        0  libshutdown2.o(.ARM.Collect$$libshutdown$$00000002)
    .ARM.Collect$$libshutdown$$00000004      0x000001c2   Section        0  libshutdown2.o(.ARM.Collect$$libshutdown$$00000004)
    .ARM.Collect$$libshutdown$$00000007      0x000001c2   Section        0  libshutdown2.o(.ARM.Collect$$libshutdown$$00000007)
    .ARM.Collect$$libshutdown$$0000000A      0x000001c2   Section        0  libshutdown2.o(.ARM.Collect$$libshutdown$$0000000A)
    .ARM.Collect$$libshutdown$$0000000C      0x000001c2   Section        0  libshutdown2.o(.ARM.Collect$$libshutdown$$0000000C)
    .ARM.Collect$$libshutdown$$0000000F      0x000001c2   Section        0  libshutdown2.o(.ARM.Collect$$libshutdown$$0000000F)
    .ARM.Collect$$libshutdown$$00000010      0x000001c2   Section        2  libshutdown2.o(.ARM.Collect$$libshutdown$$00000010)
    .ARM.Collect$$rtentry$$00000000          0x000001c4   Section        0  __rtentry.o(.ARM.Collect$$rtentry$$00000000)
    .ARM.Collect$$rtentry$$00000002          0x000001c4   Section        0  __rtentry2.o(.ARM.Collect$$rtentry$$00000002)
    .ARM.Collect$$rtentry$$00000004          0x000001c4   Section        6  __rtentry4.o(.ARM.Collect$$rtentry$$00000004)
    .ARM.Collect$$rtentry$$00000009          0x000001ca   Section        0  __rtentry2.o(.ARM.Collect$$rtentry$$00000009)
    .ARM.Collect$$rtentry$$0000000A          0x000001ca   Section        4  __rtentry2.o(.ARM.Collect$$rtentry$$0000000A)
    .ARM.Collect$$rtentry$$0000000B          0x000001ce   Section        8  __rtentry2.o(.ARM.Collect$$rtentry$$0000000B)
    .ARM.Collect$$rtentry$$0000000D          0x000001d6   Section        8  __rtentry2.o(.ARM.Collect$$rtentry$$0000000D)
    .ARM.Collect$$rtexit$$00000000           0x000001de   Section        2  rtexit.o(.ARM.Collect$$rtexit$$00000000)
    .ARM.Collect$$rtexit$$00000002           0x000001e0   Section        0  rtexit2.o(.ARM.Collect$$rtexit$$00000002)
    .ARM.Collect$$rtexit$$00000003           0x000001e0   Section        4  rtexit2.o(.ARM.Collect$$rtexit$$00000003)
    .ARM.Collect$$rtexit$$00000004           0x000001e4   Section        6  rtexit2.o(.ARM.Collect$$rtexit$$00000004)
    .emb_text                                0x000001ec   Section       28  rtx_conf_cm.o(.emb_text)
    $v0                                      0x000001ec   Number         0  rtx_conf_cm.o(.emb_text)
    .emb_text                                0x00000208   Section      408  hal_cm4.o(.emb_text)
    $v0                                      0x00000208   Number         0  hal_cm4.o(.emb_text)
    .text                                    0x000003a0   Section       60  startup_msp432p401r_uvision.o(.text)
    $v0                                      0x000003a0   Number         0  startup_msp432p401r_uvision.o(.text)
    .text                                    0x000003dc   Section        8  libspace.o(.text)
    .text                                    0x000003e4   Section        2  use_no_semi_2.o(.text)
    .text                                    0x000003e6   Section        0  exit.o(.text)
    .text                                    0x000003f8   Section        0  heapauxi.o(.text)
    .text                                    0x000003fe   Section        2  use_no_semi.o(.text)
    .text                                    0x00000400   Section       74  sys_stackheap_outer.o(.text)
    SVC_TABLE                                0x0000044c   Section        4  svc_table.o(SVC_TABLE)
    i.GPIO_clearInterruptFlag                0x00000450   Section        0  gpio.o(i.GPIO_clearInterruptFlag)
    i.GPIO_getEnabledInterruptStatus         0x00000464   Section        0  gpio.o(i.GPIO_getEnabledInterruptStatus)
    i.GPIO_getInterruptStatus                0x0000049c   Section        0  gpio.o(i.GPIO_getInterruptStatus)
    i.LED_B_Off                              0x000004ac   Section        0  led.o(i.LED_B_Off)
    i.LED_G_Off                              0x000004be   Section        0  led.o(i.LED_G_Off)
    i.LED_Init                               0x000004d0   Section        0  led.o(i.LED_Init)
    i.LED_RED_Off                            0x00000500   Section        0  led.o(i.LED_RED_Off)
    i.LED_R_Off                              0x00000512   Section        0  led.o(i.LED_R_Off)
    i.LED_R_Tog                              0x00000524   Section        0  led.o(i.LED_R_Tog)
    i.PORT4_IRQHandler                       0x00000548   Section        0  bsp_exti.o(i.PORT4_IRQHandler)
    i.SystemInit                             0x00000650   Section        0  system_msp432p401r.o(i.SystemInit)
    i.T32_INT1_IRQHandler                    0x000006bc   Section        0  tim32.o(i.T32_INT1_IRQHandler)
    i.T32_INT2_IRQHandler                    0x000006d4   Section        0  tim32.o(i.T32_INT2_IRQHandler)
    i.TA0_0_IRQHandler                       0x000006ec   Section        0  tima.o(i.TA0_0_IRQHandler)
    i.TA2_N_IRQHandler                       0x00000758   Section        0  tima.o(i.TA2_N_IRQHandler)
    i.Thread_LED                             0x00000844   Section        0  main.o(i.Thread_LED)
    i.Timer_A_getCaptureCompareCount         0x00000852   Section        0  timer_a.o(i.Timer_A_getCaptureCompareCount)
    i._init_box                              0x00000862   Section        0  rt_membox.o(i._init_box)
    i._mutex_acquire                         0x000008a8   Section        0  rtx_conf_cm.o(i._mutex_acquire)
    __tagsym$$used                           0x000008a9   Number         0  rtx_conf_cm.o(i._mutex_acquire)
    i._mutex_release                         0x000008c8   Section        0  rtx_conf_cm.o(i._mutex_release)
    __tagsym$$used                           0x000008c9   Number         0  rtx_conf_cm.o(i._mutex_release)
    i._sys_exit                              0x000008e4   Section        0  usart.o(i._sys_exit)
    i.dbg_init                               0x000008e8   Section        0  hal_cm.o(i.dbg_init)
    i.dbg_task_notify                        0x00000918   Section        0  hal_cm.o(i.dbg_task_notify)
    i.dbg_task_switch                        0x00000938   Section        0  hal_cm.o(i.dbg_task_switch)
    i.isrMessageGet                          0x00000948   Section        0  rt_cmsis.o(i.isrMessageGet)
    i.isrMessagePut                          0x00000972   Section        0  rt_cmsis.o(i.isrMessagePut)
    i.isr_mbx_receive                        0x000009a0   Section        0  rt_mailbox.o(i.isr_mbx_receive)
    i.isr_mbx_send                           0x000009f2   Section        0  rt_mailbox.o(i.isr_mbx_send)
    i.main                                   0x00000a00   Section        0  main.o(i.main)
    i.osDelay                                0x00000a20   Section        0  rt_cmsis.o(i.osDelay)
    i.osKernelInitialize                     0x00000a38   Section        0  rt_cmsis.o(i.osKernelInitialize)
    i.osKernelStart                          0x00000a5c   Section        0  rt_cmsis.o(i.osKernelStart)
    i.osMessageGet                           0x00000ac8   Section        0  rt_cmsis.o(i.osMessageGet)
    i.osThreadCreate                         0x00000ae0   Section        0  rt_cmsis.o(i.osThreadCreate)
    i.osThreadExit                           0x00000b10   Section        0  rt_cmsis.o(i.osThreadExit)
    i.osTimerCall                            0x00000b28   Section        0  rt_cmsis.o(i.osTimerCall)
    i.osTimerThread                          0x00000b34   Section        0  rt_cmsis.o(i.osTimerThread)
    i.os_error                               0x00000b60   Section        0  rtx_conf_cm.o(i.os_error)
    i.os_idle_demon                          0x00000b82   Section        0  rtx_conf_cm.o(i.os_idle_demon)
    i.os_tick_init                           0x00000b88   Section        0  rt_system.o(i.os_tick_init)
    i.os_tick_irqack                         0x00000bb0   Section        0  rt_system.o(i.os_tick_irqack)
    i.rt_alloc_box                           0x00000bb2   Section        0  rt_membox.o(i.rt_alloc_box)
    i.rt_alloc_mem                           0x00000bcc   Section        0  rt_memory.o(i.rt_alloc_mem)
    i.rt_block                               0x00000c0c   Section        0  rt_task.o(i.rt_block)
    i.rt_chk_robin                           0x00000c44   Section        0  rt_robin.o(i.rt_chk_robin)
    i.rt_dec_dly                             0x00000c8c   Section        0  rt_list.o(i.rt_dec_dly)
    i.rt_dispatch                            0x00000cfc   Section        0  rt_task.o(i.rt_dispatch)
    i.rt_dly_wait                            0x00000d40   Section        0  rt_time.o(i.rt_dly_wait)
    i.rt_evt_psh                             0x00000d48   Section        0  rt_event.o(i.rt_evt_psh)
    i.rt_free_box                            0x00000d98   Section        0  rt_membox.o(i.rt_free_box)
    i.rt_free_mem                            0x00000dc4   Section        0  rt_memory.o(i.rt_free_mem)
    i.rt_get_first                           0x00000dec   Section        0  rt_list.o(i.rt_get_first)
    i.rt_id2obj                              0x00000e14   Section        0  rt_cmsis.o(i.rt_id2obj)
    rt_id2obj                                0x00000e15   Thumb Code     8  rt_cmsis.o(i.rt_id2obj)
    i.rt_init_context                        0x00000e1c   Section        0  rt_task.o(i.rt_init_context)
    rt_init_context                          0x00000e1d   Thumb Code    66  rt_task.o(i.rt_init_context)
    i.rt_init_mem                            0x00000e64   Section        0  rt_memory.o(i.rt_init_mem)
    i.rt_init_robin                          0x00000e80   Section        0  rt_robin.o(i.rt_init_robin)
    i.rt_init_stack                          0x00000e98   Section        0  hal_cm.o(i.rt_init_stack)
    i.rt_mbx_check                           0x00000f18   Section        0  rt_mailbox.o(i.rt_mbx_check)
    i.rt_mbx_init                            0x00000f20   Section        0  rt_mailbox.o(i.rt_mbx_init)
    i.rt_mbx_psh                             0x00000f3c   Section        0  rt_mailbox.o(i.rt_mbx_psh)
    i.rt_mbx_wait                            0x0000102c   Section        0  rt_mailbox.o(i.rt_mbx_wait)
    i.rt_ms2tick                             0x000010e0   Section        0  rt_cmsis.o(i.rt_ms2tick)
    rt_ms2tick                               0x000010e1   Thumb Code    58  rt_cmsis.o(i.rt_ms2tick)
    i.rt_mut_release                         0x00001124   Section        0  rt_mutex.o(i.rt_mut_release)
    i.rt_mut_wait                            0x000011fc   Section        0  rt_mutex.o(i.rt_mut_wait)
    i.rt_pop_req                             0x00001264   Section        0  rt_system.o(i.rt_pop_req)
    i.rt_psh_req                             0x000012e0   Section        0  rt_system.o(i.rt_psh_req)
    i.rt_psq_enq                             0x00001300   Section        0  rt_list.o(i.rt_psq_enq)
    i.rt_put_dly                             0x0000135c   Section        0  rt_list.o(i.rt_put_dly)
    i.rt_put_prio                            0x000013a4   Section        0  rt_list.o(i.rt_put_prio)
    i.rt_put_rdy_first                       0x000013dc   Section        0  rt_list.o(i.rt_put_rdy_first)
    i.rt_resort_prio                         0x000013f0   Section        0  rt_list.o(i.rt_resort_prio)
    i.rt_ret_regs                            0x00001424   Section        0  hal_cm.o(i.rt_ret_regs)
    rt_ret_regs                              0x00001425   Thumb Code    16  hal_cm.o(i.rt_ret_regs)
    i.rt_ret_val                             0x00001434   Section        0  hal_cm.o(i.rt_ret_val)
    i.rt_ret_val2                            0x00001440   Section        0  hal_cm.o(i.rt_ret_val2)
    i.rt_rmv_dly                             0x00001450   Section        0  rt_list.o(i.rt_rmv_dly)
    i.rt_rmv_list                            0x00001478   Section        0  rt_list.o(i.rt_rmv_list)
    i.rt_sem_psh                             0x000014a8   Section        0  rt_semaphore.o(i.rt_sem_psh)
    i.rt_stk_check                           0x000014dc   Section        0  rt_system.o(i.rt_stk_check)
    i.rt_switch_req                          0x00001500   Section        0  rt_task.o(i.rt_switch_req)
    i.rt_sys_init                            0x00001528   Section        0  rt_task.o(i.rt_sys_init)
    i.rt_sys_start                           0x000015f4   Section        0  rt_task.o(i.rt_sys_start)
    i.rt_systick                             0x0000166c   Section        0  rt_system.o(i.rt_systick)
    i.rt_tid2ptcb                            0x000016ac   Section        0  rt_cmsis.o(i.rt_tid2ptcb)
    rt_tid2ptcb                              0x000016ad   Thumb Code    18  rt_cmsis.o(i.rt_tid2ptcb)
    i.rt_timer_insert                        0x000016c0   Section        0  rt_cmsis.o(i.rt_timer_insert)
    rt_timer_insert                          0x000016c1   Thumb Code    48  rt_cmsis.o(i.rt_timer_insert)
    i.rt_tsk_create                          0x000016f4   Section        0  rt_task.o(i.rt_tsk_create)
    i.rt_tsk_delete                          0x0000177c   Section        0  rt_task.o(i.rt_tsk_delete)
    i.rt_tsk_prio                            0x000018f8   Section        0  rt_task.o(i.rt_tsk_prio)
    i.rt_tsk_self                            0x00001974   Section        0  rt_task.o(i.rt_tsk_self)
    i.svcDelay                               0x00001984   Section        0  rt_cmsis.o(i.svcDelay)
    i.svcKernelInitialize                    0x00001998   Section        0  rt_cmsis.o(i.svcKernelInitialize)
    i.svcKernelStart                         0x00001a08   Section        0  rt_cmsis.o(i.svcKernelStart)
    i.svcMessageCreate                       0x00001a50   Section        0  rt_cmsis.o(i.svcMessageCreate)
    i.svcMessageGet                          0x00001a74   Section        0  rt_cmsis.o(i.svcMessageGet)
    i.svcThreadCreate                        0x00001ab0   Section        0  rt_cmsis.o(i.svcThreadCreate)
    i.svcThreadGetId                         0x00001b20   Section        0  rt_cmsis.o(i.svcThreadGetId)
    i.svcThreadTerminate                     0x00001b3c   Section        0  rt_cmsis.o(i.svcThreadTerminate)
    i.svcTimerCall                           0x00001b74   Section        0  rt_cmsis.o(i.svcTimerCall)
    i.sysTimerTick                           0x00001b8c   Section        0  rt_cmsis.o(i.sysTimerTick)
    x$fpl$fpinit                             0x00001be8   Section       10  fpinit.o(x$fpl$fpinit)
    $v0                                      0x00001be8   Number         0  fpinit.o(x$fpl$fpinit)
    .constdata                               0x00001bf4   Section       16  main.o(.constdata)
    .constdata                               0x00001c04   Section       86  rtx_conf_cm.o(.constdata)
    __tagsym$$used                           0x00001c20   Number         0  rtx_conf_cm.o(.constdata)
    __tagsym$$used                           0x00001c24   Number         0  rtx_conf_cm.o(.constdata)
    __tagsym$$used                           0x00001c28   Number         0  rtx_conf_cm.o(.constdata)
    __tagsym$$used                           0x00001c2c   Number         0  rtx_conf_cm.o(.constdata)
    .constdata                               0x00001c5c   Section       76  gpio.o(.constdata)
    GPIO_PORT_TO_INT                         0x00001c5c   Data          28  gpio.o(.constdata)
    GPIO_PORT_TO_BASE                        0x00001c78   Data          48  gpio.o(.constdata)
    .data                                    0x20000000   Section       24  tima.o(.data)
    .data                                    0x20000018   Section       36  rtx_conf_cm.o(.data)
    nr_mutex                                 0x20000028   Data           4  rtx_conf_cm.o(.data)
    .data                                    0x2000003c   Section        8  rt_cmsis.o(.data)
    .data                                    0x20000044   Section        8  rt_task.o(.data)
    .data                                    0x2000004c   Section        8  rt_system.o(.data)
    os_lock                                  0x2000004c   Data           1  rt_system.o(.data)
    os_psh_flag                              0x2000004d   Data           1  rt_system.o(.data)
    pend_flags                               0x2000004e   Data           1  rt_system.o(.data)
    .data                                    0x20000054   Section        4  rt_time.o(.data)
    .data                                    0x20000058   Section        8  rt_robin.o(.data)
    .data                                    0x20000060   Section        1  hal_cm.o(.data)
    .bss                                     0x20000064   Section       16  bsp_exti.o(.bss)
    .bss                                     0x20000074   Section       32  tima.o(.bss)
    .bss                                     0x20000098   Section     3016  rtx_conf_cm.o(.bss)
    std_libspace                             0x20000940   Data         672  rtx_conf_cm.o(.bss)
    std_libmutex                             0x20000be0   Data         128  rtx_conf_cm.o(.bss)
    .bss                                     0x20000c60   Section       52  rt_task.o(.bss)
    .bss                                     0x20000c94   Section       48  rt_list.o(.bss)
    .bss                                     0x20000cc4   Section       96  libspace.o(.bss)
    HEAP                                     0x20000d28   Section        0  startup_msp432p401r_uvision.o(HEAP)
    STACK                                    0x20000d28   Section      512  startup_msp432p401r_uvision.o(STACK)
    Heap_Mem                                 0x20000d28   Data           0  startup_msp432p401r_uvision.o(HEAP)
    Stack_Mem                                0x20000d28   Data         512  startup_msp432p401r_uvision.o(STACK)
    __initial_sp                             0x20000f28   Data           0  startup_msp432p401r_uvision.o(STACK)

    Global Symbols

    Symbol Name                              Value     Ov Type        Size  Object(Section)

    BuildAttributes$$THM_ISAv4$E$P$D$K$B$S$7EM$VFPi3$EXTD16$VFPS$VFMA$PE$A:L22UL41UL21$X:L11$S22US41US21$IEEE1$IW$USESV6$~STKCKD$USESV7$~SHL$OSPACE$ROPI$EBA8$UX$STANDARDLIB$REQ8$PRES8$EABIv2 0x00000000   Number         0  anon$$obj.o ABSOLUTE
    __ARM_use_no_argv                        0x00000000   Number         0  main.o ABSOLUTE
    __Vectors                                0x00000000   Data           4  startup_msp432p401r_uvision.o(RESET)
    __ARM_exceptions_init                     - Undefined Weak Reference
    __alloca_initialize                       - Undefined Weak Reference
    __arm_preinit_                            - Undefined Weak Reference
    __cpp_initialize__aeabi_                  - Undefined Weak Reference
    __cxa_finalize                            - Undefined Weak Reference
    __rt_locale                               - Undefined Weak Reference
    __sigvec_lookup                           - Undefined Weak Reference
    _atexit_init                              - Undefined Weak Reference
    _call_atexit_fns                          - Undefined Weak Reference
    _clock_init                               - Undefined Weak Reference
    _fp_trap_init                             - Undefined Weak Reference
    _fp_trap_shutdown                         - Undefined Weak Reference
    _get_lc_collate                           - Undefined Weak Reference
    _get_lc_ctype                             - Undefined Weak Reference
    _get_lc_monetary                          - Undefined Weak Reference
    _get_lc_numeric                           - Undefined Weak Reference
    _get_lc_time                              - Undefined Weak Reference
    _getenv_init                              - Undefined Weak Reference
    _handle_redirection                       - Undefined Weak Reference
    _init_alloc                               - Undefined Weak Reference
    _init_user_alloc                          - Undefined Weak Reference
    _initio                                   - Undefined Weak Reference
    _rand_init                                - Undefined Weak Reference
    _signal_finish                            - Undefined Weak Reference
    _signal_init                              - Undefined Weak Reference
    _terminate_alloc                          - Undefined Weak Reference
    _terminate_user_alloc                     - Undefined Weak Reference
    _terminateio                              - Undefined Weak Reference
    __Vectors_End                            0x00000144   Data           0  startup_msp432p401r_uvision.o(RESET)
    __Vectors_Size                           0x00000144   Number         0  startup_msp432p401r_uvision.o ABSOLUTE
    __main                                   0x00000145   Thumb Code     8  __main.o(!!!main)
    __scatterload                            0x0000014d   Thumb Code     0  __scatter.o(!!!scatter)
    __scatterload_rt2                        0x0000014d   Thumb Code    44  __scatter.o(!!!scatter)
    __scatterload_rt2_thumb_only             0x0000014d   Thumb Code     0  __scatter.o(!!!scatter)
    __scatterload_null                       0x0000015b   Thumb Code     0  __scatter.o(!!!scatter)
    __scatterload_copy                       0x00000181   Thumb Code    26  __scatter_copy.o(!!handler_copy)
    __scatterload_zeroinit                   0x0000019d   Thumb Code    28  __scatter_zi.o(!!handler_zi)
    __rt_lib_init                            0x000001b9   Thumb Code     0  libinit.o(.ARM.Collect$$libinit$$00000000)
    __rt_lib_init_fp_1                       0x000001bb   Thumb Code     0  libinit2.o(.ARM.Collect$$libinit$$00000001)
    __rt_lib_init_alloca_1                   0x000001bf   Thumb Code     0  libinit2.o(.ARM.Collect$$libinit$$0000002E)
    __rt_lib_init_argv_1                     0x000001bf   Thumb Code     0  libinit2.o(.ARM.Collect$$libinit$$0000002C)
    __rt_lib_init_atexit_1                   0x000001bf   Thumb Code     0  libinit2.o(.ARM.Collect$$libinit$$0000001B)
    __rt_lib_init_clock_1                    0x000001bf   Thumb Code     0  libinit2.o(.ARM.Collect$$libinit$$00000021)
    __rt_lib_init_cpp_1                      0x000001bf   Thumb Code     0  libinit2.o(.ARM.Collect$$libinit$$00000032)
    __rt_lib_init_exceptions_1               0x000001bf   Thumb Code     0  libinit2.o(.ARM.Collect$$libinit$$00000030)
    __rt_lib_init_fp_trap_1                  0x000001bf   Thumb Code     0  libinit2.o(.ARM.Collect$$libinit$$0000001F)
    __rt_lib_init_getenv_1                   0x000001bf   Thumb Code     0  libinit2.o(.ARM.Collect$$libinit$$00000023)
    __rt_lib_init_heap_1                     0x000001bf   Thumb Code     0  libinit2.o(.ARM.Collect$$libinit$$0000000A)
    __rt_lib_init_lc_collate_1               0x000001bf   Thumb Code     0  libinit2.o(.ARM.Collect$$libinit$$00000011)
    __rt_lib_init_lc_ctype_1                 0x000001bf   Thumb Code     0  libinit2.o(.ARM.Collect$$libinit$$00000013)
    __rt_lib_init_lc_monetary_1              0x000001bf   Thumb Code     0  libinit2.o(.ARM.Collect$$libinit$$00000015)
    __rt_lib_init_lc_numeric_1               0x000001bf   Thumb Code     0  libinit2.o(.ARM.Collect$$libinit$$00000017)
    __rt_lib_init_lc_time_1                  0x000001bf   Thumb Code     0  libinit2.o(.ARM.Collect$$libinit$$00000019)
    __rt_lib_init_preinit_1                  0x000001bf   Thumb Code     0  libinit2.o(.ARM.Collect$$libinit$$00000004)
    __rt_lib_init_rand_1                     0x000001bf   Thumb Code     0  libinit2.o(.ARM.Collect$$libinit$$0000000E)
    __rt_lib_init_return                     0x000001bf   Thumb Code     0  libinit2.o(.ARM.Collect$$libinit$$00000033)
    __rt_lib_init_signal_1                   0x000001bf   Thumb Code     0  libinit2.o(.ARM.Collect$$libinit$$0000001D)
    __rt_lib_init_stdio_1                    0x000001bf   Thumb Code     0  libinit2.o(.ARM.Collect$$libinit$$00000025)
    __rt_lib_init_user_alloc_1               0x000001bf   Thumb Code     0  libinit2.o(.ARM.Collect$$libinit$$0000000C)
    __rt_lib_shutdown                        0x000001c1   Thumb Code     0  libshutdown.o(.ARM.Collect$$libshutdown$$00000000)
    __rt_lib_shutdown_cpp_1                  0x000001c3   Thumb Code     0  libshutdown2.o(.ARM.Collect$$libshutdown$$00000002)
    __rt_lib_shutdown_fp_trap_1              0x000001c3   Thumb Code     0  libshutdown2.o(.ARM.Collect$$libshutdown$$00000007)
    __rt_lib_shutdown_heap_1                 0x000001c3   Thumb Code     0  libshutdown2.o(.ARM.Collect$$libshutdown$$0000000F)
    __rt_lib_shutdown_return                 0x000001c3   Thumb Code     0  libshutdown2.o(.ARM.Collect$$libshutdown$$00000010)
    __rt_lib_shutdown_signal_1               0x000001c3   Thumb Code     0  libshutdown2.o(.ARM.Collect$$libshutdown$$0000000A)
    __rt_lib_shutdown_stdio_1                0x000001c3   Thumb Code     0  libshutdown2.o(.ARM.Collect$$libshutdown$$00000004)
    __rt_lib_shutdown_user_alloc_1           0x000001c3   Thumb Code     0  libshutdown2.o(.ARM.Collect$$libshutdown$$0000000C)
    __rt_entry                               0x000001c5   Thumb Code     0  __rtentry.o(.ARM.Collect$$rtentry$$00000000)
    __rt_entry_presh_1                       0x000001c5   Thumb Code     0  __rtentry2.o(.ARM.Collect$$rtentry$$00000002)
    __rt_entry_sh                            0x000001c5   Thumb Code     0  __rtentry4.o(.ARM.Collect$$rtentry$$00000004)
    __rt_entry_li                            0x000001cb   Thumb Code     0  __rtentry2.o(.ARM.Collect$$rtentry$$0000000A)
    __rt_entry_postsh_1                      0x000001cb   Thumb Code     0  __rtentry2.o(.ARM.Collect$$rtentry$$00000009)
    __rt_entry_postli_1                      0x000001cf   Thumb Code     0  __rtentry2.o(.ARM.Collect$$rtentry$$0000000B)
    __rt_entry_main                          0x000001d7   Thumb Code     0  __rtentry2.o(.ARM.Collect$$rtentry$$0000000D)
    __rt_exit                                0x000001df   Thumb Code     0  rtexit.o(.ARM.Collect$$rtexit$$00000000)
    __rt_exit_ls                             0x000001e1   Thumb Code     0  rtexit2.o(.ARM.Collect$$rtexit$$00000003)
    __rt_exit_prels_1                        0x000001e1   Thumb Code     0  rtexit2.o(.ARM.Collect$$rtexit$$00000002)
    __rt_exit_exit                           0x000001e5   Thumb Code     0  rtexit2.o(.ARM.Collect$$rtexit$$00000004)
    _platform_post_lib_init                  0x000001ed   Thumb Code    24  rtx_conf_cm.o(.emb_text)
    rt_set_PSP                               0x00000209   Thumb Code     6  hal_cm4.o(.emb_text)
    rt_get_PSP                               0x0000020f   Thumb Code     6  hal_cm4.o(.emb_text)
    os_set_env                               0x00000215   Thumb Code    24  hal_cm4.o(.emb_text)
    _alloc_box                               0x00000231   Thumb Code    28  hal_cm4.o(.emb_text)
    _free_box                                0x00000251   Thumb Code    28  hal_cm4.o(.emb_text)
    SVC_Handler                              0x00000271   Thumb Code   168  hal_cm4.o(.emb_text)
    PendSV_Handler                           0x00000329   Thumb Code    96  hal_cm4.o(.emb_text)
    SysTick_Handler                          0x0000038d   Thumb Code     8  hal_cm4.o(.emb_text)
    OS_Tick_Handler                          0x00000395   Thumb Code    12  hal_cm4.o(.emb_text)
    Reset_Handler                            0x000003a1   Thumb Code     8  startup_msp432p401r_uvision.o(.text)
    NMI_Handler                              0x000003a9   Thumb Code     2  startup_msp432p401r_uvision.o(.text)
    HardFault_Handler                        0x000003ab   Thumb Code     2  startup_msp432p401r_uvision.o(.text)
    MemManage_Handler                        0x000003ad   Thumb Code     2  startup_msp432p401r_uvision.o(.text)
    BusFault_Handler                         0x000003af   Thumb Code     2  startup_msp432p401r_uvision.o(.text)
    UsageFault_Handler                       0x000003b1   Thumb Code     2  startup_msp432p401r_uvision.o(.text)
    DebugMon_Handler                         0x000003b5   Thumb Code     2  startup_msp432p401r_uvision.o(.text)
    ADC14_IRQHandler                         0x000003bb   Thumb Code     0  startup_msp432p401r_uvision.o(.text)
    AES256_IRQHandler                        0x000003bb   Thumb Code     0  startup_msp432p401r_uvision.o(.text)
    COMP_E0_IRQHandler                       0x000003bb   Thumb Code     0  startup_msp432p401r_uvision.o(.text)
    COMP_E1_IRQHandler                       0x000003bb   Thumb Code     0  startup_msp432p401r_uvision.o(.text)
    CS_IRQHandler                            0x000003bb   Thumb Code     0  startup_msp432p401r_uvision.o(.text)
    DMA_ERR_IRQHandler                       0x000003bb   Thumb Code     0  startup_msp432p401r_uvision.o(.text)
    DMA_INT0_IRQHandler                      0x000003bb   Thumb Code     0  startup_msp432p401r_uvision.o(.text)
    DMA_INT1_IRQHandler                      0x000003bb   Thumb Code     0  startup_msp432p401r_uvision.o(.text)
    DMA_INT2_IRQHandler                      0x000003bb   Thumb Code     0  startup_msp432p401r_uvision.o(.text)
    DMA_INT3_IRQHandler                      0x000003bb   Thumb Code     0  startup_msp432p401r_uvision.o(.text)
    EUSCIA0_IRQHandler                       0x000003bb   Thumb Code     0  startup_msp432p401r_uvision.o(.text)
    EUSCIA1_IRQHandler                       0x000003bb   Thumb Code     0  startup_msp432p401r_uvision.o(.text)
    EUSCIA2_IRQHandler                       0x000003bb   Thumb Code     0  startup_msp432p401r_uvision.o(.text)
    EUSCIA3_IRQHandler                       0x000003bb   Thumb Code     0  startup_msp432p401r_uvision.o(.text)
    EUSCIB0_IRQHandler                       0x000003bb   Thumb Code     0  startup_msp432p401r_uvision.o(.text)
    EUSCIB1_IRQHandler                       0x000003bb   Thumb Code     0  startup_msp432p401r_uvision.o(.text)
    EUSCIB2_IRQHandler                       0x000003bb   Thumb Code     0  startup_msp432p401r_uvision.o(.text)
    EUSCIB3_IRQHandler                       0x000003bb   Thumb Code     0  startup_msp432p401r_uvision.o(.text)
    FLCTL_IRQHandler                         0x000003bb   Thumb Code     0  startup_msp432p401r_uvision.o(.text)
    FPU_IRQHandler                           0x000003bb   Thumb Code     0  startup_msp432p401r_uvision.o(.text)
    PCM_IRQHandler                           0x000003bb   Thumb Code     0  startup_msp432p401r_uvision.o(.text)
    PORT1_IRQHandler                         0x000003bb   Thumb Code     0  startup_msp432p401r_uvision.o(.text)
    PORT2_IRQHandler                         0x000003bb   Thumb Code     0  startup_msp432p401r_uvision.o(.text)
    PORT3_IRQHandler                         0x000003bb   Thumb Code     0  startup_msp432p401r_uvision.o(.text)
    PORT5_IRQHandler                         0x000003bb   Thumb Code     0  startup_msp432p401r_uvision.o(.text)
    PORT6_IRQHandler                         0x000003bb   Thumb Code     0  startup_msp432p401r_uvision.o(.text)
    PSS_IRQHandler                           0x000003bb   Thumb Code     0  startup_msp432p401r_uvision.o(.text)
    RTC_C_IRQHandler                         0x000003bb   Thumb Code     0  startup_msp432p401r_uvision.o(.text)
    T32_INTC_IRQHandler                      0x000003bb   Thumb Code     0  startup_msp432p401r_uvision.o(.text)
    TA0_N_IRQHandler                         0x000003bb   Thumb Code     0  startup_msp432p401r_uvision.o(.text)
    TA1_0_IRQHandler                         0x000003bb   Thumb Code     0  startup_msp432p401r_uvision.o(.text)
    TA1_N_IRQHandler                         0x000003bb   Thumb Code     0  startup_msp432p401r_uvision.o(.text)
    TA2_0_IRQHandler                         0x000003bb   Thumb Code     0  startup_msp432p401r_uvision.o(.text)
    TA3_0_IRQHandler                         0x000003bb   Thumb Code     0  startup_msp432p401r_uvision.o(.text)
    TA3_N_IRQHandler                         0x000003bb   Thumb Code     0  startup_msp432p401r_uvision.o(.text)
    WDT_A_IRQHandler                         0x000003bb   Thumb Code     0  startup_msp432p401r_uvision.o(.text)
    __user_initial_stackheap                 0x000003bd   Thumb Code    10  startup_msp432p401r_uvision.o(.text)
    __user_libspace                          0x000003dd   Thumb Code     8  libspace.o(.text)
    __user_perproc_libspace                  0x000003dd   Thumb Code     0  libspace.o(.text)
    __use_no_semihosting                     0x000003e5   Thumb Code     2  use_no_semi_2.o(.text)
    exit                                     0x000003e7   Thumb Code    18  exit.o(.text)
    __use_two_region_memory                  0x000003f9   Thumb Code     2  heapauxi.o(.text)
    __rt_heap_escrow$2region                 0x000003fb   Thumb Code     2  heapauxi.o(.text)
    __rt_heap_expand$2region                 0x000003fd   Thumb Code     2  heapauxi.o(.text)
    __I$use$semihosting                      0x000003ff   Thumb Code     0  use_no_semi.o(.text)
    __use_no_semihosting_swi                 0x000003ff   Thumb Code     2  use_no_semi.o(.text)
    __user_setup_stackheap                   0x00000401   Thumb Code    74  sys_stackheap_outer.o(.text)
    SVC_Count                                0x0000044c   Data           4  svc_table.o(SVC_TABLE)
    GPIO_clearInterruptFlag                  0x00000451   Thumb Code    14  gpio.o(i.GPIO_clearInterruptFlag)
    SVC_Table                                0x00000450   Data           0  svc_table.o(SVC_TABLE)
    GPIO_getEnabledInterruptStatus           0x00000465   Thumb Code    52  gpio.o(i.GPIO_getEnabledInterruptStatus)
    __RL_RTX_VER                             0x00000480   Number         0  rt_system.o ABSOLUTE
    GPIO_getInterruptStatus                  0x0000049d   Thumb Code    12  gpio.o(i.GPIO_getInterruptStatus)
    LED_B_Off                                0x000004ad   Thumb Code    18  led.o(i.LED_B_Off)
    LED_G_Off                                0x000004bf   Thumb Code    18  led.o(i.LED_G_Off)
    LED_Init                                 0x000004d1   Thumb Code    44  led.o(i.LED_Init)
    LED_RED_Off                              0x00000501   Thumb Code    18  led.o(i.LED_RED_Off)
    LED_R_Off                                0x00000513   Thumb Code    18  led.o(i.LED_R_Off)
    LED_R_Tog                                0x00000525   Thumb Code    34  led.o(i.LED_R_Tog)
    PORT4_IRQHandler                         0x00000549   Thumb Code   260  bsp_exti.o(i.PORT4_IRQHandler)
    SystemInit                               0x00000651   Thumb Code    86  system_msp432p401r.o(i.SystemInit)
    T32_INT1_IRQHandler                      0x000006bd   Thumb Code    14  tim32.o(i.T32_INT1_IRQHandler)
    T32_INT2_IRQHandler                      0x000006d5   Thumb Code    14  tim32.o(i.T32_INT2_IRQHandler)
    TA0_0_IRQHandler                         0x000006ed   Thumb Code    86  tima.o(i.TA0_0_IRQHandler)
    TA2_N_IRQHandler                         0x00000759   Thumb Code   218  tima.o(i.TA2_N_IRQHandler)
    Thread_LED                               0x00000845   Thumb Code    14  main.o(i.Thread_LED)
    Timer_A_getCaptureCompareCount           0x00000853   Thumb Code    16  timer_a.o(i.Timer_A_getCaptureCompareCount)
    _init_box                                0x00000863   Thumb Code    70  rt_membox.o(i._init_box)
    _mutex_acquire                           0x000008a9   Thumb Code    22  rtx_conf_cm.o(i._mutex_acquire)
    _mutex_release                           0x000008c9   Thumb Code    18  rtx_conf_cm.o(i._mutex_release)
    _sys_exit                                0x000008e5   Thumb Code     4  usart.o(i._sys_exit)
    dbg_init                                 0x000008e9   Thumb Code    34  hal_cm.o(i.dbg_init)
    dbg_task_notify                          0x00000919   Thumb Code    32  hal_cm.o(i.dbg_task_notify)
    dbg_task_switch                          0x00000939   Thumb Code    16  hal_cm.o(i.dbg_task_switch)
    isrMessageGet                            0x00000949   Thumb Code    42  rt_cmsis.o(i.isrMessageGet)
    isrMessagePut                            0x00000973   Thumb Code    44  rt_cmsis.o(i.isrMessagePut)
    isr_mbx_receive                          0x000009a1   Thumb Code    82  rt_mailbox.o(i.isr_mbx_receive)
    isr_mbx_send                             0x000009f3   Thumb Code    14  rt_mailbox.o(i.isr_mbx_send)
    main                                     0x00000a01   Thumb Code    26  main.o(i.main)
    osDelay                                  0x00000a21   Thumb Code    18  rt_cmsis.o(i.osDelay)
    osKernelInitialize                       0x00000a39   Thumb Code    30  rt_cmsis.o(i.osKernelInitialize)
    osKernelStart                            0x00000a5d   Thumb Code    98  rt_cmsis.o(i.osKernelStart)
    osMessageGet                             0x00000ac9   Thumb Code    18  rt_cmsis.o(i.osMessageGet)
    osThreadCreate                           0x00000ae1   Thumb Code    38  rt_cmsis.o(i.osThreadCreate)
    osThreadExit                             0x00000b11   Thumb Code    14  rt_cmsis.o(i.osThreadExit)
    osTimerCall                              0x00000b29   Thumb Code     8  rt_cmsis.o(i.osTimerCall)
    osTimerThread                            0x00000b35   Thumb Code    38  rt_cmsis.o(i.osTimerThread)
    os_error                                 0x00000b61   Thumb Code    34  rtx_conf_cm.o(i.os_error)
    os_idle_demon                            0x00000b83   Thumb Code     4  rtx_conf_cm.o(i.os_idle_demon)
    os_tick_init                             0x00000b89   Thumb Code    32  rt_system.o(i.os_tick_init)
    os_tick_irqack                           0x00000bb1   Thumb Code     2  rt_system.o(i.os_tick_irqack)
    rt_alloc_box                             0x00000bb3   Thumb Code    26  rt_membox.o(i.rt_alloc_box)
    rt_alloc_mem                             0x00000bcd   Thumb Code    62  rt_memory.o(i.rt_alloc_mem)
    rt_block                                 0x00000c0d   Thumb Code    48  rt_task.o(i.rt_block)
    rt_chk_robin                             0x00000c45   Thumb Code    60  rt_robin.o(i.rt_chk_robin)
    rt_dec_dly                               0x00000c8d   Thumb Code   102  rt_list.o(i.rt_dec_dly)
    rt_dispatch                              0x00000cfd   Thumb Code    60  rt_task.o(i.rt_dispatch)
    rt_dly_wait                              0x00000d41   Thumb Code     6  rt_time.o(i.rt_dly_wait)
    rt_evt_psh                               0x00000d49   Thumb Code    76  rt_event.o(i.rt_evt_psh)
    rt_free_box                              0x00000d99   Thumb Code    44  rt_membox.o(i.rt_free_box)
    rt_free_mem                              0x00000dc5   Thumb Code    40  rt_memory.o(i.rt_free_mem)
    rt_get_first                             0x00000ded   Thumb Code    40  rt_list.o(i.rt_get_first)
    rt_init_mem                              0x00000e65   Thumb Code    26  rt_memory.o(i.rt_init_mem)
    rt_init_robin                            0x00000e81   Thumb Code    14  rt_robin.o(i.rt_init_robin)
    rt_init_stack                            0x00000e99   Thumb Code   118  hal_cm.o(i.rt_init_stack)
    rt_mbx_check                             0x00000f19   Thumb Code     8  rt_mailbox.o(i.rt_mbx_check)
    rt_mbx_init                              0x00000f21   Thumb Code    26  rt_mailbox.o(i.rt_mbx_init)
    rt_mbx_psh                               0x00000f3d   Thumb Code   236  rt_mailbox.o(i.rt_mbx_psh)
    rt_mbx_wait                              0x0000102d   Thumb Code   174  rt_mailbox.o(i.rt_mbx_wait)
    rt_mut_release                           0x00001125   Thumb Code   208  rt_mutex.o(i.rt_mut_release)
    rt_mut_wait                              0x000011fd   Thumb Code   100  rt_mutex.o(i.rt_mut_wait)
    rt_pop_req                               0x00001265   Thumb Code   112  rt_system.o(i.rt_pop_req)
    rt_psh_req                               0x000012e1   Thumb Code    22  rt_system.o(i.rt_psh_req)
    rt_psq_enq                               0x00001301   Thumb Code    88  rt_list.o(i.rt_psq_enq)
    rt_put_dly                               0x0000135d   Thumb Code    68  rt_list.o(i.rt_put_dly)
    rt_put_prio                              0x000013a5   Thumb Code    54  rt_list.o(i.rt_put_prio)
    rt_put_rdy_first                         0x000013dd   Thumb Code    14  rt_list.o(i.rt_put_rdy_first)
    rt_resort_prio                           0x000013f1   Thumb Code    46  rt_list.o(i.rt_resort_prio)
    rt_ret_val                               0x00001435   Thumb Code    12  hal_cm.o(i.rt_ret_val)
    rt_ret_val2                              0x00001441   Thumb Code    16  hal_cm.o(i.rt_ret_val2)
    rt_rmv_dly                               0x00001451   Thumb Code    40  rt_list.o(i.rt_rmv_dly)
    rt_rmv_list                              0x00001479   Thumb Code    44  rt_list.o(i.rt_rmv_list)
    rt_sem_psh                               0x000014a9   Thumb Code    48  rt_semaphore.o(i.rt_sem_psh)
    rt_stk_check                             0x000014dd   Thumb Code    28  rt_system.o(i.rt_stk_check)
    rt_switch_req                            0x00001501   Thumb Code    30  rt_task.o(i.rt_switch_req)
    rt_sys_init                              0x00001529   Thumb Code   138  rt_task.o(i.rt_sys_init)
    rt_sys_start                             0x000015f5   Thumb Code   110  rt_task.o(i.rt_sys_start)
    rt_systick                               0x0000166d   Thumb Code    50  rt_system.o(i.rt_systick)
    rt_tsk_create                            0x000016f5   Thumb Code   118  rt_task.o(i.rt_tsk_create)
    rt_tsk_delete                            0x0000177d   Thumb Code   352  rt_task.o(i.rt_tsk_delete)
    rt_tsk_prio                              0x000018f9   Thumb Code   108  rt_task.o(i.rt_tsk_prio)
    rt_tsk_self                              0x00001975   Thumb Code    12  rt_task.o(i.rt_tsk_self)
    svcDelay                                 0x00001985   Thumb Code    18  rt_cmsis.o(i.svcDelay)
    svcKernelInitialize                      0x00001999   Thumb Code    80  rt_cmsis.o(i.svcKernelInitialize)
    svcKernelStart                           0x00001a09   Thumb Code    62  rt_cmsis.o(i.svcKernelStart)
    svcMessageCreate                         0x00001a51   Thumb Code    36  rt_cmsis.o(i.svcMessageCreate)
    svcMessageGet                            0x00001a75   Thumb Code    58  rt_cmsis.o(i.svcMessageGet)
    svcThreadCreate                          0x00001ab1   Thumb Code   100  rt_cmsis.o(i.svcThreadCreate)
    svcThreadGetId                           0x00001b21   Thumb Code    22  rt_cmsis.o(i.svcThreadGetId)
    svcThreadTerminate                       0x00001b3d   Thumb Code    50  rt_cmsis.o(i.svcThreadTerminate)
    svcTimerCall                             0x00001b75   Thumb Code    24  rt_cmsis.o(i.svcTimerCall)
    sysTimerTick                             0x00001b8d   Thumb Code    84  rt_cmsis.o(i.sysTimerTick)
    _fp_init                                 0x00001be9   Thumb Code    10  fpinit.o(x$fpl$fpinit)
    __fplib_config_fpu_vfp                   0x00001bf1   Thumb Code     0  fpinit.o(x$fpl$fpinit)
    __fplib_config_pureend_doubles           0x00001bf1   Thumb Code     0  fpinit.o(x$fpl$fpinit)
    os_thread_def_Thread_LED                 0x00001bf4   Data          16  main.o(.constdata)
    os_maxtaskrun                            0x00001c04   Data           2  rtx_conf_cm.o(.constdata)
    os_stackinfo                             0x00001c08   Data           4  rtx_conf_cm.o(.constdata)
    os_rrobin                                0x00001c0c   Data           4  rtx_conf_cm.o(.constdata)
    os_tickfreq                              0x00001c10   Data           4  rtx_conf_cm.o(.constdata)
    os_tickus_i                              0x00001c14   Data           2  rtx_conf_cm.o(.constdata)
    os_tickus_f                              0x00001c16   Data           2  rtx_conf_cm.o(.constdata)
    os_trv                                   0x00001c18   Data           4  rtx_conf_cm.o(.constdata)
    os_flags                                 0x00001c1c   Data           1  rtx_conf_cm.o(.constdata)
    CMSIS_RTOS_API_Version                   0x00001c20   Data           4  rtx_conf_cm.o(.constdata)
    CMSIS_RTOS_RTX_Version                   0x00001c24   Data           4  rtx_conf_cm.o(.constdata)
    os_clockrate                             0x00001c28   Data           4  rtx_conf_cm.o(.constdata)
    os_timernum                              0x00001c2c   Data           4  rtx_conf_cm.o(.constdata)
    mp_tcb_size                              0x00001c30   Data           2  rtx_conf_cm.o(.constdata)
    mp_stk_size                              0x00001c34   Data           4  rtx_conf_cm.o(.constdata)
    os_stack_sz                              0x00001c38   Data           4  rtx_conf_cm.o(.constdata)
    os_fifo_size                             0x00001c3c   Data           1  rtx_conf_cm.o(.constdata)
    os_thread_def_osTimerThread              0x00001c40   Data          16  rtx_conf_cm.o(.constdata)
    os_messageQ_def_osTimerMessageQ          0x00001c50   Data           8  rtx_conf_cm.o(.constdata)
    mp_tmr_size                              0x00001c58   Data           2  rtx_conf_cm.o(.constdata)
    Region$$Table$$Base                      0x00001ca8   Number         0  anon$$obj.o(Region$$Table)
    Region$$Table$$Limit                     0x00001cc8   Number         0  anon$$obj.o(Region$$Table)
    TIMA2_CAP_STA                            0x20000000   Data           1  tima.o(.data)
    TIMA2_CAP_VAL                            0x20000002   Data           2  tima.o(.data)
    Delay_time                               0x20000004   Data           1  tima.o(.data)
    TIMflag                                  0x20000005   Data           1  tima.o(.data)
    Velocity_Mode1                           0x20000008   Data           4  tima.o(.data)
    Velocity_Mode2                           0x2000000c   Data           4  tima.o(.data)
    Velocity_Mode3                           0x20000010   Data           4  tima.o(.data)
    Turn                                     0x20000014   Data           4  tima.o(.data)
    osThreadId_osTimerThread                 0x20000018   Data           4  rtx_conf_cm.o(.data)
    osMessageQId_osTimerMessageQ             0x2000001c   Data           4  rtx_conf_cm.o(.data)
    os_tmr                                   0x20000020   Data           4  rtx_conf_cm.o(.data)
    m_tmr                                    0x20000024   Data           4  rtx_conf_cm.o(.data)
    os_thread_def_main                       0x2000002c   Data          16  rtx_conf_cm.o(.data)
    os_initialized                           0x2000003c   Data           1  rt_cmsis.o(.data)
    os_running                               0x2000003d   Data           1  rt_cmsis.o(.data)
    os_timer_head                            0x20000040   Data           4  rt_cmsis.o(.data)
    os_tsk                                   0x20000044   Data           8  rt_task.o(.data)
    os_tick_irqn                             0x20000050   Data           4  rt_system.o(.data)
    os_time                                  0x20000054   Data           4  rt_time.o(.data)
    os_robin                                 0x20000058   Data           8  rt_robin.o(.data)
    dbg_msg                                  0x20000060   Data           1  hal_cm.o(.data)
    bianmaqi                                 0x20000064   Data          16  bsp_exti.o(.bss)
    PID_PWM1                                 0x20000074   Data          16  tima.o(.bss)
    MotorA_speed                             0x20000084   Data          16  tima.o(.bss)
    mp_tcb                                   0x20000098   Data         376  rtx_conf_cm.o(.bss)
    mp_stk                                   0x20000210   Data        1216  rtx_conf_cm.o(.bss)
    os_stack_mem                             0x200006d0   Data         432  rtx_conf_cm.o(.bss)
    os_fifo                                  0x20000880   Data         132  rtx_conf_cm.o(.bss)
    os_active_TCB                            0x20000904   Data          28  rtx_conf_cm.o(.bss)
    os_messageQ_q_osTimerMessageQ            0x20000920   Data          32  rtx_conf_cm.o(.bss)
    os_idle_TCB                              0x20000c60   Data          52  rt_task.o(.bss)
    os_rdy                                   0x20000c94   Data          24  rt_list.o(.bss)
    os_dly                                   0x20000cac   Data          24  rt_list.o(.bss)
    __libspace_start                         0x20000cc4   Data          96  libspace.o(.bss)
    __temporary_stack_top$libspace           0x20000d24   Data           0  libspace.o(.bss)



==============================================================================

Memory Map of the image

  Image Entry point : 0x00000145

  Load Region LR_IROM1 (Base: 0x00000000, Size: 0x00001d2c, Max: 0x00040000, ABSOLUTE)

    Execution Region ER_IROM1 (Exec base: 0x00000000, Load base: 0x00000000, Size: 0x00001cc8, Max: 0x00040000, ABSOLUTE)

    Exec Addr    Load Addr    Size         Type   Attr      Idx    E Section Name        Object

    0x00000000   0x00000000   0x00000144   Data   RO         1127    RESET               startup_msp432p401r_uvision.o
    0x00000144   0x00000144   0x00000008   Code   RO         3458  * !!!main             c_w.l(__main.o)
    0x0000014c   0x0000014c   0x00000034   Code   RO         3617    !!!scatter          c_w.l(__scatter.o)
    0x00000180   0x00000180   0x0000001a   Code   RO         3619    !!handler_copy      c_w.l(__scatter_copy.o)
    0x0000019a   0x0000019a   0x00000002   PAD
    0x0000019c   0x0000019c   0x0000001c   Code   RO         3621    !!handler_zi        c_w.l(__scatter_zi.o)
    0x000001b8   0x000001b8   0x00000002   Code   RO         3505    .ARM.Collect$$libinit$$00000000  c_w.l(libinit.o)
    0x000001ba   0x000001ba   0x00000004   Code   RO         3513    .ARM.Collect$$libinit$$00000001  c_w.l(libinit2.o)
    0x000001be   0x000001be   0x00000000   Code   RO         3516    .ARM.Collect$$libinit$$00000004  c_w.l(libinit2.o)
    0x000001be   0x000001be   0x00000000   Code   RO         3519    .ARM.Collect$$libinit$$0000000A  c_w.l(libinit2.o)
    0x000001be   0x000001be   0x00000000   Code   RO         3521    .ARM.Collect$$libinit$$0000000C  c_w.l(libinit2.o)
    0x000001be   0x000001be   0x00000000   Code   RO         3523    .ARM.Collect$$libinit$$0000000E  c_w.l(libinit2.o)
    0x000001be   0x000001be   0x00000000   Code   RO         3526    .ARM.Collect$$libinit$$00000011  c_w.l(libinit2.o)
    0x000001be   0x000001be   0x00000000   Code   RO         3528    .ARM.Collect$$libinit$$00000013  c_w.l(libinit2.o)
    0x000001be   0x000001be   0x00000000   Code   RO         3530    .ARM.Collect$$libinit$$00000015  c_w.l(libinit2.o)
    0x000001be   0x000001be   0x00000000   Code   RO         3532    .ARM.Collect$$libinit$$00000017  c_w.l(libinit2.o)
    0x000001be   0x000001be   0x00000000   Code   RO         3534    .ARM.Collect$$libinit$$00000019  c_w.l(libinit2.o)
    0x000001be   0x000001be   0x00000000   Code   RO         3536    .ARM.Collect$$libinit$$0000001B  c_w.l(libinit2.o)
    0x000001be   0x000001be   0x00000000   Code   RO         3538    .ARM.Collect$$libinit$$0000001D  c_w.l(libinit2.o)
    0x000001be   0x000001be   0x00000000   Code   RO         3540    .ARM.Collect$$libinit$$0000001F  c_w.l(libinit2.o)
    0x000001be   0x000001be   0x00000000   Code   RO         3542    .ARM.Collect$$libinit$$00000021  c_w.l(libinit2.o)
    0x000001be   0x000001be   0x00000000   Code   RO         3544    .ARM.Collect$$libinit$$00000023  c_w.l(libinit2.o)
    0x000001be   0x000001be   0x00000000   Code   RO         3546    .ARM.Collect$$libinit$$00000025  c_w.l(libinit2.o)
    0x000001be   0x000001be   0x00000000   Code   RO         3550    .ARM.Collect$$libinit$$0000002C  c_w.l(libinit2.o)
    0x000001be   0x000001be   0x00000000   Code   RO         3552    .ARM.Collect$$libinit$$0000002E  c_w.l(libinit2.o)
    0x000001be   0x000001be   0x00000000   Code   RO         3554    .ARM.Collect$$libinit$$00000030  c_w.l(libinit2.o)
    0x000001be   0x000001be   0x00000000   Code   RO         3556    .ARM.Collect$$libinit$$00000032  c_w.l(libinit2.o)
    0x000001be   0x000001be   0x00000002   Code   RO         3557    .ARM.Collect$$libinit$$00000033  c_w.l(libinit2.o)
    0x000001c0   0x000001c0   0x00000002   Code   RO         3506    .ARM.Collect$$libshutdown$$00000000  c_w.l(libshutdown.o)
    0x000001c2   0x000001c2   0x00000000   Code   RO         3559    .ARM.Collect$$libshutdown$$00000002  c_w.l(libshutdown2.o)
    0x000001c2   0x000001c2   0x00000000   Code   RO         3561    .ARM.Collect$$libshutdown$$00000004  c_w.l(libshutdown2.o)
    0x000001c2   0x000001c2   0x00000000   Code   RO         3564    .ARM.Collect$$libshutdown$$00000007  c_w.l(libshutdown2.o)
    0x000001c2   0x000001c2   0x00000000   Code   RO         3567    .ARM.Collect$$libshutdown$$0000000A  c_w.l(libshutdown2.o)
    0x000001c2   0x000001c2   0x00000000   Code   RO         3569    .ARM.Collect$$libshutdown$$0000000C  c_w.l(libshutdown2.o)
    0x000001c2   0x000001c2   0x00000000   Code   RO         3572    .ARM.Collect$$libshutdown$$0000000F  c_w.l(libshutdown2.o)
    0x000001c2   0x000001c2   0x00000002   Code   RO         3573    .ARM.Collect$$libshutdown$$00000010  c_w.l(libshutdown2.o)
    0x000001c4   0x000001c4   0x00000000   Code   RO         3462    .ARM.Collect$$rtentry$$00000000  c_w.l(__rtentry.o)
    0x000001c4   0x000001c4   0x00000000   Code   RO         3470    .ARM.Collect$$rtentry$$00000002  c_w.l(__rtentry2.o)
    0x000001c4   0x000001c4   0x00000006   Code   RO         3482    .ARM.Collect$$rtentry$$00000004  c_w.l(__rtentry4.o)
    0x000001ca   0x000001ca   0x00000000   Code   RO         3472    .ARM.Collect$$rtentry$$00000009  c_w.l(__rtentry2.o)
    0x000001ca   0x000001ca   0x00000004   Code   RO         3473    .ARM.Collect$$rtentry$$0000000A  c_w.l(__rtentry2.o)
    0x000001ce   0x000001ce   0x00000008   Code   RO         3474    .ARM.Collect$$rtentry$$0000000B  c_w.l(__rtentry2.o)
    0x000001d6   0x000001d6   0x00000008   Code   RO         3476    .ARM.Collect$$rtentry$$0000000D  c_w.l(__rtentry2.o)
    0x000001de   0x000001de   0x00000002   Code   RO         3463    .ARM.Collect$$rtexit$$00000000  c_w.l(rtexit.o)
    0x000001e0   0x000001e0   0x00000000   Code   RO         3485    .ARM.Collect$$rtexit$$00000002  c_w.l(rtexit2.o)
    0x000001e0   0x000001e0   0x00000004   Code   RO         3486    .ARM.Collect$$rtexit$$00000003  c_w.l(rtexit2.o)
    0x000001e4   0x000001e4   0x00000006   Code   RO         3487    .ARM.Collect$$rtexit$$00000004  c_w.l(rtexit2.o)
    0x000001ea   0x000001ea   0x00000002   PAD
    0x000001ec   0x000001ec   0x0000001c   Code   RO         1067    .emb_text           rtx_conf_cm.o
    0x00000208   0x00000208   0x00000198   Code   RO         3428    .emb_text           RTX_CM4.lib(hal_cm4.o)
    0x000003a0   0x000003a0   0x0000003c   Code   RO         1128    .text               startup_msp432p401r_uvision.o
    0x000003dc   0x000003dc   0x00000008   Code   RO         3443    .text               c_w.l(libspace.o)
    0x000003e4   0x000003e4   0x00000002   Code   RO         3446    .text               c_w.l(use_no_semi_2.o)
    0x000003e6   0x000003e6   0x00000012   Code   RO         3450    .text               c_w.l(exit.o)
    0x000003f8   0x000003f8   0x00000006   Code   RO         3456    .text               c_w.l(heapauxi.o)
    0x000003fe   0x000003fe   0x00000002   Code   RO         3460    .text               c_w.l(use_no_semi.o)
    0x00000400   0x00000400   0x0000004a   Code   RO         3493    .text               c_w.l(sys_stackheap_outer.o)
    0x0000044a   0x0000044a   0x00000002   PAD
    0x0000044c   0x0000044c   0x00000004   Code   RO         3438    SVC_TABLE           RTX_CM4.lib(svc_table.o)
    0x00000450   0x00000450   0x00000014   Code   RO         1454    i.GPIO_clearInterruptFlag  msp432p4xx_driverlib.lib(gpio.o)
    0x00000464   0x00000464   0x00000038   Code   RO         1457    i.GPIO_getEnabledInterruptStatus  msp432p4xx_driverlib.lib(gpio.o)
    0x0000049c   0x0000049c   0x00000010   Code   RO         1459    i.GPIO_getInterruptStatus  msp432p4xx_driverlib.lib(gpio.o)
    0x000004ac   0x000004ac   0x00000012   Code   RO          477    i.LED_B_Off         led.o
    0x000004be   0x000004be   0x00000012   Code   RO          481    i.LED_G_Off         led.o
    0x000004d0   0x000004d0   0x00000030   Code   RO          484    i.LED_Init          led.o
    0x00000500   0x00000500   0x00000012   Code   RO          486    i.LED_RED_Off       led.o
    0x00000512   0x00000512   0x00000012   Code   RO          489    i.LED_R_Off         led.o
    0x00000524   0x00000524   0x00000022   Code   RO          491    i.LED_R_Tog         led.o
    0x00000546   0x00000546   0x00000002   PAD
    0x00000548   0x00000548   0x00000108   Code   RO          183    i.PORT4_IRQHandler  bsp_exti.o
    0x00000650   0x00000650   0x0000006c   Code   RO         1136    i.SystemInit        system_msp432p401r.o
    0x000006bc   0x000006bc   0x00000018   Code   RO          814    i.T32_INT1_IRQHandler  tim32.o
    0x000006d4   0x000006d4   0x00000018   Code   RO          815    i.T32_INT2_IRQHandler  tim32.o
    0x000006ec   0x000006ec   0x0000006c   Code   RO          859    i.TA0_0_IRQHandler  tima.o
    0x00000758   0x00000758   0x000000ec   Code   RO          860    i.TA2_N_IRQHandler  tima.o
    0x00000844   0x00000844   0x0000000e   Code   RO            4    i.Thread_LED        main.o
    0x00000852   0x00000852   0x00000010   Code   RO         1751    i.Timer_A_getCaptureCompareCount  msp432p4xx_driverlib.lib(timer_a.o)
    0x00000862   0x00000862   0x00000046   Code   RO         3322    i._init_box         RTX_CM4.lib(rt_membox.o)
    0x000008a8   0x000008a8   0x00000020   Code   RO         1069    i._mutex_acquire    rtx_conf_cm.o
    0x000008c8   0x000008c8   0x0000001c   Code   RO         1071    i._mutex_release    rtx_conf_cm.o
    0x000008e4   0x000008e4   0x00000004   Code   RO         1016    i._sys_exit         usart.o
    0x000008e8   0x000008e8   0x00000030   Code   RO         3375    i.dbg_init          RTX_CM4.lib(hal_cm.o)
    0x00000918   0x00000918   0x00000020   Code   RO         3376    i.dbg_task_notify   RTX_CM4.lib(hal_cm.o)
    0x00000938   0x00000938   0x00000010   Code   RO         3377    i.dbg_task_switch   RTX_CM4.lib(hal_cm.o)
    0x00000948   0x00000948   0x0000002a   Code   RO         2071    i.isrMessageGet     RTX_CM4.lib(rt_cmsis.o)
    0x00000972   0x00000972   0x0000002c   Code   RO         2072    i.isrMessagePut     RTX_CM4.lib(rt_cmsis.o)
    0x0000099e   0x0000099e   0x00000002   PAD
    0x000009a0   0x000009a0   0x00000052   Code   RO         3177    i.isr_mbx_receive   RTX_CM4.lib(rt_mailbox.o)
    0x000009f2   0x000009f2   0x0000000e   Code   RO         3178    i.isr_mbx_send      RTX_CM4.lib(rt_mailbox.o)
    0x00000a00   0x00000a00   0x00000020   Code   RO            5    i.main              main.o
    0x00000a20   0x00000a20   0x00000018   Code   RO         2075    i.osDelay           RTX_CM4.lib(rt_cmsis.o)
    0x00000a38   0x00000a38   0x00000024   Code   RO         2076    i.osKernelInitialize  RTX_CM4.lib(rt_cmsis.o)
    0x00000a5c   0x00000a5c   0x0000006c   Code   RO         2078    i.osKernelStart     RTX_CM4.lib(rt_cmsis.o)
    0x00000ac8   0x00000ac8   0x00000018   Code   RO         2087    i.osMessageGet      RTX_CM4.lib(rt_cmsis.o)
    0x00000ae0   0x00000ae0   0x00000030   Code   RO         2104    i.osThreadCreate    RTX_CM4.lib(rt_cmsis.o)
    0x00000b10   0x00000b10   0x00000018   Code   RO         2105    i.osThreadExit      RTX_CM4.lib(rt_cmsis.o)
    0x00000b28   0x00000b28   0x0000000c   Code   RO         2111    i.osTimerCall       RTX_CM4.lib(rt_cmsis.o)
    0x00000b34   0x00000b34   0x0000002c   Code   RO         2116    i.osTimerThread     RTX_CM4.lib(rt_cmsis.o)
    0x00000b60   0x00000b60   0x00000022   Code   RO         1072    i.os_error          rtx_conf_cm.o
    0x00000b82   0x00000b82   0x00000004   Code   RO         1073    i.os_idle_demon     rtx_conf_cm.o
    0x00000b86   0x00000b86   0x00000002   PAD
    0x00000b88   0x00000b88   0x00000028   Code   RO         2969    i.os_tick_init      RTX_CM4.lib(rt_system.o)
    0x00000bb0   0x00000bb0   0x00000002   Code   RO         2970    i.os_tick_irqack    RTX_CM4.lib(rt_system.o)
    0x00000bb2   0x00000bb2   0x0000001a   Code   RO         3323    i.rt_alloc_box      RTX_CM4.lib(rt_membox.o)
    0x00000bcc   0x00000bcc   0x0000003e   Code   RO         3351    i.rt_alloc_mem      RTX_CM4.lib(rt_memory.o)
    0x00000c0a   0x00000c0a   0x00000002   PAD
    0x00000c0c   0x00000c0c   0x00000038   Code   RO         2696    i.rt_block          RTX_CM4.lib(rt_task.o)
    0x00000c44   0x00000c44   0x00000048   Code   RO         3300    i.rt_chk_robin      RTX_CM4.lib(rt_robin.o)
    0x00000c8c   0x00000c8c   0x00000070   Code   RO         3101    i.rt_dec_dly        RTX_CM4.lib(rt_list.o)
    0x00000cfc   0x00000cfc   0x00000044   Code   RO         2697    i.rt_dispatch       RTX_CM4.lib(rt_task.o)
    0x00000d40   0x00000d40   0x00000006   Code   RO         3267    i.rt_dly_wait       RTX_CM4.lib(rt_time.o)
    0x00000d46   0x00000d46   0x00000002   PAD
    0x00000d48   0x00000d48   0x00000050   Code   RO         3062    i.rt_evt_psh        RTX_CM4.lib(rt_event.o)
    0x00000d98   0x00000d98   0x0000002c   Code   RO         3324    i.rt_free_box       RTX_CM4.lib(rt_membox.o)
    0x00000dc4   0x00000dc4   0x00000028   Code   RO         3352    i.rt_free_mem       RTX_CM4.lib(rt_memory.o)
    0x00000dec   0x00000dec   0x00000028   Code   RO         3102    i.rt_get_first      RTX_CM4.lib(rt_list.o)
    0x00000e14   0x00000e14   0x00000008   Code   RO         2121    i.rt_id2obj         RTX_CM4.lib(rt_cmsis.o)
    0x00000e1c   0x00000e1c   0x00000048   Code   RO         2698    i.rt_init_context   RTX_CM4.lib(rt_task.o)
    0x00000e64   0x00000e64   0x0000001a   Code   RO         3353    i.rt_init_mem       RTX_CM4.lib(rt_memory.o)
    0x00000e7e   0x00000e7e   0x00000002   PAD
    0x00000e80   0x00000e80   0x00000018   Code   RO         3301    i.rt_init_robin     RTX_CM4.lib(rt_robin.o)
    0x00000e98   0x00000e98   0x00000080   Code   RO         3378    i.rt_init_stack     RTX_CM4.lib(hal_cm.o)
    0x00000f18   0x00000f18   0x00000008   Code   RO         3179    i.rt_mbx_check      RTX_CM4.lib(rt_mailbox.o)
    0x00000f20   0x00000f20   0x0000001a   Code   RO         3180    i.rt_mbx_init       RTX_CM4.lib(rt_mailbox.o)
    0x00000f3a   0x00000f3a   0x00000002   PAD
    0x00000f3c   0x00000f3c   0x000000f0   Code   RO         3181    i.rt_mbx_psh        RTX_CM4.lib(rt_mailbox.o)
    0x0000102c   0x0000102c   0x000000b4   Code   RO         3183    i.rt_mbx_wait       RTX_CM4.lib(rt_mailbox.o)
    0x000010e0   0x000010e0   0x00000044   Code   RO         2122    i.rt_ms2tick        RTX_CM4.lib(rt_cmsis.o)
    0x00001124   0x00001124   0x000000d8   Code   RO         2782    i.rt_mut_release    RTX_CM4.lib(rt_mutex.o)
    0x000011fc   0x000011fc   0x00000068   Code   RO         2783    i.rt_mut_wait       RTX_CM4.lib(rt_mutex.o)
    0x00001264   0x00001264   0x0000007c   Code   RO         2973    i.rt_pop_req        RTX_CM4.lib(rt_system.o)
    0x000012e0   0x000012e0   0x00000020   Code   RO         2974    i.rt_psh_req        RTX_CM4.lib(rt_system.o)
    0x00001300   0x00001300   0x0000005c   Code   RO         3104    i.rt_psq_enq        RTX_CM4.lib(rt_list.o)
    0x0000135c   0x0000135c   0x00000048   Code   RO         3105    i.rt_put_dly        RTX_CM4.lib(rt_list.o)
    0x000013a4   0x000013a4   0x00000036   Code   RO         3106    i.rt_put_prio       RTX_CM4.lib(rt_list.o)
    0x000013da   0x000013da   0x00000002   PAD
    0x000013dc   0x000013dc   0x00000014   Code   RO         3107    i.rt_put_rdy_first  RTX_CM4.lib(rt_list.o)
    0x000013f0   0x000013f0   0x00000034   Code   RO         3108    i.rt_resort_prio    RTX_CM4.lib(rt_list.o)
    0x00001424   0x00001424   0x00000010   Code   RO         3379    i.rt_ret_regs       RTX_CM4.lib(hal_cm.o)
    0x00001434   0x00001434   0x0000000c   Code   RO         3380    i.rt_ret_val        RTX_CM4.lib(hal_cm.o)
    0x00001440   0x00001440   0x00000010   Code   RO         3381    i.rt_ret_val2       RTX_CM4.lib(hal_cm.o)
    0x00001450   0x00001450   0x00000028   Code   RO         3109    i.rt_rmv_dly        RTX_CM4.lib(rt_list.o)
    0x00001478   0x00001478   0x00000030   Code   RO         3110    i.rt_rmv_list       RTX_CM4.lib(rt_list.o)
    0x000014a8   0x000014a8   0x00000034   Code   RO         3228    i.rt_sem_psh        RTX_CM4.lib(rt_semaphore.o)
    0x000014dc   0x000014dc   0x00000024   Code   RO         2976    i.rt_stk_check      RTX_CM4.lib(rt_system.o)
    0x00001500   0x00001500   0x00000028   Code   RO         2699    i.rt_switch_req     RTX_CM4.lib(rt_task.o)
    0x00001528   0x00001528   0x000000cc   Code   RO         2700    i.rt_sys_init       RTX_CM4.lib(rt_task.o)
    0x000015f4   0x000015f4   0x00000078   Code   RO         2701    i.rt_sys_start      RTX_CM4.lib(rt_task.o)
    0x0000166c   0x0000166c   0x00000040   Code   RO         2978    i.rt_systick        RTX_CM4.lib(rt_system.o)
    0x000016ac   0x000016ac   0x00000012   Code   RO         2123    i.rt_tid2ptcb       RTX_CM4.lib(rt_cmsis.o)
    0x000016be   0x000016be   0x00000002   PAD
    0x000016c0   0x000016c0   0x00000034   Code   RO         2124    i.rt_timer_insert   RTX_CM4.lib(rt_cmsis.o)
    0x000016f4   0x000016f4   0x00000088   Code   RO         2702    i.rt_tsk_create     RTX_CM4.lib(rt_task.o)
    0x0000177c   0x0000177c   0x0000017c   Code   RO         2703    i.rt_tsk_delete     RTX_CM4.lib(rt_task.o)
    0x000018f8   0x000018f8   0x0000007c   Code   RO         2705    i.rt_tsk_prio       RTX_CM4.lib(rt_task.o)
    0x00001974   0x00001974   0x00000010   Code   RO         2706    i.rt_tsk_self       RTX_CM4.lib(rt_task.o)
    0x00001984   0x00001984   0x00000012   Code   RO         2126    i.svcDelay          RTX_CM4.lib(rt_cmsis.o)
    0x00001996   0x00001996   0x00000002   PAD
    0x00001998   0x00001998   0x00000070   Code   RO         2127    i.svcKernelInitialize  RTX_CM4.lib(rt_cmsis.o)
    0x00001a08   0x00001a08   0x00000048   Code   RO         2129    i.svcKernelStart    RTX_CM4.lib(rt_cmsis.o)
    0x00001a50   0x00001a50   0x00000024   Code   RO         2132    i.svcMessageCreate  RTX_CM4.lib(rt_cmsis.o)
    0x00001a74   0x00001a74   0x0000003a   Code   RO         2133    i.svcMessageGet     RTX_CM4.lib(rt_cmsis.o)
    0x00001aae   0x00001aae   0x00000002   PAD
    0x00001ab0   0x00001ab0   0x00000070   Code   RO         2147    i.svcThreadCreate   RTX_CM4.lib(rt_cmsis.o)
    0x00001b20   0x00001b20   0x0000001c   Code   RO         2148    i.svcThreadGetId    RTX_CM4.lib(rt_cmsis.o)
    0x00001b3c   0x00001b3c   0x00000038   Code   RO         2151    i.svcThreadTerminate  RTX_CM4.lib(rt_cmsis.o)
    0x00001b74   0x00001b74   0x00000018   Code   RO         2153    i.svcTimerCall      RTX_CM4.lib(rt_cmsis.o)
    0x00001b8c   0x00001b8c   0x0000005c   Code   RO         2162    i.sysTimerTick      RTX_CM4.lib(rt_cmsis.o)
    0x00001be8   0x00001be8   0x0000000a   Code   RO         3580    x$fpl$fpinit        fz_wm.l(fpinit.o)
    0x00001bf2   0x00001bf2   0x00000002   PAD
    0x00001bf4   0x00001bf4   0x00000010   Data   RO            6    .constdata          main.o
    0x00001c04   0x00001c04   0x00000056   Data   RO         1075    .constdata          rtx_conf_cm.o
    0x00001c5a   0x00001c5a   0x00000002   PAD
    0x00001c5c   0x00001c5c   0x0000004c   Data   RO         1474    .constdata          msp432p4xx_driverlib.lib(gpio.o)
    0x00001ca8   0x00001ca8   0x00000020   Data   RO         3615    Region$$Table       anon$$obj.o


    Execution Region RW_IRAM1 (Exec base: 0x20000000, Load base: 0x00001cc8, Size: 0x00000f28, Max: 0x00010000, ABSOLUTE)

    Exec Addr    Load Addr    Size         Type   Attr      Idx    E Section Name        Object

    0x20000000   0x00001cc8   0x00000018   Data   RW          866    .data               tima.o
    0x20000018   0x00001ce0   0x00000024   Data   RW         1076    .data               rtx_conf_cm.o
    0x2000003c   0x00001d04   0x00000008   Data   RW         2165    .data               RTX_CM4.lib(rt_cmsis.o)
    0x20000044   0x00001d0c   0x00000008   Data   RW         2708    .data               RTX_CM4.lib(rt_task.o)
    0x2000004c   0x00001d14   0x00000008   Data   RW         2981    .data               RTX_CM4.lib(rt_system.o)
    0x20000054   0x00001d1c   0x00000004   Data   RW         3271    .data               RTX_CM4.lib(rt_time.o)
    0x20000058   0x00001d20   0x00000008   Data   RW         3302    .data               RTX_CM4.lib(rt_robin.o)
    0x20000060   0x00001d28   0x00000001   Data   RW         3382    .data               RTX_CM4.lib(hal_cm.o)
    0x20000061   0x00001d29   0x00000003   PAD
    0x20000064        -       0x00000010   Zero   RW          184    .bss                bsp_exti.o
    0x20000074        -       0x00000020   Zero   RW          864    .bss                tima.o
    0x20000094   0x00001d29   0x00000004   PAD
    0x20000098        -       0x00000bc8   Zero   RW         1074    .bss                rtx_conf_cm.o
    0x20000c60        -       0x00000034   Zero   RW         2707    .bss                RTX_CM4.lib(rt_task.o)
    0x20000c94        -       0x00000030   Zero   RW         3111    .bss                RTX_CM4.lib(rt_list.o)
    0x20000cc4        -       0x00000060   Zero   RW         3444    .bss                c_w.l(libspace.o)
    0x20000d24   0x00001d29   0x00000004   PAD
    0x20000d28        -       0x00000000   Zero   RW         1126    HEAP                startup_msp432p401r_uvision.o
    0x20000d28        -       0x00000200   Zero   RW         1125    STACK               startup_msp432p401r_uvision.o



  Load Region LR_IROM2 (Base: 0x00200000, Size: 0x00000000, Max: 0x00004000, ABSOLUTE)

    Execution Region ER_IROM2 (Exec base: 0x00200000, Load base: 0x00200000, Size: 0x00000000, Max: 0x00004000, ABSOLUTE)

    **** No section assigned to this execution region ****


==============================================================================

Image component sizes


      Code (inc. data)   RO Data    RW Data    ZI Data      Debug   Object Name

       264          4          0          0         16       1342   bsp_exti.o
       154          4          0          0          0       2825   led.o
        46          6         16          0          0      15984   main.o
       126         26         86         36       3016       9419   rtx_conf_cm.o
        60         22        324          0        512        952   startup_msp432p401r_uvision.o
       108         22          0          0          0        561   system_msp432p401r.o
        48         20          0          0          0       1020   tim32.o
       344         40          0         24         32       2690   tima.o
         4          0          0          0          0        492   usart.o

    ----------------------------------------------------------------------
      1158        144        460         60       3580      35285   Object Totals
         0          0         32          0          0          0   (incl. Generated)
         4          0          2          0          4          0   (incl. Padding)

    ----------------------------------------------------------------------

      Code (inc. data)   RO Data    RW Data    ZI Data      Debug   Library Member Name

       268         24          0          1          0       4452   hal_cm.o
       408         34          0          0          0        816   hal_cm4.o
      1160        146          0          8          0      35054   rt_cmsis.o
        80          4          0          0          0        701   rt_event.o
       530         34          0          0         48       8597   rt_list.o
       550         10          0          0          0       4185   rt_mailbox.o
       140          0          0          0          0       2045   rt_membox.o
       128          0          0          0          0       2419   rt_memory.o
       320         12          0          0          0       1699   rt_mutex.o
        96         22          0          8          0       1230   rt_robin.o
        52          4          0          0          0        613   rt_semaphore.o
       298         52          0          8          0       6439   rt_system.o
      1216        174          0          8         52      10025   rt_task.o
         6          0          0          4          0        684   rt_time.o
         4          4          0          0          0        200   svc_table.o
         8          0          0          0          0         68   __main.o
         0          0          0          0          0          0   __rtentry.o
        20          0          0          0          0          0   __rtentry2.o
         6          0          0          0          0          0   __rtentry4.o
        52          8          0          0          0          0   __scatter.o
        26          0          0          0          0          0   __scatter_copy.o
        28          0          0          0          0          0   __scatter_zi.o
        18          0          0          0          0         80   exit.o
         6          0          0          0          0        152   heapauxi.o
         2          0          0          0          0          0   libinit.o
         6          0          0          0          0          0   libinit2.o
         2          0          0          0          0          0   libshutdown.o
         2          0          0          0          0          0   libshutdown2.o
         8          4          0          0         96         68   libspace.o
         2          0          0          0          0          0   rtexit.o
        10          0          0          0          0          0   rtexit2.o
        74          0          0          0          0         80   sys_stackheap_outer.o
         2          0          0          0          0         68   use_no_semi.o
         2          0          0          0          0         68   use_no_semi_2.o
        10          0          0          0          0        116   fpinit.o
         0          0          0          0          0       3056   cs.o
        92         26         76          0          0       3165   gpio.o
        16          0          0          0          0        725   timer_a.o

    ----------------------------------------------------------------------
      5674        558         76         40        200      86805   Library Totals
        26          0          0          3          4          0   (incl. Padding)

    ----------------------------------------------------------------------

      Code (inc. data)   RO Data    RW Data    ZI Data      Debug   Library Name

      5256        520          0         37        100      79159   RTX_CM4.lib
       274         12          0          0         96        584   c_w.l
        10          0          0          0          0        116   fz_wm.l
       108         26         76          0          0       6946   msp432p4xx_driverlib.lib

    ----------------------------------------------------------------------
      5674        558         76         40        200      86805   Library Totals

    ----------------------------------------------------------------------

==============================================================================


      Code (inc. data)   RO Data    RW Data    ZI Data      Debug   

      6832        702        536        100       3780     112934   Grand Totals
      6832        702        536        100       3780     112934   ELF Image Totals
      6832        702        536        100          0          0   ROM Totals

==============================================================================

    Total RO  Size (Code + RO Data)                 7368 (   7.20kB)
    Total RW  Size (RW Data + ZI Data)              3880 (   3.79kB)
    Total ROM Size (Code + RO Data + RW Data)       7468 (   7.29kB)

==============================================================================

