Component: ARM Compiler 5.06 update 1 (build 61) Tool: armlink [4d35a8]

==============================================================================

Section Cross References

    main.o(i.Thread_Key) refers to rt_cmsis.o(i.osDelay) for osDelay
    main.o(i.Thread_Key) refers to led.o(i.LED_G_Tog) for LED_G_Tog
    main.o(i.Thread_Key) refers to key.o(i.KEY_Scan) for KEY_Scan
    main.o(i.Thread_Key) refers to led.o(i.LED_R_Tog) for LED_R_Tog
    main.o(i.Thread_Key) refers to reflectance.o(i.Reflectance_Read2) for Reflectance_Read2
    main.o(i.Thread_Key) refers to oled.o(i.OLED_Clear) for OLED_Clear
    main.o(i.Thread_Key) refers to oled.o(i.OLED_ShowNum) for OLED_ShowNum
    main.o(i.Thread_Key) refers to oled.o(i.OLED_ShowBin) for OLED_ShowBin
    main.o(i.Thread_Key) refers to main.o(.data) for Key
    main.o(i.Thread_LED) refers to led.o(i.LED_R_Tog) for LED_R_Tog
    main.o(i.Thread_LED) refers to oled.o(i.OLED_ShowString) for OLED_ShowString
    main.o(i.Thread_LED) refers to oled.o(i.OLED_ShowNum) for OLED_ShowNum
    main.o(i.Thread_LED) refers to rt_cmsis.o(i.osDelay) for osDelay
    main.o(i.Thread_LED) refers to main.o(.data) for i
    main.o(i.Thread_LED) refers to bsp_exti.o(.data) for bianmaqi
    main.o(i.main) refers to rt_cmsis.o(i.osKernelInitialize) for osKernelInitialize
    main.o(i.main) refers to led.o(i.LED_Init) for LED_Init
    main.o(i.main) refers to sysinit.o(i.SysInit) for SysInit
    main.o(i.main) refers to oled.o(i.OLED_Init) for OLED_Init
    main.o(i.main) refers to key.o(i.KEY_Init) for KEY_Init
    main.o(i.main) refers to bsp_exti.o(i.Motor_Init_bianmaqi) for Motor_Init_bianmaqi
    main.o(i.main) refers to reflectance.o(i.Reflectance_Init2) for Reflectance_Init2
    main.o(i.main) refers to rt_cmsis.o(i.osThreadCreate) for osThreadCreate
    main.o(i.main) refers to rt_cmsis.o(i.osKernelStart) for osKernelStart
    main.o(i.main) refers to main.o(.constdata) for os_thread_def_Thread_LED
    main.o(.constdata) refers to main.o(i.Thread_LED) for Thread_LED
    main.o(.constdata) refers to main.o(i.Thread_Key) for Thread_Key
    baudarte.o(i.eusci_calcBaudDividers) refers to cs.o(i.CS_getSMCLK) for CS_getSMCLK
    baudarte.o(i.eusci_calcBaudDividers) refers to cs.o(i.CS_getACLK) for CS_getACLK
    baudarte.o(i.eusci_calcBaudDividers) refers to baudarte.o(i.bitPosition) for bitPosition
    delay.o(i.delay_init) refers to cs.o(i.CS_getMCLK) for CS_getMCLK
    delay.o(i.delay_init) refers to delay.o(.data) for fac_us
    delay.o(i.delay_ms) refers to delay.o(i.delay_us) for delay_us
    delay.o(i.delay_us) refers to delay.o(.data) for fac_us
    sysinit.o(i.SysInit) refers to cs.o(i.CS_setExternalClockSourceFrequency) for CS_setExternalClockSourceFrequency
    sysinit.o(i.SysInit) refers to cs.o(i.CS_startHFXT) for CS_startHFXT
    sysinit.o(i.SysInit) refers to cs.o(i.CS_startLFXT) for CS_startLFXT
    usart.o(.rev16_text) refers (Special) to use_no_semi_2.o(.text) for __use_no_semihosting
    usart.o(.revsh_text) refers (Special) to use_no_semi_2.o(.text) for __use_no_semihosting
    usart.o(.rrx_text) refers (Special) to use_no_semi_2.o(.text) for __use_no_semihosting
    usart.o(i.AnoTc_SendUserTest) refers (Special) to use_no_semi_2.o(.text) for __use_no_semihosting
    usart.o(i.AnoTc_SendUserTest) refers to usart.o(i.USART_SendCharArr) for USART_SendCharArr
    usart.o(i.USART_SendCharArr) refers (Special) to use_no_semi_2.o(.text) for __use_no_semihosting
    usart.o(i.USART_SendCharArr) refers to uart.o(i.UART_transmitData) for UART_transmitData
    usart.o(i._sys_exit) refers (Special) to use_no_semi_2.o(.text) for __use_no_semihosting
    usart.o(i.fputc) refers (Special) to use_no_semi_2.o(.text) for __use_no_semihosting
    usart.o(i.fputc) refers to uart.o(i.UART_transmitData) for UART_transmitData
    usart.o(i.uart_init) refers (Special) to use_no_semi_2.o(.text) for __use_no_semihosting
    usart.o(i.uart_init) refers to rt_memcpy_w.o(.text) for __aeabi_memcpy4
    usart.o(i.uart_init) refers to baudarte.o(i.eusci_calcBaudDividers) for eusci_calcBaudDividers
    usart.o(i.uart_init) refers to uart.o(i.UART_initModule) for UART_initModule
    usart.o(i.uart_init) refers to uart.o(i.UART_enableInterrupt) for UART_enableInterrupt
    usart.o(i.uart_init) refers to interrupt.o(i.Interrupt_enableInterrupt) for Interrupt_enableInterrupt
    usart.o(i.uart_init) refers to interrupt.o(i.Interrupt_enableMaster) for Interrupt_enableMaster
    usart.o(i.uart_init) refers to usart.o(.constdata) for .constdata
    usart.o(.constdata) refers (Special) to use_no_semi_2.o(.text) for __use_no_semihosting
    usart.o(.data) refers (Special) to use_no_semi_2.o(.text) for __use_no_semihosting
    bsp_exti.o(i.PORT4_IRQHandler) refers to bsp_exti.o(.data) for bianmaqi
    bsp_motor.o(i.Motor_Left_1) refers to bsp_motor.o(i.motor_speed_all) for motor_speed_all
    bsp_motor.o(i.Motor_Left_2) refers to bsp_motor.o(i.motor_speed_all) for motor_speed_all
[...]
    ti_driverlib\\simplelink_msp432p4_sdk_3_40_01_02\\ti\\devices\\msp432p4xx\\driverlib\\timer_a.c 0x00000000   Number         0  timer_a.o ABSOLUTE
    ti_driverlib\\simplelink_msp432p4_sdk_3_40_01_02\\ti\\devices\\msp432p4xx\\driverlib\\uart.c 0x00000000   Number         0  uart.o ABSOLUTE
    ti_driverlib\\simplelink_msp432p4_sdk_3_40_01_02\\ti\\devices\\msp432p4xx\\driverlib\\wdt_a.c 0x00000000   Number         0  wdt_a.o ABSOLUTE
    ti_driverlib\simplelink_msp432p4_sdk_3_40_01_02\ti\devices\msp432p4xx\driverlib\adc14.c 0x00000000   Number         0  adc14.o ABSOLUTE
    ti_driverlib\simplelink_msp432p4_sdk_3_40_01_02\ti\devices\msp432p4xx\driverlib\aes256.c 0x00000000   Number         0  aes256.o ABSOLUTE
    ti_driverlib\simplelink_msp432p4_sdk_3_40_01_02\ti\devices\msp432p4xx\driverlib\comp_e.c 0x00000000   Number         0  comp_e.o ABSOLUTE
    ti_driverlib\simplelink_msp432p4_sdk_3_40_01_02\ti\devices\msp432p4xx\driverlib\crc32.c 0x00000000   Number         0  crc32.o ABSOLUTE
    ti_driverlib\simplelink_msp432p4_sdk_3_40_01_02\ti\devices\msp432p4xx\driverlib\dma.c 0x00000000   Number         0  dma.o ABSOLUTE
    ti_driverlib\simplelink_msp432p4_sdk_3_40_01_02\ti\devices\msp432p4xx\driverlib\flash.c 0x00000000   Number         0  flash.o ABSOLUTE
    ti_driverlib\simplelink_msp432p4_sdk_3_40_01_02\ti\devices\msp432p4xx\driverlib\flash_a.c 0x00000000   Number         0  flash_a.o ABSOLUTE
    ti_driverlib\simplelink_msp432p4_sdk_3_40_01_02\ti\devices\msp432p4xx\driverlib\fpu.c 0x00000000   Number         0  fpu.o ABSOLUTE
    ti_driverlib\simplelink_msp432p4_sdk_3_40_01_02\ti\devices\msp432p4xx\driverlib\gpio.c 0x00000000   Number         0  gpio.o ABSOLUTE
    ti_driverlib\simplelink_msp432p4_sdk_3_40_01_02\ti\devices\msp432p4xx\driverlib\i2c.c 0x00000000   Number         0  i2c.o ABSOLUTE
    ti_driverlib\simplelink_msp432p4_sdk_3_40_01_02\ti\devices\msp432p4xx\driverlib\interrupt.c 0x00000000   Number         0  interrupt.o ABSOLUTE
    ti_driverlib\simplelink_msp432p4_sdk_3_40_01_02\ti\devices\msp432p4xx\driverlib\lcd_f.c 0x00000000   Number         0  lcd_f.o ABSOLUTE
    ti_driverlib\simplelink_msp432p4_sdk_3_40_01_02\ti\devices\msp432p4xx\driverlib\mpu.c 0x00000000   Number         0  mpu.o ABSOLUTE
    ti_driverlib\simplelink_msp432p4_sdk_3_40_01_02\ti\devices\msp432p4xx\driverlib\pcm.c 0x00000000   Number         0  pcm.o ABSOLUTE
    ti_driverlib\simplelink_msp432p4_sdk_3_40_01_02\ti\devices\msp432p4xx\driverlib\pmap.c 0x00000000   Number         0  pmap.o ABSOLUTE
    ti_driverlib\simplelink_msp432p4_sdk_3_40_01_02\ti\devices\msp432p4xx\driverlib\pss.c 0x00000000   Number         0  pss.o ABSOLUTE
    ti_driverlib\simplelink_msp432p4_sdk_3_40_01_02\ti\devices\msp432p4xx\driverlib\ref_a.c 0x00000000   Number         0  ref_a.o ABSOLUTE
    ti_driverlib\simplelink_msp432p4_sdk_3_40_01_02\ti\devices\msp432p4xx\driverlib\reset.c 0x00000000   Number         0  reset.o ABSOLUTE
    ti_driverlib\simplelink_msp432p4_sdk_3_40_01_02\ti\devices\msp432p4xx\driverlib\rtc_c.c 0x00000000   Number         0  rtc_c.o ABSOLUTE
    ti_driverlib\simplelink_msp432p4_sdk_3_40_01_02\ti\devices\msp432p4xx\driverlib\spi.c 0x00000000   Number         0  spi.o ABSOLUTE
    ti_driverlib\simplelink_msp432p4_sdk_3_40_01_02\ti\devices\msp432p4xx\driverlib\sysctl.c 0x00000000   Number         0  sysctl.o ABSOLUTE
    ti_driverlib\simplelink_msp432p4_sdk_3_40_01_02\ti\devices\msp432p4xx\driverlib\sysctl_a.c 0x00000000   Number         0  sysctl_a.o ABSOLUTE
    ti_driverlib\simplelink_msp432p4_sdk_3_40_01_02\ti\devices\msp432p4xx\driverlib\systick.c 0x00000000   Number         0  systick.o ABSOLUTE
    ti_driverlib\simplelink_msp432p4_sdk_3_40_01_02\ti\devices\msp432p4xx\driverlib\timer32.c 0x00000000   Number         0  timer32.o ABSOLUTE
    ti_driverlib\simplelink_msp432p4_sdk_3_40_01_02\ti\devices\msp432p4xx\driverlib\timer_a.c 0x00000000   Number         0  timer_a.o ABSOLUTE
    ti_driverlib\simplelink_msp432p4_sdk_3_40_01_02\ti\devices\msp432p4xx\driverlib\uart.c 0x00000000   Number         0  uart.o ABSOLUTE
    ti_driverlib\simplelink_msp432p4_sdk_3_40_01_02\ti\devices\msp432p4xx\driverlib\wdt_a.c 0x00000000   Number         0  wdt_a.o ABSOLUTE
    !!!main                                  0x00000144   Section        8  __main.o(!!!main)
    !!!scatter                               0x0000014c   Section       52  __scatter.o(!!!scatter)
    !!handler_copy                           0x00000180   Section       26  __scatter_copy.o(!!handler_copy)
    !!handler_zi                             0x0000019c   Section       28  __scatter_zi.o(!!handler_zi)
    .ARM.Collect$$libinit$$00000000          0x000001b8   Section        2  libinit.o(.ARM.Collect$$libinit$$00000000)
    .ARM.Collect$$libinit$$00000001          0x000001ba   Section        4  libinit2.o(.ARM.Collect$$libinit$$00000001)
    .ARM.Collect$$libinit$$00000004          0x000001be   Section        0  libinit2.o(.ARM.Collect$$libinit$$00000004)
    .ARM.Collect$$libinit$$0000000A          0x000001be   Section        0  libinit2.o(.ARM.Collect$$libinit$$0000000A)
    .ARM.Collect$$libinit$$0000000C          0x000001be   Section        0  libinit2.o(.ARM.Collect$$libinit$$0000000C)
    .ARM.Collect$$libinit$$0000000E          0x000001be   Section        0  libinit2.o(.ARM.Collect$$libinit$$0000000E)
    .ARM.Collect$$libinit$$00000011          0x000001be   Section        0  libinit2.o(.ARM.Collect$$libinit$$00000011)
    .ARM.Collect$$libinit$$00000013          0x000001be   Section        0  libinit2.o(.ARM.Collect$$libinit$$00000013)
    .ARM.Collect$$libinit$$00000015          0x000001be   Section        0  libinit2.o(.ARM.Collect$$libinit$$00000015)
    .ARM.Collect$$libinit$$00000017          0x000001be   Section        0  libinit2.o(.ARM.Collect$$libinit$$00000017)
    .ARM.Collect$$libinit$$00000019          0x000001be   Section        0  libinit2.o(.ARM.Collect$$libinit$$00000019)
    .ARM.Collect$$libinit$$0000001B          0x000001be   Section        0  libinit2.o(.ARM.Collect$$libinit$$0000001B)
    .ARM.Collect$$libinit$$0000001D          0x000001be   Section        0  libinit2.o(.ARM.Collect$$libinit$$0000001D)
    .ARM.Collect$$libinit$$0000001F          0x000001be   Section        0  libinit2.o(.ARM.Collect$$libinit$$0000001F)
    .ARM.Collect$$libinit$$00000021          0x000001be   Section        0  libinit2.o(.ARM.Collect$$libinit$$00000021)
    .ARM.Collect$$libinit$$00000023          0x000001be   Section        0  libinit2.o(.ARM.Collect$$libinit$$00000023)
    .ARM.Collect$$libinit$$00000025          0x000001be   Section        0  libinit2.o(.ARM.Collect$$libinit$$00000025)
    .ARM.Collect$$libinit$$0000002C          0x000001be   Section        0  libinit2.o(.ARM.Collect$$libinit$$0000002C)
    .ARM.Collect$$libinit$$0000002E          0x000001be   Section        0  libinit2.o(.ARM.Collect$$libinit$$0000002E)
    .ARM.Collect$$libinit$$00000030          0x000001be   Section        0  libinit2.o(.ARM.Collect$$libinit$$00000030)
    .ARM.Collect$$libinit$$00000032          0x000001be   Section        0  libinit2.o(.ARM.Collect$$libinit$$00000032)
    .ARM.Collect$$libinit$$00000033          0x000001be   Section        2  libinit2.o(.ARM.Collect$$libinit$$00000033)
    .ARM.Collect$$libshutdown$$00000000      0x000001c0   Section        2  libshutdown.o(.ARM.Collect$$libshutdown$$00000000)
    .ARM.Collect$$libshutdown$$00000002      0x000001c2   Section        0  libshutdown2.o(.ARM.Collect$$libshutdown$$00000002)
    .ARM.Collect$$libshutdown$$00000004      0x000001c2   Section        0  libshutdown2.o(.ARM.Collect$$libshutdown$$00000004)
    .ARM.Collect$$libshutdown$$00000007      0x000001c2   Section        0  libshutdown2.o(.ARM.Collect$$libshutdown$$00000007)
    .ARM.Collect$$libshutdown$$0000000A      0x000001c2   Section        0  libshutdown2.o(.ARM.Collect$$libshutdown$$0000000A)
    .ARM.Collect$$libshutdown$$0000000C      0x000001c2   Section        0  libshutdown2.o(.ARM.Collect$$libshutdown$$0000000C)
    .ARM.Collect$$libshutdown$$0000000F      0x000001c2   Section        0  libshutdown2.o(.ARM.Collect$$libshutdown$$0000000F)
    .ARM.Collect$$libshutdown$$00000010      0x000001c2   Section        2  libshutdown2.o(.ARM.Collect$$libshutdown$$00000010)
    .ARM.Collect$$rtentry$$00000000          0x000001c4   Section        0  __rtentry.o(.ARM.Collect$$rtentry$$00000000)
    .ARM.Collect$$rtentry$$00000002          0x000001c4   Section        0  __rtentry2.o(.ARM.Collect$$rtentry$$00000002)
    .ARM.Collect$$rtentry$$00000004          0x000001c4   Section        6  __rtentry4.o(.ARM.Collect$$rtentry$$00000004)
    .ARM.Collect$$rtentry$$00000009          0x000001ca   Section        0  __rtentry2.o(.ARM.Collect$$rtentry$$00000009)
    .ARM.Collect$$rtentry$$0000000A          0x000001ca   Section        4  __rtentry2.o(.ARM.Collect$$rtentry$$0000000A)
    .ARM.Collect$$rtentry$$0000000B          0x000001ce   Section        8  __rtentry2.o(.ARM.Collect$$rtentry$$0000000B)
    .ARM.Collect$$rtentry$$0000000D          0x000001d6   Section        8  __rtentry2.o(.ARM.Collect$$rtentry$$0000000D)
    .ARM.Collect$$rtexit$$00000000           0x000001de   Section        2  rtexit.o(.ARM.Collect$$rtexit$$00000000)
    .ARM.Collect$$rtexit$$00000002           0x000001e0   Section        0  rtexit2.o(.ARM.Collect$$rtexit$$00000002)
    .ARM.Collect$$rtexit$$00000003           0x000001e0   Section        4  rtexit2.o(.ARM.Collect$$rtexit$$00000003)
    .ARM.Collect$$rtexit$$00000004           0x000001e4   Section        6  rtexit2.o(.ARM.Collect$$rtexit$$00000004)
    .emb_text                                0x000001ec   Section       28  rtx_conf_cm.o(.emb_text)
    $v0                                      0x000001ec   Number         0  rtx_conf_cm.o(.emb_text)
    .emb_text                                0x00000208   Section      408  hal_cm4.o(.emb_text)
    $v0                                      0x00000208   Number         0  hal_cm4.o(.emb_text)
    .text                                    0x000003a0   Section       60  startup_msp432p401r_uvision.o(.text)
    $v0                                      0x000003a0   Number         0  startup_msp432p401r_uvision.o(.text)
    .text                                    0x000003dc   Section        8  libspace.o(.text)
    .text                                    0x000003e4   Section        2  use_no_semi_2.o(.text)
    .text                                    0x000003e6   Section        0  exit.o(.text)
    .text                                    0x000003f8   Section        0  heapauxi.o(.text)
    .text                                    0x000003fe   Section        2  use_no_semi.o(.text)
    .text                                    0x00000400   Section       74  sys_stackheap_outer.o(.text)
    SVC_TABLE                                0x0000044c   Section        4  svc_table.o(SVC_TABLE)
    i.CS_setExternalClockSourceFrequency     0x00000450   Section        0  cs.o(i.CS_setExternalClockSourceFrequency)
    i.CS_startHFXT                           0x0000045c   Section        0  cs.o(i.CS_startHFXT)
    i.CS_startHFXTWithTimeout                0x00000464   Section        0  cs.o(i.CS_startHFXTWithTimeout)
    i.CS_startLFXT                           0x00000504   Section        0  cs.o(i.CS_startLFXT)
    i.CS_startLFXTWithTimeout                0x0000050c   Section        0  cs.o(i.CS_startLFXTWithTimeout)
    i.I2C_SW_Configuration                   0x000005ac   Section        0  oled.o(i.I2C_SW_Configuration)
    i.I2C_Start                              0x000005c8   Section        0  oled.o(i.I2C_Start)
    i.I2C_Stop                               0x000005fa   Section        0  oled.o(i.I2C_Stop)
    i.I2C_WaitAck                            0x00000622   Section        0  oled.o(i.I2C_WaitAck)
    i.KEY_Init                               0x0000064c   Section        0  key.o(i.KEY_Init)
    i.KEY_Scan                               0x00000660   Section        0  key.o(i.KEY_Scan)
    i.LED_B_Off                              0x000006f8   Section        0  led.o(i.LED_B_Off)
    i.LED_G_Off                              0x0000070a   Section        0  led.o(i.LED_G_Off)
    i.LED_G_Tog                              0x0000071c   Section        0  led.o(i.LED_G_Tog)
    i.LED_Init                               0x00000740   Section        0  led.o(i.LED_Init)
    i.LED_RED_Off                            0x00000770   Section        0  led.o(i.LED_RED_Off)
    i.LED_R_Off                              0x00000782   Section        0  led.o(i.LED_R_Off)
    i.LED_R_Tog                              0x00000794   Section        0  led.o(i.LED_R_Tog)
    i.Motor_Init_bianmaqi                    0x000007b8   Section        0  bsp_exti.o(i.Motor_Init_bianmaqi)
    i.OLED_Clear                             0x00000968   Section        0  oled.o(i.OLED_Clear)
    i.OLED_Init                              0x000009a8   Section        0  oled.o(i.OLED_Init)
    i.OLED_Set_Pos                           0x00000a94   Section        0  oled.o(i.OLED_Set_Pos)
    i.OLED_ShowBin                           0x00000abe   Section        0  oled.o(i.OLED_ShowBin)
    i.OLED_ShowChar                          0x00000b10   Section        0  oled.o(i.OLED_ShowChar)
    i.OLED_ShowNum                           0x00000be4   Section        0  oled.o(i.OLED_ShowNum)
    i.OLED_ShowString                        0x00000c7e   Section        0  oled.o(i.OLED_ShowString)
    i.OLED_WR_Byte                           0x00000cc0   Section        0  oled.o(i.OLED_WR_Byte)
    i.PORT4_IRQHandler                       0x00000cf8   Section        0  bsp_exti.o(i.PORT4_IRQHandler)
    i.Reflectance_Init2                      0x00000f1c   Section        0  reflectance.o(i.Reflectance_Init2)
    i.Reflectance_Read2                      0x00000f2c   Section        0  reflectance.o(i.Reflectance_Read2)
    i.Send_Byte                              0x00000f38   Section        0  oled.o(i.Send_Byte)
    i.SysCtl_A_disableNMISource              0x00000f9c   Section        0  sysctl_a.o(i.SysCtl_A_disableNMISource)
    i.SysCtl_A_enableNMISource               0x00000fac   Section        0  sysctl_a.o(i.SysCtl_A_enableNMISource)
    i.SysCtl_A_getNMISourceStatus            0x00000fbc   Section        0  sysctl_a.o(i.SysCtl_A_getNMISourceStatus)
    i.SysInit                                0x00000fcc   Section        0  sysinit.o(i.SysInit)
    i.SystemInit                             0x0000107c   Section        0  system_msp432p401r.o(i.SystemInit)
    i.T32_INT1_IRQHandler                    0x000010e8   Section        0  tim32.o(i.T32_INT1_IRQHandler)
    i.T32_INT2_IRQHandler                    0x00001100   Section        0  tim32.o(i.T32_INT2_IRQHandler)
    i.TA0_0_IRQHandler                       0x00001118   Section        0  tima.o(i.TA0_0_IRQHandler)
    i.TA2_N_IRQHandler                       0x00001184   Section        0  tima.o(i.TA2_N_IRQHandler)
    i.Thread_Key                             0x00001270   Section        0  main.o(i.Thread_Key)
    i.Thread_LED                             0x000012cc   Section        0  main.o(i.Thread_LED)
    i.Timer_A_getCaptureCompareCount         0x00001378   Section        0  timer_a.o(i.Timer_A_getCaptureCompareCount)
    i._CSGetHFXTFrequency                    0x0000138c   Section        0  cs.o(i._CSGetHFXTFrequency)
    _CSGetHFXTFrequency                      0x0000138d   Thumb Code   106  cs.o(i._CSGetHFXTFrequency)
    i._init_box                              0x00001424   Section        0  rt_membox.o(i._init_box)
    i._mutex_acquire                         0x0000146c   Section        0  rtx_conf_cm.o(i._mutex_acquire)
    __tagsym$$used                           0x0000146d   Number         0  rtx_conf_cm.o(i._mutex_acquire)
    i._mutex_release                         0x0000148c   Section        0  rtx_conf_cm.o(i._mutex_release)
    __tagsym$$used                           0x0000148d   Number         0  rtx_conf_cm.o(i._mutex_release)
    i._sys_exit                              0x000014a8   Section        0  usart.o(i._sys_exit)
    i.dbg_init                               0x000014ac   Section        0  hal_cm.o(i.dbg_init)
    i.dbg_task_notify                        0x000014dc   Section        0  hal_cm.o(i.dbg_task_notify)
    i.dbg_task_switch                        0x000014fc   Section        0  hal_cm.o(i.dbg_task_switch)
    i.isrMessageGet                          0x0000150c   Section        0  rt_cmsis.o(i.isrMessageGet)
    i.isrMessagePut                          0x00001536   Section        0  rt_cmsis.o(i.isrMessagePut)
    i.isr_mbx_receive                        0x00001564   Section        0  rt_mailbox.o(i.isr_mbx_receive)
    i.isr_mbx_send                           0x000015b6   Section        0  rt_mailbox.o(i.isr_mbx_send)
    i.main                                   0x000015c4   Section        0  main.o(i.main)
    i.oled_pow                               0x00001604   Section        0  oled.o(i.oled_pow)
    i.osDelay                                0x0000161c   Section        0  rt_cmsis.o(i.osDelay)
    i.osKernelInitialize                     0x00001634   Section        0  rt_cmsis.o(i.osKernelInitialize)
    i.osKernelStart                          0x00001658   Section        0  rt_cmsis.o(i.osKernelStart)
    i.osMessageGet                           0x000016c4   Section        0  rt_cmsis.o(i.osMessageGet)
    i.osThreadCreate                         0x000016dc   Section        0  rt_cmsis.o(i.osThreadCreate)
    i.osThreadExit                           0x0000170c   Section        0  rt_cmsis.o(i.osThreadExit)
    i.osTimerCall                            0x00001724   Section        0  rt_cmsis.o(i.osTimerCall)
    i.osTimerThread                          0x00001730   Section        0  rt_cmsis.o(i.osTimerThread)
    i.os_error                               0x0000175c   Section        0  rtx_conf_cm.o(i.os_error)
    i.os_idle_demon                          0x0000177e   Section        0  rtx_conf_cm.o(i.os_idle_demon)
    i.os_tick_init                           0x00001784   Section        0  rt_system.o(i.os_tick_init)
    i.os_tick_irqack                         0x000017ac   Section        0  rt_system.o(i.os_tick_irqack)
    i.rt_alloc_box                           0x000017ae   Section        0  rt_membox.o(i.rt_alloc_box)
    i.rt_alloc_mem                           0x000017c8   Section        0  rt_memory.o(i.rt_alloc_mem)
    i.rt_block                               0x00001808   Section        0  rt_task.o(i.rt_block)
    i.rt_chk_robin                           0x00001840   Section        0  rt_robin.o(i.rt_chk_robin)
    i.rt_dec_dly                             0x00001888   Section        0  rt_list.o(i.rt_dec_dly)
    i.rt_dispatch                            0x000018f8   Section        0  rt_task.o(i.rt_dispatch)
    i.rt_dly_wait                            0x0000193c   Section        0  rt_time.o(i.rt_dly_wait)
    i.rt_evt_psh                             0x00001944   Section        0  rt_event.o(i.rt_evt_psh)
    i.rt_free_box                            0x00001994   Section        0  rt_membox.o(i.rt_free_box)
    i.rt_free_mem                            0x000019c0   Section        0  rt_memory.o(i.rt_free_mem)
    i.rt_get_first                           0x000019e8   Section        0  rt_list.o(i.rt_get_first)
    i.rt_id2obj                              0x00001a10   Section        0  rt_cmsis.o(i.rt_id2obj)
    rt_id2obj                                0x00001a11   Thumb Code     8  rt_cmsis.o(i.rt_id2obj)
    i.rt_init_context                        0x00001a18   Section        0  rt_task.o(i.rt_init_context)
    rt_init_context                          0x00001a19   Thumb Code    66  rt_task.o(i.rt_init_context)
    i.rt_init_mem                            0x00001a60   Section        0  rt_memory.o(i.rt_init_mem)
    i.rt_init_robin                          0x00001a7c   Section        0  rt_robin.o(i.rt_init_robin)
    i.rt_init_stack                          0x00001a94   Section        0  hal_cm.o(i.rt_init_stack)
    i.rt_mbx_check                           0x00001b14   Section        0  rt_mailbox.o(i.rt_mbx_check)
    i.rt_mbx_init                            0x00001b1c   Section        0  rt_mailbox.o(i.rt_mbx_init)
    i.rt_mbx_psh                             0x00001b38   Section        0  rt_mailbox.o(i.rt_mbx_psh)
    i.rt_mbx_wait                            0x00001c28   Section        0  rt_mailbox.o(i.rt_mbx_wait)
    i.rt_ms2tick                             0x00001cdc   Section        0  rt_cmsis.o(i.rt_ms2tick)
    rt_ms2tick                               0x00001cdd   Thumb Code    58  rt_cmsis.o(i.rt_ms2tick)
    i.rt_mut_release                         0x00001d20   Section        0  rt_mutex.o(i.rt_mut_release)
    i.rt_mut_wait                            0x00001df8   Section        0  rt_mutex.o(i.rt_mut_wait)
    i.rt_pop_req                             0x00001e60   Section        0  rt_system.o(i.rt_pop_req)
    i.rt_psh_req                             0x00001edc   Section        0  rt_system.o(i.rt_psh_req)
    i.rt_psq_enq                             0x00001efc   Section        0  rt_list.o(i.rt_psq_enq)
    i.rt_put_dly                             0x00001f58   Section        0  rt_list.o(i.rt_put_dly)
    i.rt_put_prio                            0x00001fa0   Section        0  rt_list.o(i.rt_put_prio)
    i.rt_put_rdy_first                       0x00001fd8   Section        0  rt_list.o(i.rt_put_rdy_first)
    i.rt_resort_prio                         0x00001fec   Section        0  rt_list.o(i.rt_resort_prio)
    i.rt_ret_regs                            0x00002020   Section        0  hal_cm.o(i.rt_ret_regs)
    rt_ret_regs                              0x00002021   Thumb Code    16  hal_cm.o(i.rt_ret_regs)
    i.rt_ret_val                             0x00002030   Section        0  hal_cm.o(i.rt_ret_val)
    i.rt_ret_val2                            0x0000203c   Section        0  hal_cm.o(i.rt_ret_val2)
    i.rt_rmv_dly                             0x0000204c   Section        0  rt_list.o(i.rt_rmv_dly)
    i.rt_rmv_list                            0x00002074   Section        0  rt_list.o(i.rt_rmv_list)
    i.rt_sem_psh                             0x000020a4   Section        0  rt_semaphore.o(i.rt_sem_psh)
    i.rt_stk_check                           0x000020d8   Section        0  rt_system.o(i.rt_stk_check)
    i.rt_switch_req                          0x000020fc   Section        0  rt_task.o(i.rt_switch_req)
    i.rt_sys_init                            0x00002124   Section        0  rt_task.o(i.rt_sys_init)
    i.rt_sys_start                           0x000021f0   Section        0  rt_task.o(i.rt_sys_start)
    i.rt_systick                             0x00002268   Section        0  rt_system.o(i.rt_systick)
    i.rt_tid2ptcb                            0x000022a8   Section        0  rt_cmsis.o(i.rt_tid2ptcb)
    rt_tid2ptcb                              0x000022a9   Thumb Code    18  rt_cmsis.o(i.rt_tid2ptcb)
    i.rt_timer_insert                        0x000022bc   Section        0  rt_cmsis.o(i.rt_timer_insert)
    rt_timer_insert                          0x000022bd   Thumb Code    48  rt_cmsis.o(i.rt_timer_insert)
    i.rt_tsk_create                          0x000022f0   Section        0  rt_task.o(i.rt_tsk_create)
    i.rt_tsk_delete                          0x00002378   Section        0  rt_task.o(i.rt_tsk_delete)
    i.rt_tsk_prio                            0x000024f4   Section        0  rt_task.o(i.rt_tsk_prio)
    i.rt_tsk_self                            0x00002570   Section        0  rt_task.o(i.rt_tsk_self)
    i.svcDelay                               0x00002580   Section        0  rt_cmsis.o(i.svcDelay)
    i.svcKernelInitialize                    0x00002594   Section        0  rt_cmsis.o(i.svcKernelInitialize)
    i.svcKernelStart                         0x00002604   Section        0  rt_cmsis.o(i.svcKernelStart)
    i.svcMessageCreate                       0x0000264c   Section        0  rt_cmsis.o(i.svcMessageCreate)
    i.svcMessageGet                          0x00002670   Section        0  rt_cmsis.o(i.svcMessageGet)
    i.svcThreadCreate                        0x000026ac   Section        0  rt_cmsis.o(i.svcThreadCreate)
    i.svcThreadGetId                         0x0000271c   Section        0  rt_cmsis.o(i.svcThreadGetId)
    i.svcThreadTerminate                     0x00002738   Section        0  rt_cmsis.o(i.svcThreadTerminate)
    i.svcTimerCall                           0x00002770   Section        0  rt_cmsis.o(i.svcTimerCall)
    i.sysTimerTick                           0x00002788   Section        0  rt_cmsis.o(i.sysTimerTick)
    x$fpl$fpinit                             0x000027e4   Section       10  fpinit.o(x$fpl$fpinit)
    $v0                                      0x000027e4   Number         0  fpinit.o(x$fpl$fpinit)
    .constdata                               0x000027f0   Section       32  main.o(.constdata)
    .constdata                               0x00002810   Section     2314  oled.o(.constdata)
    .constdata                               0x0000311c   Section       86  rtx_conf_cm.o(.constdata)
    __tagsym$$used                           0x00003138   Number         0  rtx_conf_cm.o(.constdata)
    __tagsym$$used                           0x0000313c   Number         0  rtx_conf_cm.o(.constdata)
    __tagsym$$used                           0x00003140   Number         0  rtx_conf_cm.o(.constdata)
    __tagsym$$used                           0x00003144   Number         0  rtx_conf_cm.o(.constdata)
    .data                                    0x20000000   Section       11  main.o(.data)
    i                                        0x20000009   Data           1  main.o(.data)
    ReadData                                 0x2000000a   Data           1  main.o(.data)
    .data                                    0x2000000b   Section        4  bsp_exti.o(.data)
    .data                                    0x2000000f   Section        1  key.o(.data)
    key_up                                   0x2000000f   Data           1  key.o(.data)
    .data                                    0x20000010   Section       24  tima.o(.data)
    .data                                    0x20000028   Section       36  rtx_conf_cm.o(.data)
    nr_mutex                                 0x20000038   Data           4  rtx_conf_cm.o(.data)
    .data                                    0x2000004c   Section        8  cs.o(.data)
    hfxtFreq                                 0x2000004c   Data           4  cs.o(.data)
    lfxtFreq                                 0x20000050   Data           4  cs.o(.data)
    .data                                    0x20000054   Section        8  rt_cmsis.o(.data)
    .data                                    0x2000005c   Section        8  rt_task.o(.data)
    .data                                    0x20000064   Section        8  rt_system.o(.data)
    os_lock                                  0x20000064   Data           1  rt_system.o(.data)
    os_psh_flag                              0x20000065   Data           1  rt_system.o(.data)
    pend_flags                               0x20000066   Data           1  rt_system.o(.data)
    .data                                    0x2000006c   Section        4  rt_time.o(.data)
    .data                                    0x20000070   Section        8  rt_robin.o(.data)
    .data                                    0x20000078   Section        1  hal_cm.o(.data)
    .bss                                     0x2000007c   Section       32  tima.o(.bss)
    .bss                                     0x200000a0   Section     3016  rtx_conf_cm.o(.bss)
    std_libspace                             0x20000948   Data         672  rtx_conf_cm.o(.bss)
    std_libmutex                             0x20000be8   Data         128  rtx_conf_cm.o(.bss)
    .bss                                     0x20000c68   Section       52  rt_task.o(.bss)
    .bss                                     0x20000c9c   Section       48  rt_list.o(.bss)
    .bss                                     0x20000ccc   Section       96  libspace.o(.bss)
    HEAP                                     0x20000d30   Section        0  startup_msp432p401r_uvision.o(HEAP)
    STACK                                    0x20000d30   Section      512  startup_msp432p401r_uvision.o(STACK)
    Heap_Mem                                 0x20000d30   Data           0  startup_msp432p401r_uvision.o(HEAP)
    Stack_Mem                                0x20000d30   Data         512  startup_msp432p401r_uvision.o(STACK)
    __initial_sp                             0x20000f30   Data           0  startup_msp432p401r_uvision.o(STACK)

    Global Symbols

    Symbol Name                              Value     Ov Type        Size  Object(Section)

    BuildAttributes$$THM_ISAv4$E$P$D$K$B$S$7EM$VFPi3$EXTD16$VFPS$VFMA$PE$A:L22UL41UL21$X:L11$S22US41US21$IEEE1$IW$USESV6$~STKCKD$USESV7$~SHL$OSPACE$ROPI$EBA8$UX$STANDARDLIB$REQ8$PRES8$EABIv2 0x00000000   Number         0  anon$$obj.o ABSOLUTE
    __ARM_use_no_argv                        0x00000000   Number         0  main.o ABSOLUTE
    __Vectors                                0x00000000   Data           4  startup_msp432p401r_uvision.o(RESET)
    __ARM_exceptions_init                     - Undefined Weak Reference
    __alloca_initialize                       - Undefined Weak Reference
    __arm_preinit_                            - Undefined Weak Reference
    __cpp_initialize__aeabi_                  - Undefined Weak Reference
    __cxa_finalize                            - Undefined Weak Reference
    __rt_locale                               - Undefined Weak Reference
    __sigvec_lookup                           - Undefined Weak Reference
    _atexit_init                              - Undefined Weak Reference
    _call_atexit_fns                          - Undefined Weak Reference
    _clock_init                               - Undefined Weak Reference
    _fp_trap_init                             - Undefined Weak Reference
    _fp_trap_shutdown                         - Undefined Weak Reference
    _get_lc_collate                           - Undefined Weak Reference
    _get_lc_ctype                             - Undefined Weak Reference
    _get_lc_monetary                          - Undefined Weak Reference
    _get_lc_numeric                           - Undefined Weak Reference
    _get_lc_time                              - Undefined Weak Reference
    _getenv_init                              - Undefined Weak Reference
    _handle_redirection                       - Undefined Weak Reference
    _init_alloc                               - Undefined Weak Reference
    _init_user_alloc                          - Undefined Weak Reference
    _initio                                   - Undefined Weak Reference
    _rand_init                                - Undefined Weak Reference
    _signal_finish                            - Undefined Weak Reference
    _signal_init                              - Undefined Weak Reference
    _terminate_alloc                          - Undefined Weak Reference
    _terminate_user_alloc                     - Undefined Weak Reference
    _terminateio                              - Undefined Weak Reference
    __Vectors_End                            0x00000144   Data           0  startup_msp432p401r_uvision.o(RESET)
    __Vectors_Size                           0x00000144   Number         0  startup_msp432p401r_uvision.o ABSOLUTE
    __main                                   0x00000145   Thumb Code     8  __main.o(!!!main)
    __scatterload                            0x0000014d   Thumb Code     0  __scatter.o(!!!scatter)
    __scatterload_rt2                        0x0000014d   Thumb Code    44  __scatter.o(!!!scatter)
    __scatterload_rt2_thumb_only             0x0000014d   Thumb Code     0  __scatter.o(!!!scatter)
    __scatterload_null                       0x0000015b   Thumb Code     0  __scatter.o(!!!scatter)
    __scatterload_copy                       0x00000181   Thumb Code    26  __scatter_copy.o(!!handler_copy)
    __scatterload_zeroinit                   0x0000019d   Thumb Code    28  __scatter_zi.o(!!handler_zi)
    __rt_lib_init                            0x000001b9   Thumb Code     0  libinit.o(.ARM.Collect$$libinit$$00000000)
    __rt_lib_init_fp_1                       0x000001bb   Thumb Code     0  libinit2.o(.ARM.Collect$$libinit$$00000001)
    __rt_lib_init_alloca_1                   0x000001bf   Thumb Code     0  libinit2.o(.ARM.Collect$$libinit$$0000002E)
    __rt_lib_init_argv_1                     0x000001bf   Thumb Code     0  libinit2.o(.ARM.Collect$$libinit$$0000002C)
    __rt_lib_init_atexit_1                   0x000001bf   Thumb Code     0  libinit2.o(.ARM.Collect$$libinit$$0000001B)
    __rt_lib_init_clock_1                    0x000001bf   Thumb Code     0  libinit2.o(.ARM.Collect$$libinit$$00000021)
    __rt_lib_init_cpp_1                      0x000001bf   Thumb Code     0  libinit2.o(.ARM.Collect$$libinit$$00000032)
    __rt_lib_init_exceptions_1               0x000001bf   Thumb Code     0  libinit2.o(.ARM.Collect$$libinit$$00000030)
    __rt_lib_init_fp_trap_1                  0x000001bf   Thumb Code     0  libinit2.o(.ARM.Collect$$libinit$$0000001F)
    __rt_lib_init_getenv_1                   0x000001bf   Thumb Code     0  libinit2.o(.ARM.Collect$$libinit$$00000023)
    __rt_lib_init_heap_1                     0x000001bf   Thumb Code     0  libinit2.o(.ARM.Collect$$libinit$$0000000A)
    __rt_lib_init_lc_collate_1               0x000001bf   Thumb Code     0  libinit2.o(.ARM.Collect$$libinit$$00000011)
    __rt_lib_init_lc_ctype_1                 0x000001bf   Thumb Code     0  libinit2.o(.ARM.Collect$$libinit$$00000013)
    __rt_lib_init_lc_monetary_1              0x000001bf   Thumb Code     0  libinit2.o(.ARM.Collect$$libinit$$00000015)
    __rt_lib_init_lc_numeric_1               0x000001bf   Thumb Code     0  libinit2.o(.ARM.Collect$$libinit$$00000017)
    __rt_lib_init_lc_time_1                  0x000001bf   Thumb Code     0  libinit2.o(.ARM.Collect$$libinit$$00000019)
    __rt_lib_init_preinit_1                  0x000001bf   Thumb Code     0  libinit2.o(.ARM.Collect$$libinit$$00000004)
    __rt_lib_init_rand_1                     0x000001bf   Thumb Code     0  libinit2.o(.ARM.Collect$$libinit$$0000000E)
    __rt_lib_init_return                     0x000001bf   Thumb Code     0  libinit2.o(.ARM.Collect$$libinit$$00000033)
    __rt_lib_init_signal_1                   0x000001bf   Thumb Code     0  libinit2.o(.ARM.Collect$$libinit$$0000001D)
    __rt_lib_init_stdio_1                    0x000001bf   Thumb Code     0  libinit2.o(.ARM.Collect$$libinit$$00000025)
    __rt_lib_init_user_alloc_1               0x000001bf   Thumb Code     0  libinit2.o(.ARM.Collect$$libinit$$0000000C)
    __rt_lib_shutdown                        0x000001c1   Thumb Code     0  libshutdown.o(.ARM.Collect$$libshutdown$$00000000)
    __rt_lib_shutdown_cpp_1                  0x000001c3   Thumb Code     0  libshutdown2.o(.ARM.Collect$$libshutdown$$00000002)
    __rt_lib_shutdown_fp_trap_1              0x000001c3   Thumb Code     0  libshutdown2.o(.ARM.Collect$$libshutdown$$00000007)
    __rt_lib_shutdown_heap_1                 0x000001c3   Thumb Code     0  libshutdown2.o(.ARM.Collect$$libshutdown$$0000000F)
    __rt_lib_shutdown_return                 0x000001c3   Thumb Code     0  libshutdown2.o(.ARM.Collect$$libshutdown$$00000010)
    __rt_lib_shutdown_signal_1               0x000001c3   Thumb Code     0  libshutdown2.o(.ARM.Collect$$libshutdown$$0000000A)
    __rt_lib_shutdown_stdio_1                0x000001c3   Thumb Code     0  libshutdown2.o(.ARM.Collect$$libshutdown$$00000004)
    __rt_lib_shutdown_user_alloc_1           0x000001c3   Thumb Code     0  libshutdown2.o(.ARM.Collect$$libshutdown$$0000000C)
    __rt_entry                               0x000001c5   Thumb Code     0  __rtentry.o(.ARM.Collect$$rtentry$$00000000)
    __rt_entry_presh_1                       0x000001c5   Thumb Code     0  __rtentry2.o(.ARM.Collect$$rtentry$$00000002)
    __rt_entry_sh                            0x000001c5   Thumb Code     0  __rtentry4.o(.ARM.Collect$$rtentry$$00000004)
    __rt_entry_li                            0x000001cb   Thumb Code     0  __rtentry2.o(.ARM.Collect$$rtentry$$0000000A)
    __rt_entry_postsh_1                      0x000001cb   Thumb Code     0  __rtentry2.o(.ARM.Collect$$rtentry$$00000009)
    __rt_entry_postli_1                      0x000001cf   Thumb Code     0  __rtentry2.o(.ARM.Collect$$rtentry$$0000000B)
    __rt_entry_main                          0x000001d7   Thumb Code     0  __rtentry2.o(.ARM.Collect$$rtentry$$0000000D)
    __rt_exit                                0x000001df   Thumb Code     0  rtexit.o(.ARM.Collect$$rtexit$$00000000)
    __rt_exit_ls                             0x000001e1   Thumb Code     0  rtexit2.o(.ARM.Collect$$rtexit$$00000003)
    __rt_exit_prels_1                        0x000001e1   Thumb Code     0  rtexit2.o(.ARM.Collect$$rtexit$$00000002)
    __rt_exit_exit                           0x000001e5   Thumb Code     0  rtexit2.o(.ARM.Collect$$rtexit$$00000004)
    _platform_post_lib_init                  0x000001ed   Thumb Code    24  rtx_conf_cm.o(.emb_text)
    rt_set_PSP                               0x00000209   Thumb Code     6  hal_cm4.o(.emb_text)
    rt_get_PSP                               0x0000020f   Thumb Code     6  hal_cm4.o(.emb_text)
    os_set_env                               0x00000215   Thumb Code    24  hal_cm4.o(.emb_text)
    _alloc_box                               0x00000231   Thumb Code    28  hal_cm4.o(.emb_text)
    _free_box                                0x00000251   Thumb Code    28  hal_cm4.o(.emb_text)
    SVC_Handler                              0x00000271   Thumb Code   168  hal_cm4.o(.emb_text)
    PendSV_Handler                           0x00000329   Thumb Code    96  hal_cm4.o(.emb_text)
    SysTick_Handler                          0x0000038d   Thumb Code     8  hal_cm4.o(.emb_text)
    OS_Tick_Handler                          0x00000395   Thumb Code    12  hal_cm4.o(.emb_text)
    Reset_Handler                            0x000003a1   Thumb Code     8  startup_msp432p401r_uvision.o(.text)
    NMI_Handler                              0x000003a9   Thumb Code     2  startup_msp432p401r_uvision.o(.text)
    HardFault_Handler                        0x000003ab   Thumb Code     2  startup_msp432p401r_uvision.o(.text)
    MemManage_Handler                        0x000003ad   Thumb Code     2  startup_msp432p401r_uvision.o(.text)
    BusFault_Handler                         0x000003af   Thumb Code     2  startup_msp432p401r_uvision.o(.text)
    UsageFault_Handler                       0x000003b1   Thumb Code     2  startup_msp432p401r_uvision.o(.text)
    DebugMon_Handler                         0x000003b5   Thumb Code     2  startup_msp432p401r_uvision.o(.text)
    ADC14_IRQHandler                         0x000003bb   Thumb Code     0  startup_msp432p401r_uvision.o(.text)
    AES256_IRQHandler                        0x000003bb   Thumb Code     0  startup_msp432p401r_uvision.o(.text)
    COMP_E0_IRQHandler                       0x000003bb   Thumb Code     0  startup_msp432p401r_uvision.o(.text)
    COMP_E1_IRQHandler                       0x000003bb   Thumb Code     0  startup_msp432p401r_uvision.o(.text)
    CS_IRQHandler                            0x000003bb   Thumb Code     0  startup_msp432p401r_uvision.o(.text)
    DMA_ERR_IRQHandler                       0x000003bb   Thumb Code     0  startup_msp432p401r_uvision.o(.text)
    DMA_INT0_IRQHandler                      0x000003bb   Thumb Code     0  startup_msp432p401r_uvision.o(.text)
    DMA_INT1_IRQHandler                      0x000003bb   Thumb Code     0  startup_msp432p401r_uvision.o(.text)
    DMA_INT2_IRQHandler                      0x000003bb   Thumb Code     0  startup_msp432p401r_uvision.o(.text)
    DMA_INT3_IRQHandler                      0x000003bb   Thumb Code     0  startup_msp432p401r_uvision.o(.text)
    EUSCIA0_IRQHandler                       0x000003bb   Thumb Code     0  startup_msp432p401r_uvision.o(.text)
    EUSCIA1_IRQHandler                       0x000003bb   Thumb Code     0  startup_msp432p401r_uvision.o(.text)
    EUSCIA2_IRQHandler                       0x000003bb   Thumb Code     0  startup_msp432p401r_uvision.o(.text)
    EUSCIA3_IRQHandler                       0x000003bb   Thumb Code     0  startup_msp432p401r_uvision.o(.text)
    EUSCIB0_IRQHandler                       0x000003bb   Thumb Code     0  startup_msp432p401r_uvision.o(.text)
    EUSCIB1_IRQHandler                       0x000003bb   Thumb Code     0  startup_msp432p401r_uvision.o(.text)
    EUSCIB2_IRQHandler                       0x000003bb   Thumb Code     0  startup_msp432p401r_uvision.o(.text)
    EUSCIB3_IRQHandler                       0x000003bb   Thumb Code     0  startup_msp432p401r_uvision.o(.text)
    FLCTL_IRQHandler                         0x000003bb   Thumb Code     0  startup_msp432p401r_uvision.o(.text)
    FPU_IRQHandler                           0x000003bb   Thumb Code     0  startup_msp432p401r_uvision.o(.text)
    PCM_IRQHandler                           0x000003bb   Thumb Code     0  startup_msp432p401r_uvision.o(.text)
    PORT1_IRQHandler                         0x000003bb   Thumb Code     0  startup_msp432p401r_uvision.o(.text)
    PORT2_IRQHandler                         0x000003bb   Thumb Code     0  startup_msp432p401r_uvision.o(.text)
    PORT3_IRQHandler                         0x000003bb   Thumb Code     0  startup_msp432p401r_uvision.o(.text)
    PORT5_IRQHandler                         0x000003bb   Thumb Code     0  startup_msp432p401r_uvision.o(.text)
    PORT6_IRQHandler                         0x000003bb   Thumb Code     0  startup_msp432p401r_uvision.o(.text)
    PSS_IRQHandler                           0x000003bb   Thumb Code     0  startup_msp432p401r_uvision.o(.text)
    RTC_C_IRQHandler                         0x000003bb   Thumb Code     0  startup_msp432p401r_uvision.o(.text)
    T32_INTC_IRQHandler                      0x000003bb   Thumb Code     0  startup_msp432p401r_uvision.o(.text)
    TA0_N_IRQHandler                         0x000003bb   Thumb Code     0  startup_msp432p401r_uvision.o(.text)
    TA1_0_IRQHandler                         0x000003bb   Thumb Code     0  startup_msp432p401r_uvision.o(.text)
    TA1_N_IRQHandler                         0x000003bb   Thumb Code     0  startup_msp432p401r_uvision.o(.text)
    TA2_0_IRQHandler                         0x000003bb   Thumb Code     0  startup_msp432p401r_uvision.o(.text)
    TA3_0_IRQHandler                         0x000003bb   Thumb Code     0  startup_msp432p401r_uvision.o(.text)
    TA3_N_IRQHandler                         0x000003bb   Thumb Code     0  startup_msp432p401r_uvision.o(.text)
    WDT_A_IRQHandler                         0x000003bb   Thumb Code     0  startup_msp432p401r_uvision.o(.text)
    __user_initial_stackheap                 0x000003bd   Thumb Code    10  startup_msp432p401r_uvision.o(.text)
    __user_libspace                          0x000003dd   Thumb Code     8  libspace.o(.text)
    __user_perproc_libspace                  0x000003dd   Thumb Code     0  libspace.o(.text)
    __use_no_semihosting                     0x000003e5   Thumb Code     2  use_no_semi_2.o(.text)
    exit                                     0x000003e7   Thumb Code    18  exit.o(.text)
    __use_two_region_memory                  0x000003f9   Thumb Code     2  heapauxi.o(.text)
    __rt_heap_escrow$2region                 0x000003fb   Thumb Code     2  heapauxi.o(.text)
    __rt_heap_expand$2region                 0x000003fd   Thumb Code     2  heapauxi.o(.text)
    __I$use$semihosting                      0x000003ff   Thumb Code     0  use_no_semi.o(.text)
    __use_no_semihosting_swi                 0x000003ff   Thumb Code     2  use_no_semi.o(.text)
    __user_setup_stackheap                   0x00000401   Thumb Code    74  sys_stackheap_outer.o(.text)
    SVC_Count                                0x0000044c   Data           4  svc_table.o(SVC_TABLE)
    CS_setExternalClockSourceFrequency       0x00000451   Thumb Code     8  cs.o(i.CS_setExternalClockSourceFrequency)
    SVC_Table                                0x00000450   Data           0  svc_table.o(SVC_TABLE)
    CS_startHFXT                             0x0000045d   Thumb Code     6  cs.o(i.CS_startHFXT)
    CS_startHFXTWithTimeout                  0x00000465   Thumb Code   144  cs.o(i.CS_startHFXTWithTimeout)
    __RL_RTX_VER                             0x00000480   Number         0  rt_system.o ABSOLUTE
    CS_startLFXT                             0x00000505   Thumb Code     6  cs.o(i.CS_startLFXT)
    CS_startLFXTWithTimeout                  0x0000050d   Thumb Code   144  cs.o(i.CS_startLFXTWithTimeout)
    I2C_SW_Configuration                     0x000005ad   Thumb Code    28  oled.o(i.I2C_SW_Configuration)
    I2C_Start                                0x000005c9   Thumb Code    50  oled.o(i.I2C_Start)
    I2C_Stop                                 0x000005fb   Thumb Code    40  oled.o(i.I2C_Stop)
    I2C_WaitAck                              0x00000623   Thumb Code    40  oled.o(i.I2C_WaitAck)
    KEY_Init                                 0x0000064d   Thumb Code    16  key.o(i.KEY_Init)
    KEY_Scan                                 0x00000661   Thumb Code   146  key.o(i.KEY_Scan)
    LED_B_Off                                0x000006f9   Thumb Code    18  led.o(i.LED_B_Off)
    LED_G_Off                                0x0000070b   Thumb Code    18  led.o(i.LED_G_Off)
    LED_G_Tog                                0x0000071d   Thumb Code    34  led.o(i.LED_G_Tog)
    LED_Init                                 0x00000741   Thumb Code    44  led.o(i.LED_Init)
    LED_RED_Off                              0x00000771   Thumb Code    18  led.o(i.LED_RED_Off)
    LED_R_Off                                0x00000783   Thumb Code    18  led.o(i.LED_R_Off)
    LED_R_Tog                                0x00000795   Thumb Code    34  led.o(i.LED_R_Tog)
    Motor_Init_bianmaqi                      0x000007b9   Thumb Code   428  bsp_exti.o(i.Motor_Init_bianmaqi)
    OLED_Clear                               0x00000969   Thumb Code    64  oled.o(i.OLED_Clear)
    OLED_Init                                0x000009a9   Thumb Code   236  oled.o(i.OLED_Init)
    OLED_Set_Pos                             0x00000a95   Thumb Code    42  oled.o(i.OLED_Set_Pos)
    OLED_ShowBin                             0x00000abf   Thumb Code    82  oled.o(i.OLED_ShowBin)
    OLED_ShowChar                            0x00000b11   Thumb Code   204  oled.o(i.OLED_ShowChar)
    OLED_ShowNum                             0x00000be5   Thumb Code   154  oled.o(i.OLED_ShowNum)
    OLED_ShowString                          0x00000c7f   Thumb Code    66  oled.o(i.OLED_ShowString)
    OLED_WR_Byte                             0x00000cc1   Thumb Code    56  oled.o(i.OLED_WR_Byte)
    PORT4_IRQHandler                         0x00000cf9   Thumb Code   538  bsp_exti.o(i.PORT4_IRQHandler)
    Reflectance_Init2                        0x00000f1d   Thumb Code    12  reflectance.o(i.Reflectance_Init2)
    Reflectance_Read2                        0x00000f2d   Thumb Code     6  reflectance.o(i.Reflectance_Read2)
    Send_Byte                                0x00000f39   Thumb Code   100  oled.o(i.Send_Byte)
    SysCtl_A_disableNMISource                0x00000f9d   Thumb Code    10  sysctl_a.o(i.SysCtl_A_disableNMISource)
    SysCtl_A_enableNMISource                 0x00000fad   Thumb Code    10  sysctl_a.o(i.SysCtl_A_enableNMISource)
    SysCtl_A_getNMISourceStatus              0x00000fbd   Thumb Code    10  sysctl_a.o(i.SysCtl_A_getNMISourceStatus)
    SysInit                                  0x00000fcd   Thumb Code   162  sysinit.o(i.SysInit)
    SystemInit                               0x0000107d   Thumb Code    86  system_msp432p401r.o(i.SystemInit)
    T32_INT1_IRQHandler                      0x000010e9   Thumb Code    14  tim32.o(i.T32_INT1_IRQHandler)
    T32_INT2_IRQHandler                      0x00001101   Thumb Code    14  tim32.o(i.T32_INT2_IRQHandler)
    TA0_0_IRQHandler                         0x00001119   Thumb Code    86  tima.o(i.TA0_0_IRQHandler)
    TA2_N_IRQHandler                         0x00001185   Thumb Code   218  tima.o(i.TA2_N_IRQHandler)
    Thread_Key                               0x00001271   Thumb Code    84  main.o(i.Thread_Key)
    Thread_LED                               0x000012cd   Thumb Code   150  main.o(i.Thread_LED)
    Timer_A_getCaptureCompareCount           0x00001379   Thumb Code    20  timer_a.o(i.Timer_A_getCaptureCompareCount)
    _init_box                                0x00001425   Thumb Code    70  rt_membox.o(i._init_box)
    _mutex_acquire                           0x0000146d   Thumb Code    22  rtx_conf_cm.o(i._mutex_acquire)
    _mutex_release                           0x0000148d   Thumb Code    18  rtx_conf_cm.o(i._mutex_release)
    _sys_exit                                0x000014a9   Thumb Code     4  usart.o(i._sys_exit)
    dbg_init                                 0x000014ad   Thumb Code    34  hal_cm.o(i.dbg_init)
    dbg_task_notify                          0x000014dd   Thumb Code    32  hal_cm.o(i.dbg_task_notify)
    dbg_task_switch                          0x000014fd   Thumb Code    16  hal_cm.o(i.dbg_task_switch)
    isrMessageGet                            0x0000150d   Thumb Code    42  rt_cmsis.o(i.isrMessageGet)
    isrMessagePut                            0x00001537   Thumb Code    44  rt_cmsis.o(i.isrMessagePut)
    isr_mbx_receive                          0x00001565   Thumb Code    82  rt_mailbox.o(i.isr_mbx_receive)
    isr_mbx_send                             0x000015b7   Thumb Code    14  rt_mailbox.o(i.isr_mbx_send)
    main                                     0x000015c5   Thumb Code    54  main.o(i.main)
    oled_pow                                 0x00001605   Thumb Code    22  oled.o(i.oled_pow)
    osDelay                                  0x0000161d   Thumb Code    18  rt_cmsis.o(i.osDelay)
    osKernelInitialize                       0x00001635   Thumb Code    30  rt_cmsis.o(i.osKernelInitialize)
    osKernelStart                            0x00001659   Thumb Code    98  rt_cmsis.o(i.osKernelStart)
    osMessageGet                             0x000016c5   Thumb Code    18  rt_cmsis.o(i.osMessageGet)
    osThreadCreate                           0x000016dd   Thumb Code    38  rt_cmsis.o(i.osThreadCreate)
    osThreadExit                             0x0000170d   Thumb Code    14  rt_cmsis.o(i.osThreadExit)
    osTimerCall                              0x00001725   Thumb Code     8  rt_cmsis.o(i.osTimerCall)
    osTimerThread                            0x00001731   Thumb Code    38  rt_cmsis.o(i.osTimerThread)
    os_error                                 0x0000175d   Thumb Code    34  rtx_conf_cm.o(i.os_error)
    os_idle_demon                            0x0000177f   Thumb Code     4  rtx_conf_cm.o(i.os_idle_demon)
    os_tick_init                             0x00001785   Thumb Code    32  rt_system.o(i.os_tick_init)
    os_tick_irqack                           0x000017ad   Thumb Code     2  rt_system.o(i.os_tick_irqack)
    rt_alloc_box                             0x000017af   Thumb Code    26  rt_membox.o(i.rt_alloc_box)
    rt_alloc_mem                             0x000017c9   Thumb Code    62  rt_memory.o(i.rt_alloc_mem)
    rt_block                                 0x00001809   Thumb Code    48  rt_task.o(i.rt_block)
    rt_chk_robin                             0x00001841   Thumb Code    60  rt_robin.o(i.rt_chk_robin)
    rt_dec_dly                               0x00001889   Thumb Code   102  rt_list.o(i.rt_dec_dly)
    rt_dispatch                              0x000018f9   Thumb Code    60  rt_task.o(i.rt_dispatch)
    rt_dly_wait                              0x0000193d   Thumb Code     6  rt_time.o(i.rt_dly_wait)
    rt_evt_psh                               0x00001945   Thumb Code    76  rt_event.o(i.rt_evt_psh)
    rt_free_box                              0x00001995   Thumb Code    44  rt_membox.o(i.rt_free_box)
    rt_free_mem                              0x000019c1   Thumb Code    40  rt_memory.o(i.rt_free_mem)
    rt_get_first                             0x000019e9   Thumb Code    40  rt_list.o(i.rt_get_first)
    rt_init_mem                              0x00001a61   Thumb Code    26  rt_memory.o(i.rt_init_mem)
    rt_init_robin                            0x00001a7d   Thumb Code    14  rt_robin.o(i.rt_init_robin)
    rt_init_stack                            0x00001a95   Thumb Code   118  hal_cm.o(i.rt_init_stack)
    rt_mbx_check                             0x00001b15   Thumb Code     8  rt_mailbox.o(i.rt_mbx_check)
    rt_mbx_init                              0x00001b1d   Thumb Code    26  rt_mailbox.o(i.rt_mbx_init)
    rt_mbx_psh                               0x00001b39   Thumb Code   236  rt_mailbox.o(i.rt_mbx_psh)
    rt_mbx_wait                              0x00001c29   Thumb Code   174  rt_mailbox.o(i.rt_mbx_wait)
    rt_mut_release                           0x00001d21   Thumb Code   208  rt_mutex.o(i.rt_mut_release)
    rt_mut_wait                              0x00001df9   Thumb Code   100  rt_mutex.o(i.rt_mut_wait)
    rt_pop_req                               0x00001e61   Thumb Code   112  rt_system.o(i.rt_pop_req)
    rt_psh_req                               0x00001edd   Thumb Code    22  rt_system.o(i.rt_psh_req)
    rt_psq_enq                               0x00001efd   Thumb Code    88  rt_list.o(i.rt_psq_enq)
    rt_put_dly                               0x00001f59   Thumb Code    68  rt_list.o(i.rt_put_dly)
    rt_put_prio                              0x00001fa1   Thumb Code    54  rt_list.o(i.rt_put_prio)
    rt_put_rdy_first                         0x00001fd9   Thumb Code    14  rt_list.o(i.rt_put_rdy_first)
    rt_resort_prio                           0x00001fed   Thumb Code    46  rt_list.o(i.rt_resort_prio)
    rt_ret_val                               0x00002031   Thumb Code    12  hal_cm.o(i.rt_ret_val)
    rt_ret_val2                              0x0000203d   Thumb Code    16  hal_cm.o(i.rt_ret_val2)
    rt_rmv_dly                               0x0000204d   Thumb Code    40  rt_list.o(i.rt_rmv_dly)
    rt_rmv_list                              0x00002075   Thumb Code    44  rt_list.o(i.rt_rmv_list)
    rt_sem_psh                               0x000020a5   Thumb Code    48  rt_semaphore.o(i.rt_sem_psh)
    rt_stk_check                             0x000020d9   Thumb Code    28  rt_system.o(i.rt_stk_check)
    rt_switch_req                            0x000020fd   Thumb Code    30  rt_task.o(i.rt_switch_req)
    rt_sys_init                              0x00002125   Thumb Code   138  rt_task.o(i.rt_sys_init)
    rt_sys_start                             0x000021f1   Thumb Code   110  rt_task.o(i.rt_sys_start)
    rt_systick                               0x00002269   Thumb Code    50  rt_system.o(i.rt_systick)
    rt_tsk_create                            0x000022f1   Thumb Code   118  rt_task.o(i.rt_tsk_create)
    rt_tsk_delete                            0x00002379   Thumb Code   352  rt_task.o(i.rt_tsk_delete)
    rt_tsk_prio                              0x000024f5   Thumb Code   108  rt_task.o(i.rt_tsk_prio)
    rt_tsk_self                              0x00002571   Thumb Code    12  rt_task.o(i.rt_tsk_self)
    svcDelay                                 0x00002581   Thumb Code    18  rt_cmsis.o(i.svcDelay)
    svcKernelInitialize                      0x00002595   Thumb Code    80  rt_cmsis.o(i.svcKernelInitialize)
    svcKernelStart                           0x00002605   Thumb Code    62  rt_cmsis.o(i.svcKernelStart)
    svcMessageCreate                         0x0000264d   Thumb Code    36  rt_cmsis.o(i.svcMessageCreate)
    svcMessageGet                            0x00002671   Thumb Code    58  rt_cmsis.o(i.svcMessageGet)
    svcThreadCreate                          0x000026ad   Thumb Code   100  rt_cmsis.o(i.svcThreadCreate)
    svcThreadGetId                           0x0000271d   Thumb Code    22  rt_cmsis.o(i.svcThreadGetId)
    svcThreadTerminate                       0x00002739   Thumb Code    50  rt_cmsis.o(i.svcThreadTerminate)
    svcTimerCall                             0x00002771   Thumb Code    24  rt_cmsis.o(i.svcTimerCall)
    sysTimerTick                             0x00002789   Thumb Code    84  rt_cmsis.o(i.sysTimerTick)
    _fp_init                                 0x000027e5   Thumb Code    10  fpinit.o(x$fpl$fpinit)
    __fplib_config_fpu_vfp                   0x000027ed   Thumb Code     0  fpinit.o(x$fpl$fpinit)
    __fplib_config_pureend_doubles           0x000027ed   Thumb Code     0  fpinit.o(x$fpl$fpinit)
    os_thread_def_Thread_LED                 0x000027f0   Data          16  main.o(.constdata)
    os_thread_def_Thread_Key                 0x00002800   Data          16  main.o(.constdata)
    asc2_0806                                0x00002810   Data         570  oled.o(.constdata)
    asc2_1608                                0x00002a4a   Data        1520  oled.o(.constdata)
    Hzk                                      0x0000303a   Data         224  oled.o(.constdata)
    os_maxtaskrun                            0x0000311c   Data           2  rtx_conf_cm.o(.constdata)
    os_stackinfo                             0x00003120   Data           4  rtx_conf_cm.o(.constdata)
    os_rrobin                                0x00003124   Data           4  rtx_conf_cm.o(.constdata)
    os_tickfreq                              0x00003128   Data           4  rtx_conf_cm.o(.constdata)
    os_tickus_i                              0x0000312c   Data           2  rtx_conf_cm.o(.constdata)
    os_tickus_f                              0x0000312e   Data           2  rtx_conf_cm.o(.constdata)
    os_trv                                   0x00003130   Data           4  rtx_conf_cm.o(.constdata)
    os_flags                                 0x00003134   Data           1  rtx_conf_cm.o(.constdata)
    CMSIS_RTOS_API_Version                   0x00003138   Data           4  rtx_conf_cm.o(.constdata)
    CMSIS_RTOS_RTX_Version                   0x0000313c   Data           4  rtx_conf_cm.o(.constdata)
    os_clockrate                             0x00003140   Data           4  rtx_conf_cm.o(.constdata)
    os_timernum                              0x00003144   Data           4  rtx_conf_cm.o(.constdata)
    mp_tcb_size                              0x00003148   Data           2  rtx_conf_cm.o(.constdata)
    mp_stk_size                              0x0000314c   Data           4  rtx_conf_cm.o(.constdata)
    os_stack_sz                              0x00003150   Data           4  rtx_conf_cm.o(.constdata)
    os_fifo_size                             0x00003154   Data           1  rtx_conf_cm.o(.constdata)
    os_thread_def_osTimerThread              0x00003158   Data          16  rtx_conf_cm.o(.constdata)
    os_messageQ_def_osTimerMessageQ          0x00003168   Data           8  rtx_conf_cm.o(.constdata)
    mp_tmr_size                              0x00003170   Data           2  rtx_conf_cm.o(.constdata)
    Region$$Table$$Base                      0x00003174   Number         0  anon$$obj.o(Region$$Table)
    Region$$Table$$Limit                     0x00003194   Number         0  anon$$obj.o(Region$$Table)
    tid_Thread_LED                           0x20000000   Data           4  main.o(.data)
    tid_Thread_Key                           0x20000004   Data           4  main.o(.data)
    Key                                      0x20000008   Data           1  main.o(.data)
    bianmaqi                                 0x2000000b   Data           4  bsp_exti.o(.data)
    TIMA2_CAP_STA                            0x20000010   Data           1  tima.o(.data)
    TIMA2_CAP_VAL                            0x20000012   Data           2  tima.o(.data)
    Delay_time                               0x20000014   Data           1  tima.o(.data)
    TIMflag                                  0x20000015   Data           1  tima.o(.data)
    Velocity_Mode1                           0x20000018   Data           4  tima.o(.data)
    Velocity_Mode2                           0x2000001c   Data           4  tima.o(.data)
    Velocity_Mode3                           0x20000020   Data           4  tima.o(.data)
    Turn                                     0x20000024   Data           4  tima.o(.data)
    osThreadId_osTimerThread                 0x20000028   Data           4  rtx_conf_cm.o(.data)
    osMessageQId_osTimerMessageQ             0x2000002c   Data           4  rtx_conf_cm.o(.data)
    os_tmr                                   0x20000030   Data           4  rtx_conf_cm.o(.data)
    m_tmr                                    0x20000034   Data           4  rtx_conf_cm.o(.data)
    os_thread_def_main                       0x2000003c   Data          16  rtx_conf_cm.o(.data)
    os_initialized                           0x20000054   Data           1  rt_cmsis.o(.data)
    os_running                               0x20000055   Data           1  rt_cmsis.o(.data)
    os_timer_head                            0x20000058   Data           4  rt_cmsis.o(.data)
    os_tsk                                   0x2000005c   Data           8  rt_task.o(.data)
    os_tick_irqn                             0x20000068   Data           4  rt_system.o(.data)
    os_time                                  0x2000006c   Data           4  rt_time.o(.data)
    os_robin                                 0x20000070   Data           8  rt_robin.o(.data)
    dbg_msg                                  0x20000078   Data           1  hal_cm.o(.data)
    PID_PWM1                                 0x2000007c   Data          16  tima.o(.bss)
    MotorA_speed                             0x2000008c   Data          16  tima.o(.bss)
    mp_tcb                                   0x200000a0   Data         376  rtx_conf_cm.o(.bss)
    mp_stk                                   0x20000218   Data        1216  rtx_conf_cm.o(.bss)
    os_stack_mem                             0x200006d8   Data         432  rtx_conf_cm.o(.bss)
    os_fifo                                  0x20000888   Data         132  rtx_conf_cm.o(.bss)
    os_active_TCB                            0x2000090c   Data          28  rtx_conf_cm.o(.bss)
    os_messageQ_q_osTimerMessageQ            0x20000928   Data          32  rtx_conf_cm.o(.bss)
    os_idle_TCB                              0x20000c68   Data          52  rt_task.o(.bss)
    os_rdy                                   0x20000c9c   Data          24  rt_list.o(.bss)
    os_dly                                   0x20000cb4   Data          24  rt_list.o(.bss)
    __libspace_start                         0x20000ccc   Data          96  libspace.o(.bss)
    __temporary_stack_top$libspace           0x20000d2c   Data           0  libspace.o(.bss)



==============================================================================

Memory Map of the image

  Image Entry point : 0x00000145

  Load Region LR_IROM1 (Base: 0x00000000, Size: 0x00003210, Max: 0x00040000, ABSOLUTE)

    Execution Region ER_IROM1 (Exec base: 0x00000000, Load base: 0x00000000, Size: 0x00003194, Max: 0x00040000, ABSOLUTE)

    Exec Addr    Load Addr    Size         Type   Attr      Idx    E Section Name        Object

    0x00000000   0x00000000   0x00000144   Data   RO         4808    RESET               startup_msp432p401r_uvision.o
    0x00000144   0x00000144   0x00000008   Code   RO         6525  * !!!main             c_w.l(__main.o)
    0x0000014c   0x0000014c   0x00000034   Code   RO         6684    !!!scatter          c_w.l(__scatter.o)
    0x00000180   0x00000180   0x0000001a   Code   RO         6686    !!handler_copy      c_w.l(__scatter_copy.o)
    0x0000019a   0x0000019a   0x00000002   PAD
    0x0000019c   0x0000019c   0x0000001c   Code   RO         6688    !!handler_zi        c_w.l(__scatter_zi.o)
    0x000001b8   0x000001b8   0x00000002   Code   RO         6572    .ARM.Collect$$libinit$$00000000  c_w.l(libinit.o)
    0x000001ba   0x000001ba   0x00000004   Code   RO         6580    .ARM.Collect$$libinit$$00000001  c_w.l(libinit2.o)
    0x000001be   0x000001be   0x00000000   Code   RO         6583    .ARM.Collect$$libinit$$00000004  c_w.l(libinit2.o)
    0x000001be   0x000001be   0x00000000   Code   RO         6586    .ARM.Collect$$libinit$$0000000A  c_w.l(libinit2.o)
    0x000001be   0x000001be   0x00000000   Code   RO         6588    .ARM.Collect$$libinit$$0000000C  c_w.l(libinit2.o)
    0x000001be   0x000001be   0x00000000   Code   RO         6590    .ARM.Collect$$libinit$$0000000E  c_w.l(libinit2.o)
    0x000001be   0x000001be   0x00000000   Code   RO         6593    .ARM.Collect$$libinit$$00000011  c_w.l(libinit2.o)
    0x000001be   0x000001be   0x00000000   Code   RO         6595    .ARM.Collect$$libinit$$00000013  c_w.l(libinit2.o)
    0x000001be   0x000001be   0x00000000   Code   RO         6597    .ARM.Collect$$libinit$$00000015  c_w.l(libinit2.o)
    0x000001be   0x000001be   0x00000000   Code   RO         6599    .ARM.Collect$$libinit$$00000017  c_w.l(libinit2.o)
    0x000001be   0x000001be   0x00000000   Code   RO         6601    .ARM.Collect$$libinit$$00000019  c_w.l(libinit2.o)
    0x000001be   0x000001be   0x00000000   Code   RO         6603    .ARM.Collect$$libinit$$0000001B  c_w.l(libinit2.o)
    0x000001be   0x000001be   0x00000000   Code   RO         6605    .ARM.Collect$$libinit$$0000001D  c_w.l(libinit2.o)
    0x000001be   0x000001be   0x00000000   Code   RO         6607    .ARM.Collect$$libinit$$0000001F  c_w.l(libinit2.o)
    0x000001be   0x000001be   0x00000000   Code   RO         6609    .ARM.Collect$$libinit$$00000021  c_w.l(libinit2.o)
    0x000001be   0x000001be   0x00000000   Code   RO         6611    .ARM.Collect$$libinit$$00000023  c_w.l(libinit2.o)
    0x000001be   0x000001be   0x00000000   Code   RO         6613    .ARM.Collect$$libinit$$00000025  c_w.l(libinit2.o)
    0x000001be   0x000001be   0x00000000   Code   RO         6617    .ARM.Collect$$libinit$$0000002C  c_w.l(libinit2.o)
    0x000001be   0x000001be   0x00000000   Code   RO         6619    .ARM.Collect$$libinit$$0000002E  c_w.l(libinit2.o)
    0x000001be   0x000001be   0x00000000   Code   RO         6621    .ARM.Collect$$libinit$$00000030  c_w.l(libinit2.o)
    0x000001be   0x000001be   0x00000000   Code   RO         6623    .ARM.Collect$$libinit$$00000032  c_w.l(libinit2.o)
    0x000001be   0x000001be   0x00000002   Code   RO         6624    .ARM.Collect$$libinit$$00000033  c_w.l(libinit2.o)
    0x000001c0   0x000001c0   0x00000002   Code   RO         6573    .ARM.Collect$$libshutdown$$00000000  c_w.l(libshutdown.o)
    0x000001c2   0x000001c2   0x00000000   Code   RO         6626    .ARM.Collect$$libshutdown$$00000002  c_w.l(libshutdown2.o)
    0x000001c2   0x000001c2   0x00000000   Code   RO         6628    .ARM.Collect$$libshutdown$$00000004  c_w.l(libshutdown2.o)
    0x000001c2   0x000001c2   0x00000000   Code   RO         6631    .ARM.Collect$$libshutdown$$00000007  c_w.l(libshutdown2.o)
    0x000001c2   0x000001c2   0x00000000   Code   RO         6634    .ARM.Collect$$libshutdown$$0000000A  c_w.l(libshutdown2.o)
    0x000001c2   0x000001c2   0x00000000   Code   RO         6636    .ARM.Collect$$libshutdown$$0000000C  c_w.l(libshutdown2.o)
    0x000001c2   0x000001c2   0x00000000   Code   RO         6639    .ARM.Collect$$libshutdown$$0000000F  c_w.l(libshutdown2.o)
    0x000001c2   0x000001c2   0x00000002   Code   RO         6640    .ARM.Collect$$libshutdown$$00000010  c_w.l(libshutdown2.o)
    0x000001c4   0x000001c4   0x00000000   Code   RO         6529    .ARM.Collect$$rtentry$$00000000  c_w.l(__rtentry.o)
    0x000001c4   0x000001c4   0x00000000   Code   RO         6537    .ARM.Collect$$rtentry$$00000002  c_w.l(__rtentry2.o)
    0x000001c4   0x000001c4   0x00000006   Code   RO         6549    .ARM.Collect$$rtentry$$00000004  c_w.l(__rtentry4.o)
    0x000001ca   0x000001ca   0x00000000   Code   RO         6539    .ARM.Collect$$rtentry$$00000009  c_w.l(__rtentry2.o)
    0x000001ca   0x000001ca   0x00000004   Code   RO         6540    .ARM.Collect$$rtentry$$0000000A  c_w.l(__rtentry2.o)
    0x000001ce   0x000001ce   0x00000008   Code   RO         6541    .ARM.Collect$$rtentry$$0000000B  c_w.l(__rtentry2.o)
    0x000001d6   0x000001d6   0x00000008   Code   RO         6543    .ARM.Collect$$rtentry$$0000000D  c_w.l(__rtentry2.o)
    0x000001de   0x000001de   0x00000002   Code   RO         6530    .ARM.Collect$$rtexit$$00000000  c_w.l(rtexit.o)
    0x000001e0   0x000001e0   0x00000000   Code   RO         6552    .ARM.Collect$$rtexit$$00000002  c_w.l(rtexit2.o)
    0x000001e0   0x000001e0   0x00000004   Code   RO         6553    .ARM.Collect$$rtexit$$00000003  c_w.l(rtexit2.o)
    0x000001e4   0x000001e4   0x00000006   Code   RO         6554    .ARM.Collect$$rtexit$$00000004  c_w.l(rtexit2.o)
    0x000001ea   0x000001ea   0x00000002   PAD
    0x000001ec   0x000001ec   0x0000001c   Code   RO         4748    .emb_text           rtx_conf_cm.o
    0x00000208   0x00000208   0x00000198   Code   RO         6495    .emb_text           RTX_CM4.lib(hal_cm4.o)
    0x000003a0   0x000003a0   0x0000003c   Code   RO         4809    .text               startup_msp432p401r_uvision.o
    0x000003dc   0x000003dc   0x00000008   Code   RO         6510    .text               c_w.l(libspace.o)
    0x000003e4   0x000003e4   0x00000002   Code   RO         6513    .text               c_w.l(use_no_semi_2.o)
    0x000003e6   0x000003e6   0x00000012   Code   RO         6517    .text               c_w.l(exit.o)
    0x000003f8   0x000003f8   0x00000006   Code   RO         6523    .text               c_w.l(heapauxi.o)
    0x000003fe   0x000003fe   0x00000002   Code   RO         6527    .text               c_w.l(use_no_semi.o)
    0x00000400   0x00000400   0x0000004a   Code   RO         6560    .text               c_w.l(sys_stackheap_outer.o)
    0x0000044a   0x0000044a   0x00000002   PAD
    0x0000044c   0x0000044c   0x00000004   Code   RO         6505    SVC_TABLE           RTX_CM4.lib(svc_table.o)
    0x00000450   0x00000450   0x0000000c   Code   RO         4948    i.CS_setExternalClockSourceFrequency  msp432p4xx_driverlib.lib(cs.o)
    0x0000045c   0x0000045c   0x00000006   Code   RO         4951    i.CS_startHFXT      msp432p4xx_driverlib.lib(cs.o)
    0x00000462   0x00000462   0x00000002   PAD
    0x00000464   0x00000464   0x000000a0   Code   RO         4952    i.CS_startHFXTWithTimeout  msp432p4xx_driverlib.lib(cs.o)
    0x00000504   0x00000504   0x00000006   Code   RO         4953    i.CS_startLFXT      msp432p4xx_driverlib.lib(cs.o)
    0x0000050a   0x0000050a   0x00000002   PAD
    0x0000050c   0x0000050c   0x000000a0   Code   RO         4954    i.CS_startLFXTWithTimeout  msp432p4xx_driverlib.lib(cs.o)
    0x000005ac   0x000005ac   0x0000001c   Code   RO          767    i.I2C_SW_Configuration  oled.o
    0x000005c8   0x000005c8   0x00000032   Code   RO          768    i.I2C_Start         oled.o
    0x000005fa   0x000005fa   0x00000028   Code   RO          769    i.I2C_Stop          oled.o
    0x00000622   0x00000622   0x00000028   Code   RO          770    i.I2C_WaitAck       oled.o
    0x0000064a   0x0000064a   0x00000002   PAD
    0x0000064c   0x0000064c   0x00000014   Code   RO          604    i.KEY_Init          key.o
    0x00000660   0x00000660   0x00000098   Code   RO          605    i.KEY_Scan          key.o
    0x000006f8   0x000006f8   0x00000012   Code   RO          635    i.LED_B_Off         led.o
    0x0000070a   0x0000070a   0x00000012   Code   RO          639    i.LED_G_Off         led.o
    0x0000071c   0x0000071c   0x00000022   Code   RO          641    i.LED_G_Tog         led.o
    0x0000073e   0x0000073e   0x00000002   PAD
    0x00000740   0x00000740   0x00000030   Code   RO          642    i.LED_Init          led.o
    0x00000770   0x00000770   0x00000012   Code   RO          644    i.LED_RED_Off       led.o
    0x00000782   0x00000782   0x00000012   Code   RO          647    i.LED_R_Off         led.o
    0x00000794   0x00000794   0x00000022   Code   RO          649    i.LED_R_Tog         led.o
    0x000007b6   0x000007b6   0x00000002   PAD
    0x000007b8   0x000007b8   0x000001b0   Code   RO          358    i.Motor_Init_bianmaqi  bsp_exti.o
    0x00000968   0x00000968   0x00000040   Code   RO          771    i.OLED_Clear        oled.o
    0x000009a8   0x000009a8   0x000000ec   Code   RO          777    i.OLED_Init         oled.o
    0x00000a94   0x00000a94   0x0000002a   Code   RO          778    i.OLED_Set_Pos      oled.o
    0x00000abe   0x00000abe   0x00000052   Code   RO          779    i.OLED_ShowBin      oled.o
    0x00000b10   0x00000b10   0x000000d4   Code   RO          780    i.OLED_ShowChar     oled.o
    0x00000be4   0x00000be4   0x0000009a   Code   RO          782    i.OLED_ShowNum      oled.o
    0x00000c7e   0x00000c7e   0x00000042   Code   RO          783    i.OLED_ShowString   oled.o
    0x00000cc0   0x00000cc0   0x00000038   Code   RO          784    i.OLED_WR_Byte      oled.o
    0x00000cf8   0x00000cf8   0x00000224   Code   RO          359    i.PORT4_IRQHandler  bsp_exti.o
    0x00000f1c   0x00000f1c   0x00000010   Code   RO          914    i.Reflectance_Init2  reflectance.o
    0x00000f2c   0x00000f2c   0x0000000c   Code   RO          917    i.Reflectance_Read2  reflectance.o
    0x00000f38   0x00000f38   0x00000064   Code   RO          785    i.Send_Byte         oled.o
    0x00000f9c   0x00000f9c   0x00000010   Code   RO         5907    i.SysCtl_A_disableNMISource  msp432p4xx_driverlib.lib(sysctl_a.o)
    0x00000fac   0x00000fac   0x00000010   Code   RO         5912    i.SysCtl_A_enableNMISource  msp432p4xx_driverlib.lib(sysctl_a.o)
    0x00000fbc   0x00000fbc   0x00000010   Code   RO         5918    i.SysCtl_A_getNMISourceStatus  msp432p4xx_driverlib.lib(sysctl_a.o)
    0x00000fcc   0x00000fcc   0x000000b0   Code   RO          278    i.SysInit           sysinit.o
    0x0000107c   0x0000107c   0x0000006c   Code   RO         4817    i.SystemInit        system_msp432p401r.o
    0x000010e8   0x000010e8   0x00000018   Code   RO          979    i.T32_INT1_IRQHandler  tim32.o
    0x00001100   0x00001100   0x00000018   Code   RO          980    i.T32_INT2_IRQHandler  tim32.o
    0x00001118   0x00001118   0x0000006c   Code   RO         1024    i.TA0_0_IRQHandler  tima.o
    0x00001184   0x00001184   0x000000ec   Code   RO         1025    i.TA2_N_IRQHandler  tima.o
    0x00001270   0x00001270   0x0000005c   Code   RO            4    i.Thread_Key        main.o
    0x000012cc   0x000012cc   0x000000ac   Code   RO            5    i.Thread_LED        main.o
    0x00001378   0x00001378   0x00000014   Code   RO         3944    i.Timer_A_getCaptureCompareCount  timer_a.o
    0x0000138c   0x0000138c   0x00000098   Code   RO         4958    i._CSGetHFXTFrequency  msp432p4xx_driverlib.lib(cs.o)
    0x00001424   0x00001424   0x00000046   Code   RO         6389    i._init_box         RTX_CM4.lib(rt_membox.o)
    0x0000146a   0x0000146a   0x00000002   PAD
    0x0000146c   0x0000146c   0x00000020   Code   RO         4750    i._mutex_acquire    rtx_conf_cm.o
    0x0000148c   0x0000148c   0x0000001c   Code   RO         4752    i._mutex_release    rtx_conf_cm.o
    0x000014a8   0x000014a8   0x00000004   Code   RO          304    i._sys_exit         usart.o
    0x000014ac   0x000014ac   0x00000030   Code   RO         6442    i.dbg_init          RTX_CM4.lib(hal_cm.o)
    0x000014dc   0x000014dc   0x00000020   Code   RO         6443    i.dbg_task_notify   RTX_CM4.lib(hal_cm.o)
    0x000014fc   0x000014fc   0x00000010   Code   RO         6444    i.dbg_task_switch   RTX_CM4.lib(hal_cm.o)
    0x0000150c   0x0000150c   0x0000002a   Code   RO         5160    i.isrMessageGet     RTX_CM4.lib(rt_cmsis.o)
    0x00001536   0x00001536   0x0000002c   Code   RO         5161    i.isrMessagePut     RTX_CM4.lib(rt_cmsis.o)
    0x00001562   0x00001562   0x00000002   PAD
    0x00001564   0x00001564   0x00000052   Code   RO         6244    i.isr_mbx_receive   RTX_CM4.lib(rt_mailbox.o)
    0x000015b6   0x000015b6   0x0000000e   Code   RO         6245    i.isr_mbx_send      RTX_CM4.lib(rt_mailbox.o)
    0x000015c4   0x000015c4   0x00000040   Code   RO            6    i.main              main.o
    0x00001604   0x00001604   0x00000016   Code   RO          786    i.oled_pow          oled.o
    0x0000161a   0x0000161a   0x00000002   PAD
    0x0000161c   0x0000161c   0x00000018   Code   RO         5164    i.osDelay           RTX_CM4.lib(rt_cmsis.o)
    0x00001634   0x00001634   0x00000024   Code   RO         5165    i.osKernelInitialize  RTX_CM4.lib(rt_cmsis.o)
    0x00001658   0x00001658   0x0000006c   Code   RO         5167    i.osKernelStart     RTX_CM4.lib(rt_cmsis.o)
    0x000016c4   0x000016c4   0x00000018   Code   RO         5176    i.osMessageGet      RTX_CM4.lib(rt_cmsis.o)
    0x000016dc   0x000016dc   0x00000030   Code   RO         5193    i.osThreadCreate    RTX_CM4.lib(rt_cmsis.o)
    0x0000170c   0x0000170c   0x00000018   Code   RO         5194    i.osThreadExit      RTX_CM4.lib(rt_cmsis.o)
    0x00001724   0x00001724   0x0000000c   Code   RO         5200    i.osTimerCall       RTX_CM4.lib(rt_cmsis.o)
    0x00001730   0x00001730   0x0000002c   Code   RO         5205    i.osTimerThread     RTX_CM4.lib(rt_cmsis.o)
    0x0000175c   0x0000175c   0x00000022   Code   RO         4753    i.os_error          rtx_conf_cm.o
    0x0000177e   0x0000177e   0x00000004   Code   RO         4754    i.os_idle_demon     rtx_conf_cm.o
    0x00001782   0x00001782   0x00000002   PAD
    0x00001784   0x00001784   0x00000028   Code   RO         6036    i.os_tick_init      RTX_CM4.lib(rt_system.o)
    0x000017ac   0x000017ac   0x00000002   Code   RO         6037    i.os_tick_irqack    RTX_CM4.lib(rt_system.o)
    0x000017ae   0x000017ae   0x0000001a   Code   RO         6390    i.rt_alloc_box      RTX_CM4.lib(rt_membox.o)
    0x000017c8   0x000017c8   0x0000003e   Code   RO         6418    i.rt_alloc_mem      RTX_CM4.lib(rt_memory.o)
    0x00001806   0x00001806   0x00000002   PAD
    0x00001808   0x00001808   0x00000038   Code   RO         5785    i.rt_block          RTX_CM4.lib(rt_task.o)
    0x00001840   0x00001840   0x00000048   Code   RO         6367    i.rt_chk_robin      RTX_CM4.lib(rt_robin.o)
    0x00001888   0x00001888   0x00000070   Code   RO         6168    i.rt_dec_dly        RTX_CM4.lib(rt_list.o)
    0x000018f8   0x000018f8   0x00000044   Code   RO         5786    i.rt_dispatch       RTX_CM4.lib(rt_task.o)
    0x0000193c   0x0000193c   0x00000006   Code   RO         6334    i.rt_dly_wait       RTX_CM4.lib(rt_time.o)
    0x00001942   0x00001942   0x00000002   PAD
    0x00001944   0x00001944   0x00000050   Code   RO         6129    i.rt_evt_psh        RTX_CM4.lib(rt_event.o)
    0x00001994   0x00001994   0x0000002c   Code   RO         6391    i.rt_free_box       RTX_CM4.lib(rt_membox.o)
    0x000019c0   0x000019c0   0x00000028   Code   RO         6419    i.rt_free_mem       RTX_CM4.lib(rt_memory.o)
    0x000019e8   0x000019e8   0x00000028   Code   RO         6169    i.rt_get_first      RTX_CM4.lib(rt_list.o)
    0x00001a10   0x00001a10   0x00000008   Code   RO         5210    i.rt_id2obj         RTX_CM4.lib(rt_cmsis.o)
    0x00001a18   0x00001a18   0x00000048   Code   RO         5787    i.rt_init_context   RTX_CM4.lib(rt_task.o)
    0x00001a60   0x00001a60   0x0000001a   Code   RO         6420    i.rt_init_mem       RTX_CM4.lib(rt_memory.o)
    0x00001a7a   0x00001a7a   0x00000002   PAD
    0x00001a7c   0x00001a7c   0x00000018   Code   RO         6368    i.rt_init_robin     RTX_CM4.lib(rt_robin.o)
    0x00001a94   0x00001a94   0x00000080   Code   RO         6445    i.rt_init_stack     RTX_CM4.lib(hal_cm.o)
    0x00001b14   0x00001b14   0x00000008   Code   RO         6246    i.rt_mbx_check      RTX_CM4.lib(rt_mailbox.o)
    0x00001b1c   0x00001b1c   0x0000001a   Code   RO         6247    i.rt_mbx_init       RTX_CM4.lib(rt_mailbox.o)
    0x00001b36   0x00001b36   0x00000002   PAD
    0x00001b38   0x00001b38   0x000000f0   Code   RO         6248    i.rt_mbx_psh        RTX_CM4.lib(rt_mailbox.o)
    0x00001c28   0x00001c28   0x000000b4   Code   RO         6250    i.rt_mbx_wait       RTX_CM4.lib(rt_mailbox.o)
    0x00001cdc   0x00001cdc   0x00000044   Code   RO         5211    i.rt_ms2tick        RTX_CM4.lib(rt_cmsis.o)
    0x00001d20   0x00001d20   0x000000d8   Code   RO         5871    i.rt_mut_release    RTX_CM4.lib(rt_mutex.o)
    0x00001df8   0x00001df8   0x00000068   Code   RO         5872    i.rt_mut_wait       RTX_CM4.lib(rt_mutex.o)
    0x00001e60   0x00001e60   0x0000007c   Code   RO         6040    i.rt_pop_req        RTX_CM4.lib(rt_system.o)
    0x00001edc   0x00001edc   0x00000020   Code   RO         6041    i.rt_psh_req        RTX_CM4.lib(rt_system.o)
    0x00001efc   0x00001efc   0x0000005c   Code   RO         6171    i.rt_psq_enq        RTX_CM4.lib(rt_list.o)
    0x00001f58   0x00001f58   0x00000048   Code   RO         6172    i.rt_put_dly        RTX_CM4.lib(rt_list.o)
    0x00001fa0   0x00001fa0   0x00000036   Code   RO         6173    i.rt_put_prio       RTX_CM4.lib(rt_list.o)
    0x00001fd6   0x00001fd6   0x00000002   PAD
    0x00001fd8   0x00001fd8   0x00000014   Code   RO         6174    i.rt_put_rdy_first  RTX_CM4.lib(rt_list.o)
    0x00001fec   0x00001fec   0x00000034   Code   RO         6175    i.rt_resort_prio    RTX_CM4.lib(rt_list.o)
    0x00002020   0x00002020   0x00000010   Code   RO         6446    i.rt_ret_regs       RTX_CM4.lib(hal_cm.o)
    0x00002030   0x00002030   0x0000000c   Code   RO         6447    i.rt_ret_val        RTX_CM4.lib(hal_cm.o)
    0x0000203c   0x0000203c   0x00000010   Code   RO         6448    i.rt_ret_val2       RTX_CM4.lib(hal_cm.o)
    0x0000204c   0x0000204c   0x00000028   Code   RO         6176    i.rt_rmv_dly        RTX_CM4.lib(rt_list.o)
    0x00002074   0x00002074   0x00000030   Code   RO         6177    i.rt_rmv_list       RTX_CM4.lib(rt_list.o)
    0x000020a4   0x000020a4   0x00000034   Code   RO         6295    i.rt_sem_psh        RTX_CM4.lib(rt_semaphore.o)
    0x000020d8   0x000020d8   0x00000024   Code   RO         6043    i.rt_stk_check      RTX_CM4.lib(rt_system.o)
    0x000020fc   0x000020fc   0x00000028   Code   RO         5788    i.rt_switch_req     RTX_CM4.lib(rt_task.o)
    0x00002124   0x00002124   0x000000cc   Code   RO         5789    i.rt_sys_init       RTX_CM4.lib(rt_task.o)
    0x000021f0   0x000021f0   0x00000078   Code   RO         5790    i.rt_sys_start      RTX_CM4.lib(rt_task.o)
    0x00002268   0x00002268   0x00000040   Code   RO         6045    i.rt_systick        RTX_CM4.lib(rt_system.o)
    0x000022a8   0x000022a8   0x00000012   Code   RO         5212    i.rt_tid2ptcb       RTX_CM4.lib(rt_cmsis.o)
    0x000022ba   0x000022ba   0x00000002   PAD
    0x000022bc   0x000022bc   0x00000034   Code   RO         5213    i.rt_timer_insert   RTX_CM4.lib(rt_cmsis.o)
    0x000022f0   0x000022f0   0x00000088   Code   RO         5791    i.rt_tsk_create     RTX_CM4.lib(rt_task.o)
    0x00002378   0x00002378   0x0000017c   Code   RO         5792    i.rt_tsk_delete     RTX_CM4.lib(rt_task.o)
    0x000024f4   0x000024f4   0x0000007c   Code   RO         5794    i.rt_tsk_prio       RTX_CM4.lib(rt_task.o)
    0x00002570   0x00002570   0x00000010   Code   RO         5795    i.rt_tsk_self       RTX_CM4.lib(rt_task.o)
    0x00002580   0x00002580   0x00000012   Code   RO         5215    i.svcDelay          RTX_CM4.lib(rt_cmsis.o)
    0x00002592   0x00002592   0x00000002   PAD
    0x00002594   0x00002594   0x00000070   Code   RO         5216    i.svcKernelInitialize  RTX_CM4.lib(rt_cmsis.o)
    0x00002604   0x00002604   0x00000048   Code   RO         5218    i.svcKernelStart    RTX_CM4.lib(rt_cmsis.o)
    0x0000264c   0x0000264c   0x00000024   Code   RO         5221    i.svcMessageCreate  RTX_CM4.lib(rt_cmsis.o)
    0x00002670   0x00002670   0x0000003a   Code   RO         5222    i.svcMessageGet     RTX_CM4.lib(rt_cmsis.o)
    0x000026aa   0x000026aa   0x00000002   PAD
    0x000026ac   0x000026ac   0x00000070   Code   RO         5236    i.svcThreadCreate   RTX_CM4.lib(rt_cmsis.o)
    0x0000271c   0x0000271c   0x0000001c   Code   RO         5237    i.svcThreadGetId    RTX_CM4.lib(rt_cmsis.o)
    0x00002738   0x00002738   0x00000038   Code   RO         5240    i.svcThreadTerminate  RTX_CM4.lib(rt_cmsis.o)
    0x00002770   0x00002770   0x00000018   Code   RO         5242    i.svcTimerCall      RTX_CM4.lib(rt_cmsis.o)
    0x00002788   0x00002788   0x0000005c   Code   RO         5251    i.sysTimerTick      RTX_CM4.lib(rt_cmsis.o)
    0x000027e4   0x000027e4   0x0000000a   Code   RO         6647    x$fpl$fpinit        fz_wm.l(fpinit.o)
    0x000027ee   0x000027ee   0x00000002   PAD
    0x000027f0   0x000027f0   0x00000020   Data   RO            7    .constdata          main.o
    0x00002810   0x00002810   0x0000090a   Data   RO          787    .constdata          oled.o
    0x0000311a   0x0000311a   0x00000002   PAD
    0x0000311c   0x0000311c   0x00000056   Data   RO         4756    .constdata          rtx_conf_cm.o
    0x00003172   0x00003172   0x00000002   PAD
    0x00003174   0x00003174   0x00000020   Data   RO         6682    Region$$Table       anon$$obj.o


    Execution Region RW_IRAM1 (Exec base: 0x20000000, Load base: 0x00003194, Size: 0x00000f30, Max: 0x00010000, ABSOLUTE)

    Exec Addr    Load Addr    Size         Type   Attr      Idx    E Section Name        Object

    0x20000000   0x00003194   0x0000000b   Data   RW            8    .data               main.o
    0x2000000b   0x0000319f   0x00000004   Data   RW          360    .data               bsp_exti.o
    0x2000000f   0x000031a3   0x00000001   Data   RW          606    .data               key.o
    0x20000010   0x000031a4   0x00000018   Data   RW         1031    .data               tima.o
    0x20000028   0x000031bc   0x00000024   Data   RW         4757    .data               rtx_conf_cm.o
    0x2000004c   0x000031e0   0x00000008   Data   RW         4959    .data               msp432p4xx_driverlib.lib(cs.o)
    0x20000054   0x000031e8   0x00000008   Data   RW         5254    .data               RTX_CM4.lib(rt_cmsis.o)
    0x2000005c   0x000031f0   0x00000008   Data   RW         5797    .data               RTX_CM4.lib(rt_task.o)
    0x20000064   0x000031f8   0x00000008   Data   RW         6048    .data               RTX_CM4.lib(rt_system.o)
    0x2000006c   0x00003200   0x00000004   Data   RW         6338    .data               RTX_CM4.lib(rt_time.o)
    0x20000070   0x00003204   0x00000008   Data   RW         6369    .data               RTX_CM4.lib(rt_robin.o)
    0x20000078   0x0000320c   0x00000001   Data   RW         6449    .data               RTX_CM4.lib(hal_cm.o)
    0x20000079   0x0000320d   0x00000003   PAD
    0x2000007c        -       0x00000020   Zero   RW         1029    .bss                tima.o
    0x2000009c   0x0000320d   0x00000004   PAD
    0x200000a0        -       0x00000bc8   Zero   RW         4755    .bss                rtx_conf_cm.o
    0x20000c68        -       0x00000034   Zero   RW         5796    .bss                RTX_CM4.lib(rt_task.o)
    0x20000c9c        -       0x00000030   Zero   RW         6178    .bss                RTX_CM4.lib(rt_list.o)
    0x20000ccc        -       0x00000060   Zero   RW         6511    .bss                c_w.l(libspace.o)
    0x20000d2c   0x0000320d   0x00000004   PAD
    0x20000d30        -       0x00000000   Zero   RW         4807    HEAP                startup_msp432p401r_uvision.o
    0x20000d30        -       0x00000200   Zero   RW         4806    STACK               startup_msp432p401r_uvision.o



  Load Region LR_IROM2 (Base: 0x00200000, Size: 0x00000000, Max: 0x00004000, ABSOLUTE)

    Execution Region ER_IROM2 (Exec base: 0x00200000, Load base: 0x00200000, Size: 0x00000000, Max: 0x00004000, ABSOLUTE)

    **** No section assigned to this execution region ****


==============================================================================

Image component sizes


      Code (inc. data)   RO Data    RW Data    ZI Data      Debug   Object Name

       980         14          0          4          0       2088   bsp_exti.o
       172         10          0          1          0       1178   key.o
       188          4          0          0          0       3289   led.o
       328         40         32         11          0      17052   main.o
      1192          8       2314          0          0      10036   oled.o
        28         10          0          0          0       1032   reflectance.o
       126         26         86         36       3016       9419   rtx_conf_cm.o
        60         22        324          0        512        952   startup_msp432p401r_uvision.o
       176         14          0          0          0        530   sysinit.o
       108         22          0          0          0        561   system_msp432p401r.o
        48         20          0          0          0       1020   tim32.o
       344         40          0         24         32       2690   tima.o
        20          0          0          0          0        805   timer_a.o
         4          0          0          0          0        492   usart.o

    ----------------------------------------------------------------------
      3784        230       2792         76       3564      51144   Object Totals
         0          0         32          0          0          0   (incl. Generated)
        10          0          4          0          4          0   (incl. Padding)

    ----------------------------------------------------------------------

      Code (inc. data)   RO Data    RW Data    ZI Data      Debug   Library Member Name

       268         24          0          1          0       4452   hal_cm.o
       408         34          0          0          0        816   hal_cm4.o
      1160        146          0          8          0      35054   rt_cmsis.o
        80          4          0          0          0        701   rt_event.o
       530         34          0          0         48       8597   rt_list.o
       550         10          0          0          0       4185   rt_mailbox.o
       140          0          0          0          0       2045   rt_membox.o
       128          0          0          0          0       2419   rt_memory.o
       320         12          0          0          0       1699   rt_mutex.o
        96         22          0          8          0       1230   rt_robin.o
        52          4          0          0          0        613   rt_semaphore.o
       298         52          0          8          0       6439   rt_system.o
      1216        174          0          8         52      10025   rt_task.o
         6          0          0          4          0        684   rt_time.o
         4          4          0          0          0        200   svc_table.o
         8          0          0          0          0         68   __main.o
         0          0          0          0          0          0   __rtentry.o
        20          0          0          0          0          0   __rtentry2.o
         6          0          0          0          0          0   __rtentry4.o
        52          8          0          0          0          0   __scatter.o
        26          0          0          0          0          0   __scatter_copy.o
        28          0          0          0          0          0   __scatter_zi.o
        18          0          0          0          0         80   exit.o
         6          0          0          0          0        152   heapauxi.o
         2          0          0          0          0          0   libinit.o
         6          0          0          0          0          0   libinit2.o
         2          0          0          0          0          0   libshutdown.o
         2          0          0          0          0          0   libshutdown2.o
         8          4          0          0         96         68   libspace.o
         2          0          0          0          0          0   rtexit.o
        10          0          0          0          0          0   rtexit2.o
        74          0          0          0          0         80   sys_stackheap_outer.o
         2          0          0          0          0         68   use_no_semi.o
         2          0          0          0          0         68   use_no_semi_2.o
        10          0          0          0          0        116   fpinit.o
         0          0          0          0          0       3056   cpu.o
       496         82          0          8          0       9140   cs.o
        48         18          0          0          0       1841   sysctl_a.o

    ----------------------------------------------------------------------
      6116        632          0         48        200      93896   Library Totals
        32          0          0          3          4          0   (incl. Padding)

    ----------------------------------------------------------------------

      Code (inc. data)   RO Data    RW Data    ZI Data      Debug   Library Name

      5256        520          0         37        100      79159   RTX_CM4.lib
       274         12          0          0         96        584   c_w.l
        10          0          0          0          0        116   fz_wm.l
       544        100          0          8          0      14037   msp432p4xx_driverlib.lib

    ----------------------------------------------------------------------
      6116        632          0         48        200      93896   Library Totals

    ----------------------------------------------------------------------

==============================================================================


      Code (inc. data)   RO Data    RW Data    ZI Data      Debug   

      9900        862       2792        124       3764     133084   Grand Totals
      9900        862       2792        124       3764     133084   ELF Image Totals
      9900        862       2792        124          0          0   ROM Totals

==============================================================================

    Total RO  Size (Code + RO Data)                12692 (  12.39kB)
    Total RW  Size (RW Data + ZI Data)              3888 (   3.80kB)
    Total ROM Size (Code + RO Data + RW Data)      12816 (  12.52kB)

==============================================================================

