<html>
<body>
<pre>
<h1>礦ision Build Log</h1>
<h2>Tool Versions:</h2>
IDE-Version: μVision V5.38.0.0
Copyright (C) 2022 ARM Ltd and ARM Germany GmbH. All rights reserved.
License Information: lxq 2782582831@qq.com, lxq, LIC=KRMW3-A912S-CXKU6-DPE4Z-D3ATJ-78M6K
 
Tool Versions:
Toolchain:       MDK-ARM Plus  Version: 5.38.0.0
Toolchain Path:  C:\Keil_v5\ARM\ARMCLANG\Bin
C Compiler:      ArmClang.exe V6.19
Assembler:       Armasm.exe V6.19
Linker/Locator:  ArmLink.exe V6.19
Library Manager: ArmAr.exe V6.19
Hex Converter:   FromElf.exe V6.19
CPU DLL:         SARMCM3.DLL V5.38.0.0
Dialog DLL:      DCM.DLL V1.17.5.0
Target DLL:      UL2CM3.DLL V1.164.8.0
Dialog DLL:      TCM.DLL V1.56.4.0
 
<h2>Project:</h2>
C:\Users\27825\OneDrive\2023WinterVacation\2021EC_F_Car\3Software\msp432二车\Project\msp_432_Car二车.uvprojx
Project File Date:  07/23/2023

<h2>Output:</h2>
*** Using Compiler 'V6.19', folder: 'C:\Keil_v5\ARM\ARMCLANG\Bin'
Rebuild target 'Target 1'
compiling tim32.c...
compiling led.c...
compiling timA.c...
compiling bsp_Servo.c...
compiling Reflectance.c...
compiling bsp_encoder.c...
compiling bsp_motor.c...
compiling key.c...
compiling myconfig.c...
compiling bsp_xx.c...
compiling delay.c...
compiling baudarte.c...
../Users/main.c(1379): warning: passing 'char[10]' to parameter of type 'uint8_t *' (aka 'unsigned char *') converts between pointers to integer types where one is of the unique plain 'char' type and the other is not [-Wpointer-sign]
                                OLED_ShowString(0,0,"Main_Menu",16);
                                                    ^~~~~~~~~~~
../Hardware/oled\oled.h(96): note: passing argument to parameter 'chr' here
void OLED_ShowString(uint8_t x, uint8_t y, uint8_t *chr, uint8_t sizey);
                                                    ^
../Users/main.c(1380): warning: passing 'char[12]' to parameter of type 'uint8_t *' (aka 'unsigned char *') converts between pointers to integer types where one is of the unique plain 'char' type and the other is not [-Wpointer-sign]
                                OLED_ShowString(0,2,"1.Function1",16);
                                                    ^~~~~~~~~~~~~
../Hardware/oled\oled.h(96): note: passing argument to parameter 'chr' here
void OLED_ShowString(uint8_t x, uint8_t y, uint8_t *chr, uint8_t sizey);
                                                    ^
../Users/main.c(1381): warning: passing 'char[12]' to parameter of type 'uint8_t *' (aka 'unsigned char *') converts between pointers to integer types where one is of the unique plain 'char' type and the other is not [-Wpointer-sign]
                                OLED_ShowString(0,4,"2.Function2",16);
                                                    ^~~~~~~~~~~~~
../Hardware/oled\oled.h(96): note: passing argument to parameter 'chr' here
void OLED_ShowString(uint8_t x, uint8_t y, uint8_t *chr, uint8_t sizey);
                                                    ^
../Users/main.c(1401): warning: passing 'char[10]' to parameter of type 'uint8_t *' (aka 'unsigned char *') converts between pointers to integer types where one is of the unique plain 'char' type and the other is not [-Wpointer-sign]
                                OLED_ShowString(0,0,"Function1",16);
                                                    ^~~~~~~~~~~
../Hardware/oled\oled.h(96): note: passing argument to parameter 'chr' here
void OLED_ShowString(uint8_t x, uint8_t y, uint8_t *chr, uint8_t sizey);
                                                    ^
../Users/main.c(1472): warning: passing 'char[10]' to parameter of type 'uint8_t *' (aka 'unsigned char *') converts between pointers to integer types where one is of the unique plain 'char' type and the other is not [-Wpointer-sign]
                                OLED_ShowString(64,0,"Function2",16);
                                                     ^~~~~~~~~~~
../Hardware/oled\oled.h(96): note: passing argument to parameter 'chr' here
void OLED_ShowString(uint8_t x, uint8_t y, uint8_t *chr, uint8_t sizey);
                                                    ^
5 warnings generated.
compiling main.c...
compiling usart.c...
compiling sysinit.c...
compiling IIC.c...
compiling bsp_MPU6050.c...
compiling oled.c...
compiling bsp_pid.c...
compiling inv_mpu_dmp_motion_driver.c...
assembling startup_msp432p401r_uvision.s...
compiling Control.c...
compiling system_msp432p401r.c...
compiling k210.c...
compiling protocol.c...
compiling inv_mpu.c...
linking...
Program Size: Code=28024 RO-data=2988 RW-data=60 ZI-data=1356  
"..\Output\msp_432_Car.axf" - 0 Error(s), 5 Warning(s).

<h2>Software Packages used:</h2>

Package Vendor: ARM
                http://www.keil.com/pack/ARM.CMSIS.5.9.0.pack
                ARM.CMSIS.5.9.0
                CMSIS (Common Microcontroller Software Interface Standard)
   * Component: CORE Version: 5.6.0

Package Vendor: TexasInstruments
                http://software-dl.ti.com/msp430/msp430_public_sw/mcu/msp430/msp432cmsis/latest/exports/TexasInstruments.MSP432P4xx_DFP.3.2.6.pack
                TexasInstruments.MSP432P4xx_DFP.3.2.6
                Device Family Pack for Texas Instruments SimpleLink(TM) MSP432 Series
   * Component: Startup Version: 3.2.2

<h2>Collection of Component include folders:</h2>
  ./RTE/_Target_1
  G:/APP_Data/Arm_Pack/ARM/CMSIS/5.9.0/CMSIS/Core/Include
  G:/APP_Data/Arm_Pack/TexasInstruments/MSP432P4xx_DFP/3.2.6/Device/Include

<h2>Collection of Component Files used:</h2>

   * Component: ARM::CMSIS:CORE:5.6.0

   * Component: TexasInstruments::Device:Startup:3.2.2
      Include file:  Device/Include/msp_compatibility.h
      Source file:   Device/Source/system_msp432p401r.c
      Source file:   Examples/EmptyMain/main.c
      Source file:   Examples/BlinkLED/blinkLED.c
      Source file:   Device/Source/startup_msp432p401r_uvision.s
Build Time Elapsed:  00:00:02
</pre>
</body>
</html>
